11-14 13:48:24.877  2676  2676 I wpa_supplicant: nl80211: Scan probed for SSID ''
11-14 13:48:24.877  2676  2676 I wpa_supplicant: nl80211: Scan probed for SSID 'm#ZT'<aA|&%E%)(-JY7~dW'
11-14 13:48:24.877  2676  2676 I wpa_supplicant: nl80211: Scan probed for SSID 'pablin\x00\x8b\x98z\xbc'
11-14 13:48:24.877  2676  2676 I wpa_supplicant: nl80211: Scan probed for SSID 'pablin'
11-14 13:48:24.877  2676  2676 I wpa_supplicant: nl80211: Scan included frequencies: 5180
11-14 13:48:24.879  1451  2714 D WifiNative: Scan result ready event
11-14 13:48:25.963  2676  2676 I wpa_supplicant: nl80211: Drv Event 33 (NL80211_CMD_TRIGGER_SCAN) received for wlan0
11-14 13:48:25.963  2676  2676 I wpa_supplicant: wlan0: nl80211: Scan trigger
11-14 13:48:26.260  2676  2676 I wpa_supplicant: nl80211: Drv Event 34 (NL80211_CMD_NEW_SCAN_RESULTS) received for wlan0
11-14 13:48:26.260  2676  2676 I wpa_supplicant: wlan0: nl80211: New scan results available
11-14 13:48:26.260  2676  2676 I wpa_supplicant: nl80211: Scan probed for SSID ''
11-14 13:48:26.260  2676  2676 I wpa_supplicant: nl80211: Scan probed for SSID 'm#ZT'<aA|&%E%)(-JY7~dW'
11-14 13:48:26.260  2676  2676 I wpa_supplicant: nl80211: Scan probed for SSID 'pablin\x00\x8b\x98z\xbc'
11-14 13:48:26.260  2676  2676 I wpa_supplicant: nl80211: Scan probed for SSID 'pablin'
11-14 13:48:26.260  2676  2676 I wpa_supplicant: nl80211: Scan included frequencies: 5180
11-14 13:48:26.262  1451  2714 D WifiNative: Scan result ready event
11-14 13:48:33.540  2676  2676 I wpa_supplicant: Heartbeat 770
11-14 13:48:43.550  2676  2676 I wpa_supplicant: Heartbeat 771
11-14 13:48:53.559  2676  2676 I wpa_supplicant: Heartbeat 772
11-14 13:49:03.569  2676  2676 I wpa_supplicant: Heartbeat 773
11-14 13:49:13.582  2676  2676 I wpa_supplicant: Heartbeat 774
11-14 13:49:23.589  2676  2676 I wpa_supplicant: Heartbeat 775
11-14 13:49:33.597  2676  2676 I wpa_supplicant: Heartbeat 776
11-14 13:49:43.607  2676  2676 I wpa_supplicant: Heartbeat 777
11-14 13:49:53.617  2676  2676 I wpa_supplicant: Heartbeat 778
11-14 13:50:03.622  2676  2676 I wpa_supplicant: Heartbeat 779
11-14 13:50:13.631  2676  2676 I wpa_supplicant: Heartbeat 780
11-14 13:50:23.641  2676  2676 I wpa_supplicant: Heartbeat 781
11-14 13:50:33.649  2676  2676 I wpa_supplicant: Heartbeat 782
11-14 13:50:43.654  2676  2676 I wpa_supplicant: Heartbeat 783
11-14 13:50:47.612  2676  2676 I wpa_supplicant: Notifying bigdata params feature:DISC, params:2 9 87 9 3 1 1114165047 7a:22:88 pablin 5190 40 -47 360 4 1 0 0 0 -47 0 0 0 0
11-14 13:50:47.613  2676  2676 I wpa_supplicant: CTRL-EVENT-DISCONNECTED bssid=7A.22.88.**.**.4F reason=3 locally_generated=1
11-14 13:50:47.619  2676  2676 I wpa_supplicant: wlan0: CTRL-EVENT-DSCP-POLICY clear_all
11-14 13:50:47.641  2676  2676 I wpa_supplicant: wlan0: CTRL-EVENT-DSCP-POLICY clear_all
11-14 13:50:47.643  2676  2676 I wpa_supplicant: nl80211: deinit ifname=wlan0 disabled_11b_rates=0
11-14 13:50:47.656  2676  2676 I wpa_supplicant: Terminating...
11-14 13:50:47.691  1027  1027 D WifiHAL : In DebugCommand::handleResponse
11-14 13:50:47.691  1027  1027 D WifiHAL : len = 4, expected len = 4
11-14 13:50:47.715  1027  1027 D WifiHAL : In DebugCommand::handleResponse
11-14 13:50:47.715  1027  1027 D WifiHAL : len = 4, expected len = 4
11-14 13:50:47.718  1027  1027 D WifiHAL : wifi_get_usable_channels: band 15 iface 1 filter 0 max_num 256
11-14 13:50:47.727  1451  2498 I WifiNative: Successfully switched to scan mode on iface=Iface:{Name=wlan0,Id=0,Type=STA_SCAN}
11-14 13:50:47.818  1027  1027 D WifiHAL : Start get packet fate command
11-14 13:50:47.818  1027  1027 D WifiHAL : createRequest Get Tx packet fate request
11-14 13:50:47.819  1027  1027 D WifiHAL : In GetPktFateCommand::handleResponse
11-14 13:50:47.819  1027  1027 I WifiHAL : Id = 0, subcmd = 0, len = 12
11-14 13:50:47.819  1027  1027 I WifiHAL : Response recieved for get TX pkt fate command
11-14 13:50:47.819  1027  1027 I WifiHAL : No: of pkt fates provided is 0
11-14 13:50:47.820  1027  1027 D WifiHAL : Start get packet fate command
11-14 13:50:47.820  1027  1027 D WifiHAL : createRequest Get Rx packet fate request
11-14 13:50:47.820  1027  1027 D WifiHAL : In GetPktFateCommand::handleResponse
11-14 13:50:47.820  1027  1027 I WifiHAL : Id = 0, subcmd = 0, len = 12
11-14 13:50:47.820  1027  1027 I WifiHAL : Response recieved for get RX pkt fate command
11-14 13:50:47.820  1027  1027 I WifiHAL : No: of pkt fates provided is 0
11-14 13:50:50.542  1451  3848 D WifiNative: Scan result ready event
11-14 13:50:58.462  7651  7651 D wpa_supplicant: wpa_supplicant v2.11-devel-13
11-14 13:50:58.462  7651  7651 D wpa_supplicant: Global control interface '@android:wpa_wlan0'
11-14 13:50:58.462  7651  7651 D wpa_supplicant: Using Android control socket 'wpa_wlan0'
11-14 13:50:58.462  7651  7651 D wpa_supplicant: make_keo_data_for_cisco, Model number & Sales code : SM-X510
11-14 13:50:58.462  7651  7651 D wpa_supplicant: make_keo_data_for_cisco, KEO index=0 len=7 wpabuf_len=9
11-14 13:50:58.462  7651  7651 D wpa_supplicant: make_keo_data_for_cisco, S/W version : XJ1
11-14 13:50:58.462  7651  7651 D wpa_supplicant: make_keo_data_for_cisco, KEO index=1 len=3 wpabuf_len=14
11-14 13:50:58.462  7651  7651 D wpa_supplicant: make_keo_data_for_cisco, Model number & Sales code : ZTO
11-14 13:50:58.462  7651  7651 D wpa_supplicant: make_keo_data_for_cisco, KEO index=2 len=3 wpabuf_len=19
11-14 13:50:58.462  7651  7651 D wpa_supplicant: make_keo_data_for_cisco, Device type : 2
11-14 13:50:58.462  7651  7651 D wpa_supplicant: make_keo_data_for_cisco, KEO index=3 len=6 wpabuf_len=22
11-14 13:50:58.462  7651  7651 D wpa_supplicant: make_keo_data_for_cisco, Platform version : 14
11-14 13:50:58.462  7651  7651 D wpa_supplicant: make_keo_data_for_cisco, KEO index=4 len=2 wpabuf_len=27
11-14 13:50:58.462  7651  7651 D wpa_supplicant: aes_256_cbc_encrypt, encrypted len=16
11-14 13:50:58.462  7651  7651 D wpa_supplicant: aes_256_cbc_encrypt, extra len=16
11-14 13:50:58.462  7651  7651 D wpa_supplicant: aes_256_cbc_encrypt, total len=32
11-14 13:50:58.462  7651  7651 D wpa_supplicant: make_keo_data_for_non_cisco, KEO index=0 len=7 wpabuf_len=9
11-14 13:50:58.462  7651  7651 D wpa_supplicant: make_keo_data_for_non_cisco, KEO index=1 len=3 wpabuf_len=14
11-14 13:50:58.462  7651  7651 D wpa_supplicant: make_keo_data_for_non_cisco, KEO index=2 len=2 wpabuf_len=19
11-14 13:50:58.462  7651  7651 I wpa_supplicant: Successfully initialized KEO
11-14 13:50:58.462  7651  7651 I wpa_supplicant: Successfully initialized wpa_supplicant
11-14 13:50:58.462  7651  7651 D wpa_supplicant: Initing aidl control
11-14 13:50:58.463  7651  7651 I wpa_supplicant: Processing aidl events on FD 5
11-14 13:50:58.463  7651  7651 I wpa_supplicant: Starting AIDL supplicant
11-14 13:50:58.463  7651  7651 I wpa_supplicant: Starting AIDL supplicant extension
11-14 13:50:58.470  7651  7651 I wpa_supplicant: rfkill: Cannot open RFKILL control device
11-14 13:50:58.481  1027  1027 D WifiHAL : In DebugCommand::handleResponse
11-14 13:50:58.481  1027  1027 D WifiHAL : len = 4, expected len = 4
11-14 13:50:58.482  1027  1027 D WifiHAL : In DebugCommand::handleResponse
11-14 13:50:58.482  1027  1027 D WifiHAL : len = 4, expected len = 4
11-14 13:50:58.482  1027  1027 D WifiHAL : wifi_get_usable_channels: band 15 iface 1 filter 0 max_num 256
11-14 13:50:58.490  1451  2498 I WifiNative: Successfully switched to connectivity mode on iface=Iface:{Name=wlan0,Id=0,Type=STA_CONNECTIVITY}
11-14 13:50:58.499  1451  2498 D WifiNative: enableVerboseLogging false hal false
11-14 13:50:58.522  7651  7651 I wpa_supplicant: wlan0: CTRL-EVENT-REGDOM-CHANGE init=USER type=COUNTRY alpha2=BR
11-14 13:50:58.522  1451  2498 D WifiNative: onSetCountryCodeSucceeded: BR
11-14 13:50:58.533  7651  7651 I wpa_supplicant: wlan0: CTRL-EVENT-DSCP-POLICY clear_all
11-14 13:50:58.557  1027  1027 D WifiHAL : Start get packet fate command
11-14 13:50:58.557  1027  1027 D WifiHAL : createRequest Monitor packet fate request
11-14 13:50:58.558  1027  1027 D WifiHAL : In DebugCommand::handleResponse
11-14 13:50:58.586  1027  1027 D WifiHAL : wifi_get_usable_channels: band 1 iface 2 filter 0 max_num 256
11-14 13:50:58.599  7651  7651 I wpa_supplicant: nl80211: Drv Event 33 (NL80211_CMD_TRIGGER_SCAN) received for wlan0
11-14 13:50:58.599  7651  7651 I wpa_supplicant: wlan0: nl80211: Scan trigger
11-14 13:50:58.599  1027  1027 D WifiHAL : Got channel list number with 13 channels
11-14 13:50:58.599  1027  1027 D WifiHAL : wifi_get_usable_channels: result 0
11-14 13:50:58.601  1027  1027 D WifiHAL : wifi_get_usable_channels: band 2 iface 2 filter 0 max_num 256
11-14 13:50:58.601  1027  1027 D WifiHAL : Got channel list number with 5 channels
11-14 13:50:58.601  1027  1027 D WifiHAL : wifi_get_usable_channels: result 0
11-14 13:50:58.602  1027  1027 D WifiHAL : wifi_get_usable_channels: band 1 iface 2 filter 0 max_num 256
11-14 13:50:58.602  1027  1027 D WifiHAL : Got channel list number with 13 channels
11-14 13:50:58.602  1027  1027 D WifiHAL : wifi_get_usable_channels: result 0
11-14 13:50:58.604  1027  1027 D WifiHAL : wifi_get_usable_channels: band 2 iface 2 filter 0 max_num 256
11-14 13:50:58.605  1027  1027 D WifiHAL : Got channel list number with 5 channels
11-14 13:50:58.605  1027  1027 D WifiHAL : wifi_get_usable_channels: result 0
11-14 13:50:58.607  1027  1027 D WifiHAL : wifi_get_usable_channels: band 1 iface 2 filter 0 max_num 256
11-14 13:50:58.607  1027  1027 D WifiHAL : Got channel list number with 13 channels
11-14 13:50:58.607  1027  1027 D WifiHAL : wifi_get_usable_channels: result 0
11-14 13:50:58.608  1027  1027 D WifiHAL : wifi_get_usable_channels: band 2 iface 2 filter 0 max_num 256
11-14 13:50:58.609  1027  1027 D WifiHAL : Got channel list number with 5 channels
11-14 13:50:58.609  1027  1027 D WifiHAL : wifi_get_usable_channels: result 0
11-14 13:50:58.609  1027  1027 D WifiHAL : wifi_get_usable_channels: band 4 iface 2 filter 0 max_num 256
11-14 13:50:58.609  1027  1027 D WifiHAL : Got channel list number with 0 channels
11-14 13:50:58.610  1027  1027 D WifiHAL : Ignoring invalid attribute type = 6, size = 0
11-14 13:50:58.610  1027  1027 D WifiHAL : wifi_get_usable_channels: result 0
11-14 13:50:58.610  1027  1027 D WifiHAL : wifi_get_usable_channels: band 8 iface 2 filter 0 max_num 256
11-14 13:50:58.611  1027  1027 D WifiHAL : Got channel list number with 0 channels
11-14 13:50:58.611  1027  1027 D WifiHAL : Ignoring invalid attribute type = 6, size = 0
11-14 13:50:58.611  1027  1027 D WifiHAL : wifi_get_usable_channels: result 0
11-14 13:50:58.792  1027  1027 D WifiHAL : In DebugCommand::handleResponse
11-14 13:50:58.792  1027  1027 D WifiHAL : len = 4, expected len = 4
11-14 13:51:01.317  7651  7651 I wpa_supplicant: nl80211: Drv Event 34 (NL80211_CMD_NEW_SCAN_RESULTS) received for wlan0
11-14 13:51:01.318  7651  7651 I wpa_supplicant: wlan0: nl80211: New scan results available
11-14 13:51:01.318  7651  7651 I wpa_supplicant: nl80211: Scan probed for SSID ''
11-14 13:51:01.318  7651  7651 I wpa_supplicant: nl80211: Scan probed for SSID 'InteliRobo'
11-14 13:51:01.318  7651  7651 I wpa_supplicant: nl80211: Scan included frequencies: 2412 2417 2422 2427 2432 2437 2442 2447 2452 2457 2462 2467 2472 5180 5200 5220 5240 5260 5280 5300 5320 5500 5520 5540 5560 5580 5600 5620 5640 5660 5680 5700 5720 5745 5765 5785 5805 5825
11-14 13:51:01.320  1451  1603 D WifiNative: Scan result ready event
11-14 13:51:01.424  7651  7651 I wpa_supplicant: wlan0: CTRL-EVENT-DSCP-POLICY clear_all
11-14 13:51:01.435  7651  7651 I wpa_supplicant: isPskPassphraseValid: psk.size= 8
11-14 13:51:01.458  7651  7651 I wpa_supplicant: 14: FC.5C.45.**.**.F0 freq=2462 level=-38 snr=51 cu=41% est_throughput=65000 est_throughput_cu=56062
11-14 13:51:01.458  7651  7651 I wpa_supplicant: 22: FC.5C.45.**.**.80 freq=2462 level=-61 snr=28 cu=35% est_throughput=65000 est_throughput_cu=60937
11-14 13:51:01.458  7651  7651 I wpa_supplicant: 24: FC.5C.45.**.**.40 freq=2437 level=-62 snr=27 cu=51% est_throughput=65000 est_throughput_cu=47937
11-14 13:51:01.459  7651  7651 I wpa_supplicant: 35: 84.23.88.**.**.B0 freq=2462 level=-72 snr=17 cu=49% est_throughput=47666 est_throughput_cu=36345
11-14 13:51:01.461  7651  7651 I wpa_supplicant:    selected  FC.5C.45.**.**.80 ssid='InteliRobo' all_bssids_have_cu=1, preferred_6g_bssids_exist=0, all_preferred_6g_bssids_have_cu=1
11-14 13:51:01.462  7651  7651 I wpa_supplicant: WPA: Add samsung vsie for support Cisco Specific features
11-14 13:51:01.462  7651  7651 I wpa_supplicant: WPA: Set adaptive_11r support bit
11-14 13:51:01.462  7651  7651 I wpa_supplicant: WPA: Set MODEL INFO support bit SEC_5G : 1, SEC 6G: 0
11-14 13:51:01.462  7651  7651 I wpa_supplicant: wlan0: Trying to associate with SSID 'InteliRobo'
11-14 13:51:01.525  7651  7651 I wpa_supplicant: nl80211: Drv Event 103 (NL80211_CMD_VENDOR) received for wlan0
11-14 13:51:01.526  7651  7651 I wpa_supplicant: nl80211: Vendor event: wiphy=0 vendor_id=0xf0 subcmd=32
11-14 13:51:01.801  7651  7651 I wpa_supplicant: nl80211: Drv Event 103 (NL80211_CMD_VENDOR) received for wlan0
11-14 13:51:01.801  7651  7651 I wpa_supplicant: nl80211: Vendor event: wiphy=0 vendor_id=0xf0 subcmd=32
11-14 13:51:02.011  7651  7651 I wpa_supplicant: nl80211: Drv Event 103 (NL80211_CMD_VENDOR) received for wlan0
11-14 13:51:02.011  7651  7651 I wpa_supplicant: nl80211: Vendor event: wiphy=0 vendor_id=0xf0 subcmd=32
11-14 13:51:02.019  7651  7651 I wpa_supplicant: nl80211: Drv Event 46 (NL80211_CMD_CONNECT) received for wlan0
11-14 13:51:02.019  7651  7651 I wpa_supplicant: nl80211: Connect event (status=0 ignore_next_local_disconnect=0)
11-14 13:51:02.023  7651  7651 I wpa_supplicant: nl80211: Set drv->ssid based on scan res info to 'InteliRobo'
11-14 13:51:02.026  7651  7651 I wpa_supplicant: Associated with FC.5C.45.**.**.80
11-14 13:51:02.026  7651  7651 I wpa_supplicant: wlan0: CTRL-EVENT-SUBNET-STATUS-UPDATE status=0
11-14 13:51:02.026  7651  7651 I wpa_supplicant: nl80211: Drv Event 103 (NL80211_CMD_VENDOR) received for wlan0
11-14 13:51:02.026  7651  7651 I wpa_supplicant: nl80211: Vendor event: wiphy=0 vendor_id=0xf0 subcmd=32
11-14 13:51:02.027  7651  7651 I wpa_supplicant: WPA: RX message 1 of 4-Way Handshake from FC.5C.45.**.**.80 (ver=2)
11-14 13:51:02.028  7651  7651 I wpa_supplicant: wlan0: WPA: Sending EAPOL-Key 2/4
11-14 13:51:02.030  7651  7651 I wpa_supplicant: nl80211: Drv Event 103 (NL80211_CMD_VENDOR) received for wlan0
11-14 13:51:02.030  7651  7651 I wpa_supplicant: nl80211: Vendor event: wiphy=0 vendor_id=0xf0 subcmd=32
11-14 13:51:02.032  7651  7651 I wpa_supplicant: nl80211: Drv Event 103 (NL80211_CMD_VENDOR) received for wlan0
11-14 13:51:02.033  7651  7651 I wpa_supplicant: nl80211: Vendor event: wiphy=0 vendor_id=0xf0 subcmd=32
11-14 13:51:02.033  7651  7651 I wpa_supplicant: WPA: RX message 3 of 4-Way Handshake from FC.5C.45.**.**.80 (ver=2)
11-14 13:51:02.033  7651  7651 I wpa_supplicant: wlan0: WPA: Sending EAPOL-Key 4/4
11-14 13:51:02.040  7651  7651 I wpa_supplicant: WPA: Key negotiation completed with FC.5C.45.**.**.80 [PTK=CCMP GTK=CCMP]
11-14 13:51:02.040  7651  7651 I wpa_supplicant: CTRL-EVENT-CONNECTED - Connection to FC.5C.45.**.**.80 completed [id=0 id_str=%7B%22configKey%22%3A%22%5C%22InteliRobo%5C%22WPA_PSK%22%2C%22creatorUid%22%3A%221000%22%7D]
11-14 13:51:02.081  7651  7651 I wpa_supplicant: nl80211: Drv Event 103 (NL80211_CMD_VENDOR) received for wlan0
11-14 13:51:02.081  7651  7651 I wpa_supplicant: nl80211: Vendor event: wiphy=0 vendor_id=0xf0 subcmd=32
11-14 13:51:02.089  7651  7651 I wpa_supplicant: nl80211: Drv Event 103 (NL80211_CMD_VENDOR) received for wlan0
11-14 13:51:02.090  7651  7651 I wpa_supplicant: nl80211: Vendor event: wiphy=0 vendor_id=0xf0 subcmd=32
11-14 13:51:02.123  1027  1027 D WifiHAL : Getting APF capabilities, halHandle = 0xb4000079028900f0
11-14 13:51:02.123  1027  1027 I WifiHAL : createRequest: APF get capabilities request
11-14 13:51:02.123  1027  1027 I WifiHAL : Request Response failed for APF, result = -524
11-14 13:51:02.123  1027  1027 D WifiHAL : Packet Filter not supported
11-14 13:51:02.169  1027  1027 D WifiHAL : Driver message has been created successfully--> 1
11-14 13:51:02.188  7651  7651 I wpa_supplicant: nl80211: Drv Event 103 (NL80211_CMD_VENDOR) received for wlan0
11-14 13:51:02.188  7651  7651 I wpa_supplicant: nl80211: Vendor event: wiphy=0 vendor_id=0xf0 subcmd=32
11-14 13:51:03.212  7651  7651 I wpa_supplicant: nl80211: Drv Event 103 (NL80211_CMD_VENDOR) received for wlan0
11-14 13:51:03.212  7651  7651 I wpa_supplicant: nl80211: Vendor event: wiphy=0 vendor_id=0xf0 subcmd=32
11-14 13:51:03.223  7651  7651 I wpa_supplicant: nl80211: Drv Event 103 (NL80211_CMD_VENDOR) received for wlan0
11-14 13:51:03.223  7651  7651 I wpa_supplicant: nl80211: Vendor event: wiphy=0 vendor_id=0xf0 subcmd=32
11-14 13:51:03.247  7651  7651 I wpa_supplicant: nl80211: Drv Event 103 (NL80211_CMD_VENDOR) received for wlan0
11-14 13:51:03.247  7651  7651 I wpa_supplicant: nl80211: Vendor event: wiphy=0 vendor_id=0xf0 subcmd=32
11-14 13:51:03.414  1027  1027 D WifiHAL : wifi_get_usable_channels: band 1 iface 8 filter 3 max_num 256
11-14 13:51:03.440  7651  7651 E wpa_supplicant: Failed to handle GET_STA_DUMP command
11-14 13:51:07.709  7651  7651 I wpa_supplicant: nl80211: Drv Event 103 (NL80211_CMD_VENDOR) received for wlan0
11-14 13:51:07.709  7651  7651 I wpa_supplicant: nl80211: Vendor event: wiphy=0 vendor_id=0xf0 subcmd=24
11-14 13:51:08.016  7651  7651 I wpa_supplicant: nl80211: Drv Event 103 (NL80211_CMD_VENDOR) received for wlan0
11-14 13:51:08.016  7651  7651 I wpa_supplicant: nl80211: Vendor event: wiphy=0 vendor_id=0xf0 subcmd=24
11-14 13:51:08.463  7651  7651 I wpa_supplicant: Heartbeat 0
11-14 13:51:08.630  7651  7651 I wpa_supplicant: nl80211: Drv Event 103 (NL80211_CMD_VENDOR) received for wlan0
11-14 13:51:08.630  7651  7651 I wpa_supplicant: nl80211: Vendor event: wiphy=0 vendor_id=0xf0 subcmd=24
11-14 13:51:09.655  7651  7651 I wpa_supplicant: nl80211: Drv Event 103 (NL80211_CMD_VENDOR) received for wlan0
11-14 13:51:09.655  7651  7651 I wpa_supplicant: nl80211: Vendor event: wiphy=0 vendor_id=0xf0 subcmd=24
11-14 13:51:09.759  7651  7651 I wpa_supplicant: nl80211: Drv Event 103 (NL80211_CMD_VENDOR) received for wlan0
11-14 13:51:09.760  7651  7651 I wpa_supplicant: nl80211: Vendor event: wiphy=0 vendor_id=0xf0 subcmd=24
11-14 13:51:10.679  7651  7651 I wpa_supplicant: nl80211: Drv Event 103 (NL80211_CMD_VENDOR) received for wlan0
11-14 13:51:10.679  7651  7651 I wpa_supplicant: nl80211: Vendor event: wiphy=0 vendor_id=0xf0 subcmd=24
11-14 13:51:12.054  7651  7651 I wpa_supplicant: nl80211: Drv Event 103 (NL80211_CMD_VENDOR) received for wlan0
11-14 13:51:12.054  7651  7651 I wpa_supplicant: nl80211: Vendor event: wiphy=0 vendor_id=0xf0 subcmd=25
11-14 13:51:12.055  7651  7651 I wpa_supplicant: EVENT_DRIVER_BEACON_ABORT reason: 1
11-14 13:51:16.534  7651  7651 I wpa_supplicant: nl80211: Drv Event 33 (NL80211_CMD_TRIGGER_SCAN) received for wlan0
11-14 13:51:16.534  7651  7651 I wpa_supplicant: wlan0: nl80211: Scan trigger
11-14 13:51:16.832  7651  7651 I wpa_supplicant: nl80211: Drv Event 34 (NL80211_CMD_NEW_SCAN_RESULTS) received for wlan0
11-14 13:51:16.832  7651  7651 I wpa_supplicant: wlan0: nl80211: New scan results available
11-14 13:51:16.832  7651  7651 I wpa_supplicant: nl80211: Scan probed for SSID ''
11-14 13:51:16.832  7651  7651 I wpa_supplicant: nl80211: Scan probed for SSID 'rC(v:`epY}rBQEIs_|M&?C'
11-14 13:51:16.832  7651  7651 I wpa_supplicant: nl80211: Scan probed for SSID 'InteliRobo\x00\x13@\x86\r'
11-14 13:51:16.832  7651  7651 I wpa_supplicant: nl80211: Scan probed for SSID 'InteliRobo'
11-14 13:51:16.832  7651  7651 I wpa_supplicant: nl80211: Scan included frequencies: 2462
11-14 13:51:16.833  1451  5436 D WifiNative: Scan result ready event
11-14 13:51:17.884  7651  7651 I wpa_supplicant: nl80211: Drv Event 33 (NL80211_CMD_TRIGGER_SCAN) received for wlan0
11-14 13:51:17.884  7651  7651 I wpa_supplicant: wlan0: nl80211: Scan trigger
11-14 13:51:18.143  7651  7651 I wpa_supplicant: nl80211: Drv Event 34 (NL80211_CMD_NEW_SCAN_RESULTS) received for wlan0
11-14 13:51:18.143  7651  7651 I wpa_supplicant: wlan0: nl80211: New scan results available
11-14 13:51:18.143  7651  7651 I wpa_supplicant: nl80211: Scan probed for SSID ''
11-14 13:51:18.143  7651  7651 I wpa_supplicant: nl80211: Scan probed for SSID 'rC(v:`epY}rBQEIs_|M&?C'
11-14 13:51:18.143  7651  7651 I wpa_supplicant: nl80211: Scan probed for SSID 'InteliRobo\x00\x13@\x86\r'
11-14 13:51:18.143  7651  7651 I wpa_supplicant: nl80211: Scan probed for SSID 'InteliRobo'
11-14 13:51:18.143  7651  7651 I wpa_supplicant: nl80211: Scan included frequencies: 2462
11-14 13:51:18.143  1451  1743 D WifiNative: Scan result ready event
11-14 13:51:18.463  7651  7651 I wpa_supplicant: Heartbeat 1
11-14 13:51:20.734  7651  7651 I wpa_supplicant: nl80211: Drv Event 103 (NL80211_CMD_VENDOR) received for wlan0
11-14 13:51:20.734  7651  7651 I wpa_supplicant: nl80211: Vendor event: wiphy=0 vendor_id=0xf0 subcmd=32
11-14 13:51:21.869  7651  7651 I wpa_supplicant: nl80211: Drv Event 103 (NL80211_CMD_VENDOR) received for wlan0
11-14 13:51:21.869  7651  7651 I wpa_supplicant: nl80211: Vendor event: wiphy=0 vendor_id=0xf0 subcmd=32
11-14 13:51:21.885  7651  7651 I wpa_supplicant: nl80211: Drv Event 103 (NL80211_CMD_VENDOR) received for wlan0
11-14 13:51:21.885  7651  7651 I wpa_supplicant: nl80211: Vendor event: wiphy=0 vendor_id=0xf0 subcmd=32
11-14 13:51:21.916  7651  7651 I wpa_supplicant: nl80211: Drv Event 103 (NL80211_CMD_VENDOR) received for wlan0
11-14 13:51:21.916  7651  7651 I wpa_supplicant: nl80211: Vendor event: wiphy=0 vendor_id=0xf0 subcmd=6
11-14 13:51:21.926  7651  7651 I wpa_supplicant: Associated with FC.5C.45.**.**.F0
11-14 13:51:21.927  7651  7651 I wpa_supplicant: wlan0: CTRL-EVENT-SUBNET-STATUS-UPDATE status=0
11-14 13:51:21.927  7651  7651 I wpa_supplicant: nl80211: Drv Event 47 (NL80211_CMD_ROAM) received for wlan0
11-14 13:51:21.928  7651  7651 I wpa_supplicant: WPA: RX message 1 of 4-Way Handshake from FC.5C.45.**.**.F0 (ver=2)
11-14 13:51:21.929  7651  7651 I wpa_supplicant: wlan0: WPA: Sending EAPOL-Key 2/4
11-14 13:51:21.929  7651  7651 I wpa_supplicant: nl80211: Drv Event 103 (NL80211_CMD_VENDOR) received for wlan0
11-14 13:51:21.929  7651  7651 I wpa_supplicant: nl80211: Vendor event: wiphy=0 vendor_id=0xf0 subcmd=32
11-14 13:51:21.932  7651  7651 I wpa_supplicant: nl80211: Drv Event 103 (NL80211_CMD_VENDOR) received for wlan0
11-14 13:51:21.932  7651  7651 I wpa_supplicant: nl80211: Vendor event: wiphy=0 vendor_id=0xf0 subcmd=32
11-14 13:51:21.934  7651  7651 I wpa_supplicant: nl80211: Drv Event 103 (NL80211_CMD_VENDOR) received for wlan0
11-14 13:51:21.934  7651  7651 I wpa_supplicant: nl80211: Vendor event: wiphy=0 vendor_id=0xf0 subcmd=32
11-14 13:51:21.935  7651  7651 I wpa_supplicant: WPA: RX message 3 of 4-Way Handshake from FC.5C.45.**.**.F0 (ver=2)
11-14 13:51:21.935  7651  7651 I wpa_supplicant: wlan0: WPA: Sending EAPOL-Key 4/4
11-14 13:51:21.941  7651  7651 I wpa_supplicant: WPA: Key negotiation completed with FC.5C.45.**.**.F0 [PTK=CCMP GTK=CCMP]
11-14 13:51:21.941  7651  7651 I wpa_supplicant: CTRL-EVENT-CONNECTED - Connection to FC.5C.45.**.**.F0 completed [id=0 id_str=%7B%22configKey%22%3A%22%5C%22InteliRobo%5C%22WPA_PSK%22%2C%22creatorUid%22%3A%221000%22%7D]
11-14 13:51:21.944  7651  7651 I wpa_supplicant: nl80211: Drv Event 103 (NL80211_CMD_VENDOR) received for wlan0
11-14 13:51:21.944  7651  7651 I wpa_supplicant: nl80211: Vendor event: wiphy=0 vendor_id=0xf0 subcmd=32
11-14 13:51:21.952  7651  7651 I wpa_supplicant: nl80211: Drv Event 103 (NL80211_CMD_VENDOR) received for wlan0
11-14 13:51:21.952  7651  7651 I wpa_supplicant: nl80211: Vendor event: wiphy=0 vendor_id=0xf0 subcmd=32
11-14 13:51:22.012  1027  1027 D WifiHAL : wifi_get_usable_channels: band 1 iface 8 filter 3 max_num 256
11-14 13:51:25.003  7651  7651 E wpa_supplicant: Failed to handle GET_STA_DUMP command
11-14 13:51:26.032  7651  7651 I wpa_supplicant: nl80211: Drv Event 103 (NL80211_CMD_VENDOR) received for wlan0
11-14 13:51:26.032  7651  7651 I wpa_supplicant: nl80211: Vendor event: wiphy=0 vendor_id=0xf0 subcmd=24
11-14 13:51:26.134  7651  7651 I wpa_supplicant: nl80211: Drv Event 103 (NL80211_CMD_VENDOR) received for wlan0
11-14 13:51:26.134  7651  7651 I wpa_supplicant: nl80211: Vendor event: wiphy=0 vendor_id=0xf0 subcmd=24
11-14 13:51:26.237  7651  7651 I wpa_supplicant: nl80211: Drv Event 103 (NL80211_CMD_VENDOR) received for wlan0
11-14 13:51:26.237  7651  7651 I wpa_supplicant: nl80211: Vendor event: wiphy=0 vendor_id=0xf0 subcmd=24
11-14 13:51:26.340  7651  7651 I wpa_supplicant: nl80211: Drv Event 103 (NL80211_CMD_VENDOR) received for wlan0
11-14 13:51:26.340  7651  7651 I wpa_supplicant: nl80211: Vendor event: wiphy=0 vendor_id=0xf0 subcmd=24
11-14 13:51:26.442  7651  7651 I wpa_supplicant: nl80211: Drv Event 103 (NL80211_CMD_VENDOR) received for wlan0
11-14 13:51:26.442  7651  7651 I wpa_supplicant: nl80211: Vendor event: wiphy=0 vendor_id=0xf0 subcmd=24
11-14 13:51:26.544  7651  7651 I wpa_supplicant: nl80211: Drv Event 103 (NL80211_CMD_VENDOR) received for wlan0
11-14 13:51:26.544  7651  7651 I wpa_supplicant: nl80211: Vendor event: wiphy=0 vendor_id=0xf0 subcmd=24
11-14 13:51:26.749  7651  7651 I wpa_supplicant: nl80211: Drv Event 103 (NL80211_CMD_VENDOR) received for wlan0
11-14 13:51:26.749  7651  7651 I wpa_supplicant: nl80211: Vendor event: wiphy=0 vendor_id=0xf0 subcmd=24
11-14 13:51:26.853  7651  7651 I wpa_supplicant: nl80211: Drv Event 103 (NL80211_CMD_VENDOR) received for wlan0
11-14 13:51:26.853  7651  7651 I wpa_supplicant: nl80211: Vendor event: wiphy=0 vendor_id=0xf0 subcmd=24
11-14 13:51:26.954  7651  7651 I wpa_supplicant: nl80211: Drv Event 103 (NL80211_CMD_VENDOR) received for wlan0
11-14 13:51:26.954  7651  7651 I wpa_supplicant: nl80211: Vendor event: wiphy=0 vendor_id=0xf0 subcmd=24
11-14 13:51:27.056  7651  7651 I wpa_supplicant: nl80211: Drv Event 103 (NL80211_CMD_VENDOR) received for wlan0
11-14 13:51:27.057  7651  7651 I wpa_supplicant: nl80211: Vendor event: wiphy=0 vendor_id=0xf0 subcmd=24
11-14 13:51:27.159  7651  7651 I wpa_supplicant: nl80211: Drv Event 103 (NL80211_CMD_VENDOR) received for wlan0
11-14 13:51:27.159  7651  7651 I wpa_supplicant: nl80211: Vendor event: wiphy=0 vendor_id=0xf0 subcmd=24
11-14 13:51:27.262  7651  7651 I wpa_supplicant: nl80211: Drv Event 103 (NL80211_CMD_VENDOR) received for wlan0
11-14 13:51:27.262  7651  7651 I wpa_supplicant: nl80211: Vendor event: wiphy=0 vendor_id=0xf0 subcmd=24
11-14 13:51:27.363  7651  7651 I wpa_supplicant: nl80211: Drv Event 103 (NL80211_CMD_VENDOR) received for wlan0
11-14 13:51:27.363  7651  7651 I wpa_supplicant: nl80211: Vendor event: wiphy=0 vendor_id=0xf0 subcmd=24
11-14 13:51:27.466  7651  7651 I wpa_supplicant: nl80211: Drv Event 103 (NL80211_CMD_VENDOR) received for wlan0
11-14 13:51:27.466  7651  7651 I wpa_supplicant: nl80211: Vendor event: wiphy=0 vendor_id=0xf0 subcmd=24
11-14 13:51:27.568  7651  7651 I wpa_supplicant: nl80211: Drv Event 103 (NL80211_CMD_VENDOR) received for wlan0
11-14 13:51:27.568  7651  7651 I wpa_supplicant: nl80211: Vendor event: wiphy=0 vendor_id=0xf0 subcmd=24
11-14 13:51:27.671  7651  7651 I wpa_supplicant: nl80211: Drv Event 103 (NL80211_CMD_VENDOR) received for wlan0
11-14 13:51:27.671  7651  7651 I wpa_supplicant: nl80211: Vendor event: wiphy=0 vendor_id=0xf0 subcmd=24
11-14 13:51:27.774  7651  7651 I wpa_supplicant: nl80211: Drv Event 103 (NL80211_CMD_VENDOR) received for wlan0
11-14 13:51:27.774  7651  7651 I wpa_supplicant: nl80211: Vendor event: wiphy=0 vendor_id=0xf0 subcmd=24
11-14 13:51:27.876  7651  7651 I wpa_supplicant: nl80211: Drv Event 103 (NL80211_CMD_VENDOR) received for wlan0
11-14 13:51:27.876  7651  7651 I wpa_supplicant: nl80211: Vendor event: wiphy=0 vendor_id=0xf0 subcmd=24
11-14 13:51:27.978  7651  7651 I wpa_supplicant: nl80211: Drv Event 103 (NL80211_CMD_VENDOR) received for wlan0
11-14 13:51:27.978  7651  7651 I wpa_supplicant: nl80211: Vendor event: wiphy=0 vendor_id=0xf0 subcmd=24
11-14 13:51:28.080  7651  7651 I wpa_supplicant: nl80211: Drv Event 103 (NL80211_CMD_VENDOR) received for wlan0
11-14 13:51:28.081  7651  7651 I wpa_supplicant: nl80211: Vendor event: wiphy=0 vendor_id=0xf0 subcmd=24
11-14 13:51:28.183  7651  7651 I wpa_supplicant: nl80211: Drv Event 103 (NL80211_CMD_VENDOR) received for wlan0
11-14 13:51:28.183  7651  7651 I wpa_supplicant: nl80211: Vendor event: wiphy=0 vendor_id=0xf0 subcmd=24
11-14 13:51:28.285  7651  7651 I wpa_supplicant: nl80211: Drv Event 103 (NL80211_CMD_VENDOR) received for wlan0
11-14 13:51:28.285  7651  7651 I wpa_supplicant: nl80211: Vendor event: wiphy=0 vendor_id=0xf0 subcmd=24
11-14 13:51:28.387  7651  7651 I wpa_supplicant: nl80211: Drv Event 103 (NL80211_CMD_VENDOR) received for wlan0
11-14 13:51:28.388  7651  7651 I wpa_supplicant: nl80211: Vendor event: wiphy=0 vendor_id=0xf0 subcmd=24
11-14 13:51:28.464  7651  7651 I wpa_supplicant: Heartbeat 2
11-14 13:51:28.490  7651  7651 I wpa_supplicant: nl80211: Drv Event 103 (NL80211_CMD_VENDOR) received for wlan0
11-14 13:51:28.490  7651  7651 I wpa_supplicant: nl80211: Vendor event: wiphy=0 vendor_id=0xf0 subcmd=24
11-14 13:51:28.592  7651  7651 I wpa_supplicant: nl80211: Drv Event 103 (NL80211_CMD_VENDOR) received for wlan0
11-14 13:51:28.592  7651  7651 I wpa_supplicant: nl80211: Vendor event: wiphy=0 vendor_id=0xf0 subcmd=24
11-14 13:51:28.694  7651  7651 I wpa_supplicant: nl80211: Drv Event 103 (NL80211_CMD_VENDOR) received for wlan0
11-14 13:51:28.695  7651  7651 I wpa_supplicant: nl80211: Vendor event: wiphy=0 vendor_id=0xf0 subcmd=24
11-14 13:51:28.797  7651  7651 I wpa_supplicant: nl80211: Drv Event 103 (NL80211_CMD_VENDOR) received for wlan0
11-14 13:51:28.797  7651  7651 I wpa_supplicant: nl80211: Vendor event: wiphy=0 vendor_id=0xf0 subcmd=24
11-14 13:51:28.900  7651  7651 I wpa_supplicant: nl80211: Drv Event 103 (NL80211_CMD_VENDOR) received for wlan0
11-14 13:51:28.900  7651  7651 I wpa_supplicant: nl80211: Vendor event: wiphy=0 vendor_id=0xf0 subcmd=24
11-14 13:51:29.002  7651  7651 I wpa_supplicant: nl80211: Drv Event 103 (NL80211_CMD_VENDOR) received for wlan0
11-14 13:51:29.002  7651  7651 I wpa_supplicant: nl80211: Vendor event: wiphy=0 vendor_id=0xf0 subcmd=24
11-14 13:51:29.105  7651  7651 I wpa_supplicant: nl80211: Drv Event 103 (NL80211_CMD_VENDOR) received for wlan0
11-14 13:51:29.105  7651  7651 I wpa_supplicant: nl80211: Vendor event: wiphy=0 vendor_id=0xf0 subcmd=24
11-14 13:51:29.207  7651  7651 I wpa_supplicant: nl80211: Drv Event 103 (NL80211_CMD_VENDOR) received for wlan0
11-14 13:51:29.207  7651  7651 I wpa_supplicant: nl80211: Vendor event: wiphy=0 vendor_id=0xf0 subcmd=24
11-14 13:51:29.309  7651  7651 I wpa_supplicant: nl80211: Drv Event 103 (NL80211_CMD_VENDOR) received for wlan0
11-14 13:51:29.309  7651  7651 I wpa_supplicant: nl80211: Vendor event: wiphy=0 vendor_id=0xf0 subcmd=24
11-14 13:51:29.412  7651  7651 I wpa_supplicant: nl80211: Drv Event 103 (NL80211_CMD_VENDOR) received for wlan0
11-14 13:51:29.412  7651  7651 I wpa_supplicant: nl80211: Vendor event: wiphy=0 vendor_id=0xf0 subcmd=24
11-14 13:51:29.514  7651  7651 I wpa_supplicant: nl80211: Drv Event 103 (NL80211_CMD_VENDOR) received for wlan0
11-14 13:51:29.514  7651  7651 I wpa_supplicant: nl80211: Vendor event: wiphy=0 vendor_id=0xf0 subcmd=24
11-14 13:51:29.616  7651  7651 I wpa_supplicant: nl80211: Drv Event 103 (NL80211_CMD_VENDOR) received for wlan0
11-14 13:51:29.617  7651  7651 I wpa_supplicant: nl80211: Vendor event: wiphy=0 vendor_id=0xf0 subcmd=24
11-14 13:51:29.719  7651  7651 I wpa_supplicant: nl80211: Drv Event 103 (NL80211_CMD_VENDOR) received for wlan0
11-14 13:51:29.719  7651  7651 I wpa_supplicant: nl80211: Vendor event: wiphy=0 vendor_id=0xf0 subcmd=24
11-14 13:51:29.821  7651  7651 I wpa_supplicant: nl80211: Drv Event 103 (NL80211_CMD_VENDOR) received for wlan0
11-14 13:51:29.821  7651  7651 I wpa_supplicant: nl80211: Vendor event: wiphy=0 vendor_id=0xf0 subcmd=24
11-14 13:51:29.924  7651  7651 I wpa_supplicant: nl80211: Drv Event 103 (NL80211_CMD_VENDOR) received for wlan0
11-14 13:51:29.924  7651  7651 I wpa_supplicant: nl80211: Vendor event: wiphy=0 vendor_id=0xf0 subcmd=24
11-14 13:51:30.026  7651  7651 I wpa_supplicant: nl80211: Drv Event 103 (NL80211_CMD_VENDOR) received for wlan0
11-14 13:51:30.026  7651  7651 I wpa_supplicant: nl80211: Vendor event: wiphy=0 vendor_id=0xf0 subcmd=24
11-14 13:51:30.128  7651  7651 I wpa_supplicant: nl80211: Drv Event 103 (NL80211_CMD_VENDOR) received for wlan0
11-14 13:51:30.129  7651  7651 I wpa_supplicant: nl80211: Vendor event: wiphy=0 vendor_id=0xf0 subcmd=24
11-14 13:51:30.230  7651  7651 I wpa_supplicant: nl80211: Drv Event 103 (NL80211_CMD_VENDOR) received for wlan0
11-14 13:51:30.230  7651  7651 I wpa_supplicant: nl80211: Vendor event: wiphy=0 vendor_id=0xf0 subcmd=24
11-14 13:51:30.333  7651  7651 I wpa_supplicant: nl80211: Drv Event 103 (NL80211_CMD_VENDOR) received for wlan0
11-14 13:51:30.333  7651  7651 I wpa_supplicant: nl80211: Vendor event: wiphy=0 vendor_id=0xf0 subcmd=24
11-14 13:51:30.436  7651  7651 I wpa_supplicant: nl80211: Drv Event 103 (NL80211_CMD_VENDOR) received for wlan0
11-14 13:51:30.436  7651  7651 I wpa_supplicant: nl80211: Vendor event: wiphy=0 vendor_id=0xf0 subcmd=24
11-14 13:51:30.538  7651  7651 I wpa_supplicant: nl80211: Drv Event 103 (NL80211_CMD_VENDOR) received for wlan0
11-14 13:51:30.538  7651  7651 I wpa_supplicant: nl80211: Vendor event: wiphy=0 vendor_id=0xf0 subcmd=24
11-14 13:51:30.640  7651  7651 I wpa_supplicant: nl80211: Drv Event 103 (NL80211_CMD_VENDOR) received for wlan0
11-14 13:51:30.640  7651  7651 I wpa_supplicant: nl80211: Vendor event: wiphy=0 vendor_id=0xf0 subcmd=24
11-14 13:51:30.743  7651  7651 I wpa_supplicant: nl80211: Drv Event 103 (NL80211_CMD_VENDOR) received for wlan0
11-14 13:51:30.743  7651  7651 I wpa_supplicant: nl80211: Vendor event: wiphy=0 vendor_id=0xf0 subcmd=24
11-14 13:51:30.847  7651  7651 I wpa_supplicant: nl80211: Drv Event 103 (NL80211_CMD_VENDOR) received for wlan0
11-14 13:51:30.847  7651  7651 I wpa_supplicant: nl80211: Vendor event: wiphy=0 vendor_id=0xf0 subcmd=24
11-14 13:51:30.948  7651  7651 I wpa_supplicant: nl80211: Drv Event 103 (NL80211_CMD_VENDOR) received for wlan0
11-14 13:51:30.948  7651  7651 I wpa_supplicant: nl80211: Vendor event: wiphy=0 vendor_id=0xf0 subcmd=24
11-14 13:51:31.050  7651  7651 I wpa_supplicant: nl80211: Drv Event 103 (NL80211_CMD_VENDOR) received for wlan0
11-14 13:51:31.050  7651  7651 I wpa_supplicant: nl80211: Vendor event: wiphy=0 vendor_id=0xf0 subcmd=24
11-14 13:51:31.153  7651  7651 I wpa_supplicant: nl80211: Drv Event 103 (NL80211_CMD_VENDOR) received for wlan0
11-14 13:51:31.153  7651  7651 I wpa_supplicant: nl80211: Vendor event: wiphy=0 vendor_id=0xf0 subcmd=24
11-14 13:51:31.255  7651  7651 I wpa_supplicant: nl80211: Drv Event 103 (NL80211_CMD_VENDOR) received for wlan0
11-14 13:51:31.255  7651  7651 I wpa_supplicant: nl80211: Vendor event: wiphy=0 vendor_id=0xf0 subcmd=24
11-14 13:51:31.357  7651  7651 I wpa_supplicant: nl80211: Drv Event 103 (NL80211_CMD_VENDOR) received for wlan0
11-14 13:51:31.357  7651  7651 I wpa_supplicant: nl80211: Vendor event: wiphy=0 vendor_id=0xf0 subcmd=24
11-14 13:51:31.460  7651  7651 I wpa_supplicant: nl80211: Drv Event 103 (NL80211_CMD_VENDOR) received for wlan0
11-14 13:51:31.460  7651  7651 I wpa_supplicant: nl80211: Vendor event: wiphy=0 vendor_id=0xf0 subcmd=24
11-14 13:51:31.562  7651  7651 I wpa_supplicant: nl80211: Drv Event 103 (NL80211_CMD_VENDOR) received for wlan0
11-14 13:51:31.562  7651  7651 I wpa_supplicant: nl80211: Vendor event: wiphy=0 vendor_id=0xf0 subcmd=24
11-14 13:51:31.665  7651  7651 I wpa_supplicant: nl80211: Drv Event 103 (NL80211_CMD_VENDOR) received for wlan0
11-14 13:51:31.665  7651  7651 I wpa_supplicant: nl80211: Vendor event: wiphy=0 vendor_id=0xf0 subcmd=24
11-14 13:51:31.767  7651  7651 I wpa_supplicant: nl80211: Drv Event 103 (NL80211_CMD_VENDOR) received for wlan0
11-14 13:51:31.767  7651  7651 I wpa_supplicant: nl80211: Vendor event: wiphy=0 vendor_id=0xf0 subcmd=24
11-14 13:51:31.869  7651  7651 I wpa_supplicant: nl80211: Drv Event 103 (NL80211_CMD_VENDOR) received for wlan0
11-14 13:51:31.869  7651  7651 I wpa_supplicant: nl80211: Vendor event: wiphy=0 vendor_id=0xf0 subcmd=24
11-14 13:51:31.960  7651  7651 I wpa_supplicant: nl80211: Drv Event 103 (NL80211_CMD_VENDOR) received for wlan0
11-14 13:51:31.960  7651  7651 I wpa_supplicant: nl80211: Vendor event: wiphy=0 vendor_id=0xf0 subcmd=25
11-14 13:51:31.960  7651  7651 I wpa_supplicant: EVENT_DRIVER_BEACON_ABORT reason: 1
11-14 13:51:34.124  7651  7651 I wpa_supplicant: nl80211: Drv Event 33 (NL80211_CMD_TRIGGER_SCAN) received for wlan0
11-14 13:51:34.124  7651  7651 I wpa_supplicant: wlan0: nl80211: Scan trigger
11-14 13:51:36.959  7651  7651 I wpa_supplicant: nl80211: Drv Event 34 (NL80211_CMD_NEW_SCAN_RESULTS) received for wlan0
11-14 13:51:36.959  7651  7651 I wpa_supplicant: wlan0: nl80211: New scan results available
11-14 13:51:36.960  7651  7651 I wpa_supplicant: nl80211: Scan probed for SSID ''
11-14 13:51:36.960  7651  7651 I wpa_supplicant: nl80211: Scan included frequencies: 2412 2417 2422 2427 2432 2437 2442 2447 2452 2457 2462 2467 2472 5180 5200 5220 5240 5260 5280 5300 5320 5500 5520 5540 5560 5580 5600 5620 5640 5660 5680 5700 5720 5745 5765 5785 5805 5825
11-14 13:51:36.962  1451  5570 D WifiNative: Scan result ready event
11-14 13:51:37.016  7651  7651 I wpa_supplicant: nl80211: Drv Event 33 (NL80211_CMD_TRIGGER_SCAN) received for wlan0
11-14 13:51:37.016  7651  7651 I wpa_supplicant: wlan0: nl80211: Scan trigger
11-14 13:51:37.030  1027  1027 D WifiHAL : In DebugCommand::handleResponse
11-14 13:51:37.030  1027  1027 D WifiHAL : len = 4, expected len = 4
11-14 13:51:37.071  7651  7651 I wpa_supplicant: StaIface: WifiFramework disconnect  bssid=FC.5C.45.**.**.F0
11-14 13:51:37.276  1451  4576 D WifiNative: Scan result ready event
11-14 13:51:37.279  7651  7651 I wpa_supplicant: Notifying bigdata params feature:DISC, params:2 9 149 36 3 1 1114165137 fc:5c:45 InteliRobo 5795 40 -46 574 5 1 0 0 0 -46 3 1 3 4003
11-14 13:51:37.280  7651  7651 I wpa_supplicant: CTRL-EVENT-DISCONNECTED bssid=FC.5C.45.**.**.F0 reason=3 locally_generated=1
11-14 13:51:37.283  7651  7651 I wpa_supplicant: wlan0: CTRL-EVENT-DSCP-POLICY clear_all
11-14 13:51:37.283  7651  7651 I wpa_supplicant: nl80211: Drv Event 48 (NL80211_CMD_DISCONNECT) received for wlan0
11-14 13:51:37.283  7651  7651 I wpa_supplicant: nl80211: Ignore disconnect event triggered during reassociation
11-14 13:51:37.283  7651  7651 I wpa_supplicant: nl80211: Drv Event 103 (NL80211_CMD_VENDOR) received for wlan0
11-14 13:51:37.283  7651  7651 I wpa_supplicant: nl80211: Vendor event: wiphy=0 vendor_id=0xf0 subcmd=30
11-14 13:51:37.283  7651  7651 I wpa_supplicant: nl80211: RCL frequency list vendor event received len = 60
11-14 13:51:37.284  7651  7651 I wpa_supplicant: nl80211: Drv Event 34 (NL80211_CMD_NEW_SCAN_RESULTS) received for wlan0
11-14 13:51:37.284  7651  7651 I wpa_supplicant: wlan0: nl80211: New scan results available
11-14 13:51:37.284  7651  7651 I wpa_supplicant: nl80211: Scan probed for SSID ''
11-14 13:51:37.284  7651  7651 I wpa_supplicant: nl80211: Scan probed for SSID '5`SYO.w^K7Zjb=4i0h\"fHb^'
11-14 13:51:37.284  7651  7651 I wpa_supplicant: nl80211: Scan probed for SSID 'InteliRobo\x00\x10'
11-14 13:51:37.284  7651  7651 I wpa_supplicant: nl80211: Scan probed for SSID 'InteliRobo'
11-14 13:51:37.284  7651  7651 I wpa_supplicant: nl80211: Scan included frequencies: 5785
11-14 13:51:37.289  1027  1027 D WifiHAL : Start get packet fate command
11-14 13:51:37.289  1027  1027 D WifiHAL : createRequest Get Tx packet fate request
11-14 13:51:37.290  1027  1027 D WifiHAL : In GetPktFateCommand::handleResponse
11-14 13:51:37.290  1027  1027 I WifiHAL : Id = 0, subcmd = 0, len = 12
11-14 13:51:37.290  1027  1027 I WifiHAL : Response recieved for get TX pkt fate command
11-14 13:51:37.290  1027  1027 I WifiHAL : No: of pkt fates provided is 0
11-14 13:51:37.290  1027  1027 D WifiHAL : Start get packet fate command
11-14 13:51:37.290  1027  1027 D WifiHAL : createRequest Get Rx packet fate request
11-14 13:51:37.291  1027  1027 D WifiHAL : In GetPktFateCommand::handleResponse
11-14 13:51:37.291  1027  1027 I WifiHAL : Id = 0, subcmd = 0, len = 12
11-14 13:51:37.291  1027  1027 I WifiHAL : Response recieved for get RX pkt fate command
11-14 13:51:37.291  1027  1027 I WifiHAL : No: of pkt fates provided is 0
11-14 13:51:37.349  7651  7651 I wpa_supplicant: wlan0: CTRL-EVENT-REGDOM-CHANGE init=USER type=COUNTRY alpha2=BR
11-14 13:51:37.351  1451  2498 D WifiNative: onSetCountryCodeSucceeded: BR
11-14 13:51:37.352  7651  7651 I wpa_supplicant: StaNetwork: WifiFramework disable ssid=InteliRobo 
11-14 13:51:37.353  7651  7651 I wpa_supplicant: wlan0: CTRL-EVENT-DSCP-POLICY clear_all
11-14 13:51:37.368  7651  7651 I wpa_supplicant: wlan0: CTRL-EVENT-DSCP-POLICY clear_all
11-14 13:51:37.377  7651  7651 I wpa_supplicant: StaIface: WifiFramework remove_network id=0
11-14 13:51:37.384  7651  7651 I wpa_supplicant: isPskPassphraseValid: psk.size= 8
11-14 13:51:37.389  7651  7651 I wpa_supplicant: 4: 7A.22.88.**.**.4F freq=5180 level=-54 snr=38 cu=-1% est_throughput=180001 est_throughput_cu=0
11-14 13:51:37.390  7651  7651 I wpa_supplicant:    selected  7A.22.88.**.**.4F ssid='pablin' all_bssids_have_cu=0, preferred_6g_bssids_exist=0, all_preferred_6g_bssids_have_cu=1
11-14 13:51:37.390  7651  7651 I wpa_supplicant: WPA: Add samsung vsie for support Cisco Specific features
11-14 13:51:37.390  7651  7651 I wpa_supplicant: WPA: Set adaptive_11r support bit
11-14 13:51:37.390  7651  7651 I wpa_supplicant: WPA: Set MODEL INFO support bit SEC_5G : 1, SEC 6G: 0
11-14 13:51:37.390  7651  7651 I wpa_supplicant: wlan0: Trying to associate with SSID 'pablin'
11-14 13:51:37.453  1027  1027 D WifiHAL : wifi_get_usable_channels: band 1 iface 2 filter 0 max_num 256
11-14 13:51:37.453  1027  1027 D WifiHAL : Got channel list number with 13 channels
11-14 13:51:37.453  1027  1027 D WifiHAL : wifi_get_usable_channels: result 0
11-14 13:51:37.454  1027  1027 D WifiHAL : wifi_get_usable_channels: band 2 iface 2 filter 0 max_num 256
11-14 13:51:37.454  1027  1027 D WifiHAL : Got channel list number with 5 channels
11-14 13:51:37.454  1027  1027 D WifiHAL : wifi_get_usable_channels: result 0
11-14 13:51:37.454  1027  1027 D WifiHAL : wifi_get_usable_channels: band 1 iface 2 filter 0 max_num 256
11-14 13:51:37.454  1027  1027 D WifiHAL : Got channel list number with 13 channels
11-14 13:51:37.454  1027  1027 D WifiHAL : wifi_get_usable_channels: result 0
11-14 13:51:37.455  1027  1027 D WifiHAL : wifi_get_usable_channels: band 2 iface 2 filter 0 max_num 256
11-14 13:51:37.455  1027  1027 D WifiHAL : Got channel list number with 5 channels
11-14 13:51:37.455  1027  1027 D WifiHAL : wifi_get_usable_channels: result 0
11-14 13:51:37.456  1027  1027 D WifiHAL : wifi_get_usable_channels: band 1 iface 2 filter 0 max_num 256
11-14 13:51:37.456  1027  1027 D WifiHAL : Got channel list number with 13 channels
11-14 13:51:37.456  1027  1027 D WifiHAL : wifi_get_usable_channels: result 0
11-14 13:51:37.456  1027  1027 D WifiHAL : wifi_get_usable_channels: band 2 iface 2 filter 0 max_num 256
11-14 13:51:37.457  1027  1027 D WifiHAL : Got channel list number with 5 channels
11-14 13:51:37.457  1027  1027 D WifiHAL : wifi_get_usable_channels: result 0
11-14 13:51:37.457  7651  7651 I wpa_supplicant: nl80211: Drv Event 103 (NL80211_CMD_VENDOR) received for wlan0
11-14 13:51:37.457  7651  7651 I wpa_supplicant: nl80211: Vendor event: wiphy=0 vendor_id=0xf0 subcmd=32
11-14 13:51:37.457  1027  1027 D WifiHAL : wifi_get_usable_channels: band 4 iface 2 filter 0 max_num 256
11-14 13:51:37.457  1027  1027 D WifiHAL : Got channel list number with 0 channels
11-14 13:51:37.457  1027  1027 D WifiHAL : Ignoring invalid attribute type = 6, size = 0
11-14 13:51:37.457  1027  1027 D WifiHAL : wifi_get_usable_channels: result 0
11-14 13:51:37.458  1027  1027 D WifiHAL : wifi_get_usable_channels: band 8 iface 2 filter 0 max_num 256
11-14 13:51:37.458  1027  1027 D WifiHAL : Got channel list number with 0 channels
11-14 13:51:37.458  1027  1027 D WifiHAL : Ignoring invalid attribute type = 6, size = 0
11-14 13:51:37.458  1027  1027 D WifiHAL : wifi_get_usable_channels: result 0
11-14 13:51:37.459  1027  1027 D WifiHAL : wifi_get_usable_channels: band 1 iface 8 filter 3 max_num 256
11-14 13:51:37.672  7651  7651 I wpa_supplicant: nl80211: Drv Event 103 (NL80211_CMD_VENDOR) received for wlan0
11-14 13:51:37.673  7651  7651 I wpa_supplicant: nl80211: Vendor event: wiphy=0 vendor_id=0xf0 subcmd=32
11-14 13:51:37.675  7651  7651 I wpa_supplicant: nl80211: Drv Event 46 (NL80211_CMD_CONNECT) received for wlan0
11-14 13:51:37.676  7651  7651 I wpa_supplicant: nl80211: Connect event (status=0 ignore_next_local_disconnect=0)
11-14 13:51:37.678  7651  7651 I wpa_supplicant: nl80211: Set drv->ssid based on scan res info to 'pablin'
11-14 13:51:37.681  7651  7651 I wpa_supplicant: Associated with 7A.22.88.**.**.4F
11-14 13:51:37.682  7651  7651 I wpa_supplicant: wlan0: CTRL-EVENT-SUBNET-STATUS-UPDATE status=0
11-14 13:51:37.682  7651  7651 I wpa_supplicant: nl80211: Drv Event 103 (NL80211_CMD_VENDOR) received for wlan0
11-14 13:51:37.682  7651  7651 I wpa_supplicant: nl80211: Vendor event: wiphy=0 vendor_id=0xf0 subcmd=32
11-14 13:51:37.714  7651  7651 I wpa_supplicant: nl80211: Drv Event 103 (NL80211_CMD_VENDOR) received for wlan0
11-14 13:51:37.714  7651  7651 I wpa_supplicant: nl80211: Vendor event: wiphy=0 vendor_id=0xf0 subcmd=32
11-14 13:51:37.714  7651  7651 I wpa_supplicant: WPA: RX message 1 of 4-Way Handshake from 7A.22.88.**.**.4F (ver=2)
11-14 13:51:37.715  7651  7651 I wpa_supplicant: wlan0: WPA: Sending EAPOL-Key 2/4
11-14 13:51:37.732  7651  7651 I wpa_supplicant: nl80211: Drv Event 103 (NL80211_CMD_VENDOR) received for wlan0
11-14 13:51:37.733  7651  7651 I wpa_supplicant: nl80211: Vendor event: wiphy=0 vendor_id=0xf0 subcmd=32
11-14 13:51:37.734  7651  7651 I wpa_supplicant: nl80211: Drv Event 103 (NL80211_CMD_VENDOR) received for wlan0
11-14 13:51:37.735  7651  7651 I wpa_supplicant: nl80211: Vendor event: wiphy=0 vendor_id=0xf0 subcmd=32
11-14 13:51:37.735  7651  7651 I wpa_supplicant: WPA: RX message 3 of 4-Way Handshake from 7A.22.88.**.**.4F (ver=2)
11-14 13:51:37.735  7651  7651 I wpa_supplicant: wlan0: WPA: Sending EAPOL-Key 4/4
11-14 13:51:37.739  7651  7651 I wpa_supplicant: WPA: Key negotiation completed with 7A.22.88.**.**.4F [PTK=CCMP GTK=CCMP]
11-14 13:51:37.739  7651  7651 I wpa_supplicant: CTRL-EVENT-CONNECTED - Connection to 7A.22.88.**.**.4F completed [id=0 id_str=%7B%22configKey%22%3A%22%5C%22pablin%5C%22WPA_PSK-0%22%2C%22creatorUid%22%3A%2210314%22%7D]
11-14 13:51:37.771  7651  7651 I wpa_supplicant: nl80211: Drv Event 103 (NL80211_CMD_VENDOR) received for wlan0
11-14 13:51:37.771  7651  7651 I wpa_supplicant: nl80211: Vendor event: wiphy=0 vendor_id=0xf0 subcmd=32
11-14 13:51:37.784  1027  1027 D WifiHAL : Getting APF capabilities, halHandle = 0xb4000079028900f0
11-14 13:51:37.784  1027  1027 I WifiHAL : createRequest: APF get capabilities request
11-14 13:51:37.784  1027  1027 I WifiHAL : Request Response failed for APF, result = -524
11-14 13:51:37.784  1027  1027 D WifiHAL : Packet Filter not supported
11-14 13:51:37.805  1027  1027 D WifiHAL : Driver message has been created successfully--> 1
11-14 13:51:37.826  7651  7651 I wpa_supplicant: nl80211: Drv Event 103 (NL80211_CMD_VENDOR) received for wlan0
11-14 13:51:37.826  7651  7651 I wpa_supplicant: nl80211: Vendor event: wiphy=0 vendor_id=0xf0 subcmd=32
11-14 13:51:37.861  7651  7651 I wpa_supplicant: nl80211: Drv Event 103 (NL80211_CMD_VENDOR) received for wlan0
11-14 13:51:37.861  7651  7651 I wpa_supplicant: nl80211: Vendor event: wiphy=0 vendor_id=0xf0 subcmd=32
11-14 13:51:37.867  7651  7651 I wpa_supplicant: nl80211: Drv Event 103 (NL80211_CMD_VENDOR) received for wlan0
11-14 13:51:37.867  7651  7651 I wpa_supplicant: nl80211: Vendor event: wiphy=0 vendor_id=0xf0 subcmd=32
11-14 13:51:37.915  7651  7651 I wpa_supplicant: nl80211: Drv Event 103 (NL80211_CMD_VENDOR) received for wlan0
11-14 13:51:37.915  7651  7651 I wpa_supplicant: nl80211: Vendor event: wiphy=0 vendor_id=0xf0 subcmd=32
11-14 13:51:37.976  1451  2498 I WifiClientModeImpl: default gateway ipv4 is null
11-14 13:51:38.223  7651  7651 E wpa_supplicant: Failed to handle GET_STA_DUMP command
11-14 13:51:38.465  7651  7651 I wpa_supplicant: Heartbeat 3
11-14 13:51:42.318  7651  7651 I wpa_supplicant: nl80211: Drv Event 103 (NL80211_CMD_VENDOR) received for wlan0
11-14 13:51:42.318  7651  7651 I wpa_supplicant: nl80211: Vendor event: wiphy=0 vendor_id=0xf0 subcmd=24
11-14 13:51:42.396  7651  7651 I wpa_supplicant: nl80211: Drv Event 103 (NL80211_CMD_VENDOR) received for wlan0
11-14 13:51:42.396  7651  7651 I wpa_supplicant: nl80211: Vendor event: wiphy=0 vendor_id=0xf0 subcmd=24
11-14 13:51:42.472  7651  7651 I wpa_supplicant: nl80211: Drv Event 103 (NL80211_CMD_VENDOR) received for wlan0
11-14 13:51:42.472  7651  7651 I wpa_supplicant: nl80211: Vendor event: wiphy=0 vendor_id=0xf0 subcmd=24
11-14 13:51:42.549  7651  7651 I wpa_supplicant: nl80211: Drv Event 103 (NL80211_CMD_VENDOR) received for wlan0
11-14 13:51:42.549  7651  7651 I wpa_supplicant: nl80211: Vendor event: wiphy=0 vendor_id=0xf0 subcmd=24
11-14 13:51:42.625  7651  7651 I wpa_supplicant: nl80211: Drv Event 103 (NL80211_CMD_VENDOR) received for wlan0
11-14 13:51:42.625  7651  7651 I wpa_supplicant: nl80211: Vendor event: wiphy=0 vendor_id=0xf0 subcmd=24
