11-14 13:45:52.202  2676  2676 I wpa_supplicant: nl80211: Vendor event: wiphy=0 vendor_id=0xf0 subcmd=24
11-14 13:45:52.406  2676  2676 I wpa_supplicant: nl80211: Drv Event 103 (NL80211_CMD_VENDOR) received for wlan0
11-14 13:45:52.406  2676  2676 I wpa_supplicant: nl80211: Vendor event: wiphy=0 vendor_id=0xf0 subcmd=24
11-14 13:45:52.509  2676  2676 I wpa_supplicant: nl80211: Drv Event 103 (NL80211_CMD_VENDOR) received for wlan0
11-14 13:45:52.509  2676  2676 I wpa_supplicant: nl80211: Vendor event: wiphy=0 vendor_id=0xf0 subcmd=24
11-14 13:45:52.714  2676  2676 I wpa_supplicant: nl80211: Drv Event 103 (NL80211_CMD_VENDOR) received for wlan0
11-14 13:45:52.714  2676  2676 I wpa_supplicant: nl80211: Vendor event: wiphy=0 vendor_id=0xf0 subcmd=24
11-14 13:45:53.021  2676  2676 I wpa_supplicant: nl80211: Drv Event 103 (NL80211_CMD_VENDOR) received for wlan0
11-14 13:45:53.021  2676  2676 I wpa_supplicant: nl80211: Vendor event: wiphy=0 vendor_id=0xf0 subcmd=24
11-14 13:45:53.124  2676  2676 I wpa_supplicant: nl80211: Drv Event 103 (NL80211_CMD_VENDOR) received for wlan0
11-14 13:45:53.124  2676  2676 I wpa_supplicant: nl80211: Vendor event: wiphy=0 vendor_id=0xf0 subcmd=24
11-14 13:45:53.328  2676  2676 I wpa_supplicant: nl80211: Drv Event 103 (NL80211_CMD_VENDOR) received for wlan0
11-14 13:45:53.328  2676  2676 I wpa_supplicant: nl80211: Vendor event: wiphy=0 vendor_id=0xf0 subcmd=24
11-14 13:45:53.947  2676  2676 I wpa_supplicant: nl80211: Drv Event 103 (NL80211_CMD_VENDOR) received for wlan0
11-14 13:45:53.947  2676  2676 I wpa_supplicant: nl80211: Vendor event: wiphy=0 vendor_id=0xf0 subcmd=24
11-14 13:45:54.045  2676  2676 I wpa_supplicant: nl80211: Drv Event 103 (NL80211_CMD_VENDOR) received for wlan0
11-14 13:45:54.045  2676  2676 I wpa_supplicant: nl80211: Vendor event: wiphy=0 vendor_id=0xf0 subcmd=24
11-14 13:45:54.147  2676  2676 I wpa_supplicant: nl80211: Drv Event 103 (NL80211_CMD_VENDOR) received for wlan0
11-14 13:45:54.147  2676  2676 I wpa_supplicant: nl80211: Vendor event: wiphy=0 vendor_id=0xf0 subcmd=24
11-14 13:45:54.560  2676  2676 I wpa_supplicant: nl80211: Drv Event 103 (NL80211_CMD_VENDOR) received for wlan0
11-14 13:45:54.560  2676  2676 I wpa_supplicant: nl80211: Vendor event: wiphy=0 vendor_id=0xf0 subcmd=24
11-14 13:45:54.654  2676  2676 I wpa_supplicant: Heartbeat 756
11-14 13:45:54.659  2676  2676 I wpa_supplicant: nl80211: Drv Event 103 (NL80211_CMD_VENDOR) received for wlan0
11-14 13:45:54.659  2676  2676 I wpa_supplicant: nl80211: Vendor event: wiphy=0 vendor_id=0xf0 subcmd=24
11-14 13:45:54.864  2676  2676 I wpa_supplicant: nl80211: Drv Event 103 (NL80211_CMD_VENDOR) received for wlan0
11-14 13:45:54.864  2676  2676 I wpa_supplicant: nl80211: Vendor event: wiphy=0 vendor_id=0xf0 subcmd=24
11-14 13:45:55.376  2676  2676 I wpa_supplicant: nl80211: Drv Event 103 (NL80211_CMD_VENDOR) received for wlan0
11-14 13:45:55.376  2676  2676 I wpa_supplicant: nl80211: Vendor event: wiphy=0 vendor_id=0xf0 subcmd=24
11-14 13:45:55.478  2676  2676 I wpa_supplicant: nl80211: Drv Event 103 (NL80211_CMD_VENDOR) received for wlan0
11-14 13:45:55.478  2676  2676 I wpa_supplicant: nl80211: Vendor event: wiphy=0 vendor_id=0xf0 subcmd=24
11-14 13:45:55.788  2676  2676 I wpa_supplicant: nl80211: Drv Event 103 (NL80211_CMD_VENDOR) received for wlan0
11-14 13:45:55.788  2676  2676 I wpa_supplicant: nl80211: Vendor event: wiphy=0 vendor_id=0xf0 subcmd=24
11-14 13:45:55.888  2676  2676 I wpa_supplicant: nl80211: Drv Event 103 (NL80211_CMD_VENDOR) received for wlan0
11-14 13:45:55.888  2676  2676 I wpa_supplicant: nl80211: Vendor event: wiphy=0 vendor_id=0xf0 subcmd=24
11-14 13:45:55.990  2676  2676 I wpa_supplicant: nl80211: Drv Event 103 (NL80211_CMD_VENDOR) received for wlan0
11-14 13:45:55.990  2676  2676 I wpa_supplicant: nl80211: Vendor event: wiphy=0 vendor_id=0xf0 subcmd=24
11-14 13:45:56.298  2676  2676 I wpa_supplicant: nl80211: Drv Event 103 (NL80211_CMD_VENDOR) received for wlan0
11-14 13:45:56.298  2676  2676 I wpa_supplicant: nl80211: Vendor event: wiphy=0 vendor_id=0xf0 subcmd=24
11-14 13:45:56.809  2676  2676 I wpa_supplicant: nl80211: Drv Event 103 (NL80211_CMD_VENDOR) received for wlan0
11-14 13:45:56.809  2676  2676 I wpa_supplicant: nl80211: Vendor event: wiphy=0 vendor_id=0xf0 subcmd=24
11-14 13:45:57.014  2676  2676 I wpa_supplicant: nl80211: Drv Event 103 (NL80211_CMD_VENDOR) received for wlan0
11-14 13:45:57.014  2676  2676 I wpa_supplicant: nl80211: Vendor event: wiphy=0 vendor_id=0xf0 subcmd=24
11-14 13:45:57.526  2676  2676 I wpa_supplicant: nl80211: Drv Event 103 (NL80211_CMD_VENDOR) received for wlan0
11-14 13:45:57.526  2676  2676 I wpa_supplicant: nl80211: Vendor event: wiphy=0 vendor_id=0xf0 subcmd=24
11-14 13:45:57.731  2676  2676 I wpa_supplicant: nl80211: Drv Event 103 (NL80211_CMD_VENDOR) received for wlan0
11-14 13:45:57.731  2676  2676 I wpa_supplicant: nl80211: Vendor event: wiphy=0 vendor_id=0xf0 subcmd=24
11-14 13:45:57.834  2676  2676 I wpa_supplicant: nl80211: Drv Event 103 (NL80211_CMD_VENDOR) received for wlan0
11-14 13:45:57.834  2676  2676 I wpa_supplicant: nl80211: Vendor event: wiphy=0 vendor_id=0xf0 subcmd=24
11-14 13:45:58.141  2676  2676 I wpa_supplicant: nl80211: Drv Event 103 (NL80211_CMD_VENDOR) received for wlan0
11-14 13:45:58.141  2676  2676 I wpa_supplicant: nl80211: Vendor event: wiphy=0 vendor_id=0xf0 subcmd=24
11-14 13:45:58.243  2676  2676 I wpa_supplicant: nl80211: Drv Event 103 (NL80211_CMD_VENDOR) received for wlan0
11-14 13:45:58.243  2676  2676 I wpa_supplicant: nl80211: Vendor event: wiphy=0 vendor_id=0xf0 subcmd=24
11-14 13:45:58.346  2676  2676 I wpa_supplicant: nl80211: Drv Event 103 (NL80211_CMD_VENDOR) received for wlan0
11-14 13:45:58.346  2676  2676 I wpa_supplicant: nl80211: Vendor event: wiphy=0 vendor_id=0xf0 subcmd=24
11-14 13:45:58.551  2676  2676 I wpa_supplicant: nl80211: Drv Event 103 (NL80211_CMD_VENDOR) received for wlan0
11-14 13:45:58.551  2676  2676 I wpa_supplicant: nl80211: Vendor event: wiphy=0 vendor_id=0xf0 subcmd=24
11-14 13:45:58.756  2676  2676 I wpa_supplicant: nl80211: Drv Event 103 (NL80211_CMD_VENDOR) received for wlan0
11-14 13:45:58.756  2676  2676 I wpa_supplicant: nl80211: Vendor event: wiphy=0 vendor_id=0xf0 subcmd=24
11-14 13:45:58.858  2676  2676 I wpa_supplicant: nl80211: Drv Event 103 (NL80211_CMD_VENDOR) received for wlan0
11-14 13:45:58.858  2676  2676 I wpa_supplicant: nl80211: Vendor event: wiphy=0 vendor_id=0xf0 subcmd=24
11-14 13:45:58.960  2676  2676 I wpa_supplicant: nl80211: Drv Event 103 (NL80211_CMD_VENDOR) received for wlan0
11-14 13:45:58.960  2676  2676 I wpa_supplicant: nl80211: Vendor event: wiphy=0 vendor_id=0xf0 subcmd=24
11-14 13:45:59.063  2676  2676 I wpa_supplicant: nl80211: Drv Event 103 (NL80211_CMD_VENDOR) received for wlan0
11-14 13:45:59.063  2676  2676 I wpa_supplicant: nl80211: Vendor event: wiphy=0 vendor_id=0xf0 subcmd=24
11-14 13:45:59.267  2676  2676 I wpa_supplicant: nl80211: Drv Event 103 (NL80211_CMD_VENDOR) received for wlan0
11-14 13:45:59.267  2676  2676 I wpa_supplicant: nl80211: Vendor event: wiphy=0 vendor_id=0xf0 subcmd=24
11-14 13:46:00.086  2676  2676 I wpa_supplicant: nl80211: Drv Event 103 (NL80211_CMD_VENDOR) received for wlan0
11-14 13:46:00.086  2676  2676 I wpa_supplicant: nl80211: Vendor event: wiphy=0 vendor_id=0xf0 subcmd=24
11-14 13:46:00.393  2676  2676 I wpa_supplicant: nl80211: Drv Event 103 (NL80211_CMD_VENDOR) received for wlan0
11-14 13:46:00.394  2676  2676 I wpa_supplicant: nl80211: Vendor event: wiphy=0 vendor_id=0xf0 subcmd=24
11-14 13:46:00.496  2676  2676 I wpa_supplicant: nl80211: Drv Event 103 (NL80211_CMD_VENDOR) received for wlan0
11-14 13:46:00.496  2676  2676 I wpa_supplicant: nl80211: Vendor event: wiphy=0 vendor_id=0xf0 subcmd=24
11-14 13:46:00.701  2676  2676 I wpa_supplicant: nl80211: Drv Event 103 (NL80211_CMD_VENDOR) received for wlan0
11-14 13:46:00.701  2676  2676 I wpa_supplicant: nl80211: Vendor event: wiphy=0 vendor_id=0xf0 subcmd=24
11-14 13:46:01.213  2676  2676 I wpa_supplicant: nl80211: Drv Event 103 (NL80211_CMD_VENDOR) received for wlan0
11-14 13:46:01.213  2676  2676 I wpa_supplicant: nl80211: Vendor event: wiphy=0 vendor_id=0xf0 subcmd=24
11-14 13:46:01.725  2676  2676 I wpa_supplicant: nl80211: Drv Event 103 (NL80211_CMD_VENDOR) received for wlan0
11-14 13:46:01.725  2676  2676 I wpa_supplicant: nl80211: Vendor event: wiphy=0 vendor_id=0xf0 subcmd=24
11-14 13:46:01.929  2676  2676 I wpa_supplicant: nl80211: Drv Event 103 (NL80211_CMD_VENDOR) received for wlan0
11-14 13:46:01.929  2676  2676 I wpa_supplicant: nl80211: Vendor event: wiphy=0 vendor_id=0xf0 subcmd=24
11-14 13:46:02.237  2676  2676 I wpa_supplicant: nl80211: Drv Event 103 (NL80211_CMD_VENDOR) received for wlan0
11-14 13:46:02.237  2676  2676 I wpa_supplicant: nl80211: Vendor event: wiphy=0 vendor_id=0xf0 subcmd=24
11-14 13:46:02.310  2676  2676 I wpa_supplicant: nl80211: Drv Event 33 (NL80211_CMD_TRIGGER_SCAN) received for wlan0
11-14 13:46:02.311  2676  2676 I wpa_supplicant: wlan0: nl80211: Scan trigger
11-14 13:46:02.987  1027  1027 D WifiHAL : wifi_get_usable_channels: band 1 iface 8 filter 3 max_num 256
11-14 13:46:04.656  2676  2676 I wpa_supplicant: Heartbeat 757
11-14 13:46:05.227  2676  2676 I wpa_supplicant: nl80211: Drv Event 34 (NL80211_CMD_NEW_SCAN_RESULTS) received for wlan0
11-14 13:46:05.227  2676  2676 I wpa_supplicant: wlan0: nl80211: New scan results available
11-14 13:46:05.227  2676  2676 I wpa_supplicant: nl80211: Scan probed for SSID ''
11-14 13:46:05.227  2676  2676 I wpa_supplicant: nl80211: Scan included frequencies: 2412 2417 2422 2427 2432 2437 2442 2447 2452 2457 2462 2467 2472 5180 5200 5220 5240 5745 5765 5785 5805 5825
11-14 13:46:05.227  1451  4326 D WifiNative: Scan result ready event
11-14 13:46:14.667  2676  2676 I wpa_supplicant: Heartbeat 758
11-14 13:46:43.374  1027  1027 D WifiHAL : wifi_get_usable_channels: band 1 iface 8 filter 3 max_num 256
11-14 13:46:43.397  1027  1027 D WifiHAL : wifi_get_usable_channels: band 2 iface 16 filter 3 max_num 256
11-14 13:46:43.402  1027  1027 D WifiHAL : wifi_get_usable_channels: band 1 iface 16 filter 3 max_num 256
11-14 13:46:43.423  1027  1027 D WifiHAL : wifi_get_usable_channels: band 2 iface 1 filter 3 max_num 256
11-14 13:46:43.424  1027  1027 D WifiHAL : wifi_get_usable_channels: band 1 iface 1 filter 3 max_num 256
11-14 13:46:43.436  1027  1027 D WifiHAL : wifi_get_usable_channels: band 2 iface 32 filter 3 max_num 256
11-14 13:46:43.438  1027  1027 D WifiHAL : wifi_get_usable_channels: band 1 iface 32 filter 3 max_num 256
11-14 13:46:43.484  2676  2676 I wpa_supplicant: Heartbeat 759
11-14 13:46:43.539  2676  2676 I wpa_supplicant: nl80211: Drv Event 33 (NL80211_CMD_TRIGGER_SCAN) received for wlan0
11-14 13:46:43.539  2676  2676 I wpa_supplicant: wlan0: nl80211: Scan trigger
11-14 13:46:43.831  2676  2676 I wpa_supplicant: nl80211: Drv Event 34 (NL80211_CMD_NEW_SCAN_RESULTS) received for wlan0
11-14 13:46:43.831  2676  2676 I wpa_supplicant: wlan0: nl80211: New scan results available
11-14 13:46:43.831  2676  2676 I wpa_supplicant: nl80211: Scan probed for SSID ''
11-14 13:46:43.831  2676  2676 I wpa_supplicant: nl80211: Scan included frequencies: 2412
11-14 13:46:43.832  1451  3451 D WifiNative: Scan result ready event
11-14 13:46:53.486  2676  2676 I wpa_supplicant: Heartbeat 760
11-14 13:47:03.488  2676  2676 I wpa_supplicant: Heartbeat 761
11-14 13:47:13.497  2676  2676 I wpa_supplicant: Heartbeat 762
11-14 13:47:23.498  2676  2676 I wpa_supplicant: Heartbeat 763
11-14 13:47:33.508  2676  2676 I wpa_supplicant: Heartbeat 764
11-14 13:47:43.519  2676  2676 I wpa_supplicant: Heartbeat 765
11-14 13:47:53.529  2676  2676 I wpa_supplicant: Heartbeat 766
11-14 13:47:53.607  2676  2676 I wpa_supplicant: nl80211: Drv Event 103 (NL80211_CMD_VENDOR) received for wlan0
11-14 13:47:53.607  2676  2676 I wpa_supplicant: nl80211: Vendor event: wiphy=0 vendor_id=0xf0 subcmd=32
11-14 13:47:54.996  2676  2676 I wpa_supplicant: nl80211: Drv Event 103 (NL80211_CMD_VENDOR) received for wlan0
11-14 13:47:54.996  2676  2676 I wpa_supplicant: nl80211: Vendor event: wiphy=0 vendor_id=0xf0 subcmd=32
11-14 13:47:55.010  2676  2676 I wpa_supplicant: nl80211: Drv Event 103 (NL80211_CMD_VENDOR) received for wlan0
11-14 13:47:55.010  2676  2676 I wpa_supplicant: nl80211: Vendor event: wiphy=0 vendor_id=0xf0 subcmd=32
11-14 13:47:55.042  2676  2676 I wpa_supplicant: nl80211: Drv Event 47 (NL80211_CMD_ROAM) received for wlan0
11-14 13:47:55.042  2676  2676 I wpa_supplicant: nl80211: Drv Event 103 (NL80211_CMD_VENDOR) received for wlan0
11-14 13:47:55.042  2676  2676 I wpa_supplicant: nl80211: Vendor event: wiphy=0 vendor_id=0xf0 subcmd=6
11-14 13:47:55.051  2676  2676 I wpa_supplicant: Associated with FC.5C.45.**.**.F0
11-14 13:47:55.051  2676  2676 I wpa_supplicant: wlan0: CTRL-EVENT-SUBNET-STATUS-UPDATE status=0
11-14 13:47:55.051  2676  2676 I wpa_supplicant: WPA: RX message 1 of 4-Way Handshake from FC.5C.45.**.**.F0 (ver=2)
11-14 13:47:55.052  2676  2676 I wpa_supplicant: wlan0: WPA: Sending EAPOL-Key 2/4
11-14 13:47:55.052  2676  2676 I wpa_supplicant: nl80211: Drv Event 103 (NL80211_CMD_VENDOR) received for wlan0
11-14 13:47:55.052  2676  2676 I wpa_supplicant: nl80211: Vendor event: wiphy=0 vendor_id=0xf0 subcmd=32
11-14 13:47:55.054  2676  2676 I wpa_supplicant: nl80211: Drv Event 103 (NL80211_CMD_VENDOR) received for wlan0
11-14 13:47:55.054  2676  2676 I wpa_supplicant: nl80211: Vendor event: wiphy=0 vendor_id=0xf0 subcmd=32
11-14 13:47:55.059  2676  2676 I wpa_supplicant: nl80211: Drv Event 103 (NL80211_CMD_VENDOR) received for wlan0
11-14 13:47:55.059  2676  2676 I wpa_supplicant: nl80211: Vendor event: wiphy=0 vendor_id=0xf0 subcmd=32
11-14 13:47:55.059  2676  2676 I wpa_supplicant: WPA: RX message 3 of 4-Way Handshake from FC.5C.45.**.**.F0 (ver=2)
11-14 13:47:55.059  2676  2676 I wpa_supplicant: wlan0: WPA: Sending EAPOL-Key 4/4
11-14 13:47:55.071  2676  2676 I wpa_supplicant: WPA: Key negotiation completed with FC.5C.45.**.**.F0 [PTK=CCMP GTK=CCMP]
11-14 13:47:55.071  2676  2676 I wpa_supplicant: CTRL-EVENT-CONNECTED - Connection to FC.5C.45.**.**.F0 completed [id=0 id_str=%7B%22configKey%22%3A%22%5C%22InteliRobo%5C%22WPA_PSK%22%2C%22creatorUid%22%3A%221000%22%7D]
11-14 13:47:55.072  2676  2676 I wpa_supplicant: nl80211: Drv Event 103 (NL80211_CMD_VENDOR) received for wlan0
11-14 13:47:55.072  2676  2676 I wpa_supplicant: nl80211: Vendor event: wiphy=0 vendor_id=0xf0 subcmd=32
11-14 13:47:55.110  1027  1027 D WifiHAL : wifi_get_usable_channels: band 1 iface 8 filter 3 max_num 256
11-14 13:47:58.116  2676  2676 E wpa_supplicant: Failed to handle GET_STA_DUMP command
11-14 13:47:59.183  2676  2676 I wpa_supplicant: nl80211: Drv Event 103 (NL80211_CMD_VENDOR) received for wlan0
11-14 13:47:59.183  2676  2676 I wpa_supplicant: nl80211: Vendor event: wiphy=0 vendor_id=0xf0 subcmd=24
11-14 13:47:59.286  2676  2676 I wpa_supplicant: nl80211: Drv Event 103 (NL80211_CMD_VENDOR) received for wlan0
11-14 13:47:59.286  2676  2676 I wpa_supplicant: nl80211: Vendor event: wiphy=0 vendor_id=0xf0 subcmd=24
11-14 13:47:59.387  2676  2676 I wpa_supplicant: nl80211: Drv Event 103 (NL80211_CMD_VENDOR) received for wlan0
11-14 13:47:59.387  2676  2676 I wpa_supplicant: nl80211: Vendor event: wiphy=0 vendor_id=0xf0 subcmd=24
11-14 13:47:59.490  2676  2676 I wpa_supplicant: nl80211: Drv Event 103 (NL80211_CMD_VENDOR) received for wlan0
11-14 13:47:59.490  2676  2676 I wpa_supplicant: nl80211: Vendor event: wiphy=0 vendor_id=0xf0 subcmd=24
11-14 13:47:59.592  2676  2676 I wpa_supplicant: nl80211: Drv Event 103 (NL80211_CMD_VENDOR) received for wlan0
11-14 13:47:59.592  2676  2676 I wpa_supplicant: nl80211: Vendor event: wiphy=0 vendor_id=0xf0 subcmd=24
11-14 13:47:59.695  2676  2676 I wpa_supplicant: nl80211: Drv Event 103 (NL80211_CMD_VENDOR) received for wlan0
11-14 13:47:59.695  2676  2676 I wpa_supplicant: nl80211: Vendor event: wiphy=0 vendor_id=0xf0 subcmd=24
11-14 13:47:59.797  2676  2676 I wpa_supplicant: nl80211: Drv Event 103 (NL80211_CMD_VENDOR) received for wlan0
11-14 13:47:59.798  2676  2676 I wpa_supplicant: nl80211: Vendor event: wiphy=0 vendor_id=0xf0 subcmd=24
11-14 13:47:59.901  2676  2676 I wpa_supplicant: nl80211: Drv Event 103 (NL80211_CMD_VENDOR) received for wlan0
11-14 13:47:59.902  2676  2676 I wpa_supplicant: nl80211: Vendor event: wiphy=0 vendor_id=0xf0 subcmd=24
11-14 13:48:00.002  2676  2676 I wpa_supplicant: nl80211: Drv Event 103 (NL80211_CMD_VENDOR) received for wlan0
11-14 13:48:00.002  2676  2676 I wpa_supplicant: nl80211: Vendor event: wiphy=0 vendor_id=0xf0 subcmd=24
11-14 13:48:00.104  2676  2676 I wpa_supplicant: nl80211: Drv Event 103 (NL80211_CMD_VENDOR) received for wlan0
11-14 13:48:00.104  2676  2676 I wpa_supplicant: nl80211: Vendor event: wiphy=0 vendor_id=0xf0 subcmd=24
11-14 13:48:00.207  2676  2676 I wpa_supplicant: nl80211: Drv Event 103 (NL80211_CMD_VENDOR) received for wlan0
11-14 13:48:00.207  2676  2676 I wpa_supplicant: nl80211: Vendor event: wiphy=0 vendor_id=0xf0 subcmd=24
11-14 13:48:00.309  2676  2676 I wpa_supplicant: nl80211: Drv Event 103 (NL80211_CMD_VENDOR) received for wlan0
11-14 13:48:00.310  2676  2676 I wpa_supplicant: nl80211: Vendor event: wiphy=0 vendor_id=0xf0 subcmd=24
11-14 13:48:00.412  2676  2676 I wpa_supplicant: nl80211: Drv Event 103 (NL80211_CMD_VENDOR) received for wlan0
11-14 13:48:00.412  2676  2676 I wpa_supplicant: nl80211: Vendor event: wiphy=0 vendor_id=0xf0 subcmd=24
11-14 13:48:00.514  2676  2676 I wpa_supplicant: nl80211: Drv Event 103 (NL80211_CMD_VENDOR) received for wlan0
11-14 13:48:00.514  2676  2676 I wpa_supplicant: nl80211: Vendor event: wiphy=0 vendor_id=0xf0 subcmd=24
11-14 13:48:00.617  2676  2676 I wpa_supplicant: nl80211: Drv Event 103 (NL80211_CMD_VENDOR) received for wlan0
11-14 13:48:00.617  2676  2676 I wpa_supplicant: nl80211: Vendor event: wiphy=0 vendor_id=0xf0 subcmd=24
11-14 13:48:00.719  2676  2676 I wpa_supplicant: nl80211: Drv Event 103 (NL80211_CMD_VENDOR) received for wlan0
11-14 13:48:00.719  2676  2676 I wpa_supplicant: nl80211: Vendor event: wiphy=0 vendor_id=0xf0 subcmd=24
11-14 13:48:00.923  2676  2676 I wpa_supplicant: nl80211: Drv Event 103 (NL80211_CMD_VENDOR) received for wlan0
11-14 13:48:00.923  2676  2676 I wpa_supplicant: nl80211: Vendor event: wiphy=0 vendor_id=0xf0 subcmd=24
11-14 13:48:01.026  2676  2676 I wpa_supplicant: nl80211: Drv Event 103 (NL80211_CMD_VENDOR) received for wlan0
11-14 13:48:01.026  2676  2676 I wpa_supplicant: nl80211: Vendor event: wiphy=0 vendor_id=0xf0 subcmd=24
11-14 13:48:01.129  2676  2676 I wpa_supplicant: nl80211: Drv Event 103 (NL80211_CMD_VENDOR) received for wlan0
11-14 13:48:01.129  2676  2676 I wpa_supplicant: nl80211: Vendor event: wiphy=0 vendor_id=0xf0 subcmd=24
11-14 13:48:01.231  2676  2676 I wpa_supplicant: nl80211: Drv Event 103 (NL80211_CMD_VENDOR) received for wlan0
11-14 13:48:01.231  2676  2676 I wpa_supplicant: nl80211: Vendor event: wiphy=0 vendor_id=0xf0 subcmd=24
11-14 13:48:01.334  2676  2676 I wpa_supplicant: nl80211: Drv Event 103 (NL80211_CMD_VENDOR) received for wlan0
11-14 13:48:01.334  2676  2676 I wpa_supplicant: nl80211: Vendor event: wiphy=0 vendor_id=0xf0 subcmd=24
11-14 13:48:01.436  2676  2676 I wpa_supplicant: nl80211: Drv Event 103 (NL80211_CMD_VENDOR) received for wlan0
11-14 13:48:01.436  2676  2676 I wpa_supplicant: nl80211: Vendor event: wiphy=0 vendor_id=0xf0 subcmd=24
11-14 13:48:01.539  2676  2676 I wpa_supplicant: nl80211: Drv Event 103 (NL80211_CMD_VENDOR) received for wlan0
11-14 13:48:01.539  2676  2676 I wpa_supplicant: nl80211: Vendor event: wiphy=0 vendor_id=0xf0 subcmd=24
11-14 13:48:01.640  2676  2676 I wpa_supplicant: nl80211: Drv Event 103 (NL80211_CMD_VENDOR) received for wlan0
11-14 13:48:01.641  2676  2676 I wpa_supplicant: nl80211: Vendor event: wiphy=0 vendor_id=0xf0 subcmd=24
11-14 13:48:01.743  2676  2676 I wpa_supplicant: nl80211: Drv Event 103 (NL80211_CMD_VENDOR) received for wlan0
11-14 13:48:01.743  2676  2676 I wpa_supplicant: nl80211: Vendor event: wiphy=0 vendor_id=0xf0 subcmd=24
11-14 13:48:01.845  2676  2676 I wpa_supplicant: nl80211: Drv Event 103 (NL80211_CMD_VENDOR) received for wlan0
11-14 13:48:01.845  2676  2676 I wpa_supplicant: nl80211: Vendor event: wiphy=0 vendor_id=0xf0 subcmd=24
11-14 13:48:01.947  2676  2676 I wpa_supplicant: nl80211: Drv Event 103 (NL80211_CMD_VENDOR) received for wlan0
11-14 13:48:01.948  2676  2676 I wpa_supplicant: nl80211: Vendor event: wiphy=0 vendor_id=0xf0 subcmd=24
11-14 13:48:02.050  2676  2676 I wpa_supplicant: nl80211: Drv Event 103 (NL80211_CMD_VENDOR) received for wlan0
11-14 13:48:02.050  2676  2676 I wpa_supplicant: nl80211: Vendor event: wiphy=0 vendor_id=0xf0 subcmd=24
11-14 13:48:02.152  2676  2676 I wpa_supplicant: nl80211: Drv Event 103 (NL80211_CMD_VENDOR) received for wlan0
11-14 13:48:02.152  2676  2676 I wpa_supplicant: nl80211: Vendor event: wiphy=0 vendor_id=0xf0 subcmd=24
11-14 13:48:02.255  2676  2676 I wpa_supplicant: nl80211: Drv Event 103 (NL80211_CMD_VENDOR) received for wlan0
11-14 13:48:02.255  2676  2676 I wpa_supplicant: nl80211: Vendor event: wiphy=0 vendor_id=0xf0 subcmd=24
11-14 13:48:02.357  2676  2676 I wpa_supplicant: nl80211: Drv Event 103 (NL80211_CMD_VENDOR) received for wlan0
11-14 13:48:02.357  2676  2676 I wpa_supplicant: nl80211: Vendor event: wiphy=0 vendor_id=0xf0 subcmd=24
11-14 13:48:02.562  2676  2676 I wpa_supplicant: nl80211: Drv Event 103 (NL80211_CMD_VENDOR) received for wlan0
11-14 13:48:02.562  2676  2676 I wpa_supplicant: nl80211: Vendor event: wiphy=0 vendor_id=0xf0 subcmd=24
11-14 13:48:02.664  2676  2676 I wpa_supplicant: nl80211: Drv Event 103 (NL80211_CMD_VENDOR) received for wlan0
11-14 13:48:02.664  2676  2676 I wpa_supplicant: nl80211: Vendor event: wiphy=0 vendor_id=0xf0 subcmd=24
11-14 13:48:02.767  2676  2676 I wpa_supplicant: nl80211: Drv Event 103 (NL80211_CMD_VENDOR) received for wlan0
11-14 13:48:02.767  2676  2676 I wpa_supplicant: nl80211: Vendor event: wiphy=0 vendor_id=0xf0 subcmd=24
11-14 13:48:02.869  2676  2676 I wpa_supplicant: nl80211: Drv Event 103 (NL80211_CMD_VENDOR) received for wlan0
11-14 13:48:02.869  2676  2676 I wpa_supplicant: nl80211: Vendor event: wiphy=0 vendor_id=0xf0 subcmd=24
11-14 13:48:02.971  2676  2676 I wpa_supplicant: nl80211: Drv Event 103 (NL80211_CMD_VENDOR) received for wlan0
11-14 13:48:02.972  2676  2676 I wpa_supplicant: nl80211: Vendor event: wiphy=0 vendor_id=0xf0 subcmd=24
11-14 13:48:03.074  2676  2676 I wpa_supplicant: nl80211: Drv Event 103 (NL80211_CMD_VENDOR) received for wlan0
11-14 13:48:03.074  2676  2676 I wpa_supplicant: nl80211: Vendor event: wiphy=0 vendor_id=0xf0 subcmd=24
11-14 13:48:03.176  2676  2676 I wpa_supplicant: nl80211: Drv Event 103 (NL80211_CMD_VENDOR) received for wlan0
11-14 13:48:03.176  2676  2676 I wpa_supplicant: nl80211: Vendor event: wiphy=0 vendor_id=0xf0 subcmd=24
11-14 13:48:03.279  2676  2676 I wpa_supplicant: nl80211: Drv Event 103 (NL80211_CMD_VENDOR) received for wlan0
11-14 13:48:03.279  2676  2676 I wpa_supplicant: nl80211: Vendor event: wiphy=0 vendor_id=0xf0 subcmd=24
11-14 13:48:03.381  2676  2676 I wpa_supplicant: nl80211: Drv Event 103 (NL80211_CMD_VENDOR) received for wlan0
11-14 13:48:03.381  2676  2676 I wpa_supplicant: nl80211: Vendor event: wiphy=0 vendor_id=0xf0 subcmd=24
11-14 13:48:03.483  2676  2676 I wpa_supplicant: nl80211: Drv Event 103 (NL80211_CMD_VENDOR) received for wlan0
11-14 13:48:03.484  2676  2676 I wpa_supplicant: nl80211: Vendor event: wiphy=0 vendor_id=0xf0 subcmd=24
11-14 13:48:03.529  2676  2676 I wpa_supplicant: Heartbeat 767
11-14 13:48:03.587  2676  2676 I wpa_supplicant: nl80211: Drv Event 103 (NL80211_CMD_VENDOR) received for wlan0
11-14 13:48:03.587  2676  2676 I wpa_supplicant: nl80211: Vendor event: wiphy=0 vendor_id=0xf0 subcmd=24
11-14 13:48:03.688  2676  2676 I wpa_supplicant: nl80211: Drv Event 103 (NL80211_CMD_VENDOR) received for wlan0
11-14 13:48:03.688  2676  2676 I wpa_supplicant: nl80211: Vendor event: wiphy=0 vendor_id=0xf0 subcmd=24
11-14 13:48:03.791  2676  2676 I wpa_supplicant: nl80211: Drv Event 103 (NL80211_CMD_VENDOR) received for wlan0
11-14 13:48:03.791  2676  2676 I wpa_supplicant: nl80211: Vendor event: wiphy=0 vendor_id=0xf0 subcmd=24
11-14 13:48:03.893  2676  2676 I wpa_supplicant: nl80211: Drv Event 103 (NL80211_CMD_VENDOR) received for wlan0
11-14 13:48:03.893  2676  2676 I wpa_supplicant: nl80211: Vendor event: wiphy=0 vendor_id=0xf0 subcmd=24
11-14 13:48:03.996  2676  2676 I wpa_supplicant: nl80211: Drv Event 103 (NL80211_CMD_VENDOR) received for wlan0
11-14 13:48:03.996  2676  2676 I wpa_supplicant: nl80211: Vendor event: wiphy=0 vendor_id=0xf0 subcmd=24
11-14 13:48:04.098  2676  2676 I wpa_supplicant: nl80211: Drv Event 103 (NL80211_CMD_VENDOR) received for wlan0
11-14 13:48:04.098  2676  2676 I wpa_supplicant: nl80211: Vendor event: wiphy=0 vendor_id=0xf0 subcmd=24
11-14 13:48:04.201  2676  2676 I wpa_supplicant: nl80211: Drv Event 103 (NL80211_CMD_VENDOR) received for wlan0
11-14 13:48:04.201  2676  2676 I wpa_supplicant: nl80211: Vendor event: wiphy=0 vendor_id=0xf0 subcmd=24
11-14 13:48:04.303  2676  2676 I wpa_supplicant: nl80211: Drv Event 103 (NL80211_CMD_VENDOR) received for wlan0
11-14 13:48:04.303  2676  2676 I wpa_supplicant: nl80211: Vendor event: wiphy=0 vendor_id=0xf0 subcmd=24
11-14 13:48:04.406  2676  2676 I wpa_supplicant: nl80211: Drv Event 103 (NL80211_CMD_VENDOR) received for wlan0
11-14 13:48:04.407  2676  2676 I wpa_supplicant: nl80211: Vendor event: wiphy=0 vendor_id=0xf0 subcmd=24
11-14 13:48:04.507  2676  2676 I wpa_supplicant: nl80211: Drv Event 103 (NL80211_CMD_VENDOR) received for wlan0
11-14 13:48:04.507  2676  2676 I wpa_supplicant: nl80211: Vendor event: wiphy=0 vendor_id=0xf0 subcmd=24
11-14 13:48:04.610  2676  2676 I wpa_supplicant: nl80211: Drv Event 103 (NL80211_CMD_VENDOR) received for wlan0
11-14 13:48:04.610  2676  2676 I wpa_supplicant: nl80211: Vendor event: wiphy=0 vendor_id=0xf0 subcmd=24
11-14 13:48:04.712  2676  2676 I wpa_supplicant: nl80211: Drv Event 103 (NL80211_CMD_VENDOR) received for wlan0
11-14 13:48:04.712  2676  2676 I wpa_supplicant: nl80211: Vendor event: wiphy=0 vendor_id=0xf0 subcmd=24
11-14 13:48:04.815  2676  2676 I wpa_supplicant: nl80211: Drv Event 103 (NL80211_CMD_VENDOR) received for wlan0
11-14 13:48:04.815  2676  2676 I wpa_supplicant: nl80211: Vendor event: wiphy=0 vendor_id=0xf0 subcmd=24
11-14 13:48:04.917  2676  2676 I wpa_supplicant: nl80211: Drv Event 103 (NL80211_CMD_VENDOR) received for wlan0
11-14 13:48:04.918  2676  2676 I wpa_supplicant: nl80211: Vendor event: wiphy=0 vendor_id=0xf0 subcmd=24
11-14 13:48:05.021  2676  2676 I wpa_supplicant: nl80211: Drv Event 103 (NL80211_CMD_VENDOR) received for wlan0
11-14 13:48:05.021  2676  2676 I wpa_supplicant: nl80211: Vendor event: wiphy=0 vendor_id=0xf0 subcmd=24
11-14 13:48:05.083  2676  2676 I wpa_supplicant: nl80211: Drv Event 103 (NL80211_CMD_VENDOR) received for wlan0
11-14 13:48:05.083  2676  2676 I wpa_supplicant: nl80211: Vendor event: wiphy=0 vendor_id=0xf0 subcmd=25
11-14 13:48:05.083  2676  2676 I wpa_supplicant: EVENT_DRIVER_BEACON_ABORT reason: 1
11-14 13:48:05.612  2676  2676 I wpa_supplicant: nl80211: Drv Event 33 (NL80211_CMD_TRIGGER_SCAN) received for wlan0
11-14 13:48:05.612  2676  2676 I wpa_supplicant: wlan0: nl80211: Scan trigger
11-14 13:48:08.067  2676  2676 I wpa_supplicant: nl80211: Drv Event 34 (NL80211_CMD_NEW_SCAN_RESULTS) received for wlan0
11-14 13:48:08.067  2676  2676 I wpa_supplicant: wlan0: nl80211: New scan results available
11-14 13:48:08.067  2676  2676 I wpa_supplicant: nl80211: Scan probed for SSID ''
11-14 13:48:08.067  2676  2676 I wpa_supplicant: nl80211: Scan included frequencies: 2412 2417 2422 2427 2432 2437 2442 2447 2452 2457 2462 2467 2472 5180 5200 5220 5240 5260 5280 5300 5320 5500 5520 5540 5560 5580 5600 5620 5640 5660 5680 5700 5720 5745 5765 5785 5805 5825
11-14 13:48:08.069  1451  5574 D WifiNative: Scan result ready event
11-14 13:48:08.116  1027  1027 D WifiHAL : In DebugCommand::handleResponse
11-14 13:48:08.116  1027  1027 D WifiHAL : len = 4, expected len = 4
11-14 13:48:08.149  2676  2676 I wpa_supplicant: StaIface: WifiFramework disconnect  bssid=FC.5C.45.**.**.F0
11-14 13:48:08.245  2676  2676 I wpa_supplicant: Notifying bigdata params feature:DISC, params:2 9 81 7 3 1 1114164808 fc:5c:45 InteliRobo 5795 40 -43 488 5 1 0 0 0 -43 3 14 3 4003
11-14 13:48:08.246  2676  2676 I wpa_supplicant: CTRL-EVENT-DISCONNECTED bssid=FC.5C.45.**.**.F0 reason=3 locally_generated=1
11-14 13:48:08.248  2676  2676 I wpa_supplicant: wlan0: CTRL-EVENT-DSCP-POLICY clear_all
11-14 13:48:08.249  2676  2676 I wpa_supplicant: nl80211: Drv Event 103 (NL80211_CMD_VENDOR) received for wlan0
11-14 13:48:08.249  2676  2676 I wpa_supplicant: nl80211: Vendor event: wiphy=0 vendor_id=0xf0 subcmd=30
11-14 13:48:08.249  2676  2676 I wpa_supplicant: nl80211: RCL frequency list vendor event received len = 52
11-14 13:48:08.249  2676  2676 I wpa_supplicant: nl80211: Drv Event 48 (NL80211_CMD_DISCONNECT) received for wlan0
11-14 13:48:08.249  2676  2676 I wpa_supplicant: nl80211: Ignore disconnect event triggered during reassociation
11-14 13:48:08.252  1027  1027 D WifiHAL : Start get packet fate command
11-14 13:48:08.252  1027  1027 D WifiHAL : createRequest Get Tx packet fate request
11-14 13:48:08.252  1027  1027 D WifiHAL : In GetPktFateCommand::handleResponse
11-14 13:48:08.252  1027  1027 I WifiHAL : Id = 0, subcmd = 0, len = 12
11-14 13:48:08.252  1027  1027 I WifiHAL : Response recieved for get TX pkt fate command
11-14 13:48:08.252  1027  1027 I WifiHAL : No: of pkt fates provided is 0
11-14 13:48:08.254  1027  1027 D WifiHAL : Start get packet fate command
11-14 13:48:08.254  1027  1027 D WifiHAL : createRequest Get Rx packet fate request
11-14 13:48:08.254  1027  1027 D WifiHAL : In GetPktFateCommand::handleResponse
11-14 13:48:08.254  1027  1027 I WifiHAL : Id = 0, subcmd = 0, len = 12
11-14 13:48:08.254  1027  1027 I WifiHAL : Response recieved for get RX pkt fate command
11-14 13:48:08.254  1027  1027 I WifiHAL : No: of pkt fates provided is 0
11-14 13:48:08.267  2676  2676 I wpa_supplicant: wlan0: CTRL-EVENT-REGDOM-CHANGE init=USER type=COUNTRY alpha2=BR
11-14 13:48:08.268  1451  2498 D WifiNative: onSetCountryCodeSucceeded: BR
11-14 13:48:08.277  2676  2676 I wpa_supplicant: StaNetwork: WifiFramework disable ssid=InteliRobo 
11-14 13:48:08.308  2676  2676 I wpa_supplicant: wlan0: CTRL-EVENT-DSCP-POLICY clear_all
11-14 13:48:08.372  2676  2676 I wpa_supplicant: wlan0: CTRL-EVENT-DSCP-POLICY clear_all
11-14 13:48:08.378  2676  2676 I wpa_supplicant: StaIface: WifiFramework remove_network id=0
11-14 13:48:08.386  2676  2676 I wpa_supplicant: isPskPassphraseValid: psk.size= 8
11-14 13:48:08.393  2676  2676 I wpa_supplicant: 3: 7A.22.88.**.**.4F freq=5180 level=-47 snr=45 cu=-1% est_throughput=180001 est_throughput_cu=0
11-14 13:48:08.393  2676  2676 I wpa_supplicant:    selected  7A.22.88.**.**.4F ssid='pablin' all_bssids_have_cu=0, preferred_6g_bssids_exist=0, all_preferred_6g_bssids_have_cu=1
11-14 13:48:08.394  2676  2676 I wpa_supplicant: WPA: Add samsung vsie for support Cisco Specific features
11-14 13:48:08.394  2676  2676 I wpa_supplicant: WPA: Set adaptive_11r support bit
11-14 13:48:08.394  2676  2676 I wpa_supplicant: WPA: Set MODEL INFO support bit SEC_5G : 1, SEC 6G: 0
11-14 13:48:08.394  2676  2676 I wpa_supplicant: wlan0: Trying to associate with SSID 'pablin'
11-14 13:48:08.445  1027  1027 D WifiHAL : wifi_get_usable_channels: band 1 iface 2 filter 0 max_num 256
11-14 13:48:08.445  1027  1027 D WifiHAL : Got channel list number with 13 channels
11-14 13:48:08.445  1027  1027 D WifiHAL : wifi_get_usable_channels: result 0
11-14 13:48:08.446  2676  2676 I wpa_supplicant: nl80211: Drv Event 103 (NL80211_CMD_VENDOR) received for wlan0
11-14 13:48:08.446  2676  2676 I wpa_supplicant: nl80211: Vendor event: wiphy=0 vendor_id=0xf0 subcmd=32
11-14 13:48:08.447  1027  1027 D WifiHAL : wifi_get_usable_channels: band 2 iface 2 filter 0 max_num 256
11-14 13:48:08.447  1027  1027 D WifiHAL : Got channel list number with 5 channels
11-14 13:48:08.447  1027  1027 D WifiHAL : wifi_get_usable_channels: result 0
11-14 13:48:08.448  1027  1027 D WifiHAL : wifi_get_usable_channels: band 1 iface 2 filter 0 max_num 256
11-14 13:48:08.448  1027  1027 D WifiHAL : Got channel list number with 13 channels
11-14 13:48:08.448  1027  1027 D WifiHAL : wifi_get_usable_channels: result 0
11-14 13:48:08.448  1027  1027 D WifiHAL : wifi_get_usable_channels: band 2 iface 2 filter 0 max_num 256
11-14 13:48:08.449  1027  1027 D WifiHAL : Got channel list number with 5 channels
11-14 13:48:08.449  1027  1027 D WifiHAL : wifi_get_usable_channels: result 0
11-14 13:48:08.451  1027  1027 D WifiHAL : wifi_get_usable_channels: band 1 iface 2 filter 0 max_num 256
11-14 13:48:08.451  1027  1027 D WifiHAL : Got channel list number with 13 channels
11-14 13:48:08.451  1027  1027 D WifiHAL : wifi_get_usable_channels: result 0
11-14 13:48:08.451  1027  1027 D WifiHAL : wifi_get_usable_channels: band 2 iface 2 filter 0 max_num 256
11-14 13:48:08.451  1027  1027 D WifiHAL : Got channel list number with 5 channels
11-14 13:48:08.451  1027  1027 D WifiHAL : wifi_get_usable_channels: result 0
11-14 13:48:08.452  1027  1027 D WifiHAL : wifi_get_usable_channels: band 4 iface 2 filter 0 max_num 256
11-14 13:48:08.452  1027  1027 D WifiHAL : Got channel list number with 0 channels
11-14 13:48:08.452  1027  1027 D WifiHAL : Ignoring invalid attribute type = 6, size = 0
11-14 13:48:08.452  1027  1027 D WifiHAL : wifi_get_usable_channels: result 0
11-14 13:48:08.453  1027  1027 D WifiHAL : wifi_get_usable_channels: band 8 iface 2 filter 0 max_num 256
11-14 13:48:08.453  1027  1027 D WifiHAL : Got channel list number with 0 channels
11-14 13:48:08.453  1027  1027 D WifiHAL : Ignoring invalid attribute type = 6, size = 0
11-14 13:48:08.453  1027  1027 D WifiHAL : wifi_get_usable_channels: result 0
11-14 13:48:08.455  1027  1027 D WifiHAL : wifi_get_usable_channels: band 1 iface 8 filter 3 max_num 256
11-14 13:48:08.457  1027  1027 D WifiHAL : wifi_get_usable_channels: band 1 iface 8 filter 3 max_num 256
11-14 13:48:08.479  1027  1027 D WifiHAL : wifi_get_usable_channels: band 2 iface 16 filter 3 max_num 256
11-14 13:48:08.481  1027  1027 D WifiHAL : wifi_get_usable_channels: band 1 iface 16 filter 3 max_num 256
11-14 13:48:08.495  1027  1027 D WifiHAL : wifi_get_usable_channels: band 2 iface 1 filter 3 max_num 256
11-14 13:48:08.497  1027  1027 D WifiHAL : wifi_get_usable_channels: band 1 iface 1 filter 3 max_num 256
11-14 13:48:08.511  1027  1027 D WifiHAL : wifi_get_usable_channels: band 2 iface 32 filter 3 max_num 256
11-14 13:48:08.513  1027  1027 D WifiHAL : wifi_get_usable_channels: band 1 iface 32 filter 3 max_num 256
11-14 13:48:08.772  2676  2676 I wpa_supplicant: nl80211: Drv Event 103 (NL80211_CMD_VENDOR) received for wlan0
11-14 13:48:08.772  2676  2676 I wpa_supplicant: nl80211: Vendor event: wiphy=0 vendor_id=0xf0 subcmd=32
11-14 13:48:08.772  2676  2676 I wpa_supplicant: nl80211: Drv Event 103 (NL80211_CMD_VENDOR) received for wlan0
11-14 13:48:08.772  2676  2676 I wpa_supplicant: nl80211: Vendor event: wiphy=0 vendor_id=0xf0 subcmd=32
11-14 13:48:08.775  2676  2676 I wpa_supplicant: nl80211: Drv Event 46 (NL80211_CMD_CONNECT) received for wlan0
11-14 13:48:08.775  2676  2676 I wpa_supplicant: nl80211: Connect event (status=0 ignore_next_local_disconnect=0)
11-14 13:48:08.777  2676  2676 I wpa_supplicant: nl80211: Set drv->ssid based on scan res info to 'pablin'
11-14 13:48:08.779  2676  2676 I wpa_supplicant: Associated with 7A.22.88.**.**.4F
11-14 13:48:08.779  2676  2676 I wpa_supplicant: wlan0: CTRL-EVENT-SUBNET-STATUS-UPDATE status=0
11-14 13:48:08.779  2676  2676 I wpa_supplicant: nl80211: Drv Event 103 (NL80211_CMD_VENDOR) received for wlan0
11-14 13:48:08.779  2676  2676 I wpa_supplicant: nl80211: Vendor event: wiphy=0 vendor_id=0xf0 subcmd=32
11-14 13:48:08.785  2676  2676 I wpa_supplicant: WPA: RX message 1 of 4-Way Handshake from 7A.22.88.**.**.4F (ver=2)
11-14 13:48:08.785  2676  2676 I wpa_supplicant: wlan0: WPA: Sending EAPOL-Key 2/4
11-14 13:48:08.785  2676  2676 I wpa_supplicant: nl80211: Drv Event 103 (NL80211_CMD_VENDOR) received for wlan0
11-14 13:48:08.785  2676  2676 I wpa_supplicant: nl80211: Vendor event: wiphy=0 vendor_id=0xf0 subcmd=32
11-14 13:48:08.787  2676  2676 I wpa_supplicant: nl80211: Drv Event 103 (NL80211_CMD_VENDOR) received for wlan0
11-14 13:48:08.787  2676  2676 I wpa_supplicant: nl80211: Vendor event: wiphy=0 vendor_id=0xf0 subcmd=32
11-14 13:48:08.789  2676  2676 I wpa_supplicant: nl80211: Drv Event 103 (NL80211_CMD_VENDOR) received for wlan0
11-14 13:48:08.789  2676  2676 I wpa_supplicant: nl80211: Vendor event: wiphy=0 vendor_id=0xf0 subcmd=32
11-14 13:48:08.790  2676  2676 I wpa_supplicant: WPA: RX message 3 of 4-Way Handshake from 7A.22.88.**.**.4F (ver=2)
11-14 13:48:08.790  2676  2676 I wpa_supplicant: wlan0: WPA: Sending EAPOL-Key 4/4
11-14 13:48:08.794  2676  2676 I wpa_supplicant: WPA: Key negotiation completed with 7A.22.88.**.**.4F [PTK=CCMP GTK=CCMP]
11-14 13:48:08.794  2676  2676 I wpa_supplicant: CTRL-EVENT-CONNECTED - Connection to 7A.22.88.**.**.4F completed [id=0 id_str=%7B%22configKey%22%3A%22%5C%22pablin%5C%22WPA_PSK-0%22%2C%22creatorUid%22%3A%2210314%22%7D]
11-14 13:48:08.827  2676  2676 I wpa_supplicant: nl80211: Drv Event 103 (NL80211_CMD_VENDOR) received for wlan0
11-14 13:48:08.827  2676  2676 I wpa_supplicant: nl80211: Vendor event: wiphy=0 vendor_id=0xf0 subcmd=32
11-14 13:48:08.838  1027  1027 D WifiHAL : Getting APF capabilities, halHandle = 0xb4000079028900f0
11-14 13:48:08.838  1027  1027 I WifiHAL : createRequest: APF get capabilities request
11-14 13:48:08.838  1027  1027 I WifiHAL : Request Response failed for APF, result = -524
11-14 13:48:08.838  1027  1027 D WifiHAL : Packet Filter not supported
11-14 13:48:08.850  1027  1027 D WifiHAL : Driver message has been created successfully--> 1
11-14 13:48:08.873  2676  2676 I wpa_supplicant: nl80211: Drv Event 103 (NL80211_CMD_VENDOR) received for wlan0
11-14 13:48:08.873  2676  2676 I wpa_supplicant: nl80211: Vendor event: wiphy=0 vendor_id=0xf0 subcmd=32
11-14 13:48:09.778  2676  2676 I wpa_supplicant: nl80211: Drv Event 103 (NL80211_CMD_VENDOR) received for wlan0
11-14 13:48:09.778  2676  2676 I wpa_supplicant: nl80211: Vendor event: wiphy=0 vendor_id=0xf0 subcmd=32
11-14 13:48:10.928  2676  2676 I wpa_supplicant: nl80211: Drv Event 103 (NL80211_CMD_VENDOR) received for wlan0
11-14 13:48:10.928  2676  2676 I wpa_supplicant: nl80211: Vendor event: wiphy=0 vendor_id=0xf0 subcmd=32
11-14 13:48:10.932  2676  2676 I wpa_supplicant: nl80211: Drv Event 103 (NL80211_CMD_VENDOR) received for wlan0
11-14 13:48:10.932  2676  2676 I wpa_supplicant: nl80211: Vendor event: wiphy=0 vendor_id=0xf0 subcmd=32
11-14 13:48:10.978  2676  2676 I wpa_supplicant: nl80211: Drv Event 103 (NL80211_CMD_VENDOR) received for wlan0
11-14 13:48:10.978  2676  2676 I wpa_supplicant: nl80211: Vendor event: wiphy=0 vendor_id=0xf0 subcmd=32
11-14 13:48:11.041  2676  2676 I wpa_supplicant: nl80211: Drv Event 103 (NL80211_CMD_VENDOR) received for wlan0
11-14 13:48:11.041  2676  2676 I wpa_supplicant: nl80211: Vendor event: wiphy=0 vendor_id=0xf0 subcmd=32
11-14 13:48:11.088  2676  2676 I wpa_supplicant: nl80211: Drv Event 103 (NL80211_CMD_VENDOR) received for wlan0
11-14 13:48:11.088  2676  2676 I wpa_supplicant: nl80211: Vendor event: wiphy=0 vendor_id=0xf0 subcmd=32
11-14 13:48:11.142  2676  2676 I wpa_supplicant: nl80211: Drv Event 103 (NL80211_CMD_VENDOR) received for wlan0
11-14 13:48:11.142  2676  2676 I wpa_supplicant: nl80211: Vendor event: wiphy=0 vendor_id=0xf0 subcmd=32
11-14 13:48:11.236  1451  2498 I WifiClientModeImpl: default gateway ipv4 is null
11-14 13:48:11.495  2676  2676 E wpa_supplicant: Failed to handle GET_STA_DUMP command
11-14 13:48:13.531  2676  2676 I wpa_supplicant: Heartbeat 768
11-14 13:48:15.555  2676  2676 I wpa_supplicant: nl80211: Drv Event 103 (NL80211_CMD_VENDOR) received for wlan0
11-14 13:48:15.555  2676  2676 I wpa_supplicant: nl80211: Vendor event: wiphy=0 vendor_id=0xf0 subcmd=24
11-14 13:48:15.632  2676  2676 I wpa_supplicant: nl80211: Drv Event 103 (NL80211_CMD_VENDOR) received for wlan0
11-14 13:48:15.632  2676  2676 I wpa_supplicant: nl80211: Vendor event: wiphy=0 vendor_id=0xf0 subcmd=24
11-14 13:48:15.709  2676  2676 I wpa_supplicant: nl80211: Drv Event 103 (NL80211_CMD_VENDOR) received for wlan0
11-14 13:48:15.709  2676  2676 I wpa_supplicant: nl80211: Vendor event: wiphy=0 vendor_id=0xf0 subcmd=24
11-14 13:48:15.785  2676  2676 I wpa_supplicant: nl80211: Drv Event 103 (NL80211_CMD_VENDOR) received for wlan0
11-14 13:48:15.785  2676  2676 I wpa_supplicant: nl80211: Vendor event: wiphy=0 vendor_id=0xf0 subcmd=24
11-14 13:48:15.862  2676  2676 I wpa_supplicant: nl80211: Drv Event 103 (NL80211_CMD_VENDOR) received for wlan0
11-14 13:48:15.862  2676  2676 I wpa_supplicant: nl80211: Vendor event: wiphy=0 vendor_id=0xf0 subcmd=24
11-14 13:48:15.939  2676  2676 I wpa_supplicant: nl80211: Drv Event 103 (NL80211_CMD_VENDOR) received for wlan0
11-14 13:48:15.939  2676  2676 I wpa_supplicant: nl80211: Vendor event: wiphy=0 vendor_id=0xf0 subcmd=24
11-14 13:48:16.015  2676  2676 I wpa_supplicant: nl80211: Drv Event 103 (NL80211_CMD_VENDOR) received for wlan0
11-14 13:48:16.015  2676  2676 I wpa_supplicant: nl80211: Vendor event: wiphy=0 vendor_id=0xf0 subcmd=24
11-14 13:48:16.092  2676  2676 I wpa_supplicant: nl80211: Drv Event 103 (NL80211_CMD_VENDOR) received for wlan0
11-14 13:48:16.093  2676  2676 I wpa_supplicant: nl80211: Vendor event: wiphy=0 vendor_id=0xf0 subcmd=24
11-14 13:48:16.169  2676  2676 I wpa_supplicant: nl80211: Drv Event 103 (NL80211_CMD_VENDOR) received for wlan0
11-14 13:48:16.170  2676  2676 I wpa_supplicant: nl80211: Vendor event: wiphy=0 vendor_id=0xf0 subcmd=24
11-14 13:48:16.246  2676  2676 I wpa_supplicant: nl80211: Drv Event 103 (NL80211_CMD_VENDOR) received for wlan0
11-14 13:48:16.246  2676  2676 I wpa_supplicant: nl80211: Vendor event: wiphy=0 vendor_id=0xf0 subcmd=24
11-14 13:48:16.324  2676  2676 I wpa_supplicant: nl80211: Drv Event 103 (NL80211_CMD_VENDOR) received for wlan0
11-14 13:48:16.324  2676  2676 I wpa_supplicant: nl80211: Vendor event: wiphy=0 vendor_id=0xf0 subcmd=24
11-14 13:48:16.400  2676  2676 I wpa_supplicant: nl80211: Drv Event 103 (NL80211_CMD_VENDOR) received for wlan0
11-14 13:48:16.400  2676  2676 I wpa_supplicant: nl80211: Vendor event: wiphy=0 vendor_id=0xf0 subcmd=24
11-14 13:48:16.477  2676  2676 I wpa_supplicant: nl80211: Drv Event 103 (NL80211_CMD_VENDOR) received for wlan0
11-14 13:48:16.477  2676  2676 I wpa_supplicant: nl80211: Vendor event: wiphy=0 vendor_id=0xf0 subcmd=24
11-14 13:48:16.553  2676  2676 I wpa_supplicant: nl80211: Drv Event 103 (NL80211_CMD_VENDOR) received for wlan0
11-14 13:48:16.554  2676  2676 I wpa_supplicant: nl80211: Vendor event: wiphy=0 vendor_id=0xf0 subcmd=24
11-14 13:48:16.630  2676  2676 I wpa_supplicant: nl80211: Drv Event 103 (NL80211_CMD_VENDOR) received for wlan0
11-14 13:48:16.630  2676  2676 I wpa_supplicant: nl80211: Vendor event: wiphy=0 vendor_id=0xf0 subcmd=24
11-14 13:48:16.784  2676  2676 I wpa_supplicant: nl80211: Drv Event 103 (NL80211_CMD_VENDOR) received for wlan0
11-14 13:48:16.785  2676  2676 I wpa_supplicant: nl80211: Vendor event: wiphy=0 vendor_id=0xf0 subcmd=24
11-14 13:48:16.861  2676  2676 I wpa_supplicant: nl80211: Drv Event 103 (NL80211_CMD_VENDOR) received for wlan0
11-14 13:48:16.861  2676  2676 I wpa_supplicant: nl80211: Vendor event: wiphy=0 vendor_id=0xf0 subcmd=24
11-14 13:48:16.937  2676  2676 I wpa_supplicant: nl80211: Drv Event 103 (NL80211_CMD_VENDOR) received for wlan0
11-14 13:48:16.937  2676  2676 I wpa_supplicant: nl80211: Vendor event: wiphy=0 vendor_id=0xf0 subcmd=24
11-14 13:48:17.014  2676  2676 I wpa_supplicant: nl80211: Drv Event 103 (NL80211_CMD_VENDOR) received for wlan0
11-14 13:48:17.014  2676  2676 I wpa_supplicant: nl80211: Vendor event: wiphy=0 vendor_id=0xf0 subcmd=24
11-14 13:48:17.093  2676  2676 I wpa_supplicant: nl80211: Drv Event 103 (NL80211_CMD_VENDOR) received for wlan0
11-14 13:48:17.093  2676  2676 I wpa_supplicant: nl80211: Vendor event: wiphy=0 vendor_id=0xf0 subcmd=24
11-14 13:48:17.168  2676  2676 I wpa_supplicant: nl80211: Drv Event 103 (NL80211_CMD_VENDOR) received for wlan0
11-14 13:48:17.168  2676  2676 I wpa_supplicant: nl80211: Vendor event: wiphy=0 vendor_id=0xf0 subcmd=24
11-14 13:48:17.244  2676  2676 I wpa_supplicant: nl80211: Drv Event 103 (NL80211_CMD_VENDOR) received for wlan0
11-14 13:48:17.244  2676  2676 I wpa_supplicant: nl80211: Vendor event: wiphy=0 vendor_id=0xf0 subcmd=24
11-14 13:48:17.323  2676  2676 I wpa_supplicant: nl80211: Drv Event 103 (NL80211_CMD_VENDOR) received for wlan0
11-14 13:48:17.323  2676  2676 I wpa_supplicant: nl80211: Vendor event: wiphy=0 vendor_id=0xf0 subcmd=24
11-14 13:48:17.398  2676  2676 I wpa_supplicant: nl80211: Drv Event 103 (NL80211_CMD_VENDOR) received for wlan0
11-14 13:48:17.398  2676  2676 I wpa_supplicant: nl80211: Vendor event: wiphy=0 vendor_id=0xf0 subcmd=24
11-14 13:48:17.475  2676  2676 I wpa_supplicant: nl80211: Drv Event 103 (NL80211_CMD_VENDOR) received for wlan0
11-14 13:48:17.475  2676  2676 I wpa_supplicant: nl80211: Vendor event: wiphy=0 vendor_id=0xf0 subcmd=24
11-14 13:48:17.552  2676  2676 I wpa_supplicant: nl80211: Drv Event 103 (NL80211_CMD_VENDOR) received for wlan0
11-14 13:48:17.552  2676  2676 I wpa_supplicant: nl80211: Vendor event: wiphy=0 vendor_id=0xf0 subcmd=24
11-14 13:48:17.629  2676  2676 I wpa_supplicant: nl80211: Drv Event 103 (NL80211_CMD_VENDOR) received for wlan0
11-14 13:48:17.629  2676  2676 I wpa_supplicant: nl80211: Vendor event: wiphy=0 vendor_id=0xf0 subcmd=24
11-14 13:48:17.706  2676  2676 I wpa_supplicant: nl80211: Drv Event 103 (NL80211_CMD_VENDOR) received for wlan0
11-14 13:48:17.706  2676  2676 I wpa_supplicant: nl80211: Vendor event: wiphy=0 vendor_id=0xf0 subcmd=24
11-14 13:48:17.782  2676  2676 I wpa_supplicant: nl80211: Drv Event 103 (NL80211_CMD_VENDOR) received for wlan0
11-14 13:48:17.783  2676  2676 I wpa_supplicant: nl80211: Vendor event: wiphy=0 vendor_id=0xf0 subcmd=24
11-14 13:48:17.859  2676  2676 I wpa_supplicant: nl80211: Drv Event 103 (NL80211_CMD_VENDOR) received for wlan0
11-14 13:48:17.859  2676  2676 I wpa_supplicant: nl80211: Vendor event: wiphy=0 vendor_id=0xf0 subcmd=24
11-14 13:48:17.936  2676  2676 I wpa_supplicant: nl80211: Drv Event 103 (NL80211_CMD_VENDOR) received for wlan0
11-14 13:48:17.936  2676  2676 I wpa_supplicant: nl80211: Vendor event: wiphy=0 vendor_id=0xf0 subcmd=24
11-14 13:48:18.013  2676  2676 I wpa_supplicant: nl80211: Drv Event 103 (NL80211_CMD_VENDOR) received for wlan0
11-14 13:48:18.013  2676  2676 I wpa_supplicant: nl80211: Vendor event: wiphy=0 vendor_id=0xf0 subcmd=24
11-14 13:48:18.089  2676  2676 I wpa_supplicant: nl80211: Drv Event 103 (NL80211_CMD_VENDOR) received for wlan0
11-14 13:48:18.090  2676  2676 I wpa_supplicant: nl80211: Vendor event: wiphy=0 vendor_id=0xf0 subcmd=24
11-14 13:48:18.166  2676  2676 I wpa_supplicant: nl80211: Drv Event 103 (NL80211_CMD_VENDOR) received for wlan0
11-14 13:48:18.166  2676  2676 I wpa_supplicant: nl80211: Vendor event: wiphy=0 vendor_id=0xf0 subcmd=24
11-14 13:48:18.243  2676  2676 I wpa_supplicant: nl80211: Drv Event 103 (NL80211_CMD_VENDOR) received for wlan0
11-14 13:48:18.243  2676  2676 I wpa_supplicant: nl80211: Vendor event: wiphy=0 vendor_id=0xf0 subcmd=24
11-14 13:48:18.320  2676  2676 I wpa_supplicant: nl80211: Drv Event 103 (NL80211_CMD_VENDOR) received for wlan0
11-14 13:48:18.320  2676  2676 I wpa_supplicant: nl80211: Vendor event: wiphy=0 vendor_id=0xf0 subcmd=24
11-14 13:48:18.396  2676  2676 I wpa_supplicant: nl80211: Drv Event 103 (NL80211_CMD_VENDOR) received for wlan0
11-14 13:48:18.396  2676  2676 I wpa_supplicant: nl80211: Vendor event: wiphy=0 vendor_id=0xf0 subcmd=24
11-14 13:48:18.473  2676  2676 I wpa_supplicant: nl80211: Drv Event 103 (NL80211_CMD_VENDOR) received for wlan0
11-14 13:48:18.473  2676  2676 I wpa_supplicant: nl80211: Vendor event: wiphy=0 vendor_id=0xf0 subcmd=24
11-14 13:48:18.550  2676  2676 I wpa_supplicant: nl80211: Drv Event 103 (NL80211_CMD_VENDOR) received for wlan0
11-14 13:48:18.550  2676  2676 I wpa_supplicant: nl80211: Vendor event: wiphy=0 vendor_id=0xf0 subcmd=24
11-14 13:48:18.626  2676  2676 I wpa_supplicant: nl80211: Drv Event 103 (NL80211_CMD_VENDOR) received for wlan0
11-14 13:48:18.626  2676  2676 I wpa_supplicant: nl80211: Vendor event: wiphy=0 vendor_id=0xf0 subcmd=24
11-14 13:48:18.703  2676  2676 I wpa_supplicant: nl80211: Drv Event 103 (NL80211_CMD_VENDOR) received for wlan0
11-14 13:48:18.703  2676  2676 I wpa_supplicant: nl80211: Vendor event: wiphy=0 vendor_id=0xf0 subcmd=24
11-14 13:48:18.780  2676  2676 I wpa_supplicant: nl80211: Drv Event 103 (NL80211_CMD_VENDOR) received for wlan0
11-14 13:48:18.780  2676  2676 I wpa_supplicant: nl80211: Vendor event: wiphy=0 vendor_id=0xf0 subcmd=24
11-14 13:48:18.808  2676  2676 I wpa_supplicant: nl80211: Drv Event 103 (NL80211_CMD_VENDOR) received for wlan0
11-14 13:48:18.808  2676  2676 I wpa_supplicant: nl80211: Vendor event: wiphy=0 vendor_id=0xf0 subcmd=25
11-14 13:48:18.809  2676  2676 I wpa_supplicant: EVENT_DRIVER_BEACON_ABORT reason: 1
11-14 13:48:23.533  2676  2676 I wpa_supplicant: Heartbeat 769
11-14 13:48:24.558  2676  2676 I wpa_supplicant: nl80211: Drv Event 33 (NL80211_CMD_TRIGGER_SCAN) received for wlan0
11-14 13:48:24.558  2676  2676 I wpa_supplicant: wlan0: nl80211: Scan trigger
11-14 13:48:24.877  2676  2676 I wpa_supplicant: nl80211: Drv Event 34 (NL80211_CMD_NEW_SCAN_RESULTS) received for wlan0
11-14 13:48:24.877  2676  2676 I wpa_supplicant: wlan0: nl80211: New scan results available
