11-12 16:59:25.579  2681  2737 V WindowManagerShell: start default transition animation, info = {id=30 t=CLOSE f=0x0 trk=0 r=[0@Point(0, 0)] c=[{null m=CLOSE f=FILLS_TASK|IS_ACTIVITY leash=Surface(name=ActivityRecord{788a86b u0 com.unitree.doggo2/com.unitree.lib_ble.ui.dog.DogBluetoothActivity t11})/@0xc54a61c sb=Rect(0, 0 - 2304, 1440) eb=Rect(0, 0 - 2304, 1440) d=0 inset=Rect(0, 0 - 0, 0)},{null m=TO_FRONT f=FILLS_TASK|IS_ACTIVITY leash=Surface(name=ActivityRecord{74c96b1 u0 com.unitree.doggo2/.ui.activity.main.MainActivity t11})/@0x4f7225 sb=Rect(0, 0 - 2304, 1440) eb=Rect(0, 0 - 2304, 1440) d=0 inset=Rect(0, 0 - 0, 0)}]}
11-12 16:59:25.798  1451  4750 V WindowManager: Setting visibility of Window{43b499d u0 com.unitree.doggo2/com.unitree.lib_ble.ui.dog.DogBluetoothActivity}: false, caller=com.android.server.wm.WindowContainer.sendAppVisibilityToClients:1305 com.android.server.wm.WindowToken.setClientVisible:454 com.android.server.wm.ActivityRecord.setClientVisible:8235 com.android.server.wm.ActivityRecord.postApplyAnimation:6766 com.android.server.wm.ActivityRecord.commitVisibility:6709 
11-12 16:59:25.806  1451  1468 W ActivityTaskManager: Duplicate finish request for r=ActivityRecord{788a86b u0 com.unitree.doggo2/com.unitree.lib_ble.ui.dog.DogBluetoothActivity t11 f}}
11-12 16:59:25.818  1451  1468 D CoreBackPreview: Window{43b499d u0 com.unitree.doggo2/com.unitree.lib_ble.ui.dog.DogBluetoothActivity}: Setting back callback null
11-12 16:59:25.820  1451  1468 V WindowManager: Remove Window{43b499d u0 com.unitree.doggo2/com.unitree.lib_ble.ui.dog.DogBluetoothActivity}: mSurfaceController=Surface(name=com.unitree.doggo2/com.unitree.lib_ble.ui.dog.DogBluetoothActivity$_29002)/@0x101da7d mAnimatingExit=false mRemoveOnExit=false mHasSurface=true surfaceShowing=false animating=false app-animation=false mDisplayFrozen=false callers=com.android.server.wm.WindowManagerService.removeWindow:2151 com.android.server.wm.Session.remove:257 android.view.IWindowSession$Stub.onTransact:747 com.android.server.wm.Session.onTransact:204 android.os.Binder.execTransactInternal:1380 android.os.Binder.execTransact:1311 
11-12 16:59:25.821  1451  1468 I WindowManager: Destroying surface Surface(name=com.unitree.doggo2/com.unitree.lib_ble.ui.dog.DogBluetoothActivity$_29002)/@0x101da7d called by com.android.server.wm.WindowStateAnimator.destroySurface:811 com.android.server.wm.WindowStateAnimator.destroySurfaceLocked:478 com.android.server.wm.WindowState.removeImmediately:2958 com.android.server.wm.WindowState.removeIfPossible:3226 com.android.server.wm.WindowManagerService.removeWindow:2151 com.android.server.wm.Session.remove:257 android.view.IWindowSession$Stub.onTransact:747 com.android.server.wm.Session.onTransact:204 
11-12 16:59:37.661  1451  5570 V WindowManager: Collecting in transition 31: ActivityRecord{ec50a0f u0 com.unitree.doggo2/com.unitree.lib_ble.ui.dog.DogBluetoothActivity, caller=com.android.server.wm.Transition.collect:753 com.android.server.wm.TransitionController.collect:975 com.android.server.wm.ActivityStarter.startActivityUnchecked:2407 com.android.server.wm.ActivityStarter.executeRequest:1959 com.android.server.wm.ActivityStarter.execute:1075 
11-12 16:59:37.661  1451  5570 D ActivityTaskManager: TaskLaunchParamsModifier:task=null activity=ActivityRecord{ec50a0f u0 com.unitree.doggo2/com.unitree.lib_ble.ui.dog.DogBluetoothActivity t-1} display-area-from-source=DefaultTaskDisplayArea_d0@144786801 display-id=0 task-display-area-windowing-mode=1 suggested-display-area=DefaultTaskDisplayArea_d0@144786801
11-12 16:59:37.662  1451  5570 D ActivityTaskManager: TaskLaunchParamsModifier:task=Task{d9e533e #11 type=standard A=10314:com.unitree.doggo2} activity=ActivityRecord{ec50a0f u0 com.unitree.doggo2/com.unitree.lib_ble.ui.dog.DogBluetoothActivity t-1} display-area-from-source=DefaultTaskDisplayArea_d0@144786801 display-id=0 task-display-area-windowing-mode=1 suggested-display-area=DefaultTaskDisplayArea_d0@144786801 inherit-from-source=fullscreen non-freeform-task-display-area display-area=DefaultTaskDisplayArea_d0@144786801 activity-requested-landscape freeform-size-mismatch=Rect(807, 181 - 1498, 1218)
11-12 16:59:37.667  1451  5570 V WindowManager: Collecting in transition 31: ActivityRecord{ec50a0f u0 com.unitree.doggo2/com.unitree.lib_ble.ui.dog.DogBluetoothActivity t11}, caller=com.android.server.wm.Transition.collect:753 com.android.server.wm.Transition.collectExistenceChange:936 com.android.server.wm.TransitionController.collectExistenceChange:1025 com.android.server.wm.ActivityStarter.handleStartResult:2632 com.android.server.wm.ActivityStarter.startActivityUnchecked:2415 
11-12 16:59:37.668  1451  5570 I ActivityTaskManager: START u0 {cmp=com.unitree.doggo2/com.unitree.lib_ble.ui.dog.DogBluetoothActivity} with LAUNCH_MULTIPLE from uid 10314 (BAL_ALLOW_VISIBLE_WINDOW) result code=0
11-12 16:59:37.668  2681  2737 V WindowManagerShell: Transition requested: android.os.BinderProxy@4fa2e95 TransitionRequestInfo { type = OPEN, triggerTask = TaskInfo{userId=0 taskId=11 displayId=0 isRunning=true baseIntent=Intent { act=android.intent.action.MAIN cat=[android.intent.category.LAUNCHER] flg=0x10200000 cmp=com.unitree.doggo2/.ui.activity.launch.LaunchActivity } baseActivity=ComponentInfo{com.unitree.doggo2/com.unitree.doggo2.ui.activity.main.MainActivity} topActivity=ComponentInfo{com.unitree.doggo2/com.unitree.lib_ble.ui.dog.DogBluetoothActivity} origActivity=null realActivity=ComponentInfo{com.unitree.doggo2/com.unitree.doggo2.ui.activity.launch.LaunchActivity} numActivities=2 lastActiveTime=24734153 supportsMultiWindow=true resizeMode=1 isResizeable=true minWidth=-1 minHeight=-1 maxWidth=-1 maxHeight=-1 defaultMinSize=220 token=WCT{android.window.IWindowContainerToken$Stub$Proxy@4f56baa} topActivityType=1 pictureInPictureParams=null shouldDockBigOverlays=false launchIntoPipHostTaskId=-1 lastParentTaskIdBeforePip=-1 displayCutoutSafeInsets=null topActivityInfo=ActivityInfo{2c8d39b com.unitree.lib_ble.ui.dog.DogBluetoothActivity} launchCookies=[android.os.BinderProxy@c2676a8] positionInParent=Point(0, 0) parentTaskId=-1 isFocused=true isVisible=true isVisibleRequested=true isSleeping=false topActivityInSizeCompat=false topActivityEligibleForLetterboxEducation= false topActivityLetterboxed= false isFromDoubleTap= false topActivityLetterboxVerticalPosition= -1 topActivityLetterboxHorizontalPosition= -1 topActivityLetterboxWidth=-1 topActivityLetterboxHeight=-1 locusId=null displayAreaFeatureId=1 cameraCompatControlState=hidden originallySupportedMultiWindow=true hasWallpaper=false topActivityInFixedAspectRatio=false rootAffinity=10314:com.unitree.doggo2 topActivityInDisplayCompat=false topActivityInBoundsCompat=false topActivityBounds=null singleTapFromLetterbox=false isTopTaskInStage=false topActivityUiMode=33FullScreenCaptionState=true CoverLauncherWidgetTask=false CoverScreenTask=false isAllowedSeamlessRotation=false isTopTransparentActivity=false hasPopOver=false}, remoteTransition = null, displayChange = null }
11-12 16:59:37.672  1451  4387 V WindowManager: Collecting in transition 31: ActivityRecord{ec50a0f u0 com.unitree.doggo2/com.unitree.lib_ble.ui.dog.DogBluetoothActivity t11}, caller=com.android.server.wm.Transition.collect:753 com.android.server.wm.TransitionController.collect:975 com.android.server.wm.ActivityRecord.setVisibility:6429 com.android.server.wm.ActivityRecord.setVisibility:6381 com.android.server.wm.ActivityRecord.makeVisibleIfNeeded:7188 
11-12 16:59:37.672  1451  4387 D WindowManager: rotationForOrientation, orientationSource=ActivityRecord{ec50a0f u0 com.unitree.doggo2/com.unitree.lib_ble.ui.dog.DogBluetoothActivity t11}
11-12 16:59:37.672  1451  4387 V WindowManager: Collecting in transition 31: ActivityRecord{ec50a0f u0 com.unitree.doggo2/com.unitree.lib_ble.ui.dog.DogBluetoothActivity t11}, caller=com.android.server.wm.Transition.collect:753 com.android.server.wm.TransitionController.collect:975 com.android.server.wm.ActivityRecord.setVisibility:6429 com.android.server.wm.ActivityRecord.setVisibility:6381 com.android.server.wm.ActivityTaskSupervisor.realStartActivityLocked:965 
11-12 16:59:37.674  1451  4387 D ActivityTaskManager: scheduleTopResumedActivityChanged, onTop=true, r=ActivityRecord{ec50a0f u0 com.unitree.doggo2/com.unitree.lib_ble.ui.dog.DogBluetoothActivity t11}, caller=com.android.server.wm.ActivityTaskSupervisor.scheduleTopResumedActivityStateIfNeeded:2904 com.android.server.wm.ActivityTaskSupervisor.updateTopResumedActivityIfNeeded:2896 com.android.server.wm.TaskFragment.setResumedActivity:580 com.android.server.wm.TaskFragment.onActivityStateChanged:904 com.android.server.wm.ActivityRecord.setState:6892 com.android.server.wm.Task.minimalResumeActivityLocked:6255 
11-12 16:59:37.674  1451  4387 V WindowManager: Collecting in transition 31: ActivityRecord{ec50a0f u0 com.unitree.doggo2/com.unitree.lib_ble.ui.dog.DogBluetoothActivity t11}, caller=com.android.server.wm.Transition.collect:753 com.android.server.wm.TransitionController.collect:975 com.android.server.wm.ActivityRecord.setVisibility:6429 com.android.server.wm.ActivityRecord.setVisibility:6381 com.android.server.wm.ActivityRecord.completeResumeLocked:7499 
11-12 16:59:37.675  1451  4387 D WindowManagerServiceExt: notifyOccludeChangeNotice: cn=ComponentInfo{com.unitree.doggo2/com.unitree.lib_ble.ui.dog.DogBluetoothActivity} occludesParent=true isInSplitScreenMode=false styleFloating=false caller=com.android.server.wm.ActivityRecord.completeResumeLocked:7556 com.android.server.wm.Task.minimalResumeActivityLocked:6256 com.android.server.wm.ActivityTaskSupervisor.realStartActivityLocked:1187 com.android.server.wm.ActivityTaskSupervisor.startSpecificActivity:1296 com.android.server.wm.TaskFragment.resumeTopActivity:1895 
11-12 16:59:37.677  1451  4387 D WindowManager: SyncGroup 31:  Unfinished container: ActivityRecord{ec50a0f u0 com.unitree.doggo2/com.unitree.lib_ble.ui.dog.DogBluetoothActivity t11} mSyncState=2
11-12 16:59:37.710  1451  2937 D WindowManager: prepareSync <SYNC_STATE_WAITING_FOR_DRAW>, mPrepareSyncSeqId=0, win=Window{814fe21 u0 com.unitree.doggo2/com.unitree.lib_ble.ui.dog.DogBluetoothActivity}
11-12 16:59:37.714  1451  2937 D CoreBackPreview: Window{814fe21 u0 com.unitree.doggo2/com.unitree.lib_ble.ui.dog.DogBluetoothActivity}: Setting back callback OnBackInvokedCallbackInfo{mCallback=android.window.IOnBackInvokedCallback$Stub$Proxy@83a2c07, mPriority=0, mIsAnimationCallback=false}
11-12 16:59:37.716  1451  2937 D WindowManager: makeSurface duration=1 name=com.unitree.doggo2/com.unitree.lib_ble.ui.dog.DogBluetoothActivity$_29002
11-12 16:59:37.717  1451  2937 D WindowManager: SyncGroup 31:  Unfinished container: ActivityRecord{ec50a0f u0 com.unitree.doggo2/com.unitree.lib_ble.ui.dog.DogBluetoothActivity t11} mSyncState=2
11-12 16:59:37.717  1451  2937 V WindowManager: Changing focus from null to Window{814fe21 u0 com.unitree.doggo2/com.unitree.lib_ble.ui.dog.DogBluetoothActivity} displayId=0 Callers=com.android.server.wm.RootWindowContainer.updateFocusedWindowLocked:581 com.android.server.wm.WindowManagerService.updateFocusedWindowLocked:6910 com.android.server.wm.WindowManagerService.relayoutWindow:2777 com.android.server.wm.Session.relayout:282 
11-12 16:59:37.718  1451  2937 D InsetsSourceProvider: updateControlForTarget: control=InsetsSourceControl: {30640000 mType=statusBars mSurfacePosition=Point(0, 0) mInsetsHint=Insets{left=0, top=42, right=0, bottom=0}}, target=Window{814fe21 u0 com.unitree.doggo2/com.unitree.lib_ble.ui.dog.DogBluetoothActivity}, from=com.android.server.wm.InsetsStateController.onControlTargetChanged:363 com.android.server.wm.InsetsStateController.onBarControlTargetChanged:329 com.android.server.wm.InsetsPolicy.updateBarControlTarget:173 com.android.server.wm.InsetsPolicy.updateSystemBars:843 com.android.server.wm.DisplayPolicy.updateSystemBarsLw:3484 
11-12 16:59:37.719  1451  2937 D InsetsSourceProvider: updateControlForTarget: control=InsetsSourceControl: {f30b0001 mType=navigationBars mSurfacePosition=Point(0, 1356) mInsetsHint=Insets{left=0, top=0, right=0, bottom=84}}, target=Window{814fe21 u0 com.unitree.doggo2/com.unitree.lib_ble.ui.dog.DogBluetoothActivity}, from=com.android.server.wm.InsetsStateController.onControlTargetChanged:363 com.android.server.wm.InsetsStateController.onBarControlTargetChanged:332 com.android.server.wm.InsetsPolicy.updateBarControlTarget:173 com.android.server.wm.InsetsPolicy.updateSystemBars:843 com.android.server.wm.DisplayPolicy.updateSystemBarsLw:3484 
11-12 16:59:37.720  1451  2937 V SystemKeyManager: updateFocusedWindow() is called, com.unitree.doggo2/com.unitree.lib_ble.ui.dog.DogBluetoothActivity
11-12 16:59:37.724 29002 29002 I SurfaceSyncGroup: addLocalSync=ViewRootImpl@ae9bac2[DogBluetoothActivity]#43 to name=wmsSync-ViewRootImpl@ae9bac2[DogBluetoothActivity]#42, callers=android.window.SurfaceSyncGroup.add:431 android.window.SurfaceSyncGroup.add:392 android.window.SurfaceSyncGroup.add:340 android.view.ViewRootImpl.createSyncIfNeeded:4912 android.view.ViewRootImpl.performTraversals:4796 android.view.ViewRootImpl.doTraversal:3345 
11-12 16:59:37.730 29002 29087 I SurfaceSyncGroup: onTransactionReady mName=wmsSync-ViewRootImpl@ae9bac2[DogBluetoothActivity]#42 callback=82127472
11-12 16:59:37.731  1451  5570 D WindowManager: finishDrawingWindow: Window{814fe21 u0 com.unitree.doggo2/com.unitree.lib_ble.ui.dog.DogBluetoothActivity} mDrawState=DRAW_PENDING seqId=0
11-12 16:59:37.734  1451  1501 V WindowManager: performShowLocked: mDrawState=HAS_DRAWN in Window{814fe21 u0 com.unitree.doggo2/com.unitree.lib_ble.ui.dog.DogBluetoothActivity}
11-12 16:59:37.734  1451  1501 V WindowManager: Start calculating TransitionInfo based on participants: {ActivityRecord{74c96b1 u0 com.unitree.doggo2/.ui.activity.main.MainActivity t11}, ActivityRecord{ec50a0f u0 com.unitree.doggo2/com.unitree.lib_ble.ui.dog.DogBluetoothActivity t11}}
11-12 16:59:37.735  1451  1501 V WindowManager:   Final targets: [ActivityRecord{ec50a0f u0 com.unitree.doggo2/com.unitree.lib_ble.ui.dog.DogBluetoothActivity t11}, ActivityRecord{74c96b1 u0 com.unitree.doggo2/.ui.activity.main.MainActivity t11}]
11-12 16:59:37.740  1451  1501 V WindowManager:         {null m=OPEN f=FILLS_TASK|IS_ACTIVITY leash=Surface(name=ActivityRecord{ec50a0f u0 com.unitree.doggo2/com.unitree.lib_ble.ui.dog.DogBluetoothActivity t11})/@0xd500ca0 sb=Rect(0, 0 - 0, 0) eb=Rect(0, 0 - 2304, 1440) d=-1->0 r=-1->1:-1 dim=true inset=Rect(0, 0 - 0, 0)},
11-12 16:59:37.744  2681  2737 V WindowManagerShell: onTransitionReady android.os.BinderProxy@4fa2e95: {id=31 t=OPEN f=0x0 trk=0 r=[0@Point(0, 0)] c=[{null m=OPEN f=FILLS_TASK|IS_ACTIVITY leash=Surface(name=ActivityRecord{ec50a0f u0 com.unitree.doggo2/com.unitree.lib_ble.ui.dog.DogBluetoothActivity t11})/@0x4dd8338 sb=Rect(0, 0 - 0, 0) eb=Rect(0, 0 - 2304, 1440) d=-1->0 r=-1->1:-1 dim=true inset=Rect(0, 0 - 0, 0)},{null m=TO_BACK f=FILLS_TASK|IS_ACTIVITY leash=Surface(name=ActivityRecord{74c96b1 u0 com.unitree.doggo2/.ui.activity.main.MainActivity t11})/@0x59c1f11 sb=Rect(0, 0 - 2304, 1440) eb=Rect(0, 0 - 2304, 1440) d=0 inset=Rect(0, 0 - 0, 0)}]}
11-12 16:59:37.749  1451  1497 V WindowManager: Sent Transition #31 createdAt=11-12 16:59:37.660 via request=TransitionRequestInfo { type = OPEN, triggerTask = TaskInfo{userId=0 taskId=11 displayId=0 isRunning=true baseIntent=Intent { act=android.intent.action.MAIN cat=[android.intent.category.LAUNCHER] flg=0x10200000 cmp=com.unitree.doggo2/.ui.activity.launch.LaunchActivity } baseActivity=ComponentInfo{com.unitree.doggo2/com.unitree.doggo2.ui.activity.main.MainActivity} topActivity=ComponentInfo{com.unitree.doggo2/com.unitree.lib_ble.ui.dog.DogBluetoothActivity} origActivity=null realActivity=ComponentInfo{com.unitree.doggo2/com.unitree.doggo2.ui.activity.launch.LaunchActivity} numActivities=2 lastActiveTime=24734153 supportsMultiWindow=true resizeMode=1 isResizeable=true minWidth=-1 minHeight=-1 maxWidth=-1 maxHeight=-1 defaultMinSize=220 token=WCT{RemoteToken{fe68be3 Task{d9e533e #11 type=standard A=10314:com.unitree.doggo2}}} topActivityType=1 pictureInPictureParams=null shouldDockBigOverlays=false launchIntoPipHostTaskId=-1 lastParentTaskIdBeforePip=-1 displayCutoutSafeInsets=null topActivityInfo=ActivityInfo{e89841e com.unitree.lib_ble.ui.dog.DogBluetoothActivity} launchCookies=[android.os.BinderProxy@196c35e] positionInParent=Point(0, 0) parentTaskId=-1 isFocused=true isVisible=true isVisibleRequested=true isSleeping=false topActivityInSizeCompat=false topActivityEligibleForLetterboxEducation= false topActivityLetterboxed= false isFromDoubleTap= false topActivityLetterboxVerticalPosition= -1 topActivityLetterboxHorizontalPosition= -1 topActivityLetterboxWidth=-1 topActivityLetterboxHeight=-1 locusId=null displayAreaFeatureId=1 cameraCompatControlState=hidden originallySupportedMultiWindow=true hasWallpaper=false topActivityInFixedAspectRatio=false rootAffinity=10314:com.unitree.doggo2 topActivityInDisplayCompat=false topActivityInBoundsCompat=false topActivityBounds=null singleTapFromLetterbox=false isTopTaskInStage=false topActivityUiMode=33FullScreenCaptionState=true CoverLauncherWidgetTask=false CoverScreenTask=false isAllowedSeamlessRotation=false isTopTransparentActivity=false hasPopOver=false}, remoteTransition = null, displayChange = null }
11-12 16:59:37.749  2681  2737 V WindowManagerShell: Transition doesn't have explicit remote, search filters for match for {id=31 t=OPEN f=0x0 trk=0 r=[0@Point(0, 0)] c=[{null m=OPEN f=FILLS_TASK|IS_ACTIVITY leash=Surface(name=ActivityRecord{ec50a0f u0 com.unitree.doggo2/com.unitree.lib_ble.ui.dog.DogBluetoothActivity t11})/@0x4dd8338 sb=Rect(0, 0 - 0, 0) eb=Rect(0, 0 - 2304, 1440) d=-1->0 r=-1->1:-1 dim=true inset=Rect(0, 0 - 0, 0)},{null m=TO_BACK f=FILLS_TASK|IS_ACTIVITY leash=Surface(name=ActivityRecord{74c96b1 u0 com.unitree.doggo2/.ui.activity.main.MainActivity t11})/@0x59c1f11 sb=Rect(0, 0 - 2304, 1440) eb=Rect(0, 0 - 2304, 1440) d=0 inset=Rect(0, 0 - 0, 0)}]}
11-12 16:59:37.749  1451  1497 V WindowManager:         {null m=OPEN f=FILLS_TASK|IS_ACTIVITY leash=Surface(name=ActivityRecord{ec50a0f u0 com.unitree.doggo2/com.unitree.lib_ble.ui.dog.DogBluetoothActivity t11})/@0xd500ca0 sb=Rect(0, 0 - 0, 0) eb=Rect(0, 0 - 2304, 1440) d=-1->0 r=-1->1:-1 dim=true inset=Rect(0, 0 - 0, 0)},
11-12 16:59:37.750  2681  2737 V WindowManagerShell: start default transition animation, info = {id=31 t=OPEN f=0x0 trk=0 r=[0@Point(0, 0)] c=[{null m=OPEN f=FILLS_TASK|IS_ACTIVITY leash=Surface(name=ActivityRecord{ec50a0f u0 com.unitree.doggo2/com.unitree.lib_ble.ui.dog.DogBluetoothActivity t11})/@0x4dd8338 sb=Rect(0, 0 - 0, 0) eb=Rect(0, 0 - 2304, 1440) d=-1->0 r=-1->1:-1 dim=true inset=Rect(0, 0 - 0, 0)},{null m=TO_BACK f=FILLS_TASK|IS_ACTIVITY leash=Surface(name=ActivityRecord{74c96b1 u0 com.unitree.doggo2/.ui.activity.main.MainActivity t11})/@0x59c1f11 sb=Rect(0, 0 - 2304, 1440) eb=Rect(0, 0 - 2304, 1440) d=0 inset=Rect(0, 0 - 0, 0)}]}
11-12 16:59:37.765  2681  2737 V WindowManagerShell: attach dim transition, change={null m=OPEN f=FILLS_TASK|IS_ACTIVITY leash=Surface(name=ActivityRecord{ec50a0f u0 com.unitree.doggo2/com.unitree.lib_ble.ui.dog.DogBluetoothActivity t11})/@0x4dd8338 sb=Rect(0, 0 - 0, 0) eb=Rect(0, 0 - 2304, 1440) d=-1->0 r=-1->1:-1 dim=true inset=Rect(0, 0 - 0, 0)}
11-12 16:59:37.828  1451  2937 D InsetsSourceProvider: updateControlForTarget: control=InsetsSourceControl: {3 mType=ime mSurfacePosition=Point(816, 1356) mInsetsHint=Insets{left=0, top=0, right=0, bottom=0}}, target=Window{814fe21 u0 com.unitree.doggo2/com.unitree.lib_ble.ui.dog.DogBluetoothActivity}, from=com.android.server.wm.ImeInsetsSourceProvider.updateControlForTarget:165 com.android.server.wm.InsetsStateController.onControlTargetChanged:363 com.android.server.wm.InsetsStateController.onImeControlTargetChanged:307 com.android.server.wm.DisplayContent.updateImeControlTarget:5763 com.android.server.wm.DisplayContent.updateImeInputAndControlTarget:5723 
11-12 16:59:38.132  1451  1498 D WindowManager: rotationForOrientation, orientationSource=ActivityRecord{ec50a0f u0 com.unitree.doggo2/com.unitree.lib_ble.ui.dog.DogBluetoothActivity t11}
11-12 16:59:38.157  1451  1498 D WindowManager: rotationForOrientation, orientationSource=ActivityRecord{ec50a0f u0 com.unitree.doggo2/com.unitree.lib_ble.ui.dog.DogBluetoothActivity t11}
11-12 16:59:38.158  1451  1498 D WindowManager: rotationForOrientation, orientationSource=ActivityRecord{ec50a0f u0 com.unitree.doggo2/com.unitree.lib_ble.ui.dog.DogBluetoothActivity t11}
11-12 16:59:38.598  1451  1498 D WindowManager: rotationForOrientation, orientationSource=ActivityRecord{ec50a0f u0 com.unitree.doggo2/com.unitree.lib_ble.ui.dog.DogBluetoothActivity t11}
11-12 16:59:39.327  1451  4387 V WindowManager: Changing focus from Window{814fe21 u0 com.unitree.doggo2/com.unitree.lib_ble.ui.dog.DogBluetoothActivity} to Window{cbeae82 u0 com.unitree.doggo2/com.unitree.lib_ble.ui.dog.DogBluetoothActivity} displayId=0 Callers=com.android.server.wm.RootWindowContainer.updateFocusedWindowLocked:581 com.android.server.wm.WindowManagerService.updateFocusedWindowLocked:6910 com.android.server.wm.WindowManagerService.addWindow:1958 com.android.server.wm.Session.addToDisplayAsUser:240 
11-12 16:59:39.328  1451  4387 D InsetsSourceProvider: updateControlForTarget: control=InsetsSourceControl: {30640000 mType=statusBars mSurfacePosition=Point(0, 0) mInsetsHint=Insets{left=0, top=42, right=0, bottom=0}}, target=Window{cbeae82 u0 com.unitree.doggo2/com.unitree.lib_ble.ui.dog.DogBluetoothActivity}, from=com.android.server.wm.InsetsStateController.onControlTargetChanged:363 com.android.server.wm.InsetsStateController.onBarControlTargetChanged:329 com.android.server.wm.InsetsPolicy.updateBarControlTarget:173 com.android.server.wm.InsetsPolicy.updateSystemBars:843 com.android.server.wm.DisplayPolicy.updateSystemBarsLw:3484 
11-12 16:59:39.329  1451  4387 D InsetsSourceProvider: updateControlForTarget: control=InsetsSourceControl: {f30b0001 mType=navigationBars mSurfacePosition=Point(0, 1356) mInsetsHint=Insets{left=0, top=0, right=0, bottom=84}}, target=Window{cbeae82 u0 com.unitree.doggo2/com.unitree.lib_ble.ui.dog.DogBluetoothActivity}, from=com.android.server.wm.InsetsStateController.onControlTargetChanged:363 com.android.server.wm.InsetsStateController.onBarControlTargetChanged:332 com.android.server.wm.InsetsPolicy.updateBarControlTarget:173 com.android.server.wm.InsetsPolicy.updateSystemBars:843 com.android.server.wm.DisplayPolicy.updateSystemBarsLw:3484 
11-12 16:59:39.329  1451  4387 D WindowManager: updateSystemBarAttributes: displayId=0, win=Window{cbeae82 u0 com.unitree.doggo2/com.unitree.lib_ble.ui.dog.DogBluetoothActivity}, navColorWin=null, focusedCanBeNavColorWin=false, behavior=1, appearance=0, statusBarAppearanceRegions=[AppearanceRegion{ bounds=[0,0][2304,1440]}], requestedVisibilities=-9, from=com.android.server.wm.DisplayPolicy.focusChangedLw:2988 com.android.server.wm.DisplayContent.updateFocusedWindowLocked:4900 com.android.server.wm.RootWindowContainer.updateFocusedWindowLocked:581 
11-12 16:59:39.330  1451  4387 V SystemKeyManager: updateFocusedWindow() is called, com.unitree.doggo2/com.unitree.lib_ble.ui.dog.DogBluetoothActivity
11-12 16:59:39.337  1451  1501 D InsetsSourceProvider: updateVisibility: serverVisible=true, clientVisible=true, source=InsetsSource: {30640000 mType=statusBars mFrame=[0,0][2304,42] mVisible=true mFlags=[]}, controlTarget=Window{cbeae82 u0 com.unitree.doggo2/com.unitree.lib_ble.ui.dog.DogBluetoothActivity}, from=com.android.server.wm.InsetsSourceProvider.setClientVisible:642 com.android.server.wm.InsetsSourceProvider.updateClientVisibility:629 com.android.server.wm.InsetsStateController.onInsetsModified:280 com.android.server.wm.InsetsStateController.lambda$notifyPendingInsetsControlChanged$3:439 com.android.server.wm.InsetsStateController.$r8$lambda$8yykPRG1GyNq_J17QvL9d5xANMc:0 com.android.server.wm.InsetsStateController$$ExternalSyntheticLambda2.run:0 com.android.server.wm.WindowAnimator.executeAfterPrepareSurfacesRunnables:293 com.android.server.wm.WindowAnimator.animate:201 com.android.server.wm.WindowAnimator.lambda$new$1:99 com.android.server.wm.WindowAnimator.$r8$lambda$aHNu1uhcqxihX5NZc4McDDQPAyw:0 
11-12 16:59:39.337  1451  1501 D InsetsSourceProvider: updateVisibility: serverVisible=true, clientVisible=true, source=InsetsSource: {f30b0001 mType=navigationBars mFrame=[0,1356][2304,1440] mVisible=true mFlags=[]}, controlTarget=Window{cbeae82 u0 com.unitree.doggo2/com.unitree.lib_ble.ui.dog.DogBluetoothActivity}, from=com.android.server.wm.InsetsSourceProvider.setClientVisible:642 com.android.server.wm.InsetsSourceProvider.updateClientVisibility:629 com.android.server.wm.InsetsStateController.onInsetsModified:280 com.android.server.wm.InsetsStateController.lambda$notifyPendingInsetsControlChanged$3:439 com.android.server.wm.InsetsStateController.$r8$lambda$8yykPRG1GyNq_J17QvL9d5xANMc:0 com.android.server.wm.InsetsStateController$$ExternalSyntheticLambda2.run:0 com.android.server.wm.WindowAnimator.executeAfterPrepareSurfacesRunnables:293 com.android.server.wm.WindowAnimator.animate:201 com.android.server.wm.WindowAnimator.lambda$new$1:99 com.android.server.wm.WindowAnimator.$r8$lambda$aHNu1uhcqxihX5NZc4McDDQPAyw:0 
11-12 16:59:39.353  1451  4387 D CoreBackPreview: Window{cbeae82 u0 com.unitree.doggo2/com.unitree.lib_ble.ui.dog.DogBluetoothActivity}: Setting back callback OnBackInvokedCallbackInfo{mCallback=android.window.IOnBackInvokedCallback$Stub$Proxy@7e4f185, mPriority=0, mIsAnimationCallback=false}
11-12 16:59:39.354  1451  5570 D WindowManager: makeSurface duration=1 name=com.unitree.doggo2/com.unitree.lib_ble.ui.dog.DogBluetoothActivity$_29002
11-12 16:59:39.359 29002 29002 I SurfaceSyncGroup: addLocalSync=ViewRootImpl@68208c9[DogBluetoothActivity]#45 to name=wmsSync-ViewRootImpl@68208c9[DogBluetoothActivity]#44, callers=android.window.SurfaceSyncGroup.add:431 android.window.SurfaceSyncGroup.add:392 android.window.SurfaceSyncGroup.add:340 android.view.ViewRootImpl.createSyncIfNeeded:4912 android.view.ViewRootImpl.performTraversals:4796 android.view.ViewRootImpl.doTraversal:3345 
11-12 16:59:39.364 29002 29087 I SurfaceSyncGroup: onTransactionReady mName=wmsSync-ViewRootImpl@68208c9[DogBluetoothActivity]#44 callback=37823293
11-12 16:59:39.365  1451  4387 D WindowManager: finishDrawingWindow: Window{cbeae82 u0 com.unitree.doggo2/com.unitree.lib_ble.ui.dog.DogBluetoothActivity} mDrawState=DRAW_PENDING seqId=0
11-12 16:59:39.365  1451  1501 V WindowManager: performShowLocked: mDrawState=HAS_DRAWN in Window{cbeae82 u0 com.unitree.doggo2/com.unitree.lib_ble.ui.dog.DogBluetoothActivity}
11-12 16:59:39.407  1451  4576 D InsetsSourceProvider: updateControlForTarget: control=InsetsSourceControl: {3 mType=ime mSurfacePosition=Point(816, 1356) mInsetsHint=Insets{left=0, top=0, right=0, bottom=0}}, target=Window{cbeae82 u0 com.unitree.doggo2/com.unitree.lib_ble.ui.dog.DogBluetoothActivity}, from=com.android.server.wm.ImeInsetsSourceProvider.updateControlForTarget:165 com.android.server.wm.InsetsStateController.onControlTargetChanged:363 com.android.server.wm.InsetsStateController.onImeControlTargetChanged:307 com.android.server.wm.DisplayContent.updateImeControlTarget:5763 com.android.server.wm.DisplayContent.updateImeInputAndControlTarget:5723 
11-12 16:59:39.630  1451  2636 I BluetoothDeviceBatteryManager: action: android.bluetooth.device.action.ACL_CONNECTED
11-12 16:59:39.648  1451  2636 I BluetoothDeviceBatteryManager: # Alias(Go2_25156) / Address(782288_0)
11-12 16:59:39.659  1451  2636 I BluetoothDeviceBatteryManager: # BatteryLevel : -1
11-12 16:59:40.552  1451  1498 D WindowManager: rotationForOrientation, orientationSource=ActivityRecord{ec50a0f u0 com.unitree.doggo2/com.unitree.lib_ble.ui.dog.DogBluetoothActivity t11}
11-12 16:59:41.215  1451  1498 D WindowManager: rotationForOrientation, orientationSource=ActivityRecord{ec50a0f u0 com.unitree.doggo2/com.unitree.lib_ble.ui.dog.DogBluetoothActivity t11}
11-12 16:59:41.235  1451  1498 D WindowManager: rotationForOrientation, orientationSource=ActivityRecord{ec50a0f u0 com.unitree.doggo2/com.unitree.lib_ble.ui.dog.DogBluetoothActivity t11}
11-12 16:59:41.358  1451  4576 D ActivityTaskManager: scheduleTopResumedActivityChanged, onTop=false, r=ActivityRecord{ec50a0f u0 com.unitree.doggo2/com.unitree.lib_ble.ui.dog.DogBluetoothActivity t11}, caller=com.android.server.wm.ActivityTaskSupervisor.updateTopResumedActivityIfNeeded:2873 com.android.server.wm.TaskFragment.setResumedActivity:580 com.android.server.wm.TaskFragment.onActivityStateChanged:889 com.android.server.wm.ActivityRecord.setState:6892 com.android.server.wm.TaskFragment.startPausing:2012 com.android.server.wm.TaskFragment.startPausing:1956 
11-12 16:59:41.366  1451  4576 V WindowManager: Collecting in transition 32: ActivityRecord{ec50a0f u0 com.unitree.doggo2/com.unitree.lib_ble.ui.dog.DogBluetoothActivity t11}, caller=com.android.server.wm.Transition.collect:753 com.android.server.wm.TransitionController.collect:975 com.android.server.wm.ActivityRecord.setVisibility:6429 com.android.server.wm.ActivityRecord.setVisibility:6381 com.android.server.wm.ActivityRecord.makeInvisible:7223 
11-12 16:59:41.367  1451  4576 D WindowManager: prepareSync <SYNC_STATE_WAITING_FOR_DRAW>, mPrepareSyncSeqId=0, win=Window{cbeae82 u0 com.unitree.doggo2/com.unitree.lib_ble.ui.dog.DogBluetoothActivity}
11-12 16:59:41.367  1451  4576 D WindowManager: prepareSync <SYNC_STATE_WAITING_FOR_DRAW>, mPrepareSyncSeqId=0, win=Window{814fe21 u0 com.unitree.doggo2/com.unitree.lib_ble.ui.dog.DogBluetoothActivity}
11-12 16:59:41.367  1451  4576 D WindowManager: VisibleRequested updated, r=ActivityRecord{ec50a0f u0 com.unitree.doggo2/com.unitree.lib_ble.ui.dog.DogBluetoothActivity t11}
11-12 16:59:41.369  1451  4576 V WindowManager: Changing focus from Window{cbeae82 u0 com.unitree.doggo2/com.unitree.lib_ble.ui.dog.DogBluetoothActivity} to null displayId=0 Callers=com.android.server.wm.RootWindowContainer.updateFocusedWindowLocked:581 com.android.server.wm.WindowManagerService.updateFocusedWindowLocked:6910 com.android.server.wm.ActivityTaskManagerService.setLastResumedActivityUncheckLocked:6164 com.android.server.wm.ActivityTaskSupervisor.updateTopResumedActivityIfNeeded:2894 
11-12 16:59:41.471  1451  1467 D WindowManager: updateSystemBarAttributes: displayId=0, win=Window{3a50963 u0 com.unitree.doggo2/com.unitree.lib_ble.ui.bindDog.BindDogActivity}, navColorWin=Window{cbeae82 u0 com.unitree.doggo2/com.unitree.lib_ble.ui.dog.DogBluetoothActivity}, focusedCanBeNavColorWin=false, behavior=2, appearance=0, statusBarAppearanceRegions=[AppearanceRegion{ bounds=[0,0][2304,1440]}], requestedVisibilities=-12, from=com.android.server.wm.DisplayPolicy.focusChangedLw:2988 com.android.server.wm.DisplayContent.updateFocusedWindowLocked:4900 com.android.server.wm.RootWindowContainer.updateFocusedWindowLocked:581 
11-12 16:59:41.500  1451  1501 V WindowManager: Start calculating TransitionInfo based on participants: {ActivityRecord{7dd11f4 u0 com.unitree.doggo2/com.unitree.lib_ble.ui.bindDog.BindDogActivity t11}, ActivityRecord{ec50a0f u0 com.unitree.doggo2/com.unitree.lib_ble.ui.dog.DogBluetoothActivity t11}}
11-12 16:59:41.500  1451  1501 V WindowManager:   Final targets: [ActivityRecord{7dd11f4 u0 com.unitree.doggo2/com.unitree.lib_ble.ui.bindDog.BindDogActivity t11}, ActivityRecord{ec50a0f u0 com.unitree.doggo2/com.unitree.lib_ble.ui.dog.DogBluetoothActivity t11}]
11-12 16:59:41.502  1451  1501 V WindowManager:         {null m=TO_BACK f=FILLS_TASK|IS_ACTIVITY leash=Surface(name=ActivityRecord{ec50a0f u0 com.unitree.doggo2/com.unitree.lib_ble.ui.dog.DogBluetoothActivity t11})/@0xd500ca0 sb=Rect(0, 0 - 2304, 1440) eb=Rect(0, 0 - 2304, 1440) d=0 inset=Rect(0, 0 - 0, 0)}
11-12 16:59:41.504  2681  2737 V WindowManagerShell: onTransitionReady android.os.BinderProxy@df1bd: {id=32 t=OPEN f=0x0 trk=0 r=[0@Point(0, 0)] c=[{null m=OPEN f=FILLS_TASK|IS_ACTIVITY leash=Surface(name=ActivityRecord{7dd11f4 u0 com.unitree.doggo2/com.unitree.lib_ble.ui.bindDog.BindDogActivity t11})/@0x7afde80 sb=Rect(0, 0 - 0, 0) eb=Rect(0, 0 - 2304, 1440) d=-1->0 r=-1->1:-1 dim=true inset=Rect(0, 0 - 0, 0)},{null m=TO_BACK f=FILLS_TASK|IS_ACTIVITY leash=Surface(name=ActivityRecord{ec50a0f u0 com.unitree.doggo2/com.unitree.lib_ble.ui.dog.DogBluetoothActivity t11})/@0x2acecb9 sb=Rect(0, 0 - 2304, 1440) eb=Rect(0, 0 - 2304, 1440) d=0 inset=Rect(0, 0 - 0, 0)}]}
11-12 16:59:41.505  1451  1497 V WindowManager:         {null m=TO_BACK f=FILLS_TASK|IS_ACTIVITY leash=Surface(name=ActivityRecord{ec50a0f u0 com.unitree.doggo2/com.unitree.lib_ble.ui.dog.DogBluetoothActivity t11})/@0xd500ca0 sb=Rect(0, 0 - 2304, 1440) eb=Rect(0, 0 - 2304, 1440) d=0 inset=Rect(0, 0 - 0, 0)}
11-12 16:59:41.506  2681  2737 V WindowManagerShell: Transition doesn't have explicit remote, search filters for match for {id=32 t=OPEN f=0x0 trk=0 r=[0@Point(0, 0)] c=[{null m=OPEN f=FILLS_TASK|IS_ACTIVITY leash=Surface(name=ActivityRecord{7dd11f4 u0 com.unitree.doggo2/com.unitree.lib_ble.ui.bindDog.BindDogActivity t11})/@0x7afde80 sb=Rect(0, 0 - 0, 0) eb=Rect(0, 0 - 2304, 1440) d=-1->0 r=-1->1:-1 dim=true inset=Rect(0, 0 - 0, 0)},{null m=TO_BACK f=FILLS_TASK|IS_ACTIVITY leash=Surface(name=ActivityRecord{ec50a0f u0 com.unitree.doggo2/com.unitree.lib_ble.ui.dog.DogBluetoothActivity t11})/@0x2acecb9 sb=Rect(0, 0 - 2304, 1440) eb=Rect(0, 0 - 2304, 1440) d=0 inset=Rect(0, 0 - 0, 0)}]}
11-12 16:59:41.507  2681  2737 V WindowManagerShell: start default transition animation, info = {id=32 t=OPEN f=0x0 trk=0 r=[0@Point(0, 0)] c=[{null m=OPEN f=FILLS_TASK|IS_ACTIVITY leash=Surface(name=ActivityRecord{7dd11f4 u0 com.unitree.doggo2/com.unitree.lib_ble.ui.bindDog.BindDogActivity t11})/@0x7afde80 sb=Rect(0, 0 - 0, 0) eb=Rect(0, 0 - 2304, 1440) d=-1->0 r=-1->1:-1 dim=true inset=Rect(0, 0 - 0, 0)},{null m=TO_BACK f=FILLS_TASK|IS_ACTIVITY leash=Surface(name=ActivityRecord{ec50a0f u0 com.unitree.doggo2/com.unitree.lib_ble.ui.dog.DogBluetoothActivity t11})/@0x2acecb9 sb=Rect(0, 0 - 2304, 1440) eb=Rect(0, 0 - 2304, 1440) d=0 inset=Rect(0, 0 - 0, 0)}]}
11-12 16:59:41.651  1451  4576 D CoreBackPreview: Window{cbeae82 u0 com.unitree.doggo2/com.unitree.lib_ble.ui.dog.DogBluetoothActivity}: Setting back callback null
11-12 16:59:41.657  1451  4576 V WindowManager: Remove Window{cbeae82 u0 com.unitree.doggo2/com.unitree.lib_ble.ui.dog.DogBluetoothActivity}: mSurfaceController=Surface(name=com.unitree.doggo2/com.unitree.lib_ble.ui.dog.DogBluetoothActivity$_29002)/@0xe75b8e mAnimatingExit=false mRemoveOnExit=false mHasSurface=true surfaceShowing=true animating=false app-animation=false mDisplayFrozen=false callers=com.android.server.wm.WindowManagerService.removeWindow:2151 com.android.server.wm.Session.remove:257 android.view.IWindowSession$Stub.onTransact:747 com.android.server.wm.Session.onTransact:204 android.os.Binder.execTransactInternal:1380 android.os.Binder.execTransact:1311 
11-12 16:59:41.764  1451  4391 V WindowManager: Setting visibility of Window{cbeae82 u0 com.unitree.doggo2/com.unitree.lib_ble.ui.dog.DogBluetoothActivity EXITING}: false, caller=com.android.server.wm.WindowContainer.sendAppVisibilityToClients:1305 com.android.server.wm.WindowToken.setClientVisible:454 com.android.server.wm.ActivityRecord.setClientVisible:8235 com.android.server.wm.ActivityRecord.postApplyAnimation:6766 com.android.server.wm.ActivityRecord.commitVisibility:6709 
11-12 16:59:41.765  1451  4391 V WindowManager: Setting visibility of Window{814fe21 u0 com.unitree.doggo2/com.unitree.lib_ble.ui.dog.DogBluetoothActivity}: false, caller=com.android.server.wm.WindowContainer.sendAppVisibilityToClients:1305 com.android.server.wm.WindowToken.setClientVisible:454 com.android.server.wm.ActivityRecord.setClientVisible:8235 com.android.server.wm.ActivityRecord.postApplyAnimation:6766 com.android.server.wm.ActivityRecord.commitVisibility:6709 
11-12 16:59:41.766  1451  4391 I WindowManager: Destroying surface Surface(name=com.unitree.doggo2/com.unitree.lib_ble.ui.dog.DogBluetoothActivity$_29002)/@0xe75b8e called by com.android.server.wm.WindowStateAnimator.destroySurface:811 com.android.server.wm.WindowStateAnimator.destroySurfaceLocked:478 com.android.server.wm.WindowState.removeImmediately:2958 com.android.server.wm.WindowState.handleCompleteDeferredRemoval:5797 com.android.server.wm.WindowContainer.handleCompleteDeferredRemoval:1510 com.android.server.wm.ActivityRecord.handleCompleteDeferredRemoval:5229 com.android.server.wm.WindowContainer.handleCompleteDeferredRemoval:1510 com.android.server.wm.TaskFragment.handleCompleteDeferredRemoval:3445 
11-12 16:59:41.789  1451  4391 E WindowManager: win=Window{814fe21 u0 com.unitree.doggo2/com.unitree.lib_ble.ui.dog.DogBluetoothActivity} destroySurfaces: appStopped=true cleanupOnResume=false win.mWindowRemovalAllowed=false win.mRemoveOnExit=false win.mViewVisibility=8 caller=com.android.server.wm.ActivityRecord.destroySurfaces:7033 com.android.server.wm.ActivityRecord.destroySurfaces:7014 com.android.server.wm.ActivityRecord.activityStopped:7747 com.android.server.wm.ActivityClientController.activityStopped:321 android.app.IActivityClientController$Stub.onTransact:702 com.android.server.wm.ActivityClientController.onTransact:186 android.os.Binder.execTransactInternal:1380 
11-12 16:59:41.790  1451  4391 I WindowManager: Destroying surface Surface(name=com.unitree.doggo2/com.unitree.lib_ble.ui.dog.DogBluetoothActivity$_29002)/@0x62a2b45 called by com.android.server.wm.WindowStateAnimator.destroySurface:811 com.android.server.wm.WindowStateAnimator.destroySurfaceLocked:478 com.android.server.wm.WindowState.destroySurfaceUnchecked:4219 com.android.server.wm.WindowState.destroySurface:4193 com.android.server.wm.ActivityRecord.destroySurfaces:7033 com.android.server.wm.ActivityRecord.destroySurfaces:7014 com.android.server.wm.ActivityRecord.activityStopped:7747 com.android.server.wm.ActivityClientController.activityStopped:321 
11-12 17:01:01.892  1451  2636 I BluetoothDeviceBatteryManager: action: android.bluetooth.device.action.ACL_DISCONNECTED
11-12 17:01:01.912  1451  2636 I BluetoothDeviceBatteryManager: # Alias(Go2_25156) / Address(782288_0)
11-12 17:01:01.919  1451  2636 I BluetoothDeviceBatteryManager: # BatteryLevel : -1
11-12 17:02:04.441   497   497 D io_stats: !@ Read_top(KB): droid.bluetooth(3146) 32 hbox:interactor(3684) 4 id.gms.unstable(28882) 4
11-12 17:02:12.223  1451  1519 D BatteryExternalStatsWorker: Fetch Bluetooth data
11-12 17:02:12.316  1451  1519 D BatteryExternalStatsWorker: Update bluetooth state
11-12 17:03:36.476   497   497 D io_stats: !@ Read_top(KB): kworker/u16:1(18537) 40 droid.bluetooth(3146) 4
11-12 17:03:42.123  1451  1519 D BatteryExternalStatsWorker: Fetch Bluetooth data
11-12 17:03:42.135  1451  1519 D BatteryExternalStatsWorker: Update bluetooth state
11-12 17:07:28.422  1451  3451 V WindowManager: Collecting in transition 48: ActivityRecord{ec50a0f u0 com.unitree.doggo2/com.unitree.lib_ble.ui.dog.DogBluetoothActivity t11}, caller=com.android.server.wm.Transition.collect:753 com.android.server.wm.TransitionController.collect:975 com.android.server.wm.ActivityRecord.setVisibility:6429 com.android.server.wm.ActivityRecord.setVisibility:6381 com.android.server.wm.TaskFragment.resumeTopActivity:1741 
11-12 17:07:28.423  1451  3451 D WindowManager: prepareSync <SYNC_STATE_WAITING_FOR_DRAW>, mPrepareSyncSeqId=0, win=Window{814fe21 u0 com.unitree.doggo2/com.unitree.lib_ble.ui.dog.DogBluetoothActivity}
11-12 17:07:28.423  1451  3451 V WindowManager: Setting visibility of Window{814fe21 u0 com.unitree.doggo2/com.unitree.lib_ble.ui.dog.DogBluetoothActivity}: true, caller=com.android.server.wm.WindowContainer.sendAppVisibilityToClients:1305 com.android.server.wm.WindowToken.setClientVisible:454 com.android.server.wm.ActivityRecord.setClientVisible:8235 com.android.server.wm.ActivityRecord.setVisibility:6532 com.android.server.wm.ActivityRecord.setVisibility:6381 
11-12 17:07:28.425  1451  3451 D ActivityTaskManager: scheduleTopResumedActivityChanged, onTop=true, r=ActivityRecord{ec50a0f u0 com.unitree.doggo2/com.unitree.lib_ble.ui.dog.DogBluetoothActivity t11}, caller=com.android.server.wm.ActivityTaskSupervisor.scheduleTopResumedActivityStateIfNeeded:2904 com.android.server.wm.ActivityTaskSupervisor.updateTopResumedActivityIfNeeded:2896 com.android.server.wm.TaskFragment.setResumedActivity:580 com.android.server.wm.TaskFragment.onActivityStateChanged:904 com.android.server.wm.ActivityRecord.setState:6892 com.android.server.wm.TaskFragment.resumeTopActivity:1756 
11-12 17:07:28.425  1451  3451 D WindowManager: rotationForOrientation, orientationSource=ActivityRecord{ec50a0f u0 com.unitree.doggo2/com.unitree.lib_ble.ui.dog.DogBluetoothActivity t11}
11-12 17:07:28.426  1451  3451 V WindowManager: Collecting in transition 48: ActivityRecord{ec50a0f u0 com.unitree.doggo2/com.unitree.lib_ble.ui.dog.DogBluetoothActivity t11}, caller=com.android.server.wm.Transition.collect:753 com.android.server.wm.TransitionController.collect:975 com.android.server.wm.ActivityRecord.setVisibility:6429 com.android.server.wm.ActivityRecord.setVisibility:6381 com.android.server.wm.ActivityRecord.completeResumeLocked:7499 
11-12 17:07:28.427  1451  3451 D WindowManagerServiceExt: notifyOccludeChangeNotice: cn=ComponentInfo{com.unitree.doggo2/com.unitree.lib_ble.ui.dog.DogBluetoothActivity} occludesParent=true isInSplitScreenMode=false styleFloating=false caller=com.android.server.wm.ActivityRecord.completeResumeLocked:7556 com.android.server.wm.TaskFragment.resumeTopActivity:1876 com.android.server.wm.TaskFragment.resumeTopActivity:1387 com.android.server.wm.Task.resumeTopActivityInnerLocked:6560 com.android.server.wm.Task.resumeTopActivityUncheckedLocked:6447 
11-12 17:07:28.428  1451  3451 D WindowManager: SyncGroup 48:  Unfinished container: ActivityRecord{ec50a0f u0 com.unitree.doggo2/com.unitree.lib_ble.ui.dog.DogBluetoothActivity t11} mSyncState=2
11-12 17:07:28.431  1451  3451 D WindowManager: SyncGroup 48:  Unfinished container: ActivityRecord{ec50a0f u0 com.unitree.doggo2/com.unitree.lib_ble.ui.dog.DogBluetoothActivity t11} mSyncState=2
11-12 17:07:28.437  1451  3451 D WindowManager: makeSurface duration=1 name=com.unitree.doggo2/com.unitree.lib_ble.ui.dog.DogBluetoothActivity$_29002
11-12 17:07:28.438  1451  3451 D WindowManager: SyncGroup 48:  Unfinished container: ActivityRecord{ec50a0f u0 com.unitree.doggo2/com.unitree.lib_ble.ui.dog.DogBluetoothActivity t11} mSyncState=2
11-12 17:07:28.439  1451  3451 V WindowManager: Changing focus from null to Window{814fe21 u0 com.unitree.doggo2/com.unitree.lib_ble.ui.dog.DogBluetoothActivity} displayId=0 Callers=com.android.server.wm.RootWindowContainer.updateFocusedWindowLocked:581 com.android.server.wm.WindowManagerService.updateFocusedWindowLocked:6910 com.android.server.wm.WindowManagerService.relayoutWindow:2777 com.android.server.wm.Session.relayout:282 
11-12 17:07:28.440  1451  3451 D InsetsSourceProvider: updateControlForTarget: control=InsetsSourceControl: {30640000 mType=statusBars mSurfacePosition=Point(0, 0) mInsetsHint=Insets{left=0, top=42, right=0, bottom=0}}, target=Window{814fe21 u0 com.unitree.doggo2/com.unitree.lib_ble.ui.dog.DogBluetoothActivity}, from=com.android.server.wm.InsetsStateController.onControlTargetChanged:363 com.android.server.wm.InsetsStateController.onBarControlTargetChanged:329 com.android.server.wm.InsetsPolicy.updateBarControlTarget:173 com.android.server.wm.InsetsPolicy.updateSystemBars:843 com.android.server.wm.DisplayPolicy.updateSystemBarsLw:3484 
11-12 17:07:28.440  1451  3451 D InsetsSourceProvider: updateControlForTarget: control=InsetsSourceControl: {f30b0001 mType=navigationBars mSurfacePosition=Point(0, 1356) mInsetsHint=Insets{left=0, top=0, right=0, bottom=84}}, target=Window{814fe21 u0 com.unitree.doggo2/com.unitree.lib_ble.ui.dog.DogBluetoothActivity}, from=com.android.server.wm.InsetsStateController.onControlTargetChanged:363 com.android.server.wm.InsetsStateController.onBarControlTargetChanged:332 com.android.server.wm.InsetsPolicy.updateBarControlTarget:173 com.android.server.wm.InsetsPolicy.updateSystemBars:843 com.android.server.wm.DisplayPolicy.updateSystemBarsLw:3484 
11-12 17:07:28.441  1451  3451 V SystemKeyManager: updateFocusedWindow() is called, com.unitree.doggo2/com.unitree.lib_ble.ui.dog.DogBluetoothActivity
11-12 17:07:28.443 29002 29002 I SurfaceSyncGroup: addLocalSync=ViewRootImpl@ae9bac2[DogBluetoothActivity]#5 to name=wmsSync-ViewRootImpl@ae9bac2[DogBluetoothActivity]#4, callers=android.window.SurfaceSyncGroup.add:431 android.window.SurfaceSyncGroup.add:392 android.window.SurfaceSyncGroup.add:340 android.view.ViewRootImpl.createSyncIfNeeded:4912 android.view.ViewRootImpl.performTraversals:4796 android.view.ViewRootImpl.doTraversal:3345 
11-12 17:07:28.452 29002 29087 I SurfaceSyncGroup: onTransactionReady mName=wmsSync-ViewRootImpl@ae9bac2[DogBluetoothActivity]#4 callback=8849924
11-12 17:07:28.453  1451  3451 D WindowManager: finishDrawingWindow: Window{814fe21 u0 com.unitree.doggo2/com.unitree.lib_ble.ui.dog.DogBluetoothActivity} mDrawState=DRAW_PENDING seqId=0
11-12 17:07:28.456  1451  1501 V WindowManager: performShowLocked: mDrawState=HAS_DRAWN in Window{814fe21 u0 com.unitree.doggo2/com.unitree.lib_ble.ui.dog.DogBluetoothActivity}
11-12 17:07:28.456  1451  1501 V WindowManager: Start calculating TransitionInfo based on participants: {ActivityRecord{80814b2 u0 com.unitree.doggo2/com.unitree.lib_ble.ui.netConfiguration.NetConfigurationActivity t11 f}}, ActivityRecord{ec50a0f u0 com.unitree.doggo2/com.unitree.lib_ble.ui.dog.DogBluetoothActivity t11}}
11-12 17:07:28.456  1451  1501 V WindowManager:   Final targets: [ActivityRecord{80814b2 u0 com.unitree.doggo2/com.unitree.lib_ble.ui.netConfiguration.NetConfigurationActivity t11 f}}, ActivityRecord{ec50a0f u0 com.unitree.doggo2/com.unitree.lib_ble.ui.dog.DogBluetoothActivity t11}]
11-12 17:07:28.459  1451  1501 V WindowManager:         {null m=TO_FRONT f=FILLS_TASK|IS_ACTIVITY leash=Surface(name=ActivityRecord{ec50a0f u0 com.unitree.doggo2/com.unitree.lib_ble.ui.dog.DogBluetoothActivity t11})/@0xd500ca0 sb=Rect(0, 0 - 2304, 1440) eb=Rect(0, 0 - 2304, 1440) d=0 inset=Rect(0, 0 - 0, 0)}
11-12 17:07:28.462  1451  1497 V WindowManager:         {null m=TO_FRONT f=FILLS_TASK|IS_ACTIVITY leash=Surface(name=ActivityRecord{ec50a0f u0 com.unitree.doggo2/com.unitree.lib_ble.ui.dog.DogBluetoothActivity t11})/@0xd500ca0 sb=Rect(0, 0 - 2304, 1440) eb=Rect(0, 0 - 2304, 1440) d=0 inset=Rect(0, 0 - 0, 0)}
11-12 17:07:28.463  2681  2737 V WindowManagerShell: onTransitionReady android.os.BinderProxy@399ecd9: {id=48 t=CLOSE f=0x0 trk=0 r=[0@Point(0, 0)] c=[{null m=CLOSE f=FILLS_TASK|IS_ACTIVITY leash=Surface(name=ActivityRecord{80814b2 u0 com.unitree.doggo2/com.unitree.lib_ble.ui.netConfiguration.NetConfigurationActivity t11})/@0x78a269e sb=Rect(0, 0 - 2304, 1440) eb=Rect(0, 0 - 2304, 1440) d=0 inset=Rect(0, 0 - 0, 0)},{null m=TO_FRONT f=FILLS_TASK|IS_ACTIVITY leash=Surface(name=ActivityRecord{ec50a0f u0 com.unitree.doggo2/com.unitree.lib_ble.ui.dog.DogBluetoothActivity t11})/@0x9cac57f sb=Rect(0, 0 - 2304, 1440) eb=Rect(0, 0 - 2304, 1440) d=0 inset=Rect(0, 0 - 0, 0)}]}
11-12 17:07:28.466  2681  2737 V WindowManagerShell: Transition doesn't have explicit remote, search filters for match for {id=48 t=CLOSE f=0x0 trk=0 r=[0@Point(0, 0)] c=[{null m=CLOSE f=FILLS_TASK|IS_ACTIVITY leash=Surface(name=ActivityRecord{80814b2 u0 com.unitree.doggo2/com.unitree.lib_ble.ui.netConfiguration.NetConfigurationActivity t11})/@0x78a269e sb=Rect(0, 0 - 2304, 1440) eb=Rect(0, 0 - 2304, 1440) d=0 inset=Rect(0, 0 - 0, 0)},{null m=TO_FRONT f=FILLS_TASK|IS_ACTIVITY leash=Surface(name=ActivityRecord{ec50a0f u0 com.unitree.doggo2/com.unitree.lib_ble.ui.dog.DogBluetoothActivity t11})/@0x9cac57f sb=Rect(0, 0 - 2304, 1440) eb=Rect(0, 0 - 2304, 1440) d=0 inset=Rect(0, 0 - 0, 0)}]}
11-12 17:07:28.466  2681  2737 V WindowManagerShell: start default transition animation, info = {id=48 t=CLOSE f=0x0 trk=0 r=[0@Point(0, 0)] c=[{null m=CLOSE f=FILLS_TASK|IS_ACTIVITY leash=Surface(name=ActivityRecord{80814b2 u0 com.unitree.doggo2/com.unitree.lib_ble.ui.netConfiguration.NetConfigurationActivity t11})/@0x78a269e sb=Rect(0, 0 - 2304, 1440) eb=Rect(0, 0 - 2304, 1440) d=0 inset=Rect(0, 0 - 0, 0)},{null m=TO_FRONT f=FILLS_TASK|IS_ACTIVITY leash=Surface(name=ActivityRecord{ec50a0f u0 com.unitree.doggo2/com.unitree.lib_ble.ui.dog.DogBluetoothActivity t11})/@0x9cac57f sb=Rect(0, 0 - 2304, 1440) eb=Rect(0, 0 - 2304, 1440) d=0 inset=Rect(0, 0 - 0, 0)}]}
11-12 17:07:28.499  1451  3451 D InsetsSourceProvider: updateControlForTarget: control=InsetsSourceControl: {3 mType=ime mSurfacePosition=Point(0, 42) mInsetsHint=Insets{left=0, top=0, right=0, bottom=669}}, target=Window{814fe21 u0 com.unitree.doggo2/com.unitree.lib_ble.ui.dog.DogBluetoothActivity}, from=com.android.server.wm.ImeInsetsSourceProvider.updateControlForTarget:165 com.android.server.wm.InsetsStateController.onControlTargetChanged:363 com.android.server.wm.InsetsStateController.onImeControlTargetChanged:307 com.android.server.wm.DisplayContent.updateImeControlTarget:5763 com.android.server.wm.DisplayContent.updateImeInputAndControlTarget:5723 
11-12 17:07:29.741  1451  3451 V WindowManager: Collecting in transition 49: ActivityRecord{ec50a0f u0 com.unitree.doggo2/com.unitree.lib_ble.ui.dog.DogBluetoothActivity t11 f}}, caller=com.android.server.wm.Transition.collect:753 com.android.server.wm.Transition.collectExistenceChange:936 com.android.server.wm.TransitionController.collectExistenceChange:1025 com.android.server.wm.TransitionController.requestCloseTransitionIfNeeded:963 com.android.server.wm.ActivityRecord.finishIfPossible:4361 
