11-14 07:32:07.550  1451  4391 D WifiNative: Pno scan result event
11-14 07:32:07.550  2676  2676 I wpa_supplicant: 0: FC.5C.45.**.**.F0 freq=5785 level=-60 snr=32 cu=6% est_throughput=162001 est_throughput_cu=162001
11-14 07:32:07.550  2676  2676 I wpa_supplicant:    selected current  FC.5C.45.**.**.F0 ssid='InteliRobo' all_bssids_have_cu=1, preferred_6g_bssids_exist=0, all_preferred_6g_bssids_have_cu=1
11-14 07:37:07.898  2676  2676 I wpa_supplicant: Heartbeat 689
11-14 07:37:07.898  2676  2676 I wpa_supplicant: nl80211: Drv Event 77 (NL80211_CMD_SCHED_SCAN_RESULTS) received for wlan0
11-14 07:37:07.898  2676  2676 I wpa_supplicant: wlan0: nl80211: New sched scan results available
11-14 07:37:07.899  2676  2676 I wpa_supplicant: 0: FC.5C.45.**.**.F0 freq=5785 level=-60 snr=32 cu=6% est_throughput=162001 est_throughput_cu=162001
11-14 07:37:07.900  2676  2676 I wpa_supplicant:    selected current  FC.5C.45.**.**.F0 ssid='InteliRobo' all_bssids_have_cu=1, preferred_6g_bssids_exist=0, all_preferred_6g_bssids_have_cu=1
11-14 07:37:07.902  1451  4337 D WifiNative: Pno scan result event
11-14 07:42:07.753  2676  2676 I wpa_supplicant: Heartbeat 690
11-14 07:42:07.754  2676  2676 I wpa_supplicant: nl80211: Drv Event 77 (NL80211_CMD_SCHED_SCAN_RESULTS) received for wlan0
11-14 07:42:07.754  2676  2676 I wpa_supplicant: wlan0: nl80211: New sched scan results available
11-14 07:42:07.757  2676  2676 I wpa_supplicant: 0: FC.5C.45.**.**.F0 freq=5785 level=-60 snr=32 cu=6% est_throughput=162001 est_throughput_cu=162001
11-14 07:42:07.757  1451  4217 D WifiNative: Pno scan result event
11-14 07:42:07.757  2676  2676 I wpa_supplicant:    selected current  FC.5C.45.**.**.F0 ssid='InteliRobo' all_bssids_have_cu=1, preferred_6g_bssids_exist=0, all_preferred_6g_bssids_have_cu=1
11-14 07:45:14.162  2676  2676 I wpa_supplicant: Heartbeat 691
11-14 07:45:14.162  2676  2676 I wpa_supplicant: nl80211: Drv Event 33 (NL80211_CMD_TRIGGER_SCAN) received for wlan0
11-14 07:45:14.162  2676  2676 I wpa_supplicant: wlan0: nl80211: Scan trigger
11-14 07:45:15.934  2676  2676 I wpa_supplicant: nl80211: Drv Event 34 (NL80211_CMD_NEW_SCAN_RESULTS) received for wlan0
11-14 07:45:15.934  2676  2676 I wpa_supplicant: wlan0: nl80211: New scan results available
11-14 07:45:15.934  2676  2676 I wpa_supplicant: nl80211: Scan probed for SSID ''
11-14 07:45:15.934  2676  2676 I wpa_supplicant: nl80211: Scan included frequencies: 2412 2417 2422 2427 2432 2437 2442 2447 2452 2457 2462 2467 2472 5180 5200 5220 5240 5745 5765 5785 5805 5825
11-14 07:45:15.937  1451  2714 D WifiNative: Scan result ready event
11-14 07:45:24.167  2676  2676 I wpa_supplicant: Heartbeat 692
11-14 07:45:34.177  2676  2676 I wpa_supplicant: Heartbeat 693
11-14 07:45:44.187  2676  2676 I wpa_supplicant: Heartbeat 694
11-14 07:46:25.892  2676  2676 I wpa_supplicant: Heartbeat 695
11-14 07:47:07.968  2676  2676 I wpa_supplicant: Heartbeat 696
11-14 07:47:07.968  2676  2676 I wpa_supplicant: nl80211: Drv Event 77 (NL80211_CMD_SCHED_SCAN_RESULTS) received for wlan0
11-14 07:47:07.968  2676  2676 I wpa_supplicant: wlan0: nl80211: New sched scan results available
11-14 07:47:07.969  1451  4387 D WifiNative: Pno scan result event
11-14 07:47:07.970  2676  2676 I wpa_supplicant: 0: FC.5C.45.**.**.F0 freq=5785 level=-49 snr=43 cu=6% est_throughput=180001 est_throughput_cu=180001
11-14 07:47:07.971  2676  2676 I wpa_supplicant:    selected current  FC.5C.45.**.**.F0 ssid='InteliRobo' all_bssids_have_cu=1, preferred_6g_bssids_exist=0, all_preferred_6g_bssids_have_cu=1
11-14 07:49:28.867  2676  2676 I wpa_supplicant: Heartbeat 697
11-14 07:52:07.870  2676  2676 I wpa_supplicant: Heartbeat 698
11-14 07:52:07.870  2676  2676 I wpa_supplicant: nl80211: Drv Event 77 (NL80211_CMD_SCHED_SCAN_RESULTS) received for wlan0
11-14 07:52:07.870  2676  2676 I wpa_supplicant: wlan0: nl80211: New sched scan results available
11-14 07:52:07.871  2676  2676 I wpa_supplicant: 0: FC.5C.45.**.**.F0 freq=5785 level=-49 snr=43 cu=6% est_throughput=180001 est_throughput_cu=180001
11-14 07:52:07.871  2676  2676 I wpa_supplicant:    selected current  FC.5C.45.**.**.F0 ssid='InteliRobo' all_bssids_have_cu=1, preferred_6g_bssids_exist=0, all_preferred_6g_bssids_have_cu=1
11-14 07:52:07.871  1451  1468 D WifiNative: Pno scan result event
11-14 07:57:08.024  2676  2676 I wpa_supplicant: Heartbeat 699
11-14 07:57:08.024  2676  2676 I wpa_supplicant: nl80211: Drv Event 77 (NL80211_CMD_SCHED_SCAN_RESULTS) received for wlan0
11-14 07:57:08.024  2676  2676 I wpa_supplicant: wlan0: nl80211: New sched scan results available
11-14 07:57:08.025  1451  1468 D WifiNative: Pno scan result event
11-14 07:57:08.025  2676  2676 I wpa_supplicant: 0: FC.5C.45.**.**.F0 freq=5785 level=-49 snr=43 cu=6% est_throughput=180001 est_throughput_cu=180001
11-14 07:57:08.026  2676  2676 I wpa_supplicant:    selected current  FC.5C.45.**.**.F0 ssid='InteliRobo' all_bssids_have_cu=1, preferred_6g_bssids_exist=0, all_preferred_6g_bssids_have_cu=1
11-14 08:02:07.896  2676  2676 I wpa_supplicant: Heartbeat 700
11-14 08:02:07.897  2676  2676 I wpa_supplicant: nl80211: Drv Event 77 (NL80211_CMD_SCHED_SCAN_RESULTS) received for wlan0
11-14 08:02:07.897  2676  2676 I wpa_supplicant: wlan0: nl80211: New sched scan results available
11-14 08:02:07.897  1451  1468 D WifiNative: Pno scan result event
11-14 08:02:07.899  2676  2676 I wpa_supplicant: 0: FC.5C.45.**.**.F0 freq=5785 level=-49 snr=43 cu=6% est_throughput=180001 est_throughput_cu=180001
11-14 08:02:07.899  2676  2676 I wpa_supplicant:    selected current  FC.5C.45.**.**.F0 ssid='InteliRobo' all_bssids_have_cu=1, preferred_6g_bssids_exist=0, all_preferred_6g_bssids_have_cu=1
11-14 08:07:07.980  2676  2676 I wpa_supplicant: Heartbeat 701
11-14 08:07:07.980  2676  2676 I wpa_supplicant: nl80211: Drv Event 77 (NL80211_CMD_SCHED_SCAN_RESULTS) received for wlan0
11-14 08:07:07.981  2676  2676 I wpa_supplicant: wlan0: nl80211: New sched scan results available
11-14 08:07:07.981  1451  1468 D WifiNative: Pno scan result event
11-14 08:07:07.982  2676  2676 I wpa_supplicant: 0: FC.5C.45.**.**.F0 freq=5785 level=-49 snr=43 cu=6% est_throughput=180001 est_throughput_cu=180001
11-14 08:07:07.983  2676  2676 I wpa_supplicant:    selected current  FC.5C.45.**.**.F0 ssid='InteliRobo' all_bssids_have_cu=1, preferred_6g_bssids_exist=0, all_preferred_6g_bssids_have_cu=1
11-14 08:12:07.918  2676  2676 I wpa_supplicant: Heartbeat 702
11-14 08:12:07.918  2676  2676 I wpa_supplicant: nl80211: Drv Event 77 (NL80211_CMD_SCHED_SCAN_RESULTS) received for wlan0
11-14 08:12:07.918  2676  2676 I wpa_supplicant: wlan0: nl80211: New sched scan results available
11-14 08:12:07.919  1451  1468 D WifiNative: Pno scan result event
11-14 08:12:07.919  2676  2676 I wpa_supplicant: 0: FC.5C.45.**.**.F0 freq=5785 level=-49 snr=43 cu=6% est_throughput=180001 est_throughput_cu=180001
11-14 08:12:07.920  2676  2676 I wpa_supplicant:    selected current  FC.5C.45.**.**.F0 ssid='InteliRobo' all_bssids_have_cu=1, preferred_6g_bssids_exist=0, all_preferred_6g_bssids_have_cu=1
11-14 08:17:08.086  1451  1468 D WifiNative: Pno scan result event
11-14 08:17:08.087  2676  2676 I wpa_supplicant: Heartbeat 703
11-14 08:17:08.087  2676  2676 I wpa_supplicant: nl80211: Drv Event 77 (NL80211_CMD_SCHED_SCAN_RESULTS) received for wlan0
11-14 08:17:08.087  2676  2676 I wpa_supplicant: wlan0: nl80211: New sched scan results available
11-14 08:17:08.090  2676  2676 I wpa_supplicant: 0: FC.5C.45.**.**.F0 freq=5785 level=-49 snr=43 cu=6% est_throughput=180001 est_throughput_cu=180001
11-14 08:17:08.090  2676  2676 I wpa_supplicant:    selected current  FC.5C.45.**.**.F0 ssid='InteliRobo' all_bssids_have_cu=1, preferred_6g_bssids_exist=0, all_preferred_6g_bssids_have_cu=1
11-14 08:22:08.116  2676  2676 I wpa_supplicant: Heartbeat 704
11-14 08:22:08.116  2676  2676 I wpa_supplicant: nl80211: Drv Event 77 (NL80211_CMD_SCHED_SCAN_RESULTS) received for wlan0
11-14 08:22:08.116  2676  2676 I wpa_supplicant: wlan0: nl80211: New sched scan results available
11-14 08:22:08.117  1451  1468 D WifiNative: Pno scan result event
11-14 08:22:08.118  2676  2676 I wpa_supplicant: 0: FC.5C.45.**.**.F0 freq=5785 level=-49 snr=43 cu=6% est_throughput=180001 est_throughput_cu=180001
11-14 08:22:08.119  2676  2676 I wpa_supplicant:    selected current  FC.5C.45.**.**.F0 ssid='InteliRobo' all_bssids_have_cu=1, preferred_6g_bssids_exist=0, all_preferred_6g_bssids_have_cu=1
11-14 08:27:08.159  2676  2676 I wpa_supplicant: Heartbeat 705
11-14 08:27:08.160  2676  2676 I wpa_supplicant: nl80211: Drv Event 77 (NL80211_CMD_SCHED_SCAN_RESULTS) received for wlan0
11-14 08:27:08.160  2676  2676 I wpa_supplicant: wlan0: nl80211: New sched scan results available
11-14 08:27:08.161  2676  2676 I wpa_supplicant: 0: FC.5C.45.**.**.F0 freq=5785 level=-49 snr=43 cu=6% est_throughput=180001 est_throughput_cu=180001
11-14 08:27:08.161  2676  2676 I wpa_supplicant:    selected current  FC.5C.45.**.**.F0 ssid='InteliRobo' all_bssids_have_cu=1, preferred_6g_bssids_exist=0, all_preferred_6g_bssids_have_cu=1
11-14 08:27:08.166  1451  4387 D WifiNative: Pno scan result event
11-14 08:32:08.179  2676  2676 I wpa_supplicant: Heartbeat 706
11-14 08:32:08.179  2676  2676 I wpa_supplicant: nl80211: Drv Event 77 (NL80211_CMD_SCHED_SCAN_RESULTS) received for wlan0
11-14 08:32:08.179  2676  2676 I wpa_supplicant: wlan0: nl80211: New sched scan results available
11-14 08:32:08.180  1451  4576 D WifiNative: Pno scan result event
11-14 08:32:08.180  2676  2676 I wpa_supplicant: 0: FC.5C.45.**.**.F0 freq=5785 level=-49 snr=43 cu=6% est_throughput=180001 est_throughput_cu=180001
11-14 08:32:08.181  2676  2676 I wpa_supplicant:    selected current  FC.5C.45.**.**.F0 ssid='InteliRobo' all_bssids_have_cu=1, preferred_6g_bssids_exist=0, all_preferred_6g_bssids_have_cu=1
11-14 08:37:08.260  1451  4114 D WifiNative: Pno scan result event
11-14 08:37:08.260  2676  2676 I wpa_supplicant: Heartbeat 707
11-14 08:37:08.260  2676  2676 I wpa_supplicant: nl80211: Drv Event 77 (NL80211_CMD_SCHED_SCAN_RESULTS) received for wlan0
11-14 08:37:08.261  2676  2676 I wpa_supplicant: wlan0: nl80211: New sched scan results available
11-14 08:37:08.262  2676  2676 I wpa_supplicant: 0: FC.5C.45.**.**.F0 freq=5785 level=-49 snr=43 cu=6% est_throughput=180001 est_throughput_cu=180001
11-14 08:37:08.262  2676  2676 I wpa_supplicant:    selected current  FC.5C.45.**.**.F0 ssid='InteliRobo' all_bssids_have_cu=1, preferred_6g_bssids_exist=0, all_preferred_6g_bssids_have_cu=1
11-14 08:42:08.282  1451  4387 D WifiNative: Pno scan result event
11-14 08:42:08.282  2676  2676 I wpa_supplicant: Heartbeat 708
11-14 08:42:08.282  2676  2676 I wpa_supplicant: nl80211: Drv Event 77 (NL80211_CMD_SCHED_SCAN_RESULTS) received for wlan0
11-14 08:42:08.282  2676  2676 I wpa_supplicant: wlan0: nl80211: New sched scan results available
11-14 08:42:08.284  2676  2676 I wpa_supplicant: 0: FC.5C.45.**.**.F0 freq=5785 level=-49 snr=43 cu=6% est_throughput=180001 est_throughput_cu=180001
11-14 08:42:08.284  2676  2676 I wpa_supplicant:    selected current  FC.5C.45.**.**.F0 ssid='InteliRobo' all_bssids_have_cu=1, preferred_6g_bssids_exist=0, all_preferred_6g_bssids_have_cu=1
11-14 08:47:08.153  2676  2676 I wpa_supplicant: Heartbeat 709
11-14 08:47:08.154  2676  2676 I wpa_supplicant: nl80211: Drv Event 77 (NL80211_CMD_SCHED_SCAN_RESULTS) received for wlan0
11-14 08:47:08.154  2676  2676 I wpa_supplicant: wlan0: nl80211: New sched scan results available
11-14 08:47:08.154  1451  4114 D WifiNative: Pno scan result event
11-14 08:47:08.155  2676  2676 I wpa_supplicant: 0: FC.5C.45.**.**.F0 freq=5785 level=-49 snr=43 cu=6% est_throughput=180001 est_throughput_cu=180001
11-14 08:47:08.155  2676  2676 I wpa_supplicant:    selected current  FC.5C.45.**.**.F0 ssid='InteliRobo' all_bssids_have_cu=1, preferred_6g_bssids_exist=0, all_preferred_6g_bssids_have_cu=1
11-14 08:52:08.225  2676  2676 I wpa_supplicant: Heartbeat 710
11-14 08:52:08.225  2676  2676 I wpa_supplicant: nl80211: Drv Event 77 (NL80211_CMD_SCHED_SCAN_RESULTS) received for wlan0
11-14 08:52:08.225  2676  2676 I wpa_supplicant: wlan0: nl80211: New sched scan results available
11-14 08:52:08.226  1451  4114 D WifiNative: Pno scan result event
11-14 08:52:08.227  2676  2676 I wpa_supplicant: 0: FC.5C.45.**.**.F0 freq=5785 level=-49 snr=43 cu=6% est_throughput=180001 est_throughput_cu=180001
11-14 08:52:08.228  2676  2676 I wpa_supplicant:    selected current  FC.5C.45.**.**.F0 ssid='InteliRobo' all_bssids_have_cu=1, preferred_6g_bssids_exist=0, all_preferred_6g_bssids_have_cu=1
11-14 08:57:08.337  2676  2676 I wpa_supplicant: Heartbeat 711
11-14 08:57:08.337  2676  2676 I wpa_supplicant: nl80211: Drv Event 77 (NL80211_CMD_SCHED_SCAN_RESULTS) received for wlan0
11-14 08:57:08.337  2676  2676 I wpa_supplicant: wlan0: nl80211: New sched scan results available
11-14 08:57:08.339  1451  4387 D WifiNative: Pno scan result event
11-14 08:57:08.339  2676  2676 I wpa_supplicant: 0: FC.5C.45.**.**.F0 freq=5785 level=-49 snr=43 cu=6% est_throughput=180001 est_throughput_cu=180001
11-14 08:57:08.340  2676  2676 I wpa_supplicant:    selected current  FC.5C.45.**.**.F0 ssid='InteliRobo' all_bssids_have_cu=1, preferred_6g_bssids_exist=0, all_preferred_6g_bssids_have_cu=1
11-14 09:02:08.382  2676  2676 I wpa_supplicant: Heartbeat 712
11-14 09:02:08.382  2676  2676 I wpa_supplicant: nl80211: Drv Event 77 (NL80211_CMD_SCHED_SCAN_RESULTS) received for wlan0
11-14 09:02:08.382  2676  2676 I wpa_supplicant: wlan0: nl80211: New sched scan results available
11-14 09:02:08.383  1451  4387 D WifiNative: Pno scan result event
11-14 09:02:08.384  2676  2676 I wpa_supplicant: 0: FC.5C.45.**.**.F0 freq=5785 level=-49 snr=43 cu=6% est_throughput=180001 est_throughput_cu=180001
11-14 09:02:08.384  2676  2676 I wpa_supplicant:    selected current  FC.5C.45.**.**.F0 ssid='InteliRobo' all_bssids_have_cu=1, preferred_6g_bssids_exist=0, all_preferred_6g_bssids_have_cu=1
11-14 09:07:08.512  2676  2676 I wpa_supplicant: Heartbeat 713
11-14 09:07:08.512  2676  2676 I wpa_supplicant: nl80211: Drv Event 77 (NL80211_CMD_SCHED_SCAN_RESULTS) received for wlan0
11-14 09:07:08.512  2676  2676 I wpa_supplicant: wlan0: nl80211: New sched scan results available
11-14 09:07:08.513  1451  4114 D WifiNative: Pno scan result event
11-14 09:07:08.514  2676  2676 I wpa_supplicant: 0: FC.5C.45.**.**.F0 freq=5785 level=-49 snr=43 cu=6% est_throughput=180001 est_throughput_cu=180001
11-14 09:07:08.514  2676  2676 I wpa_supplicant:    selected current  FC.5C.45.**.**.F0 ssid='InteliRobo' all_bssids_have_cu=1, preferred_6g_bssids_exist=0, all_preferred_6g_bssids_have_cu=1
11-14 09:12:08.414  2676  2676 I wpa_supplicant: Heartbeat 714
11-14 09:12:08.414  2676  2676 I wpa_supplicant: nl80211: Drv Event 77 (NL80211_CMD_SCHED_SCAN_RESULTS) received for wlan0
11-14 09:12:08.414  2676  2676 I wpa_supplicant: wlan0: nl80211: New sched scan results available
11-14 09:12:08.415  1451  4114 D WifiNative: Pno scan result event
11-14 09:12:08.416  2676  2676 I wpa_supplicant: 0: FC.5C.45.**.**.F0 freq=5785 level=-49 snr=43 cu=6% est_throughput=180001 est_throughput_cu=180001
11-14 09:12:08.416  2676  2676 I wpa_supplicant:    selected current  FC.5C.45.**.**.F0 ssid='InteliRobo' all_bssids_have_cu=1, preferred_6g_bssids_exist=0, all_preferred_6g_bssids_have_cu=1
11-14 09:17:08.391  2676  2676 I wpa_supplicant: Heartbeat 715
11-14 09:17:08.392  2676  2676 I wpa_supplicant: nl80211: Drv Event 77 (NL80211_CMD_SCHED_SCAN_RESULTS) received for wlan0
11-14 09:17:08.392  2676  2676 I wpa_supplicant: wlan0: nl80211: New sched scan results available
11-14 09:17:08.392  2676  2676 I wpa_supplicant: 0: FC.5C.45.**.**.F0 freq=5785 level=-49 snr=43 cu=6% est_throughput=180001 est_throughput_cu=180001
11-14 09:17:08.393  2676  2676 I wpa_supplicant:    selected current  FC.5C.45.**.**.F0 ssid='InteliRobo' all_bssids_have_cu=1, preferred_6g_bssids_exist=0, all_preferred_6g_bssids_have_cu=1
11-14 09:17:08.393  1451  4114 D WifiNative: Pno scan result event
11-14 09:22:08.653  2676  2676 I wpa_supplicant: Heartbeat 716
11-14 09:22:08.653  2676  2676 I wpa_supplicant: nl80211: Drv Event 77 (NL80211_CMD_SCHED_SCAN_RESULTS) received for wlan0
11-14 09:22:08.653  2676  2676 I wpa_supplicant: wlan0: nl80211: New sched scan results available
11-14 09:22:08.654  1451  4114 D WifiNative: Pno scan result event
11-14 09:22:08.655  2676  2676 I wpa_supplicant: 0: FC.5C.45.**.**.F0 freq=5785 level=-49 snr=43 cu=6% est_throughput=180001 est_throughput_cu=180001
11-14 09:22:08.656  2676  2676 I wpa_supplicant:    selected current  FC.5C.45.**.**.F0 ssid='InteliRobo' all_bssids_have_cu=1, preferred_6g_bssids_exist=0, all_preferred_6g_bssids_have_cu=1
11-14 09:27:08.595  2676  2676 I wpa_supplicant: Heartbeat 717
11-14 09:27:08.595  2676  2676 I wpa_supplicant: nl80211: Drv Event 77 (NL80211_CMD_SCHED_SCAN_RESULTS) received for wlan0
11-14 09:27:08.595  2676  2676 I wpa_supplicant: wlan0: nl80211: New sched scan results available
11-14 09:27:08.596  2676  2676 I wpa_supplicant: 0: FC.5C.45.**.**.F0 freq=5785 level=-49 snr=43 cu=6% est_throughput=180001 est_throughput_cu=180001
11-14 09:27:08.596  1451  4114 D WifiNative: Pno scan result event
11-14 09:27:08.596  2676  2676 I wpa_supplicant:    selected current  FC.5C.45.**.**.F0 ssid='InteliRobo' all_bssids_have_cu=1, preferred_6g_bssids_exist=0, all_preferred_6g_bssids_have_cu=1
11-14 09:32:08.749  2676  2676 I wpa_supplicant: Heartbeat 718
11-14 09:32:08.749  2676  2676 I wpa_supplicant: nl80211: Drv Event 77 (NL80211_CMD_SCHED_SCAN_RESULTS) received for wlan0
11-14 09:32:08.750  2676  2676 I wpa_supplicant: wlan0: nl80211: New sched scan results available
11-14 09:32:08.751  2676  2676 I wpa_supplicant: 0: FC.5C.45.**.**.F0 freq=5785 level=-49 snr=43 cu=6% est_throughput=180001 est_throughput_cu=180001
11-14 09:32:08.751  1451  4114 D WifiNative: Pno scan result event
11-14 09:32:08.752  2676  2676 I wpa_supplicant:    selected current  FC.5C.45.**.**.F0 ssid='InteliRobo' all_bssids_have_cu=1, preferred_6g_bssids_exist=0, all_preferred_6g_bssids_have_cu=1
11-14 09:37:09.091  1451  4114 D WifiNative: Pno scan result event
11-14 09:37:09.092  2676  2676 I wpa_supplicant: Heartbeat 719
11-14 09:37:09.092  2676  2676 I wpa_supplicant: nl80211: Drv Event 77 (NL80211_CMD_SCHED_SCAN_RESULTS) received for wlan0
11-14 09:37:09.092  2676  2676 I wpa_supplicant: wlan0: nl80211: New sched scan results available
11-14 09:37:09.093  2676  2676 I wpa_supplicant: 0: FC.5C.45.**.**.F0 freq=5785 level=-49 snr=43 cu=6% est_throughput=180001 est_throughput_cu=180001
11-14 09:37:09.093  2676  2676 I wpa_supplicant:    selected current  FC.5C.45.**.**.F0 ssid='InteliRobo' all_bssids_have_cu=1, preferred_6g_bssids_exist=0, all_preferred_6g_bssids_have_cu=1
11-14 09:42:08.898  2676  2676 I wpa_supplicant: Heartbeat 720
11-14 09:42:08.898  2676  2676 I wpa_supplicant: nl80211: Drv Event 77 (NL80211_CMD_SCHED_SCAN_RESULTS) received for wlan0
11-14 09:42:08.898  2676  2676 I wpa_supplicant: wlan0: nl80211: New sched scan results available
11-14 09:42:08.899  1451  4114 D WifiNative: Pno scan result event
11-14 09:42:08.899  2676  2676 I wpa_supplicant: 0: FC.5C.45.**.**.F0 freq=5785 level=-49 snr=43 cu=6% est_throughput=180001 est_throughput_cu=180001
11-14 09:42:08.900  2676  2676 I wpa_supplicant:    selected current  FC.5C.45.**.**.F0 ssid='InteliRobo' all_bssids_have_cu=1, preferred_6g_bssids_exist=0, all_preferred_6g_bssids_have_cu=1
11-14 09:47:08.874  2676  2676 I wpa_supplicant: Heartbeat 721
11-14 09:47:08.874  2676  2676 I wpa_supplicant: nl80211: Drv Event 77 (NL80211_CMD_SCHED_SCAN_RESULTS) received for wlan0
11-14 09:47:08.874  2676  2676 I wpa_supplicant: wlan0: nl80211: New sched scan results available
11-14 09:47:08.876  1451  4391 D WifiNative: Pno scan result event
11-14 09:47:08.876  2676  2676 I wpa_supplicant: 0: FC.5C.45.**.**.F0 freq=5785 level=-49 snr=43 cu=6% est_throughput=180001 est_throughput_cu=180001
11-14 09:47:08.877  2676  2676 I wpa_supplicant:    selected current  FC.5C.45.**.**.F0 ssid='InteliRobo' all_bssids_have_cu=1, preferred_6g_bssids_exist=0, all_preferred_6g_bssids_have_cu=1
11-14 09:52:08.986  2676  2676 I wpa_supplicant: Heartbeat 722
11-14 09:52:08.986  2676  2676 I wpa_supplicant: nl80211: Drv Event 77 (NL80211_CMD_SCHED_SCAN_RESULTS) received for wlan0
11-14 09:52:08.986  2676  2676 I wpa_supplicant: wlan0: nl80211: New sched scan results available
11-14 09:52:08.988  2676  2676 I wpa_supplicant: 0: FC.5C.45.**.**.F0 freq=5785 level=-49 snr=43 cu=6% est_throughput=180001 est_throughput_cu=180001
11-14 09:52:08.989  2676  2676 I wpa_supplicant:    selected current  FC.5C.45.**.**.F0 ssid='InteliRobo' all_bssids_have_cu=1, preferred_6g_bssids_exist=0, all_preferred_6g_bssids_have_cu=1
11-14 09:52:08.990  1451  4391 D WifiNative: Pno scan result event
11-14 09:57:09.141  2676  2676 I wpa_supplicant: Heartbeat 723
11-14 09:57:09.141  2676  2676 I wpa_supplicant: nl80211: Drv Event 77 (NL80211_CMD_SCHED_SCAN_RESULTS) received for wlan0
11-14 09:57:09.141  2676  2676 I wpa_supplicant: wlan0: nl80211: New sched scan results available
11-14 09:57:09.142  1451  4114 D WifiNative: Pno scan result event
11-14 09:57:09.143  2676  2676 I wpa_supplicant: 0: FC.5C.45.**.**.F0 freq=5785 level=-49 snr=43 cu=6% est_throughput=180001 est_throughput_cu=180001
11-14 09:57:09.144  2676  2676 I wpa_supplicant:    selected current  FC.5C.45.**.**.F0 ssid='InteliRobo' all_bssids_have_cu=1, preferred_6g_bssids_exist=0, all_preferred_6g_bssids_have_cu=1
11-14 10:02:08.984  2676  2676 I wpa_supplicant: Heartbeat 724
11-14 10:02:08.985  2676  2676 I wpa_supplicant: nl80211: Drv Event 77 (NL80211_CMD_SCHED_SCAN_RESULTS) received for wlan0
11-14 10:02:08.985  2676  2676 I wpa_supplicant: wlan0: nl80211: New sched scan results available
11-14 10:02:08.986  1451  4217 D WifiNative: Pno scan result event
11-14 10:02:08.986  2676  2676 I wpa_supplicant: 0: FC.5C.45.**.**.F0 freq=5785 level=-49 snr=43 cu=6% est_throughput=180001 est_throughput_cu=180001
11-14 10:02:08.987  2676  2676 I wpa_supplicant:    selected current  FC.5C.45.**.**.F0 ssid='InteliRobo' all_bssids_have_cu=1, preferred_6g_bssids_exist=0, all_preferred_6g_bssids_have_cu=1
11-14 10:07:09.373  2676  2676 I wpa_supplicant: Heartbeat 725
11-14 10:07:09.373  2676  2676 I wpa_supplicant: nl80211: Drv Event 77 (NL80211_CMD_SCHED_SCAN_RESULTS) received for wlan0
11-14 10:07:09.373  2676  2676 I wpa_supplicant: wlan0: nl80211: New sched scan results available
11-14 10:07:09.374  1451  4217 D WifiNative: Pno scan result event
11-14 10:07:09.375  2676  2676 I wpa_supplicant: 0: FC.5C.45.**.**.F0 freq=5785 level=-49 snr=43 cu=6% est_throughput=180001 est_throughput_cu=180001
11-14 10:07:09.376  2676  2676 I wpa_supplicant:    selected current  FC.5C.45.**.**.F0 ssid='InteliRobo' all_bssids_have_cu=1, preferred_6g_bssids_exist=0, all_preferred_6g_bssids_have_cu=1
11-14 10:12:09.052  2676  2676 I wpa_supplicant: Heartbeat 726
11-14 10:12:09.053  2676  2676 I wpa_supplicant: nl80211: Drv Event 77 (NL80211_CMD_SCHED_SCAN_RESULTS) received for wlan0
11-14 10:12:09.053  2676  2676 I wpa_supplicant: wlan0: nl80211: New sched scan results available
11-14 10:12:09.054  1451  4217 D WifiNative: Pno scan result event
11-14 10:12:09.055  2676  2676 I wpa_supplicant: 0: FC.5C.45.**.**.F0 freq=5785 level=-49 snr=43 cu=6% est_throughput=180001 est_throughput_cu=180001
11-14 10:12:09.056  2676  2676 I wpa_supplicant:    selected current  FC.5C.45.**.**.F0 ssid='InteliRobo' all_bssids_have_cu=1, preferred_6g_bssids_exist=0, all_preferred_6g_bssids_have_cu=1
11-14 10:17:09.313  2676  2676 I wpa_supplicant: Heartbeat 727
11-14 10:17:09.314  2676  2676 I wpa_supplicant: nl80211: Drv Event 77 (NL80211_CMD_SCHED_SCAN_RESULTS) received for wlan0
11-14 10:17:09.314  2676  2676 I wpa_supplicant: wlan0: nl80211: New sched scan results available
11-14 10:17:09.315  1451  4381 D WifiNative: Pno scan result event
11-14 10:17:09.315  2676  2676 I wpa_supplicant: 0: FC.5C.45.**.**.F0 freq=5785 level=-49 snr=43 cu=6% est_throughput=180001 est_throughput_cu=180001
11-14 10:17:09.316  2676  2676 I wpa_supplicant:    selected current  FC.5C.45.**.**.F0 ssid='InteliRobo' all_bssids_have_cu=1, preferred_6g_bssids_exist=0, all_preferred_6g_bssids_have_cu=1
11-14 10:22:09.412  2676  2676 I wpa_supplicant: Heartbeat 728
11-14 10:22:09.412  2676  2676 I wpa_supplicant: nl80211: Drv Event 77 (NL80211_CMD_SCHED_SCAN_RESULTS) received for wlan0
11-14 10:22:09.412  2676  2676 I wpa_supplicant: wlan0: nl80211: New sched scan results available
11-14 10:22:09.413  1451  4217 D WifiNative: Pno scan result event
11-14 10:22:09.413  2676  2676 I wpa_supplicant: 0: FC.5C.45.**.**.F0 freq=5785 level=-49 snr=43 cu=6% est_throughput=180001 est_throughput_cu=180001
11-14 10:22:09.414  2676  2676 I wpa_supplicant:    selected current  FC.5C.45.**.**.F0 ssid='InteliRobo' all_bssids_have_cu=1, preferred_6g_bssids_exist=0, all_preferred_6g_bssids_have_cu=1
11-14 10:27:09.386  1451  4217 D WifiNative: Pno scan result event
11-14 10:27:09.387  2676  2676 I wpa_supplicant: Heartbeat 729
11-14 10:27:09.387  2676  2676 I wpa_supplicant: nl80211: Drv Event 77 (NL80211_CMD_SCHED_SCAN_RESULTS) received for wlan0
11-14 10:27:09.387  2676  2676 I wpa_supplicant: wlan0: nl80211: New sched scan results available
11-14 10:27:09.389  2676  2676 I wpa_supplicant: 0: FC.5C.45.**.**.F0 freq=5785 level=-49 snr=43 cu=6% est_throughput=180001 est_throughput_cu=180001
11-14 10:27:09.389  2676  2676 I wpa_supplicant:    selected current  FC.5C.45.**.**.F0 ssid='InteliRobo' all_bssids_have_cu=1, preferred_6g_bssids_exist=0, all_preferred_6g_bssids_have_cu=1
11-14 10:32:09.235  2676  2676 I wpa_supplicant: Heartbeat 730
11-14 10:32:09.235  2676  2676 I wpa_supplicant: nl80211: Drv Event 77 (NL80211_CMD_SCHED_SCAN_RESULTS) received for wlan0
11-14 10:32:09.236  2676  2676 I wpa_supplicant: wlan0: nl80211: New sched scan results available
11-14 10:32:09.236  1451  4217 D WifiNative: Pno scan result event
11-14 10:32:09.237  2676  2676 I wpa_supplicant: 0: FC.5C.45.**.**.F0 freq=5785 level=-49 snr=43 cu=6% est_throughput=180001 est_throughput_cu=180001
11-14 10:32:09.237  2676  2676 I wpa_supplicant:    selected current  FC.5C.45.**.**.F0 ssid='InteliRobo' all_bssids_have_cu=1, preferred_6g_bssids_exist=0, all_preferred_6g_bssids_have_cu=1
11-14 10:37:09.332  2676  2676 I wpa_supplicant: Heartbeat 731
11-14 10:37:09.333  2676  2676 I wpa_supplicant: nl80211: Drv Event 77 (NL80211_CMD_SCHED_SCAN_RESULTS) received for wlan0
11-14 10:37:09.333  2676  2676 I wpa_supplicant: wlan0: nl80211: New sched scan results available
11-14 10:37:09.334  1451  4114 D WifiNative: Pno scan result event
11-14 10:37:09.334  2676  2676 I wpa_supplicant: 0: FC.5C.45.**.**.F0 freq=5785 level=-49 snr=43 cu=6% est_throughput=180001 est_throughput_cu=180001
11-14 10:37:09.335  2676  2676 I wpa_supplicant:    selected current  FC.5C.45.**.**.F0 ssid='InteliRobo' all_bssids_have_cu=1, preferred_6g_bssids_exist=0, all_preferred_6g_bssids_have_cu=1
11-14 10:42:09.318  2676  2676 I wpa_supplicant: Heartbeat 732
11-14 10:42:09.319  2676  2676 I wpa_supplicant: nl80211: Drv Event 77 (NL80211_CMD_SCHED_SCAN_RESULTS) received for wlan0
11-14 10:42:09.319  2676  2676 I wpa_supplicant: wlan0: nl80211: New sched scan results available
11-14 10:42:09.320  1451  4387 D WifiNative: Pno scan result event
11-14 10:42:09.321  2676  2676 I wpa_supplicant: 0: FC.5C.45.**.**.F0 freq=5785 level=-49 snr=43 cu=6% est_throughput=180001 est_throughput_cu=180001
11-14 10:42:09.321  2676  2676 I wpa_supplicant:    selected current  FC.5C.45.**.**.F0 ssid='InteliRobo' all_bssids_have_cu=1, preferred_6g_bssids_exist=0, all_preferred_6g_bssids_have_cu=1
11-14 10:47:09.560  2676  2676 I wpa_supplicant: Heartbeat 733
11-14 10:47:09.561  2676  2676 I wpa_supplicant: nl80211: Drv Event 77 (NL80211_CMD_SCHED_SCAN_RESULTS) received for wlan0
11-14 10:47:09.561  2676  2676 I wpa_supplicant: wlan0: nl80211: New sched scan results available
11-14 10:47:09.564  2676  2676 I wpa_supplicant: 0: FC.5C.45.**.**.F0 freq=5785 level=-49 snr=43 cu=6% est_throughput=180001 est_throughput_cu=180001
11-14 10:47:09.564  1451  4387 D WifiNative: Pno scan result event
11-14 10:47:09.564  2676  2676 I wpa_supplicant:    selected current  FC.5C.45.**.**.F0 ssid='InteliRobo' all_bssids_have_cu=1, preferred_6g_bssids_exist=0, all_preferred_6g_bssids_have_cu=1
11-14 10:52:09.691  2676  2676 I wpa_supplicant: Heartbeat 734
11-14 10:52:09.691  2676  2676 I wpa_supplicant: nl80211: Drv Event 77 (NL80211_CMD_SCHED_SCAN_RESULTS) received for wlan0
11-14 10:52:09.691  2676  2676 I wpa_supplicant: wlan0: nl80211: New sched scan results available
11-14 10:52:09.693  2676  2676 I wpa_supplicant: 0: FC.5C.45.**.**.F0 freq=5785 level=-49 snr=43 cu=6% est_throughput=180001 est_throughput_cu=180001
11-14 10:52:09.693  2676  2676 I wpa_supplicant:    selected current  FC.5C.45.**.**.F0 ssid='InteliRobo' all_bssids_have_cu=1, preferred_6g_bssids_exist=0, all_preferred_6g_bssids_have_cu=1
11-14 10:52:09.694  1451  4114 D WifiNative: Pno scan result event
11-14 10:57:09.471  2676  2676 I wpa_supplicant: Heartbeat 735
11-14 10:57:09.471  2676  2676 I wpa_supplicant: nl80211: Drv Event 77 (NL80211_CMD_SCHED_SCAN_RESULTS) received for wlan0
11-14 10:57:09.471  2676  2676 I wpa_supplicant: wlan0: nl80211: New sched scan results available
11-14 10:57:09.472  1451  4114 D WifiNative: Pno scan result event
11-14 10:57:09.473  2676  2676 I wpa_supplicant: 0: FC.5C.45.**.**.F0 freq=5785 level=-49 snr=43 cu=6% est_throughput=180001 est_throughput_cu=180001
11-14 10:57:09.474  2676  2676 I wpa_supplicant:    selected current  FC.5C.45.**.**.F0 ssid='InteliRobo' all_bssids_have_cu=1, preferred_6g_bssids_exist=0, all_preferred_6g_bssids_have_cu=1
11-14 11:02:09.754  2676  2676 I wpa_supplicant: Heartbeat 736
11-14 11:02:09.754  2676  2676 I wpa_supplicant: nl80211: Drv Event 77 (NL80211_CMD_SCHED_SCAN_RESULTS) received for wlan0
11-14 11:02:09.754  2676  2676 I wpa_supplicant: wlan0: nl80211: New sched scan results available
11-14 11:02:09.755  1451  4387 D WifiNative: Pno scan result event
11-14 11:02:09.756  2676  2676 I wpa_supplicant: 1: FC.5C.45.**.**.F0 freq=5785 level=-49 snr=43 cu=6% est_throughput=180001 est_throughput_cu=180001
11-14 11:02:09.757  2676  2676 I wpa_supplicant:    selected current  FC.5C.45.**.**.F0 ssid='InteliRobo' all_bssids_have_cu=1, preferred_6g_bssids_exist=0, all_preferred_6g_bssids_have_cu=1
11-14 11:02:09.962  2676  2676 I wpa_supplicant: nl80211: Drv Event 78 (NL80211_CMD_SCHED_SCAN_STOPPED) received for wlan0
11-14 11:02:09.962  2676  2676 I wpa_supplicant: wlan0: nl80211: Sched scan stopped
11-14 11:02:10.003  2676  2676 I wpa_supplicant: nl80211: Drv Event 75 (NL80211_CMD_START_SCHED_SCAN) received for wlan0
11-14 11:02:10.003  2676  2676 I wpa_supplicant: wlan0: nl80211: Sched scan started
11-14 11:02:11.140  2676  2676 I wpa_supplicant: nl80211: Drv Event 77 (NL80211_CMD_SCHED_SCAN_RESULTS) received for wlan0
11-14 11:02:11.141  2676  2676 I wpa_supplicant: wlan0: nl80211: New sched scan results available
11-14 11:02:11.142  1451  4387 D WifiNative: Pno scan result event
11-14 11:02:11.142  2676  2676 I wpa_supplicant: 1: FC.5C.45.**.**.F0 freq=5785 level=-49 snr=43 cu=6% est_throughput=180001 est_throughput_cu=180001
11-14 11:02:11.143  2676  2676 I wpa_supplicant:    selected current  FC.5C.45.**.**.F0 ssid='InteliRobo' all_bssids_have_cu=1, preferred_6g_bssids_exist=0, all_preferred_6g_bssids_have_cu=1
11-14 11:07:11.556  1451  4381 D WifiNative: Pno scan result event
11-14 11:07:11.557  2676  2676 I wpa_supplicant: Heartbeat 737
11-14 11:07:11.557  2676  2676 I wpa_supplicant: nl80211: Drv Event 77 (NL80211_CMD_SCHED_SCAN_RESULTS) received for wlan0
11-14 11:07:11.557  2676  2676 I wpa_supplicant: wlan0: nl80211: New sched scan results available
11-14 11:07:11.558  2676  2676 I wpa_supplicant: 0: FC.5C.45.**.**.F0 freq=5785 level=-49 snr=43 cu=6% est_throughput=180001 est_throughput_cu=180001
11-14 11:07:11.558  2676  2676 I wpa_supplicant:    selected current  FC.5C.45.**.**.F0 ssid='InteliRobo' all_bssids_have_cu=1, preferred_6g_bssids_exist=0, all_preferred_6g_bssids_have_cu=1
11-14 11:07:11.754  2676  2676 I wpa_supplicant: nl80211: Drv Event 78 (NL80211_CMD_SCHED_SCAN_STOPPED) received for wlan0
11-14 11:07:11.754  2676  2676 I wpa_supplicant: wlan0: nl80211: Sched scan stopped
11-14 11:07:11.801  2676  2676 I wpa_supplicant: nl80211: Drv Event 75 (NL80211_CMD_START_SCHED_SCAN) received for wlan0
11-14 11:07:11.801  2676  2676 I wpa_supplicant: wlan0: nl80211: Sched scan started
11-14 11:07:13.361  1451  4114 D WifiNative: Pno scan result event
11-14 11:07:13.361  2676  2676 I wpa_supplicant: nl80211: Drv Event 77 (NL80211_CMD_SCHED_SCAN_RESULTS) received for wlan0
11-14 11:07:13.361  2676  2676 I wpa_supplicant: wlan0: nl80211: New sched scan results available
11-14 11:07:13.362  2676  2676 I wpa_supplicant: 1: FC.5C.45.**.**.F0 freq=5785 level=-49 snr=43 cu=6% est_throughput=180001 est_throughput_cu=180001
11-14 11:07:13.362  2676  2676 I wpa_supplicant:    selected current  FC.5C.45.**.**.F0 ssid='InteliRobo' all_bssids_have_cu=1, preferred_6g_bssids_exist=0, all_preferred_6g_bssids_have_cu=1
11-14 11:08:56.609  2676  2676 I wpa_supplicant: Heartbeat 738
11-14 11:32:40.309  2676  2676 I wpa_supplicant: Heartbeat 739
11-14 11:47:13.711  2676  2676 I wpa_supplicant: Heartbeat 740
11-14 11:47:13.711  2676  2676 I wpa_supplicant: nl80211: Drv Event 77 (NL80211_CMD_SCHED_SCAN_RESULTS) received for wlan0
11-14 11:47:13.711  2676  2676 I wpa_supplicant: wlan0: nl80211: New sched scan results available
11-14 11:47:13.712  2676  2676 I wpa_supplicant: 0: FC.5C.45.**.**.F0 freq=5785 level=-49 snr=43 cu=6% est_throughput=180001 est_throughput_cu=180001
11-14 11:47:13.712  2676  2676 I wpa_supplicant:    selected current  FC.5C.45.**.**.F0 ssid='InteliRobo' all_bssids_have_cu=1, preferred_6g_bssids_exist=0, all_preferred_6g_bssids_have_cu=1
11-14 11:47:13.716  1451  1467 D WifiNative: Pno scan result event
11-14 11:53:58.227  2676  2676 I wpa_supplicant: Heartbeat 741
11-14 11:55:49.311  2676  2676 I wpa_supplicant: Heartbeat 742
11-14 11:55:49.339  2676  2676 I wpa_supplicant: nl80211: Drv Event 103 (NL80211_CMD_VENDOR) received for wlan0
11-14 11:55:49.339  2676  2676 I wpa_supplicant: nl80211: Vendor event: wiphy=0 vendor_id=0xf0 subcmd=32
11-14 11:55:49.342  2676  2676 I wpa_supplicant: nl80211: Drv Event 103 (NL80211_CMD_VENDOR) received for wlan0
11-14 11:55:49.342  2676  2676 I wpa_supplicant: nl80211: Vendor event: wiphy=0 vendor_id=0xf0 subcmd=32
11-14 11:57:13.529  2676  2676 I wpa_supplicant: Heartbeat 743
11-14 11:57:13.530  2676  2676 I wpa_supplicant: nl80211: Drv Event 77 (NL80211_CMD_SCHED_SCAN_RESULTS) received for wlan0
11-14 11:57:13.530  2676  2676 I wpa_supplicant: wlan0: nl80211: New sched scan results available
11-14 11:57:13.531  1451  4217 D WifiNative: Pno scan result event
11-14 11:57:13.531  2676  2676 I wpa_supplicant: 1: FC.5C.45.**.**.F0 freq=5785 level=-49 snr=43 cu=6% est_throughput=180001 est_throughput_cu=180001
11-14 11:57:13.531  2676  2676 I wpa_supplicant:    selected current  FC.5C.45.**.**.F0 ssid='InteliRobo' all_bssids_have_cu=1, preferred_6g_bssids_exist=0, all_preferred_6g_bssids_have_cu=1
11-14 12:02:13.615  1451  4217 D WifiNative: Pno scan result event
11-14 12:02:13.615  2676  2676 I wpa_supplicant: Heartbeat 744
11-14 12:02:13.615  2676  2676 I wpa_supplicant: nl80211: Drv Event 77 (NL80211_CMD_SCHED_SCAN_RESULTS) received for wlan0
11-14 12:02:13.615  2676  2676 I wpa_supplicant: wlan0: nl80211: New sched scan results available
11-14 12:02:13.616  2676  2676 I wpa_supplicant: 0: FC.5C.45.**.**.F0 freq=5785 level=-49 snr=43 cu=6% est_throughput=180001 est_throughput_cu=180001
11-14 12:02:13.616  2676  2676 I wpa_supplicant:    selected current  FC.5C.45.**.**.F0 ssid='InteliRobo' all_bssids_have_cu=1, preferred_6g_bssids_exist=0, all_preferred_6g_bssids_have_cu=1
11-14 12:07:13.490  2676  2676 I wpa_supplicant: Heartbeat 745
11-14 12:07:13.491  2676  2676 I wpa_supplicant: nl80211: Drv Event 77 (NL80211_CMD_SCHED_SCAN_RESULTS) received for wlan0
11-14 12:07:13.491  2676  2676 I wpa_supplicant: wlan0: nl80211: New sched scan results available
11-14 12:07:13.491  2676  2676 I wpa_supplicant: 0: FC.5C.45.**.**.F0 freq=5785 level=-49 snr=43 cu=6% est_throughput=180001 est_throughput_cu=180001
11-14 12:07:13.492  2676  2676 I wpa_supplicant:    selected current  FC.5C.45.**.**.F0 ssid='InteliRobo' all_bssids_have_cu=1, preferred_6g_bssids_exist=0, all_preferred_6g_bssids_have_cu=1
11-14 12:07:13.492  1451  4376 D WifiNative: Pno scan result event
11-14 12:21:55.203  2676  2676 I wpa_supplicant: Heartbeat 746
11-14 12:31:33.436  2676  2676 I wpa_supplicant: Heartbeat 747
11-14 12:37:14.137  2676  2676 I wpa_supplicant: Heartbeat 748
11-14 12:37:14.137  2676  2676 I wpa_supplicant: nl80211: Drv Event 77 (NL80211_CMD_SCHED_SCAN_RESULTS) received for wlan0
11-14 12:37:14.137  2676  2676 I wpa_supplicant: wlan0: nl80211: New sched scan results available
11-14 12:37:14.139  1451  4376 D WifiNative: Pno scan result event
11-14 12:37:14.139  2676  2676 I wpa_supplicant: 0: FC.5C.45.**.**.F0 freq=5785 level=-49 snr=43 cu=6% est_throughput=180001 est_throughput_cu=180001
11-14 12:37:14.139  2676  2676 I wpa_supplicant:    selected current  FC.5C.45.**.**.F0 ssid='InteliRobo' all_bssids_have_cu=1, preferred_6g_bssids_exist=0, all_preferred_6g_bssids_have_cu=1
11-14 12:42:13.783  2676  2676 I wpa_supplicant: Heartbeat 749
11-14 12:42:13.783  2676  2676 I wpa_supplicant: nl80211: Drv Event 77 (NL80211_CMD_SCHED_SCAN_RESULTS) received for wlan0
11-14 12:42:13.783  2676  2676 I wpa_supplicant: wlan0: nl80211: New sched scan results available
11-14 12:42:13.785  2676  2676 I wpa_supplicant: 0: FC.5C.45.**.**.F0 freq=5785 level=-49 snr=43 cu=6% est_throughput=180001 est_throughput_cu=180001
11-14 12:42:13.785  1451  4376 D WifiNative: Pno scan result event
11-14 12:42:13.785  2676  2676 I wpa_supplicant:    selected current  FC.5C.45.**.**.F0 ssid='InteliRobo' all_bssids_have_cu=1, preferred_6g_bssids_exist=0, all_preferred_6g_bssids_have_cu=1
11-14 12:57:13.975  2676  2676 I wpa_supplicant: Heartbeat 750
11-14 12:57:13.976  2676  2676 I wpa_supplicant: nl80211: Drv Event 77 (NL80211_CMD_SCHED_SCAN_RESULTS) received for wlan0
11-14 12:57:13.976  2676  2676 I wpa_supplicant: wlan0: nl80211: New sched scan results available
11-14 12:57:13.977  2676  2676 I wpa_supplicant: 1: FC.5C.45.**.**.F0 freq=5785 level=-49 snr=43 cu=6% est_throughput=180001 est_throughput_cu=180001
11-14 12:57:13.977  1451  4376 D WifiNative: Pno scan result event
11-14 12:57:13.977  2676  2676 I wpa_supplicant:    selected current  FC.5C.45.**.**.F0 ssid='InteliRobo' all_bssids_have_cu=1, preferred_6g_bssids_exist=0, all_preferred_6g_bssids_have_cu=1
11-14 12:57:14.155  2676  2676 I wpa_supplicant: nl80211: Drv Event 78 (NL80211_CMD_SCHED_SCAN_STOPPED) received for wlan0
11-14 12:57:14.156  2676  2676 I wpa_supplicant: wlan0: nl80211: Sched scan stopped
11-14 13:08:06.331  2676  2676 I wpa_supplicant: Heartbeat 751
11-14 13:15:41.854  2676  2676 I wpa_supplicant: Heartbeat 752
11-14 13:15:41.854  2676  2676 I wpa_supplicant: nl80211: Drv Event 103 (NL80211_CMD_VENDOR) received for wlan0
11-14 13:15:41.854  2676  2676 I wpa_supplicant: nl80211: Vendor event: wiphy=0 vendor_id=0xf0 subcmd=32
11-14 13:15:41.856  2676  2676 I wpa_supplicant: nl80211: Drv Event 103 (NL80211_CMD_VENDOR) received for wlan0
11-14 13:15:41.856  2676  2676 I wpa_supplicant: nl80211: Vendor event: wiphy=0 vendor_id=0xf0 subcmd=32
11-14 13:15:41.857  2676  2676 I wpa_supplicant: nl80211: Drv Event 103 (NL80211_CMD_VENDOR) received for wlan0
11-14 13:15:41.857  2676  2676 I wpa_supplicant: nl80211: Vendor event: wiphy=0 vendor_id=0xf0 subcmd=32
11-14 13:15:41.857  2676  2676 I wpa_supplicant: nl80211: Drv Event 103 (NL80211_CMD_VENDOR) received for wlan0
11-14 13:15:41.857  2676  2676 I wpa_supplicant: nl80211: Vendor event: wiphy=0 vendor_id=0xf0 subcmd=6
11-14 13:15:41.863  2676  2676 I wpa_supplicant: Associated with FC.5C.45.**.**.F0
11-14 13:15:41.864  2676  2676 I wpa_supplicant: WPA: RX message 1 of 4-Way Handshake from FC.5C.45.**.**.F0 (ver=2)
11-14 13:15:41.865  2676  2676 I wpa_supplicant: wlan0: WPA: Sending EAPOL-Key 2/4
11-14 13:15:41.865  2676  2676 I wpa_supplicant: wlan0: CTRL-EVENT-SUBNET-STATUS-UPDATE status=0
11-14 13:15:41.866  2676  2676 I wpa_supplicant: nl80211: Drv Event 47 (NL80211_CMD_ROAM) received for wlan0
11-14 13:15:41.867  2676  2676 I wpa_supplicant: nl80211: Drv Event 103 (NL80211_CMD_VENDOR) received for wlan0
11-14 13:15:41.867  2676  2676 I wpa_supplicant: nl80211: Vendor event: wiphy=0 vendor_id=0xf0 subcmd=32
11-14 13:15:41.868  2676  2676 I wpa_supplicant: nl80211: Drv Event 103 (NL80211_CMD_VENDOR) received for wlan0
11-14 13:15:41.868  2676  2676 I wpa_supplicant: nl80211: Vendor event: wiphy=0 vendor_id=0xf0 subcmd=32
11-14 13:15:41.869  2676  2676 I wpa_supplicant: nl80211: Drv Event 103 (NL80211_CMD_VENDOR) received for wlan0
11-14 13:15:41.869  2676  2676 I wpa_supplicant: nl80211: Vendor event: wiphy=0 vendor_id=0xf0 subcmd=32
11-14 13:15:41.882  2676  2676 I wpa_supplicant: nl80211: Drv Event 103 (NL80211_CMD_VENDOR) received for wlan0
11-14 13:15:41.882  2676  2676 I wpa_supplicant: nl80211: Vendor event: wiphy=0 vendor_id=0xf0 subcmd=32
11-14 13:15:41.883  2676  2676 I wpa_supplicant: WPA: RX message 3 of 4-Way Handshake from FC.5C.45.**.**.F0 (ver=2)
11-14 13:15:41.883  2676  2676 I wpa_supplicant: wlan0: WPA: Sending EAPOL-Key 4/4
11-14 13:15:41.904  2676  2676 I wpa_supplicant: WPA: Key negotiation completed with FC.5C.45.**.**.F0 [PTK=CCMP GTK=CCMP]
11-14 13:15:41.904  2676  2676 I wpa_supplicant: CTRL-EVENT-CONNECTED - Connection to FC.5C.45.**.**.F0 completed [id=0 id_str=%7B%22configKey%22%3A%22%5C%22InteliRobo%5C%22WPA_PSK%22%2C%22creatorUid%22%3A%221000%22%7D]
11-14 13:15:41.924  2676  2676 I wpa_supplicant: nl80211: Drv Event 103 (NL80211_CMD_VENDOR) received for wlan0
11-14 13:15:41.924  2676  2676 I wpa_supplicant: nl80211: Vendor event: wiphy=0 vendor_id=0xf0 subcmd=32
11-14 13:15:41.944  1027  1027 D WifiHAL : wifi_get_usable_channels: band 1 iface 8 filter 3 max_num 256
11-14 13:15:44.935  2676  2676 E wpa_supplicant: Failed to handle GET_STA_DUMP command
11-14 13:15:46.508  2676  2676 I wpa_supplicant: nl80211: Drv Event 103 (NL80211_CMD_VENDOR) received for wlan0
11-14 13:15:46.508  2676  2676 I wpa_supplicant: nl80211: Vendor event: wiphy=0 vendor_id=0xf0 subcmd=24
11-14 13:15:47.223  2676  2676 I wpa_supplicant: nl80211: Drv Event 103 (NL80211_CMD_VENDOR) received for wlan0
11-14 13:15:47.223  2676  2676 I wpa_supplicant: nl80211: Vendor event: wiphy=0 vendor_id=0xf0 subcmd=24
11-14 13:15:47.838  2676  2676 I wpa_supplicant: nl80211: Drv Event 103 (NL80211_CMD_VENDOR) received for wlan0
11-14 13:15:47.838  2676  2676 I wpa_supplicant: nl80211: Vendor event: wiphy=0 vendor_id=0xf0 subcmd=24
11-14 13:15:49.373  2676  2676 I wpa_supplicant: nl80211: Drv Event 103 (NL80211_CMD_VENDOR) received for wlan0
11-14 13:15:49.373  2676  2676 I wpa_supplicant: nl80211: Vendor event: wiphy=0 vendor_id=0xf0 subcmd=24
11-14 13:15:49.681  2676  2676 I wpa_supplicant: nl80211: Drv Event 103 (NL80211_CMD_VENDOR) received for wlan0
11-14 13:15:49.681  2676  2676 I wpa_supplicant: nl80211: Vendor event: wiphy=0 vendor_id=0xf0 subcmd=24
11-14 13:15:49.783  2676  2676 I wpa_supplicant: nl80211: Drv Event 103 (NL80211_CMD_VENDOR) received for wlan0
11-14 13:15:49.783  2676  2676 I wpa_supplicant: nl80211: Vendor event: wiphy=0 vendor_id=0xf0 subcmd=24
11-14 13:15:50.807  2676  2676 I wpa_supplicant: nl80211: Drv Event 103 (NL80211_CMD_VENDOR) received for wlan0
11-14 13:15:50.807  2676  2676 I wpa_supplicant: nl80211: Vendor event: wiphy=0 vendor_id=0xf0 subcmd=24
11-14 13:15:51.856  2676  2676 I wpa_supplicant: Heartbeat 753
11-14 13:32:34.578  2676  2676 I wpa_supplicant: Heartbeat 754
11-14 13:32:34.578  2676  2676 I wpa_supplicant: nl80211: Drv Event 103 (NL80211_CMD_VENDOR) received for wlan0
11-14 13:32:34.578  2676  2676 I wpa_supplicant: nl80211: Vendor event: wiphy=0 vendor_id=0xf0 subcmd=25
11-14 13:32:34.579  2676  2676 I wpa_supplicant: EVENT_DRIVER_BEACON_ABORT reason: 3
11-14 13:45:44.654  2676  2676 I wpa_supplicant: Heartbeat 755
11-14 13:45:44.654  2676  2676 I wpa_supplicant: nl80211: Drv Event 33 (NL80211_CMD_TRIGGER_SCAN) received for wlan0
11-14 13:45:44.654  2676  2676 I wpa_supplicant: wlan0: nl80211: Scan trigger
11-14 13:45:44.854  2676  2676 E wpa_supplicant: Failed to handle BEACON_RECV start command
11-14 13:45:46.098  2676  2676 E wpa_supplicant: Failed to handle BEACON_RECV start command
11-14 13:45:47.025  2676  2676 I wpa_supplicant: nl80211: Drv Event 34 (NL80211_CMD_NEW_SCAN_RESULTS) received for wlan0
11-14 13:45:47.025  2676  2676 I wpa_supplicant: wlan0: nl80211: New scan results available
11-14 13:45:47.025  2676  2676 I wpa_supplicant: nl80211: Scan probed for SSID ''
11-14 13:45:47.025  2676  2676 I wpa_supplicant: nl80211: Scan included frequencies: 2412 2417 2422 2427 2432 2437 2442 2447 2452 2457 2462 2467 2472 5180 5200 5220 5240 5745 5765 5785 5805 5825
11-14 13:45:47.026  1451  4391 D WifiNative: Scan result ready event
11-14 13:45:48.106  2676  2676 I wpa_supplicant: nl80211: Drv Event 103 (NL80211_CMD_VENDOR) received for wlan0
11-14 13:45:48.106  2676  2676 I wpa_supplicant: nl80211: Vendor event: wiphy=0 vendor_id=0xf0 subcmd=24
11-14 13:45:48.210  2676  2676 I wpa_supplicant: nl80211: Drv Event 103 (NL80211_CMD_VENDOR) received for wlan0
11-14 13:45:48.210  2676  2676 I wpa_supplicant: nl80211: Vendor event: wiphy=0 vendor_id=0xf0 subcmd=24
11-14 13:45:48.925  2676  2676 I wpa_supplicant: nl80211: Drv Event 103 (NL80211_CMD_VENDOR) received for wlan0
11-14 13:45:48.925  2676  2676 I wpa_supplicant: nl80211: Vendor event: wiphy=0 vendor_id=0xf0 subcmd=24
11-14 13:45:49.132  2676  2676 I wpa_supplicant: nl80211: Drv Event 103 (NL80211_CMD_VENDOR) received for wlan0
11-14 13:45:49.132  2676  2676 I wpa_supplicant: nl80211: Vendor event: wiphy=0 vendor_id=0xf0 subcmd=24
11-14 13:45:49.232  2676  2676 I wpa_supplicant: nl80211: Drv Event 103 (NL80211_CMD_VENDOR) received for wlan0
11-14 13:45:49.232  2676  2676 I wpa_supplicant: nl80211: Vendor event: wiphy=0 vendor_id=0xf0 subcmd=24
11-14 13:45:49.335  2676  2676 I wpa_supplicant: nl80211: Drv Event 103 (NL80211_CMD_VENDOR) received for wlan0
11-14 13:45:49.335  2676  2676 I wpa_supplicant: nl80211: Vendor event: wiphy=0 vendor_id=0xf0 subcmd=24
11-14 13:45:49.539  2676  2676 I wpa_supplicant: nl80211: Drv Event 103 (NL80211_CMD_VENDOR) received for wlan0
11-14 13:45:49.539  2676  2676 I wpa_supplicant: nl80211: Vendor event: wiphy=0 vendor_id=0xf0 subcmd=24
11-14 13:45:49.641  2676  2676 I wpa_supplicant: nl80211: Drv Event 103 (NL80211_CMD_VENDOR) received for wlan0
11-14 13:45:49.642  2676  2676 I wpa_supplicant: nl80211: Vendor event: wiphy=0 vendor_id=0xf0 subcmd=24
11-14 13:45:49.846  2676  2676 I wpa_supplicant: nl80211: Drv Event 103 (NL80211_CMD_VENDOR) received for wlan0
11-14 13:45:49.846  2676  2676 I wpa_supplicant: nl80211: Vendor event: wiphy=0 vendor_id=0xf0 subcmd=24
11-14 13:45:49.951  2676  2676 I wpa_supplicant: nl80211: Drv Event 103 (NL80211_CMD_VENDOR) received for wlan0
11-14 13:45:49.951  2676  2676 I wpa_supplicant: nl80211: Vendor event: wiphy=0 vendor_id=0xf0 subcmd=24
11-14 13:45:50.256  2676  2676 I wpa_supplicant: nl80211: Drv Event 103 (NL80211_CMD_VENDOR) received for wlan0
11-14 13:45:50.256  2676  2676 I wpa_supplicant: nl80211: Vendor event: wiphy=0 vendor_id=0xf0 subcmd=24
11-14 13:45:50.358  2676  2676 I wpa_supplicant: nl80211: Drv Event 103 (NL80211_CMD_VENDOR) received for wlan0
11-14 13:45:50.358  2676  2676 I wpa_supplicant: nl80211: Vendor event: wiphy=0 vendor_id=0xf0 subcmd=24
11-14 13:45:50.666  2676  2676 I wpa_supplicant: nl80211: Drv Event 103 (NL80211_CMD_VENDOR) received for wlan0
11-14 13:45:50.666  2676  2676 I wpa_supplicant: nl80211: Vendor event: wiphy=0 vendor_id=0xf0 subcmd=24
11-14 13:45:50.768  2676  2676 I wpa_supplicant: nl80211: Drv Event 103 (NL80211_CMD_VENDOR) received for wlan0
11-14 13:45:50.768  2676  2676 I wpa_supplicant: nl80211: Vendor event: wiphy=0 vendor_id=0xf0 subcmd=24
11-14 13:45:51.177  2676  2676 I wpa_supplicant: nl80211: Drv Event 103 (NL80211_CMD_VENDOR) received for wlan0
11-14 13:45:51.177  2676  2676 I wpa_supplicant: nl80211: Vendor event: wiphy=0 vendor_id=0xf0 subcmd=24
11-14 13:45:51.285  2676  2676 I wpa_supplicant: nl80211: Drv Event 103 (NL80211_CMD_VENDOR) received for wlan0
11-14 13:45:51.285  2676  2676 I wpa_supplicant: nl80211: Vendor event: wiphy=0 vendor_id=0xf0 subcmd=24
11-14 13:45:51.485  2676  2676 I wpa_supplicant: nl80211: Drv Event 103 (NL80211_CMD_VENDOR) received for wlan0
11-14 13:45:51.485  2676  2676 I wpa_supplicant: nl80211: Vendor event: wiphy=0 vendor_id=0xf0 subcmd=24
11-14 13:45:51.792  2676  2676 I wpa_supplicant: nl80211: Drv Event 103 (NL80211_CMD_VENDOR) received for wlan0
11-14 13:45:51.792  2676  2676 I wpa_supplicant: nl80211: Vendor event: wiphy=0 vendor_id=0xf0 subcmd=24
11-14 13:45:51.894  2676  2676 I wpa_supplicant: nl80211: Drv Event 103 (NL80211_CMD_VENDOR) received for wlan0
11-14 13:45:51.894  2676  2676 I wpa_supplicant: nl80211: Vendor event: wiphy=0 vendor_id=0xf0 subcmd=24
11-14 13:45:51.997  2676  2676 I wpa_supplicant: nl80211: Drv Event 103 (NL80211_CMD_VENDOR) received for wlan0
11-14 13:45:51.997  2676  2676 I wpa_supplicant: nl80211: Vendor event: wiphy=0 vendor_id=0xf0 subcmd=24
11-14 13:45:52.202  2676  2676 I wpa_supplicant: nl80211: Drv Event 103 (NL80211_CMD_VENDOR) received for wlan0
