11-13 19:42:26.092  2681  2752 D SBluetoothTile:  handleUpdateState enabled = true connected = false connecting = false changedState =false bluetoothState = 12 enabledChanging = false state = BooleanState[spec=Bluetooth,icon=ResourceIcon[resId=0x7f080de8],iconSupplier=null,label=Bluetooth,secondaryLabel=,contentDescription=Bluetooth,Ativado,stateDescription=null,dualLabelContentDescription=null,expandedAccessibilityClassName=null,disabledByPolicy=false,dualTarget=true,isTransient=false,state=2,slash="null",sideViewCustomDrawable=null,tileClassName=null,value=true,forceExpandIcon=false]
11-13 19:42:26.186 14679 14686 W android.vending: ApkAssets: Deleting an ApkAssets object '<empty> and /system/app/BluetoothMidiService/BluetoothMidiService.apk' with 1 weak references
11-13 19:42:26.214 14679 14686 W android.vending: ApkAssets: Deleting an ApkAssets object '<empty> and /apex/com.android.btservices/app/Bluetooth@UP1A.231005.007/Bluetooth.apk' with 1 weak references
11-13 19:42:33.048  3146  3146 D BluetoothPbapService:  onChange on contact uri 
11-13 19:42:33.104  3146 21177 D BluetoothPbapUtils: primaryVersionCounter = 0, secondaryVersionCounter=0
11-13 19:42:33.259  3670 18137 I NearbyMediums: BluetoothAdapter's name was not set by Nearby Connections, ignoring call to restore default scan mode.
11-13 19:42:33.263  3670 21108 D BluetoothAdapter: getBleEnabledArray(): ON
11-13 19:42:33.265  3670 18137 I NearbyMediums: BluetoothAdapter's name was not set by Nearby Connections, ignoring call to restore device name
11-13 19:42:43.111  3146  3146 D BluetoothPbapService:  onChange on contact uri 
11-13 19:42:43.146  3146 21248 D BluetoothPbapUtils: primaryVersionCounter = 0, secondaryVersionCounter=0
11-13 19:42:51.395  3146  3335 W bluetooth: packages/modules/Bluetooth/system/gd/hci/vendor_specific_event_manager.cc:86 on_vendor_specific_event: Unhandled vendor specific event of type 0x63
11-13 19:42:51.395  3146  3335 W bluetooth: packages/modules/Bluetooth/system/gd/hci/vendor_specific_event_manager.cc:86 on_vendor_specific_event: Unhandled vendor specific event of type 0x63
11-13 19:42:56.468  3670 18137 I NearbyMediums: BluetoothAdapter's name was not set by Nearby Connections, ignoring call to restore default scan mode.
11-13 19:42:56.485  3670 21108 D BluetoothAdapter: getBleEnabledArray(): ON
11-13 19:42:56.493  3670 18137 I NearbyMediums: BluetoothAdapter's name was not set by Nearby Connections, ignoring call to restore device name
11-13 19:42:56.578  3146  3146 D BluetoothPbapService:  onChange on contact uri 
11-13 19:42:56.614  3146 21642 D BluetoothPbapUtils: primaryVersionCounter = 0, secondaryVersionCounter=0
11-13 19:43:06.616  3146  3146 D BluetoothPbapService:  onChange on contact uri 
11-13 19:43:06.633  3146 21734 D BluetoothPbapUtils: primaryVersionCounter = 0, secondaryVersionCounter=0
11-13 19:43:14.939  8568  8872 V CpEventLog(u0): cp_state: [                  request = {ALL(0)={avg=16, cnt=89, dur=1491, ops={query=81, update=4, delete=4}}, contacts(19522)={avg=24, cnt=19, dur=474, ops={query=19}}, mobileservice(14091)={avg=15, cnt=18, dur=273, ops={query=14, delete=4}}, gms(4847)={avg=20, cnt=12, dur=243, ops={query=8, update=4}}, scs(9278)={avg=12, cnt=16, dur=201, ops={query=16}}, system(1451)={avg=18, cnt=8, dur=148, ops={query=8}}, bluetooth(3146)={avg=20, cnt=4, dur=80, ops={query=4}}, calendar(13412)={avg=5, cnt=8, dur=45, ops={query=8}}, mcfserver(3616)={avg=6, cnt=4, dur=27, ops={query=4}}} ]
11-13 19:43:17.706 10989 22036 I [SC]XmlLoader: load com.android.bluetooth
11-13 19:43:17.829  2681  2752 D BluetoothEventManager: AppPackageChangedHandler: action = android.intent.action.PACKAGE_ADDED
11-13 19:43:17.829  2681  2752 D BluetoothEventManager: AppPackageChangedHandler: package name = com.google.android.webview
11-13 19:43:18.242 10989 22036 I [SC]BackupSourceManager: register content info - start [BluetoothDeviceList:qZwgVp170b]
11-13 19:43:18.242 10989 22036 I [SC]BackupSourceManager: register content info - createBackupCoreData: [BluetoothDeviceList:qZwgVp170b], IRecordClient, false
11-13 19:43:18.479 22024 22024 I Routine@Sdk[3.1.11]: RoutineSdkImpl: setActionHandler - tag=connect_bluetooth, actionHandler=bg.b@311ea74
11-13 19:43:18.479 22024 22024 I Routine@Sdk[3.1.11]: RoutineSdkImpl: setActionHandler - tag=disconnect_bluetooth, actionHandler=bg.b@dc85b9d
11-13 19:43:19.384 22195 22195 I Routine@Sdk[3.1.11]: RoutineSdkImpl: setActionHandler - tag=connect_bluetooth, actionHandler=bg.b@42f966f
11-13 19:43:19.384 22195 22195 I Routine@Sdk[3.1.11]: RoutineSdkImpl: setActionHandler - tag=disconnect_bluetooth, actionHandler=bg.b@f30f7c
11-13 19:43:51.540  3146  3335 W bluetooth: packages/modules/Bluetooth/system/gd/hci/vendor_specific_event_manager.cc:86 on_vendor_specific_event: Unhandled vendor specific event of type 0x63
11-13 19:43:51.541  3146  3335 W bluetooth: packages/modules/Bluetooth/system/gd/hci/vendor_specific_event_manager.cc:86 on_vendor_specific_event: Unhandled vendor specific event of type 0x63
11-13 19:45:59.655  3146  3335 I bluetooth: packages/modules/Bluetooth/system/gd/hci/le_advertising_manager.cc:1730 on_set_advertising_set_random_address_complete: update random address for advertising set 1 : xx:xx:xx:xx:48:4f
11-13 19:52:06.078  3146  3335 I bluetooth: packages/modules/Bluetooth/system/gd/hci/le_advertising_manager.cc:1395 OnPause: Start
11-13 19:52:06.080  3146  3335 I bluetooth: packages/modules/Bluetooth/system/gd/hci/le_address_manager.cc:290 ack_pause: Client already in paused state
11-13 19:52:06.080  3146  3335 I bluetooth: packages/modules/Bluetooth/system/gd/hci/le_address_manager.cc:290 ack_pause: Client already in paused state
11-13 19:52:06.080  3146  3335 I bluetooth: packages/modules/Bluetooth/system/gd/hci/le_address_manager.cc:290 ack_pause: Client already in paused state
11-13 19:52:06.084  3146  3335 I bluetooth: packages/modules/Bluetooth/system/gd/hci/le_address_manager.cc:734 OnCommandComplete: Received command complete with op_code LE_SET_RANDOM_ADDRESS
11-13 19:52:06.084  3146  3335 I bluetooth: packages/modules/Bluetooth/system/gd/hci/le_address_manager.cc:754 OnCommandComplete: update random address : xx:xx:xx:xx:1a:ab
11-13 19:52:06.084  3146  3335 I bluetooth: packages/modules/Bluetooth/system/gd/hci/le_address_manager.cc:319 resume_registered_clients: Resuming registered clients
11-13 19:52:06.084  3146  3335 I bluetooth: packages/modules/Bluetooth/system/gd/hci/le_advertising_manager.cc:1441 OnResume: Start
11-13 19:57:12.024  3146  3335 I bluetooth: packages/modules/Bluetooth/system/gd/hci/le_advertising_manager.cc:1730 on_set_advertising_set_random_address_complete: update random address for advertising set 1 : xx:xx:xx:xx:9c:16
11-13 20:02:12.154  3146  3335 I bluetooth: packages/modules/Bluetooth/system/gd/hci/le_advertising_manager.cc:1395 OnPause: Start
11-13 20:02:12.156  3146  3335 I bluetooth: packages/modules/Bluetooth/system/gd/hci/le_address_manager.cc:290 ack_pause: Client already in paused state
11-13 20:02:12.156  3146  3335 I bluetooth: packages/modules/Bluetooth/system/gd/hci/le_address_manager.cc:290 ack_pause: Client already in paused state
11-13 20:02:12.156  3146  3335 I bluetooth: packages/modules/Bluetooth/system/gd/hci/le_address_manager.cc:290 ack_pause: Client already in paused state
11-13 20:02:12.161  3146  3335 I bluetooth: packages/modules/Bluetooth/system/gd/hci/le_address_manager.cc:734 OnCommandComplete: Received command complete with op_code LE_SET_RANDOM_ADDRESS
11-13 20:02:12.161  3146  3335 I bluetooth: packages/modules/Bluetooth/system/gd/hci/le_address_manager.cc:754 OnCommandComplete: update random address : xx:xx:xx:xx:dc:8a
11-13 20:02:12.161  3146  3335 I bluetooth: packages/modules/Bluetooth/system/gd/hci/le_address_manager.cc:319 resume_registered_clients: Resuming registered clients
11-13 20:02:12.161  3146  3335 I bluetooth: packages/modules/Bluetooth/system/gd/hci/le_advertising_manager.cc:1441 OnResume: Start
11-13 20:07:11.848  3146  3335 I bluetooth: packages/modules/Bluetooth/system/gd/hci/le_advertising_manager.cc:1730 on_set_advertising_set_random_address_complete: update random address for advertising set 1 : xx:xx:xx:xx:95:a5
11-13 20:07:46.064  3146  3335 I bluetooth: packages/modules/Bluetooth/system/gd/hci/le_advertising_manager.cc:1395 OnPause: Start
11-13 20:07:46.065  3146  3335 I bluetooth: packages/modules/Bluetooth/system/gd/hci/le_address_manager.cc:290 ack_pause: Client already in paused state
11-13 20:07:46.065  3146  3335 I bluetooth: packages/modules/Bluetooth/system/gd/hci/le_address_manager.cc:290 ack_pause: Client already in paused state
11-13 20:07:46.065  3146  3335 I bluetooth: packages/modules/Bluetooth/system/gd/hci/le_address_manager.cc:290 ack_pause: Client already in paused state
11-13 20:07:46.074  3146  3335 I bluetooth: packages/modules/Bluetooth/system/gd/hci/le_address_manager.cc:734 OnCommandComplete: Received command complete with op_code LE_SET_RANDOM_ADDRESS
11-13 20:07:46.074  3146  3335 I bluetooth: packages/modules/Bluetooth/system/gd/hci/le_address_manager.cc:754 OnCommandComplete: update random address : xx:xx:xx:xx:ee:20
11-13 20:07:46.074  3146  3335 I bluetooth: packages/modules/Bluetooth/system/gd/hci/le_address_manager.cc:319 resume_registered_clients: Resuming registered clients
11-13 20:07:46.074  3146  3335 I bluetooth: packages/modules/Bluetooth/system/gd/hci/le_advertising_manager.cc:1441 OnResume: Start
11-13 20:17:10.949  3146  3335 I bluetooth: packages/modules/Bluetooth/system/gd/hci/le_advertising_manager.cc:1395 OnPause: Start
11-13 20:17:10.950  3146  3335 I bluetooth: packages/modules/Bluetooth/system/gd/hci/le_address_manager.cc:290 ack_pause: Client already in paused state
11-13 20:17:10.950  3146  3335 I bluetooth: packages/modules/Bluetooth/system/gd/hci/le_address_manager.cc:290 ack_pause: Client already in paused state
11-13 20:17:10.950  3146  3335 I bluetooth: packages/modules/Bluetooth/system/gd/hci/le_address_manager.cc:290 ack_pause: Client already in paused state
11-13 20:17:10.954  3146  3335 I bluetooth: packages/modules/Bluetooth/system/gd/hci/le_advertising_manager.cc:1730 on_set_advertising_set_random_address_complete: update random address for advertising set 1 : xx:xx:xx:xx:fd:0f
11-13 20:17:10.958  3146  3335 I bluetooth: packages/modules/Bluetooth/system/gd/hci/le_address_manager.cc:734 OnCommandComplete: Received command complete with op_code LE_SET_RANDOM_ADDRESS
11-13 20:17:10.958  3146  3335 I bluetooth: packages/modules/Bluetooth/system/gd/hci/le_address_manager.cc:754 OnCommandComplete: update random address : xx:xx:xx:xx:50:88
11-13 20:17:10.958  3146  3335 I bluetooth: packages/modules/Bluetooth/system/gd/hci/le_address_manager.cc:319 resume_registered_clients: Resuming registered clients
11-13 20:17:10.958  3146  3335 I bluetooth: packages/modules/Bluetooth/system/gd/hci/le_advertising_manager.cc:1441 OnResume: Start
11-13 20:37:11.460  3146  3335 I bluetooth: packages/modules/Bluetooth/system/gd/hci/le_advertising_manager.cc:1395 OnPause: Start
11-13 20:37:11.462  3146  3335 I bluetooth: packages/modules/Bluetooth/system/gd/hci/le_address_manager.cc:290 ack_pause: Client already in paused state
11-13 20:37:11.462  3146  3335 I bluetooth: packages/modules/Bluetooth/system/gd/hci/le_address_manager.cc:290 ack_pause: Client already in paused state
11-13 20:37:11.462  3146  3335 I bluetooth: packages/modules/Bluetooth/system/gd/hci/le_address_manager.cc:290 ack_pause: Client already in paused state
11-13 20:37:11.464  3146  3335 I bluetooth: packages/modules/Bluetooth/system/gd/hci/le_advertising_manager.cc:1730 on_set_advertising_set_random_address_complete: update random address for advertising set 1 : xx:xx:xx:xx:d1:30
11-13 20:37:11.467  3146  3335 I bluetooth: packages/modules/Bluetooth/system/gd/hci/le_address_manager.cc:734 OnCommandComplete: Received command complete with op_code LE_SET_RANDOM_ADDRESS
11-13 20:37:11.467  3146  3335 I bluetooth: packages/modules/Bluetooth/system/gd/hci/le_address_manager.cc:754 OnCommandComplete: update random address : xx:xx:xx:xx:d0:1b
11-13 20:37:11.467  3146  3335 I bluetooth: packages/modules/Bluetooth/system/gd/hci/le_address_manager.cc:319 resume_registered_clients: Resuming registered clients
11-13 20:37:11.467  3146  3335 I bluetooth: packages/modules/Bluetooth/system/gd/hci/le_advertising_manager.cc:1441 OnResume: Start
11-13 20:46:49.933  3146  3335 I bluetooth: packages/modules/Bluetooth/system/gd/hci/le_advertising_manager.cc:1395 OnPause: Start
11-13 20:46:49.934  3146  3335 I bluetooth: packages/modules/Bluetooth/system/gd/hci/le_address_manager.cc:290 ack_pause: Client already in paused state
11-13 20:46:49.934  3146  3335 I bluetooth: packages/modules/Bluetooth/system/gd/hci/le_address_manager.cc:290 ack_pause: Client already in paused state
11-13 20:46:49.934  3146  3335 I bluetooth: packages/modules/Bluetooth/system/gd/hci/le_address_manager.cc:290 ack_pause: Client already in paused state
11-13 20:46:49.942  3146  3335 I bluetooth: packages/modules/Bluetooth/system/gd/hci/le_advertising_manager.cc:1730 on_set_advertising_set_random_address_complete: update random address for advertising set 1 : xx:xx:xx:xx:25:f0
11-13 20:46:49.946  3146  3335 I bluetooth: packages/modules/Bluetooth/system/gd/hci/le_address_manager.cc:734 OnCommandComplete: Received command complete with op_code LE_SET_RANDOM_ADDRESS
11-13 20:46:49.946  3146  3335 I bluetooth: packages/modules/Bluetooth/system/gd/hci/le_address_manager.cc:754 OnCommandComplete: update random address : xx:xx:xx:xx:85:ac
11-13 20:46:49.946  3146  3335 I bluetooth: packages/modules/Bluetooth/system/gd/hci/le_address_manager.cc:319 resume_registered_clients: Resuming registered clients
11-13 20:46:49.946  3146  3335 I bluetooth: packages/modules/Bluetooth/system/gd/hci/le_advertising_manager.cc:1441 OnResume: Start
11-13 20:46:50.033  3146  3146 I BluetoothA2dpServiceJni: Attempting to set 24G wifi state 0
11-13 20:52:12.015  3146  3335 I bluetooth: packages/modules/Bluetooth/system/gd/hci/le_advertising_manager.cc:1730 on_set_advertising_set_random_address_complete: update random address for advertising set 1 : xx:xx:xx:xx:13:f0
11-13 20:57:12.127  3146  3335 I bluetooth: packages/modules/Bluetooth/system/gd/hci/le_advertising_manager.cc:1395 OnPause: Start
11-13 20:57:12.128  3146  3335 I bluetooth: packages/modules/Bluetooth/system/gd/hci/le_address_manager.cc:290 ack_pause: Client already in paused state
11-13 20:57:12.128  3146  3335 I bluetooth: packages/modules/Bluetooth/system/gd/hci/le_address_manager.cc:290 ack_pause: Client already in paused state
11-13 20:57:12.128  3146  3335 I bluetooth: packages/modules/Bluetooth/system/gd/hci/le_address_manager.cc:290 ack_pause: Client already in paused state
11-13 20:57:12.132  3146  3335 I bluetooth: packages/modules/Bluetooth/system/gd/hci/le_address_manager.cc:734 OnCommandComplete: Received command complete with op_code LE_SET_RANDOM_ADDRESS
11-13 20:57:12.133  3146  3335 I bluetooth: packages/modules/Bluetooth/system/gd/hci/le_address_manager.cc:754 OnCommandComplete: update random address : xx:xx:xx:xx:a2:ba
11-13 20:57:12.133  3146  3335 I bluetooth: packages/modules/Bluetooth/system/gd/hci/le_address_manager.cc:319 resume_registered_clients: Resuming registered clients
11-13 20:57:12.133  3146  3335 I bluetooth: packages/modules/Bluetooth/system/gd/hci/le_advertising_manager.cc:1441 OnResume: Start
11-13 21:07:42.228  3146  3335 I bluetooth: packages/modules/Bluetooth/system/gd/hci/le_advertising_manager.cc:1395 OnPause: Start
11-13 21:07:42.229  3146  3335 I bluetooth: packages/modules/Bluetooth/system/gd/hci/le_address_manager.cc:290 ack_pause: Client already in paused state
11-13 21:07:42.229  3146  3335 I bluetooth: packages/modules/Bluetooth/system/gd/hci/le_address_manager.cc:290 ack_pause: Client already in paused state
11-13 21:07:42.229  3146  3335 I bluetooth: packages/modules/Bluetooth/system/gd/hci/le_address_manager.cc:290 ack_pause: Client already in paused state
11-13 21:07:42.233  3146  3335 I bluetooth: packages/modules/Bluetooth/system/gd/hci/le_advertising_manager.cc:1730 on_set_advertising_set_random_address_complete: update random address for advertising set 1 : xx:xx:xx:xx:7e:a2
11-13 21:07:42.235  3146  3335 I bluetooth: packages/modules/Bluetooth/system/gd/hci/le_address_manager.cc:734 OnCommandComplete: Received command complete with op_code LE_SET_RANDOM_ADDRESS
11-13 21:07:42.235  3146  3335 I bluetooth: packages/modules/Bluetooth/system/gd/hci/le_address_manager.cc:754 OnCommandComplete: update random address : xx:xx:xx:xx:20:80
11-13 21:07:42.236  3146  3335 I bluetooth: packages/modules/Bluetooth/system/gd/hci/le_address_manager.cc:319 resume_registered_clients: Resuming registered clients
11-13 21:07:42.236  3146  3335 I bluetooth: packages/modules/Bluetooth/system/gd/hci/le_advertising_manager.cc:1441 OnResume: Start
11-13 21:37:18.121  3146  3335 I bluetooth: packages/modules/Bluetooth/system/gd/hci/le_advertising_manager.cc:1395 OnPause: Start
11-13 21:37:18.122  3146  3335 I bluetooth: packages/modules/Bluetooth/system/gd/hci/le_address_manager.cc:290 ack_pause: Client already in paused state
11-13 21:37:18.122  3146  3335 I bluetooth: packages/modules/Bluetooth/system/gd/hci/le_address_manager.cc:290 ack_pause: Client already in paused state
11-13 21:37:18.122  3146  3335 I bluetooth: packages/modules/Bluetooth/system/gd/hci/le_address_manager.cc:290 ack_pause: Client already in paused state
11-13 21:37:18.128  3146  3335 I bluetooth: packages/modules/Bluetooth/system/gd/hci/le_advertising_manager.cc:1730 on_set_advertising_set_random_address_complete: update random address for advertising set 1 : xx:xx:xx:xx:54:8e
11-13 21:37:18.129  3146  3335 I bluetooth: packages/modules/Bluetooth/system/gd/hci/le_address_manager.cc:734 OnCommandComplete: Received command complete with op_code LE_SET_RANDOM_ADDRESS
11-13 21:37:18.129  3146  3335 I bluetooth: packages/modules/Bluetooth/system/gd/hci/le_address_manager.cc:754 OnCommandComplete: update random address : xx:xx:xx:xx:86:13
11-13 21:37:18.129  3146  3335 I bluetooth: packages/modules/Bluetooth/system/gd/hci/le_address_manager.cc:319 resume_registered_clients: Resuming registered clients
11-13 21:37:18.129  3146  3335 I bluetooth: packages/modules/Bluetooth/system/gd/hci/le_advertising_manager.cc:1441 OnResume: Start
11-13 22:06:09.611  3146  3335 I bluetooth: packages/modules/Bluetooth/system/gd/hci/le_advertising_manager.cc:1395 OnPause: Start
11-13 22:06:09.612  3146  3335 I bluetooth: packages/modules/Bluetooth/system/gd/hci/le_address_manager.cc:290 ack_pause: Client already in paused state
11-13 22:06:09.612  3146  3335 I bluetooth: packages/modules/Bluetooth/system/gd/hci/le_address_manager.cc:290 ack_pause: Client already in paused state
11-13 22:06:09.612  3146  3335 I bluetooth: packages/modules/Bluetooth/system/gd/hci/le_address_manager.cc:290 ack_pause: Client already in paused state
11-13 22:06:09.619  3146  3335 I bluetooth: packages/modules/Bluetooth/system/gd/hci/le_advertising_manager.cc:1730 on_set_advertising_set_random_address_complete: update random address for advertising set 1 : xx:xx:xx:xx:3c:40
11-13 22:06:09.619  3146  3335 I bluetooth: packages/modules/Bluetooth/system/gd/hci/le_address_manager.cc:734 OnCommandComplete: Received command complete with op_code LE_SET_RANDOM_ADDRESS
11-13 22:06:09.619  3146  3335 I bluetooth: packages/modules/Bluetooth/system/gd/hci/le_address_manager.cc:754 OnCommandComplete: update random address : xx:xx:xx:xx:73:82
11-13 22:06:09.619  3146  3335 I bluetooth: packages/modules/Bluetooth/system/gd/hci/le_address_manager.cc:319 resume_registered_clients: Resuming registered clients
11-13 22:06:09.619  3146  3335 I bluetooth: packages/modules/Bluetooth/system/gd/hci/le_advertising_manager.cc:1441 OnResume: Start
11-13 22:08:31.703  3146  3335 I BluetoothCounterMetrics: packages/modules/Bluetooth/system/gd/metrics/counter_metrics.cc:95 DrainBufferedCounters: Draining buffered counters
11-13 22:24:28.635  3146  3335 I bluetooth: packages/modules/Bluetooth/system/gd/hci/le_advertising_manager.cc:1395 OnPause: Start
11-13 22:24:28.636  3146  3335 I bluetooth: packages/modules/Bluetooth/system/gd/hci/le_address_manager.cc:290 ack_pause: Client already in paused state
11-13 22:24:28.636  3146  3335 I bluetooth: packages/modules/Bluetooth/system/gd/hci/le_address_manager.cc:290 ack_pause: Client already in paused state
11-13 22:24:28.636  3146  3335 I bluetooth: packages/modules/Bluetooth/system/gd/hci/le_address_manager.cc:290 ack_pause: Client already in paused state
11-13 22:24:28.639  3146  3335 I bluetooth: packages/modules/Bluetooth/system/gd/hci/le_advertising_manager.cc:1730 on_set_advertising_set_random_address_complete: update random address for advertising set 1 : xx:xx:xx:xx:32:55
11-13 22:24:28.644  3146  3335 I bluetooth: packages/modules/Bluetooth/system/gd/hci/le_address_manager.cc:734 OnCommandComplete: Received command complete with op_code LE_SET_RANDOM_ADDRESS
11-13 22:24:28.645  3146  3335 I bluetooth: packages/modules/Bluetooth/system/gd/hci/le_address_manager.cc:754 OnCommandComplete: update random address : xx:xx:xx:xx:42:aa
11-13 22:24:28.645  3146  3335 I bluetooth: packages/modules/Bluetooth/system/gd/hci/le_address_manager.cc:319 resume_registered_clients: Resuming registered clients
11-13 22:24:28.645  3146  3335 I bluetooth: packages/modules/Bluetooth/system/gd/hci/le_advertising_manager.cc:1441 OnResume: Start
11-13 22:24:28.678  3146  3146 I BluetoothA2dpServiceJni: Attempting to set 24G wifi state 1
11-13 22:31:59.453  3146  3335 I bluetooth: packages/modules/Bluetooth/system/gd/hci/le_advertising_manager.cc:1395 OnPause: Start
11-13 22:31:59.454  3146  3335 I bluetooth: packages/modules/Bluetooth/system/gd/hci/le_address_manager.cc:290 ack_pause: Client already in paused state
11-13 22:31:59.455  3146  3335 I bluetooth: packages/modules/Bluetooth/system/gd/hci/le_address_manager.cc:290 ack_pause: Client already in paused state
11-13 22:31:59.455  3146  3335 I bluetooth: packages/modules/Bluetooth/system/gd/hci/le_address_manager.cc:290 ack_pause: Client already in paused state
11-13 22:31:59.456  3146  3335 I bluetooth: packages/modules/Bluetooth/system/gd/hci/le_advertising_manager.cc:1730 on_set_advertising_set_random_address_complete: update random address for advertising set 1 : xx:xx:xx:xx:01:29
11-13 22:31:59.461  3146  3335 I bluetooth: packages/modules/Bluetooth/system/gd/hci/le_address_manager.cc:734 OnCommandComplete: Received command complete with op_code LE_SET_RANDOM_ADDRESS
11-13 22:31:59.461  3146  3335 I bluetooth: packages/modules/Bluetooth/system/gd/hci/le_address_manager.cc:754 OnCommandComplete: update random address : xx:xx:xx:xx:c3:67
11-13 22:31:59.461  3146  3335 I bluetooth: packages/modules/Bluetooth/system/gd/hci/le_address_manager.cc:319 resume_registered_clients: Resuming registered clients
11-13 22:31:59.461  3146  3335 I bluetooth: packages/modules/Bluetooth/system/gd/hci/le_advertising_manager.cc:1441 OnResume: Start
11-13 23:03:52.675  3146  3335 I bluetooth: packages/modules/Bluetooth/system/gd/hci/le_advertising_manager.cc:1395 OnPause: Start
11-13 23:03:52.676  3146  3335 I bluetooth: packages/modules/Bluetooth/system/gd/hci/le_address_manager.cc:290 ack_pause: Client already in paused state
11-13 23:03:52.676  3146  3335 I bluetooth: packages/modules/Bluetooth/system/gd/hci/le_address_manager.cc:290 ack_pause: Client already in paused state
11-13 23:03:52.676  3146  3335 I bluetooth: packages/modules/Bluetooth/system/gd/hci/le_address_manager.cc:290 ack_pause: Client already in paused state
11-13 23:03:52.678  3146  3335 I bluetooth: packages/modules/Bluetooth/system/gd/hci/le_advertising_manager.cc:1730 on_set_advertising_set_random_address_complete: update random address for advertising set 1 : xx:xx:xx:xx:9b:39
11-13 23:03:52.681  3146  3335 I bluetooth: packages/modules/Bluetooth/system/gd/hci/le_address_manager.cc:734 OnCommandComplete: Received command complete with op_code LE_SET_RANDOM_ADDRESS
11-13 23:03:52.681  3146  3335 I bluetooth: packages/modules/Bluetooth/system/gd/hci/le_address_manager.cc:754 OnCommandComplete: update random address : xx:xx:xx:xx:07:c8
11-13 23:03:52.681  3146  3335 I bluetooth: packages/modules/Bluetooth/system/gd/hci/le_address_manager.cc:319 resume_registered_clients: Resuming registered clients
11-13 23:03:52.681  3146  3335 I bluetooth: packages/modules/Bluetooth/system/gd/hci/le_advertising_manager.cc:1441 OnResume: Start
11-13 23:32:44.787  3146  3335 I bluetooth: packages/modules/Bluetooth/system/gd/hci/le_advertising_manager.cc:1395 OnPause: Start
11-13 23:32:44.788  3146  3335 I bluetooth: packages/modules/Bluetooth/system/gd/hci/le_address_manager.cc:290 ack_pause: Client already in paused state
11-13 23:32:44.788  3146  3335 I bluetooth: packages/modules/Bluetooth/system/gd/hci/le_address_manager.cc:290 ack_pause: Client already in paused state
11-13 23:32:44.788  3146  3335 I bluetooth: packages/modules/Bluetooth/system/gd/hci/le_address_manager.cc:290 ack_pause: Client already in paused state
11-13 23:32:44.796  3146  3335 I bluetooth: packages/modules/Bluetooth/system/gd/hci/le_advertising_manager.cc:1730 on_set_advertising_set_random_address_complete: update random address for advertising set 1 : xx:xx:xx:xx:0b:5a
11-13 23:32:44.797  3146  3335 I bluetooth: packages/modules/Bluetooth/system/gd/hci/le_address_manager.cc:734 OnCommandComplete: Received command complete with op_code LE_SET_RANDOM_ADDRESS
11-13 23:32:44.797  3146  3335 I bluetooth: packages/modules/Bluetooth/system/gd/hci/le_address_manager.cc:754 OnCommandComplete: update random address : xx:xx:xx:xx:e8:16
11-13 23:32:44.797  3146  3335 I bluetooth: packages/modules/Bluetooth/system/gd/hci/le_address_manager.cc:319 resume_registered_clients: Resuming registered clients
11-13 23:32:44.797  3146  3335 I bluetooth: packages/modules/Bluetooth/system/gd/hci/le_advertising_manager.cc:1441 OnResume: Start
11-13 23:32:36.499 23058 23058 D nativeloader:   com_android_btservices: libbluetooth_jni.so
11-13 23:32:36.516 10989 10998 W .android.scloud: ApkAssets: Deleting an ApkAssets object '<empty> and /apex/com.android.btservices/app/Bluetooth@UP1A.231005.007/Bluetooth.apk' with 1 weak references
11-13 23:32:36.980 23088 23161 D LocalBluetoothManager: LocalBluetoothManager :: sInstance == null
11-13 23:32:36.988  1451  1662 D BluetoothManagerService: mDisableBleCallbacks count 14
11-13 23:32:36.990 23088 23161 I BluetoothAdapter: BluetoothAdapter() : com.android.settings
11-13 23:32:36.990 23088 23161 D LocalBluetoothManager: LocalBluetoothManager :: constructor
11-13 23:32:37.093 23088 23161 D CachedBluetoothDeviceManager: setStubInfo: INSTALLER_STUB is exist. Package : com.samsung.android.app.watchmanagerstub, Version : 210124003
11-13 23:32:37.178 23088 23161 D CachedBluetoothDeviceManager: setStubInfo: INSTALLER_STUB is exist. Package : com.sec.android.app.applinker, Version : 230300000
11-13 23:32:37.179 23088 23161 D BluetoothEventManager: BluetoothEventManager Constructor :: 
11-13 23:32:37.186 23088 23161 D BluetoothPan: Binding service...
11-13 23:32:37.188 23088 23161 D BluetoothSap: Create BluetoothSap proxy object
11-13 23:32:37.189 23088 23161 D BluetoothSap: Binding service...
11-13 23:32:37.202 23088 23161 D LocalBluetoothProfileManager: updateLocalProfiles :: 
11-13 23:32:37.209 23088 23161 D BluetoothA2dp: Binding service...
11-13 23:32:37.248 23088 23161 D BluetoothHeadset: Binding service...
11-13 23:32:37.254 23088 23161 D BluetoothMap: Create BluetoothMap proxy object
11-13 23:32:37.260 23088 23161 D BluetoothMap: Binding service...
11-13 23:32:37.275 23088 23161 D BluetoothHearingAid: Binding service...
11-13 23:32:37.287 23088 23100 D BluetoothPan: Proxy object connected
11-13 23:32:37.290 23088 23100 D BluetoothSap: Proxy object connected
11-13 23:32:37.291 23088 23088 D BluetoothSap: getConnectedDevices()
11-13 23:32:37.308 23088 23161 D BluetoothHidHost: Binding service...
11-13 23:32:37.336 23088 23161 D BluetoothPbap: Binding service...
11-13 23:32:37.338 23088 23100 D BluetoothA2dp: Proxy object connected
11-13 23:32:37.339 23088 23161 D LocalBluetoothProfileManager: Adding local Spp profile
11-13 23:32:37.349 23088 23161 D BluetoothVolumeControl: Binding service...
11-13 23:32:37.349  1451  1662 I BluetoothManagerService: addProxy from com.android.settings (9)
11-13 23:32:37.350 23088 23100 D BluetoothHeadset: Proxy object connected
11-13 23:32:37.361 23088 23100 D BluetoothMap: Proxy object connected
11-13 23:32:37.363 23088 23088 D BluetoothMap: getConnectedDevices()
11-13 23:32:37.376 23088 23100 D BluetoothHearingAid: Proxy object connected
11-13 23:32:37.410 23088 23100 D BluetoothHidHost: Proxy object connected
11-13 23:32:37.420 23088 23161 D BluetoothLeAudio: Binding service...
11-13 23:32:37.426 23088 23161 D BluetoothLeBroadcastAssistant: Binding service...
11-13 23:32:37.431 23088 23161 D BluetoothCsipSetCoordinator: Binding service...
11-13 23:32:37.436 23088 23100 D BluetoothPbap: Proxy object connected
11-13 23:32:37.447  3146  3159 D BluetoothAdapterService: getBondedDevices, remove custom devices: 
11-13 23:32:37.449 23088 23100 D BluetoothVolumeControl: Proxy object connected
11-13 23:32:37.450 23088 23088 D VolumeControlProfile: Bluetooth service connected
11-13 23:32:37.450 23088 23088 D BluetoothVolumeControl: getConnectedDevices()
11-13 23:32:37.479 23088 23161 D CachedBluetoothDevice: getBtClassDrawable :: (N) A54 de Sophia, BluetoothClass = 5a020c, Appearance = 0
11-13 23:32:37.489 23088 23161 D BluetoothAdapter: getActiveDevices(profile= A2DP)
11-13 23:32:37.490  3146  3159 I BluetoothAdapterService: getActiveDevices: A2dp device: null
11-13 23:32:37.497 23088 23161 D BluetoothAdapter: getActiveDevices(profile= HEADSET)
11-13 23:32:37.499  3146  3159 I BluetoothAdapterService: getActiveDevices: Headset device: null
11-13 23:32:37.500 23088 23161 D BluetoothAdapter: getActiveDevices(profile= HEARING_AID)
11-13 23:32:37.501  3146  3159 I BluetoothAdapterService: getActiveDevices: Hearing Aid devices: Left[null] - Right[null]
11-13 23:32:37.502 23088 23161 D BluetoothAdapter: getActiveDevices(profile= LE_AUDIO)
11-13 23:32:37.503  3146  3159 I BluetoothAdapterService: getActiveDevices: LeAudio devices: Lead[null] - member_1[null]
11-13 23:32:37.541 23088 23100 D BluetoothLeAudio: Proxy object connected
11-13 23:32:37.542 23088 23088 D LeAudioProfile: Bluetooth service connected
11-13 23:32:37.542 23088 23099 D BluetoothLeBroadcastAssistant: Proxy object connected
11-13 23:32:37.543 23088 23098 D BluetoothCsipSetCoordinator: Proxy object connected
11-13 23:32:37.544 23088 23088 D LocalBluetoothLeBroadcastAssistant: Bluetooth service connected
11-13 23:32:37.554 23088 23088 D CsipSetCoordinatorProfile: Bluetooth service connected
11-13 23:32:37.575 23088 23161 D BluetoothUtils: isGalaxyWatchDevice: uuids = [00001105-0000-1000-8000-00805f9b34fb, 0000110a-0000-1000-8000-00805f9b34fb, 0000110e-0000-1000-8000-00805f9b34fb, 00001112-0000-1000-8000-00805f9b34fb, 00001115-0000-1000-8000-00805f9b34fb, 00001116-0000-1000-8000-00805f9b34fb, 0000111f-0000-1000-8000-00805f9b34fb, 0000112d-0000-1000-8000-00805f9b34fb, 0000112f-0000-1000-8000-00805f9b34fb, 00001132-0000-1000-8000-00805f9b34fb, 594a34fc-31db-11ea-978f-2e728ce88125, a82efa21-ae5c-3dde-9bbc-f16da7b16c5a]
11-13 23:32:37.579 23088 23161 D CachedBluetoothDevice: fillData :: [XX:XX:XX:XX:C9:AA], [12], [false], [5a020c], [0], [3], [2], [28 FF 75 00 02 09 01 00 00 00 01 01 00 00 00 00 00 00 00 00 00 00 00 00 00 00 00 00 00 00 00 00 5B 50 68 6F 6E 65 5D 20 00 ], [0]
11-13 23:32:37.579 23088 23161 D BluetoothAdapter: semIsBleEnabled(): ON
11-13 23:32:37.603 23088 23161 D CachedBluetoothDevice: getBtClassDrawable :: (N) Sophia's Tab S8+, BluetoothClass = 5a020c, Appearance = 0
11-13 23:32:37.606 23088 23161 D BluetoothAdapter: getActiveDevices(profile= A2DP)
11-13 23:32:37.607  3146  3159 I BluetoothAdapterService: getActiveDevices: A2dp device: null
11-13 23:32:37.607 23088 23161 D BluetoothAdapter: getActiveDevices(profile= HEADSET)
11-13 23:32:37.608  3146  3159 I BluetoothAdapterService: getActiveDevices: Headset device: null
11-13 23:32:37.609 23088 23161 D BluetoothAdapter: getActiveDevices(profile= HEARING_AID)
11-13 23:32:37.610  3146  3159 I BluetoothAdapterService: getActiveDevices: Hearing Aid devices: Left[null] - Right[null]
11-13 23:32:37.610 23088 23161 D BluetoothAdapter: getActiveDevices(profile= LE_AUDIO)
11-13 23:32:37.611  3146  3159 I BluetoothAdapterService: getActiveDevices: LeAudio devices: Lead[null] - member_1[null]
11-13 23:32:37.619 23088 23161 D BluetoothUtils: isGalaxyWatchDevice: uuids = [00001105-0000-1000-8000-00805f9b34fb, 0000110a-0000-1000-8000-00805f9b34fb, 0000110e-0000-1000-8000-00805f9b34fb, 00001112-0000-1000-8000-00805f9b34fb, 00001115-0000-1000-8000-00805f9b34fb, 00001116-0000-1000-8000-00805f9b34fb, 0000111f-0000-1000-8000-00805f9b34fb, 594a34fc-31db-11ea-978f-2e728ce88125, a82efa21-ae5c-3dde-9bbc-f16da7b16c5a]
11-13 23:32:37.622 23088 23161 D CachedBluetoothDevice: fillData :: [XX:XX:XX:XX:CB:67], [12], [false], [5a020c], [0], [3], [2], [28 FF 75 00 02 09 01 00 00 00 02 01 00 00 00 00 00 00 00 00 00 00 00 00 00 00 00 00 00 00 00 00 5B 54 61 62 6C 65 74 5D 20 ], [0]
11-13 23:32:37.622 23088 23161 D BluetoothAdapter: semIsBleEnabled(): ON
11-13 23:32:37.630 23088 23161 D LocalBluetoothCastAdapter: LocalBluetoothCastAdapter
11-13 23:32:37.630 23088 23161 D SemBluetoothCastAdapter: Binding to BluetoothCastAdapterService
11-13 23:32:37.640 23088 23161 D SemBluetoothCastAdapter: comp : null false
11-13 23:32:37.643 23088 23161 D BluetoothCastEventManager: BluetoothCastEventManager
11-13 23:32:37.643 23088 23161 D BluetoothCastEventManager: registerReceiver
11-13 23:32:37.647 23088 23161 D LocalBluetoothCastProfileManager: LocalBluetoothCastProfileManager 
11-13 23:32:37.647 23088 23161 D LocalBluetoothCastAdapter: Cannot set BluetoothCastStateOn
11-13 23:32:37.647 23088 23161 D LocalBluetoothCastProfileManager: updateLocalCastProfiles
11-13 23:32:37.647 23088 23161 D LocalBluetoothCastProfileManager: updateLocalCastProfiles mAudioCastProfile
11-13 23:32:37.647  3146  3159 D BluetoothAdapterService: getBondedDevices, remove custom devices: 
11-13 23:32:37.648 23088 23161 D SemBluetoothAudioCast: Binding to BluetoothAudioCastService
11-13 23:32:37.649  3146  3159 E BluetoothRemoteDevices: mSocketConnectedCount 0
11-13 23:32:37.651  3146  3159 E BluetoothRemoteDevices: mSocketConnectedCount 0
11-13 23:32:37.651 23088 23088 D SemBluetoothCastAdapter: Service Connected
11-13 23:32:37.652  3146  3159 E BluetoothCastAdapterService: updateClientDeathRecipient :: token=android.os.BinderProxy@c35b8a9, enable=true, packageName=com.android.settings
11-13 23:32:37.652 23088 23088 D LocalBluetoothCastAdapter: SemBluetoothCastAdapter Connected
11-13 23:32:37.652 23088 23161 D SemBluetoothAudioCast: comp : null false
11-13 23:32:37.654 23088 23088 D SemBluetoothAudioCast: SemBluetoothAudioCast Proxy object connected
11-13 23:32:37.656 23088 23161 D LocalBluetoothManager: LocalBluetoothManager :: onInitCallback != null
11-13 23:32:38.463  1451  1662 D BluetoothManagerService: mDisableBleCallbacks count 15
11-13 23:32:38.469 23142 23562 I BluetoothAdapter: BluetoothAdapter() : com.microsoft.appmanager
11-13 23:32:38.470 23142 23562 D BluetoothAdapter: getBleEnabledArray(): ON
11-13 23:32:38.471 23142 23562 D BluetoothAdapter: getBleEnabledArray(): ON
11-13 23:32:38.643 23443 23715 I ShareLive:QuickShare: [D2D][RxComputation-1] [WorkerRepositoryImpl] enqueueConnectivityWorker dependOnBluetooth = true
11-13 23:32:38.851 23312 23331 I WindowsLink: (BaseContentProvider) call: method = capability_bluetooth_transport / subMethod = capability_bluetooth_transport
11-13 23:32:39.658 23209 23209 I SHEALTH#WI#WearableDeviceStatusHelperUtil: (print) : isBluetoothPermissionGranted is false
11-13 23:32:39.658 23209 23209 E SHEALTH#WI#WearableDeviceStatusHelperUtil: isBluetoothPermissionGranted is false
11-13 23:32:40.340 24126 24126 D nativeloader:   com_android_btservices: libbluetooth_jni.so
11-13 23:32:40.908  3146  3158 D BluetoothCastAdapterService: Binder is dead - unregister com.android.settings
11-13 23:32:40.908  3146  3158 E BluetoothCastAdapterService: ClientDeathRecipient :: remove token =android.os.BinderProxy@c35b8a9, packageName=com.android.settings
11-13 23:41:05.763  3146  3335 I bluetooth: packages/modules/Bluetooth/system/gd/hci/le_advertising_manager.cc:1395 OnPause: Start
11-13 23:41:05.764  3146  3335 I bluetooth: packages/modules/Bluetooth/system/gd/hci/le_address_manager.cc:290 ack_pause: Client already in paused state
11-13 23:41:05.764  3146  3335 I bluetooth: packages/modules/Bluetooth/system/gd/hci/le_address_manager.cc:290 ack_pause: Client already in paused state
11-13 23:41:05.764  3146  3335 I bluetooth: packages/modules/Bluetooth/system/gd/hci/le_address_manager.cc:290 ack_pause: Client already in paused state
11-13 23:41:05.768  3146  3335 I bluetooth: packages/modules/Bluetooth/system/gd/hci/le_advertising_manager.cc:1730 on_set_advertising_set_random_address_complete: update random address for advertising set 1 : xx:xx:xx:xx:f6:85
11-13 23:41:05.772  3146  3335 I bluetooth: packages/modules/Bluetooth/system/gd/hci/le_address_manager.cc:734 OnCommandComplete: Received command complete with op_code LE_SET_RANDOM_ADDRESS
11-13 23:41:05.772  3146  3335 I bluetooth: packages/modules/Bluetooth/system/gd/hci/le_address_manager.cc:754 OnCommandComplete: update random address : xx:xx:xx:xx:7a:a1
11-13 23:41:05.772  3146  3335 I bluetooth: packages/modules/Bluetooth/system/gd/hci/le_address_manager.cc:319 resume_registered_clients: Resuming registered clients
11-13 23:41:05.772  3146  3335 I bluetooth: packages/modules/Bluetooth/system/gd/hci/le_advertising_manager.cc:1441 OnResume: Start
11-13 23:55:48.134  3146  3335 I bluetooth: packages/modules/Bluetooth/system/gd/hci/le_advertising_manager.cc:1395 OnPause: Start
11-13 23:55:48.136  3146  3335 I bluetooth: packages/modules/Bluetooth/system/gd/hci/le_address_manager.cc:290 ack_pause: Client already in paused state
11-13 23:55:48.137  3146  3335 I bluetooth: packages/modules/Bluetooth/system/gd/hci/le_address_manager.cc:290 ack_pause: Client already in paused state
11-13 23:55:48.137  3146  3335 I bluetooth: packages/modules/Bluetooth/system/gd/hci/le_address_manager.cc:290 ack_pause: Client already in paused state
11-13 23:55:48.152  3146  3335 I bluetooth: packages/modules/Bluetooth/system/gd/hci/le_advertising_manager.cc:1730 on_set_advertising_set_random_address_complete: update random address for advertising set 1 : xx:xx:xx:xx:78:17
11-13 23:55:48.155  3146  3335 I bluetooth: packages/modules/Bluetooth/system/gd/hci/le_address_manager.cc:734 OnCommandComplete: Received command complete with op_code LE_SET_RANDOM_ADDRESS
11-13 23:55:48.155  3146  3335 I bluetooth: packages/modules/Bluetooth/system/gd/hci/le_address_manager.cc:754 OnCommandComplete: update random address : xx:xx:xx:xx:a3:d6
11-13 23:55:48.155  3146  3335 I bluetooth: packages/modules/Bluetooth/system/gd/hci/le_address_manager.cc:319 resume_registered_clients: Resuming registered clients
11-13 23:55:48.155  3146  3335 I bluetooth: packages/modules/Bluetooth/system/gd/hci/le_advertising_manager.cc:1441 OnResume: Start
11-13 23:55:49.043  3146  3146 I BluetoothA2dpServiceJni: Attempting to set 24G wifi state 1
11-13 23:55:56.988  3146  3146 I BluetoothA2dpServiceJni: Attempting to set 24G wifi state 0
11-14 00:07:21.779  3146  3335 I bluetooth: packages/modules/Bluetooth/system/gd/hci/le_advertising_manager.cc:1395 OnPause: Start
11-14 00:07:21.781  3146  3335 I bluetooth: packages/modules/Bluetooth/system/gd/hci/le_address_manager.cc:290 ack_pause: Client already in paused state
11-14 00:07:21.781  3146  3335 I bluetooth: packages/modules/Bluetooth/system/gd/hci/le_address_manager.cc:290 ack_pause: Client already in paused state
11-14 00:07:21.781  3146  3335 I bluetooth: packages/modules/Bluetooth/system/gd/hci/le_address_manager.cc:290 ack_pause: Client already in paused state
11-14 00:07:21.790  3146  3335 I bluetooth: packages/modules/Bluetooth/system/gd/hci/le_advertising_manager.cc:1730 on_set_advertising_set_random_address_complete: update random address for advertising set 1 : xx:xx:xx:xx:f5:3e
11-14 00:07:21.791  3146  3335 I bluetooth: packages/modules/Bluetooth/system/gd/hci/le_address_manager.cc:734 OnCommandComplete: Received command complete with op_code LE_SET_RANDOM_ADDRESS
11-14 00:07:21.792  3146  3335 I bluetooth: packages/modules/Bluetooth/system/gd/hci/le_address_manager.cc:754 OnCommandComplete: update random address : xx:xx:xx:xx:47:58
11-14 00:07:21.792  3146  3335 I bluetooth: packages/modules/Bluetooth/system/gd/hci/le_address_manager.cc:319 resume_registered_clients: Resuming registered clients
11-14 00:07:21.792  3146  3335 I bluetooth: packages/modules/Bluetooth/system/gd/hci/le_advertising_manager.cc:1441 OnResume: Start
11-14 00:27:04.523  3146  3335 I bluetooth: packages/modules/Bluetooth/system/gd/hci/le_advertising_manager.cc:1395 OnPause: Start
11-14 00:27:04.525  3146  3335 I bluetooth: packages/modules/Bluetooth/system/gd/hci/le_address_manager.cc:290 ack_pause: Client already in paused state
11-14 00:27:04.525  3146  3335 I bluetooth: packages/modules/Bluetooth/system/gd/hci/le_address_manager.cc:290 ack_pause: Client already in paused state
11-14 00:27:04.525  3146  3335 I bluetooth: packages/modules/Bluetooth/system/gd/hci/le_address_manager.cc:290 ack_pause: Client already in paused state
11-14 00:27:04.528  3146  3335 I bluetooth: packages/modules/Bluetooth/system/gd/hci/le_advertising_manager.cc:1730 on_set_advertising_set_random_address_complete: update random address for advertising set 1 : xx:xx:xx:xx:da:97
11-14 00:27:04.530  3146  3335 I bluetooth: packages/modules/Bluetooth/system/gd/hci/le_address_manager.cc:734 OnCommandComplete: Received command complete with op_code LE_SET_RANDOM_ADDRESS
11-14 00:27:04.530  3146  3335 I bluetooth: packages/modules/Bluetooth/system/gd/hci/le_address_manager.cc:754 OnCommandComplete: update random address : xx:xx:xx:xx:85:6b
11-14 00:27:04.530  3146  3335 I bluetooth: packages/modules/Bluetooth/system/gd/hci/le_address_manager.cc:319 resume_registered_clients: Resuming registered clients
11-14 00:27:04.530  3146  3335 I bluetooth: packages/modules/Bluetooth/system/gd/hci/le_advertising_manager.cc:1441 OnResume: Start
11-14 00:37:19.876  3146  3335 I bluetooth: packages/modules/Bluetooth/system/gd/hci/le_advertising_manager.cc:1395 OnPause: Start
11-14 00:37:19.878  3146  3335 I bluetooth: packages/modules/Bluetooth/system/gd/hci/le_address_manager.cc:290 ack_pause: Client already in paused state
11-14 00:37:19.878  3146  3335 I bluetooth: packages/modules/Bluetooth/system/gd/hci/le_address_manager.cc:290 ack_pause: Client already in paused state
11-14 00:37:19.878  3146  3335 I bluetooth: packages/modules/Bluetooth/system/gd/hci/le_address_manager.cc:290 ack_pause: Client already in paused state
11-14 00:37:19.881  3146  3335 I bluetooth: packages/modules/Bluetooth/system/gd/hci/le_advertising_manager.cc:1730 on_set_advertising_set_random_address_complete: update random address for advertising set 1 : xx:xx:xx:xx:06:de
11-14 00:37:19.885  3146  3335 I bluetooth: packages/modules/Bluetooth/system/gd/hci/le_address_manager.cc:734 OnCommandComplete: Received command complete with op_code LE_SET_RANDOM_ADDRESS
11-14 00:37:19.885  3146  3335 I bluetooth: packages/modules/Bluetooth/system/gd/hci/le_address_manager.cc:754 OnCommandComplete: update random address : xx:xx:xx:xx:c8:09
11-14 00:37:19.885  3146  3335 I bluetooth: packages/modules/Bluetooth/system/gd/hci/le_address_manager.cc:319 resume_registered_clients: Resuming registered clients
11-14 00:37:19.885  3146  3335 I bluetooth: packages/modules/Bluetooth/system/gd/hci/le_advertising_manager.cc:1441 OnResume: Start
11-14 00:59:10.005  3146  3335 I bluetooth: packages/modules/Bluetooth/system/gd/hci/le_advertising_manager.cc:1395 OnPause: Start
11-14 00:59:10.006  3146  3335 I bluetooth: packages/modules/Bluetooth/system/gd/hci/le_address_manager.cc:290 ack_pause: Client already in paused state
11-14 00:59:10.006  3146  3335 I bluetooth: packages/modules/Bluetooth/system/gd/hci/le_address_manager.cc:290 ack_pause: Client already in paused state
11-14 00:59:10.006  3146  3335 I bluetooth: packages/modules/Bluetooth/system/gd/hci/le_address_manager.cc:290 ack_pause: Client already in paused state
11-14 00:59:10.012  3146  3335 I bluetooth: packages/modules/Bluetooth/system/gd/hci/le_advertising_manager.cc:1730 on_set_advertising_set_random_address_complete: update random address for advertising set 1 : xx:xx:xx:xx:fb:b8
11-14 00:59:10.015  3146  3335 I bluetooth: packages/modules/Bluetooth/system/gd/hci/le_address_manager.cc:734 OnCommandComplete: Received command complete with op_code LE_SET_RANDOM_ADDRESS
11-14 00:59:10.015  3146  3335 I bluetooth: packages/modules/Bluetooth/system/gd/hci/le_address_manager.cc:754 OnCommandComplete: update random address : xx:xx:xx:xx:e1:b3
11-14 00:59:10.015  3146  3335 I bluetooth: packages/modules/Bluetooth/system/gd/hci/le_address_manager.cc:319 resume_registered_clients: Resuming registered clients
11-14 00:59:10.015  3146  3335 I bluetooth: packages/modules/Bluetooth/system/gd/hci/le_advertising_manager.cc:1441 OnResume: Start
11-14 01:07:17.972  3146  3335 I bluetooth: packages/modules/Bluetooth/system/gd/hci/le_advertising_manager.cc:1395 OnPause: Start
11-14 01:07:17.972  3146  3335 I bluetooth: packages/modules/Bluetooth/system/gd/hci/le_address_manager.cc:290 ack_pause: Client already in paused state
11-14 01:07:17.972  3146  3335 I bluetooth: packages/modules/Bluetooth/system/gd/hci/le_address_manager.cc:290 ack_pause: Client already in paused state
11-14 01:07:17.972  3146  3335 I bluetooth: packages/modules/Bluetooth/system/gd/hci/le_address_manager.cc:290 ack_pause: Client already in paused state
11-14 01:07:17.976  3146  3335 I bluetooth: packages/modules/Bluetooth/system/gd/hci/le_advertising_manager.cc:1730 on_set_advertising_set_random_address_complete: update random address for advertising set 1 : xx:xx:xx:xx:11:89
11-14 01:07:17.984  3146  3335 I bluetooth: packages/modules/Bluetooth/system/gd/hci/le_address_manager.cc:734 OnCommandComplete: Received command complete with op_code LE_SET_RANDOM_ADDRESS
11-14 01:07:17.984  3146  3335 I bluetooth: packages/modules/Bluetooth/system/gd/hci/le_address_manager.cc:754 OnCommandComplete: update random address : xx:xx:xx:xx:ca:d4
11-14 01:07:17.985  3146  3335 I bluetooth: packages/modules/Bluetooth/system/gd/hci/le_address_manager.cc:319 resume_registered_clients: Resuming registered clients
11-14 01:07:17.985  3146  3335 I bluetooth: packages/modules/Bluetooth/system/gd/hci/le_advertising_manager.cc:1441 OnResume: Start
11-14 01:24:05.120  3146  3335 I bluetooth: packages/modules/Bluetooth/system/gd/hci/le_advertising_manager.cc:1395 OnPause: Start
11-14 01:24:05.121  3146  3335 I bluetooth: packages/modules/Bluetooth/system/gd/hci/le_address_manager.cc:290 ack_pause: Client already in paused state
11-14 01:24:05.121  3146  3335 I bluetooth: packages/modules/Bluetooth/system/gd/hci/le_address_manager.cc:290 ack_pause: Client already in paused state
11-14 01:24:05.121  3146  3335 I bluetooth: packages/modules/Bluetooth/system/gd/hci/le_address_manager.cc:290 ack_pause: Client already in paused state
11-14 01:24:05.124  3146  3335 I bluetooth: packages/modules/Bluetooth/system/gd/hci/le_advertising_manager.cc:1730 on_set_advertising_set_random_address_complete: update random address for advertising set 1 : xx:xx:xx:xx:db:90
11-14 01:24:05.129  3146  3335 I bluetooth: packages/modules/Bluetooth/system/gd/hci/le_address_manager.cc:734 OnCommandComplete: Received command complete with op_code LE_SET_RANDOM_ADDRESS
11-14 01:24:05.130  3146  3335 I bluetooth: packages/modules/Bluetooth/system/gd/hci/le_address_manager.cc:754 OnCommandComplete: update random address : xx:xx:xx:xx:54:ee
11-14 01:24:05.130  3146  3335 I bluetooth: packages/modules/Bluetooth/system/gd/hci/le_address_manager.cc:319 resume_registered_clients: Resuming registered clients
11-14 01:24:05.130  3146  3335 I bluetooth: packages/modules/Bluetooth/system/gd/hci/le_advertising_manager.cc:1441 OnResume: Start
11-14 01:37:03.952  3146  3335 I bluetooth: packages/modules/Bluetooth/system/gd/hci/le_advertising_manager.cc:1395 OnPause: Start
11-14 01:37:03.954  3146  3335 I bluetooth: packages/modules/Bluetooth/system/gd/hci/le_address_manager.cc:290 ack_pause: Client already in paused state
11-14 01:37:03.954  3146  3335 I bluetooth: packages/modules/Bluetooth/system/gd/hci/le_address_manager.cc:290 ack_pause: Client already in paused state
11-14 01:37:03.954  3146  3335 I bluetooth: packages/modules/Bluetooth/system/gd/hci/le_address_manager.cc:290 ack_pause: Client already in paused state
11-14 01:37:03.959  3146  3335 I bluetooth: packages/modules/Bluetooth/system/gd/hci/le_advertising_manager.cc:1730 on_set_advertising_set_random_address_complete: update random address for advertising set 1 : xx:xx:xx:xx:cb:bc
11-14 01:37:03.960  3146  3335 I bluetooth: packages/modules/Bluetooth/system/gd/hci/le_address_manager.cc:734 OnCommandComplete: Received command complete with op_code LE_SET_RANDOM_ADDRESS
11-14 01:37:03.960  3146  3335 I bluetooth: packages/modules/Bluetooth/system/gd/hci/le_address_manager.cc:754 OnCommandComplete: update random address : xx:xx:xx:xx:84:66
11-14 01:37:03.960  3146  3335 I bluetooth: packages/modules/Bluetooth/system/gd/hci/le_address_manager.cc:319 resume_registered_clients: Resuming registered clients
