11-13 07:41:00.512 10989 11464 I [SC]SyncTierPolicyManager: content=Bluetooth, tier=T1
11-13 07:41:00.512 10989 11464 I [SC]SyncSchedulePolicyManager: updatePolicy: true,false,SyncSchedulePolicy{policyState=Cached, contentLocalSchedulePolicyMap={SavedPages2=App, Bluetooth=CloudLocal, PassAddress=App, OpenTab=CloudDelay, Calendar=CloudLocal, QuickAccess=CloudLocal, History=CloudDelay, PassKey=CloudLocal, Avatar=App, PassNote=App, Contacts=CloudLocal, Bookmark=CloudLocal, QuickAccess2=CloudLocal, Clothes=App, UnknownContents=App, Wifi=CloudLocal, PassBrowser=CloudLocal}, authorityIntervalPolicyMap={}}
11-13 07:41:00.513 10989 11464 I [SC][SyncScheduleLogger]: [SyncPolicyLoaded] [policyEvent=None] [authority=] [isTransferred=false] [policyData=QuickAccess=CloudLocal,QuickAccess2=CloudLocal,Calendar=CloudLocal,PassBrowser=CloudLocal,UnknownContents=App,Contacts=CloudLocal,UnknownContents=App,UnknownContents=App,Wifi=CloudLocal,Clothes=App,SavedPages2=App,History=CloudDelay,Avatar=App,OpenTab=CloudDelay,PassAddress=App,PassNote=App,Bookmark=CloudLocal,PassKey=CloudLocal,Bluetooth=CloudLocal] 
11-13 07:41:01.497 11611 11611 I Routine@Sdk[3.1.11]: RoutineSdkImpl: setActionHandler - tag=connect_bluetooth, actionHandler=bg.b@311ea74
11-13 07:41:01.497 11611 11611 I Routine@Sdk[3.1.11]: RoutineSdkImpl: setActionHandler - tag=disconnect_bluetooth, actionHandler=bg.b@dc85b9d
11-13 07:41:01.894  1451  2767 D PackageManager: setEnabledSetting : userId = 0 packageName = com.samsung.android.rubin.app cmp = com.samsung.android.rubin.inferenceengine.contextanalytics.engine.loggers.CarLogger$BluetoothEventReceiver newState = 1 callingPackage = com.samsung.android.rubin.app
11-13 07:41:01.896  1451  2767 D PackageManager: setEnabledSetting : userId = 0 packageName = com.samsung.android.rubin.app cmp = com.samsung.android.rubin.inferenceengine.contextanalytics.engine.loggers.BluetoothLogger$BluetoothEventReceiver newState = 1 callingPackage = com.samsung.android.rubin.app
11-13 07:41:03.016  8568  8798 V CpEventLog(u0): cp_state: [                  request = {ALL(0)={avg=34, cnt=38, dur=1298, ops={query=36, delete=2}}, calendar(9811)={avg=84, cnt=4, dur=339, ops={query=4}}, system(1451)={avg=82, cnt=3, dur=247, ops={query=3}}, mobileservice(10947)={avg=26, cnt=9, dur=242, ops={query=8, delete=1}}, acore(8568)={avg=37, cnt=5, dur=189, ops={query=4, delete=1}}, contacts(10925)={avg=16, cnt=9, dur=146, ops={query=9}}, gms(4847)={avg=11, cnt=5, dur=58, ops={query=5}}, bluetooth(3146)={avg=36, cnt=1, dur=36, ops={query=1}}, mcfserver(3616)={avg=26, cnt=1, dur=26, ops={query=1}}, com.google.android.gms.persistent(3670)={avg=15, cnt=1, dur=15, ops={query=1}}} ]
11-13 07:41:11.480  3146  3146 D BluetoothPbapService:  onChange on contact uri 
11-13 07:41:11.502  3146 12069 D BluetoothPbapUtils: primaryVersionCounter = 0, secondaryVersionCounter=0
11-13 07:41:11.555  3670 11303 D BluetoothAdapter: getBleEnabledArray(): ON
11-13 07:41:11.558  3670 10690 I NearbyMediums: BluetoothAdapter's name was not set by Nearby Connections, ignoring call to restore default scan mode.
11-13 07:41:11.565  3670 10690 I NearbyMediums: BluetoothAdapter's name was not set by Nearby Connections, ignoring call to restore device name
11-13 07:41:21.511  3146  3146 D BluetoothPbapService:  onChange on contact uri 
11-13 07:41:21.535  3146 12097 D BluetoothPbapUtils: primaryVersionCounter = 0, secondaryVersionCounter=0
11-13 07:44:54.166  3146  3335 I bluetooth: packages/modules/Bluetooth/system/gd/hci/le_advertising_manager.cc:1395 OnPause: Start
11-13 07:44:54.171  3146  3335 I bluetooth: packages/modules/Bluetooth/system/gd/hci/le_address_manager.cc:290 ack_pause: Client already in paused state
11-13 07:44:54.171  3146  3335 I bluetooth: packages/modules/Bluetooth/system/gd/hci/le_address_manager.cc:290 ack_pause: Client already in paused state
11-13 07:44:54.171  3146  3335 I bluetooth: packages/modules/Bluetooth/system/gd/hci/le_address_manager.cc:290 ack_pause: Client already in paused state
11-13 07:44:54.172  3146  3335 I bluetooth: packages/modules/Bluetooth/system/gd/hci/le_advertising_manager.cc:1730 on_set_advertising_set_random_address_complete: update random address for advertising set 1 : xx:xx:xx:xx:07:05
11-13 07:44:54.180  3146  3335 I bluetooth: packages/modules/Bluetooth/system/gd/hci/le_address_manager.cc:734 OnCommandComplete: Received command complete with op_code LE_SET_RANDOM_ADDRESS
11-13 07:44:54.180  3146  3335 I bluetooth: packages/modules/Bluetooth/system/gd/hci/le_address_manager.cc:754 OnCommandComplete: update random address : xx:xx:xx:xx:eb:0b
11-13 07:44:54.180  3146  3335 I bluetooth: packages/modules/Bluetooth/system/gd/hci/le_address_manager.cc:319 resume_registered_clients: Resuming registered clients
11-13 07:44:54.180  3146  3335 I bluetooth: packages/modules/Bluetooth/system/gd/hci/le_advertising_manager.cc:1441 OnResume: Start
11-13 07:45:28.420  1451  1519 D BatteryExternalStatsWorker: Fetch Bluetooth data
11-13 07:45:28.540  1451  1519 D BatteryExternalStatsWorker: Update bluetooth state
11-13 08:08:13.926  3146  3335 I bluetooth: packages/modules/Bluetooth/system/gd/hci/le_advertising_manager.cc:1395 OnPause: Start
11-13 08:08:13.927  3146  3335 I bluetooth: packages/modules/Bluetooth/system/gd/hci/le_address_manager.cc:290 ack_pause: Client already in paused state
11-13 08:08:13.927  3146  3335 I bluetooth: packages/modules/Bluetooth/system/gd/hci/le_address_manager.cc:290 ack_pause: Client already in paused state
11-13 08:08:13.927  3146  3335 I bluetooth: packages/modules/Bluetooth/system/gd/hci/le_address_manager.cc:290 ack_pause: Client already in paused state
11-13 08:08:13.932  3146  3335 I bluetooth: packages/modules/Bluetooth/system/gd/hci/le_advertising_manager.cc:1730 on_set_advertising_set_random_address_complete: update random address for advertising set 1 : xx:xx:xx:xx:c2:64
11-13 08:08:13.933  3146  3335 I bluetooth: packages/modules/Bluetooth/system/gd/hci/le_address_manager.cc:734 OnCommandComplete: Received command complete with op_code LE_SET_RANDOM_ADDRESS
11-13 08:08:13.933  3146  3335 I bluetooth: packages/modules/Bluetooth/system/gd/hci/le_address_manager.cc:754 OnCommandComplete: update random address : xx:xx:xx:xx:1e:ad
11-13 08:08:13.933  3146  3335 I bluetooth: packages/modules/Bluetooth/system/gd/hci/le_address_manager.cc:319 resume_registered_clients: Resuming registered clients
11-13 08:08:13.933  3146  3335 I bluetooth: packages/modules/Bluetooth/system/gd/hci/le_advertising_manager.cc:1441 OnResume: Start
11-13 08:08:13.996  3146  3146 I BluetoothA2dpServiceJni: Attempting to set 24G wifi state 1
11-13 08:37:45.601  3146  3335 I bluetooth: packages/modules/Bluetooth/system/gd/hci/le_advertising_manager.cc:1395 OnPause: Start
11-13 08:37:45.601  3146  3335 I bluetooth: packages/modules/Bluetooth/system/gd/hci/le_address_manager.cc:290 ack_pause: Client already in paused state
11-13 08:37:45.602  3146  3335 I bluetooth: packages/modules/Bluetooth/system/gd/hci/le_address_manager.cc:290 ack_pause: Client already in paused state
11-13 08:37:45.602  3146  3335 I bluetooth: packages/modules/Bluetooth/system/gd/hci/le_address_manager.cc:290 ack_pause: Client already in paused state
11-13 08:37:45.607  3146  3335 I bluetooth: packages/modules/Bluetooth/system/gd/hci/le_advertising_manager.cc:1730 on_set_advertising_set_random_address_complete: update random address for advertising set 1 : xx:xx:xx:xx:60:b8
11-13 08:37:45.612  3146  3335 I bluetooth: packages/modules/Bluetooth/system/gd/hci/le_address_manager.cc:734 OnCommandComplete: Received command complete with op_code LE_SET_RANDOM_ADDRESS
11-13 08:37:45.612  3146  3335 I bluetooth: packages/modules/Bluetooth/system/gd/hci/le_address_manager.cc:754 OnCommandComplete: update random address : xx:xx:xx:xx:12:48
11-13 08:37:45.612  3146  3335 I bluetooth: packages/modules/Bluetooth/system/gd/hci/le_address_manager.cc:319 resume_registered_clients: Resuming registered clients
11-13 08:37:45.612  3146  3335 I bluetooth: packages/modules/Bluetooth/system/gd/hci/le_advertising_manager.cc:1441 OnResume: Start
11-13 09:07:31.642  3146  3335 I bluetooth: packages/modules/Bluetooth/system/gd/hci/le_advertising_manager.cc:1395 OnPause: Start
11-13 09:07:31.644  3146  3335 I bluetooth: packages/modules/Bluetooth/system/gd/hci/le_address_manager.cc:290 ack_pause: Client already in paused state
11-13 09:07:31.644  3146  3335 I bluetooth: packages/modules/Bluetooth/system/gd/hci/le_address_manager.cc:290 ack_pause: Client already in paused state
11-13 09:07:31.644  3146  3335 I bluetooth: packages/modules/Bluetooth/system/gd/hci/le_address_manager.cc:290 ack_pause: Client already in paused state
11-13 09:07:31.651  3146  3335 I bluetooth: packages/modules/Bluetooth/system/gd/hci/le_advertising_manager.cc:1730 on_set_advertising_set_random_address_complete: update random address for advertising set 1 : xx:xx:xx:xx:62:2b
11-13 09:07:31.653  3146  3335 I bluetooth: packages/modules/Bluetooth/system/gd/hci/le_address_manager.cc:734 OnCommandComplete: Received command complete with op_code LE_SET_RANDOM_ADDRESS
11-13 09:07:31.653  3146  3335 I bluetooth: packages/modules/Bluetooth/system/gd/hci/le_address_manager.cc:754 OnCommandComplete: update random address : xx:xx:xx:xx:16:c4
11-13 09:07:31.653  3146  3335 I bluetooth: packages/modules/Bluetooth/system/gd/hci/le_address_manager.cc:319 resume_registered_clients: Resuming registered clients
11-13 09:07:31.653  3146  3335 I bluetooth: packages/modules/Bluetooth/system/gd/hci/le_advertising_manager.cc:1441 OnResume: Start
11-13 09:07:35.958  8568  8876 V CpEventLog(u0): cp_state: [                  request = {ALL(0)={avg=10, cnt=42, dur=433, ops={query=38, update=3, delete=1}}, gms(4847)={avg=14, cnt=8, dur=116, ops={query=6, update=2}}, contacts(10925)={avg=18, cnt=5, dur=91, ops={query=4, update=1}}, mobileservice(10947)={avg=12, cnt=5, dur=61, ops={query=4, delete=1}}, system(1451)={avg=8, cnt=6, dur=50, ops={query=6}}, scs(9278)={avg=5, cnt=9, dur=47, ops={query=9}}, calendar(9811)={avg=6, cnt=4, dur=26, ops={query=4}}, bluetooth(3146)={avg=11, cnt=2, dur=22, ops={query=2}}, mcfserver(3616)={avg=5, cnt=2, dur=11, ops={query=2}}, com.google.android.gms.persistent(3670)={avg=9, cnt=1, dur=9, ops={query=1}}} ]
11-13 09:16:29.729  3146  3335 I bluetooth: packages/modules/Bluetooth/system/gd/hci/le_advertising_manager.cc:1395 OnPause: Start
11-13 09:16:29.731  3146  3335 I bluetooth: packages/modules/Bluetooth/system/gd/hci/le_address_manager.cc:290 ack_pause: Client already in paused state
11-13 09:16:29.731  3146  3335 I bluetooth: packages/modules/Bluetooth/system/gd/hci/le_address_manager.cc:290 ack_pause: Client already in paused state
11-13 09:16:29.731  3146  3335 I bluetooth: packages/modules/Bluetooth/system/gd/hci/le_address_manager.cc:290 ack_pause: Client already in paused state
11-13 09:16:29.733  3146  3335 I bluetooth: packages/modules/Bluetooth/system/gd/hci/le_advertising_manager.cc:1730 on_set_advertising_set_random_address_complete: update random address for advertising set 1 : xx:xx:xx:xx:20:24
11-13 09:16:29.736  3146  3335 I bluetooth: packages/modules/Bluetooth/system/gd/hci/le_address_manager.cc:734 OnCommandComplete: Received command complete with op_code LE_SET_RANDOM_ADDRESS
11-13 09:16:29.736  3146  3335 I bluetooth: packages/modules/Bluetooth/system/gd/hci/le_address_manager.cc:754 OnCommandComplete: update random address : xx:xx:xx:xx:43:19
11-13 09:16:29.736  3146  3335 I bluetooth: packages/modules/Bluetooth/system/gd/hci/le_address_manager.cc:319 resume_registered_clients: Resuming registered clients
11-13 09:16:29.736  3146  3335 I bluetooth: packages/modules/Bluetooth/system/gd/hci/le_advertising_manager.cc:1441 OnResume: Start
11-13 09:27:10.621  3146  3335 I bluetooth: packages/modules/Bluetooth/system/gd/hci/le_advertising_manager.cc:1395 OnPause: Start
11-13 09:27:10.621  3146  3335 I bluetooth: packages/modules/Bluetooth/system/gd/hci/le_address_manager.cc:290 ack_pause: Client already in paused state
11-13 09:27:10.622  3146  3335 I bluetooth: packages/modules/Bluetooth/system/gd/hci/le_address_manager.cc:290 ack_pause: Client already in paused state
11-13 09:27:10.622  3146  3335 I bluetooth: packages/modules/Bluetooth/system/gd/hci/le_address_manager.cc:290 ack_pause: Client already in paused state
11-13 09:27:10.633  3146  3335 I bluetooth: packages/modules/Bluetooth/system/gd/hci/le_advertising_manager.cc:1730 on_set_advertising_set_random_address_complete: update random address for advertising set 1 : xx:xx:xx:xx:0c:08
11-13 09:27:10.634  3146  3335 I bluetooth: packages/modules/Bluetooth/system/gd/hci/le_address_manager.cc:734 OnCommandComplete: Received command complete with op_code LE_SET_RANDOM_ADDRESS
11-13 09:27:10.634  3146  3335 I bluetooth: packages/modules/Bluetooth/system/gd/hci/le_address_manager.cc:754 OnCommandComplete: update random address : xx:xx:xx:xx:e2:9d
11-13 09:27:10.634  3146  3335 I bluetooth: packages/modules/Bluetooth/system/gd/hci/le_address_manager.cc:319 resume_registered_clients: Resuming registered clients
11-13 09:27:10.634  3146  3335 I bluetooth: packages/modules/Bluetooth/system/gd/hci/le_advertising_manager.cc:1441 OnResume: Start
11-13 09:36:23.323  3146  3335 I bluetooth: packages/modules/Bluetooth/system/gd/hci/le_advertising_manager.cc:1395 OnPause: Start
11-13 09:36:23.324  3146  3335 I bluetooth: packages/modules/Bluetooth/system/gd/hci/le_address_manager.cc:290 ack_pause: Client already in paused state
11-13 09:36:23.324  3146  3335 I bluetooth: packages/modules/Bluetooth/system/gd/hci/le_address_manager.cc:290 ack_pause: Client already in paused state
11-13 09:36:23.324  3146  3335 I bluetooth: packages/modules/Bluetooth/system/gd/hci/le_address_manager.cc:290 ack_pause: Client already in paused state
11-13 09:36:23.328  3146  3335 I bluetooth: packages/modules/Bluetooth/system/gd/hci/le_advertising_manager.cc:1730 on_set_advertising_set_random_address_complete: update random address for advertising set 1 : xx:xx:xx:xx:2b:8b
11-13 09:36:23.338  3146  3335 I bluetooth: packages/modules/Bluetooth/system/gd/hci/le_address_manager.cc:734 OnCommandComplete: Received command complete with op_code LE_SET_RANDOM_ADDRESS
11-13 09:36:23.338  3146  3335 I bluetooth: packages/modules/Bluetooth/system/gd/hci/le_address_manager.cc:754 OnCommandComplete: update random address : xx:xx:xx:xx:5d:b4
11-13 09:36:23.338  3146  3335 I bluetooth: packages/modules/Bluetooth/system/gd/hci/le_address_manager.cc:319 resume_registered_clients: Resuming registered clients
11-13 09:36:23.339  3146  3335 I bluetooth: packages/modules/Bluetooth/system/gd/hci/le_advertising_manager.cc:1441 OnResume: Start
11-13 09:38:23.745  3146  3146 I BluetoothA2dpServiceJni: Attempting to set 24G wifi state 0
11-13 10:05:15.174  3146  3335 I bluetooth: packages/modules/Bluetooth/system/gd/hci/le_advertising_manager.cc:1395 OnPause: Start
11-13 10:05:15.176  3146  3335 I bluetooth: packages/modules/Bluetooth/system/gd/hci/le_address_manager.cc:290 ack_pause: Client already in paused state
11-13 10:05:15.176  3146  3335 I bluetooth: packages/modules/Bluetooth/system/gd/hci/le_address_manager.cc:290 ack_pause: Client already in paused state
11-13 10:05:15.176  3146  3335 I bluetooth: packages/modules/Bluetooth/system/gd/hci/le_address_manager.cc:290 ack_pause: Client already in paused state
11-13 10:05:15.180  3146  3335 I bluetooth: packages/modules/Bluetooth/system/gd/hci/le_advertising_manager.cc:1730 on_set_advertising_set_random_address_complete: update random address for advertising set 1 : xx:xx:xx:xx:7f:6f
11-13 10:05:15.181  3146  3335 I bluetooth: packages/modules/Bluetooth/system/gd/hci/le_address_manager.cc:734 OnCommandComplete: Received command complete with op_code LE_SET_RANDOM_ADDRESS
11-13 10:05:15.181  3146  3335 I bluetooth: packages/modules/Bluetooth/system/gd/hci/le_address_manager.cc:754 OnCommandComplete: update random address : xx:xx:xx:xx:e5:1f
11-13 10:05:15.181  3146  3335 I bluetooth: packages/modules/Bluetooth/system/gd/hci/le_address_manager.cc:319 resume_registered_clients: Resuming registered clients
11-13 10:05:15.181  3146  3335 I bluetooth: packages/modules/Bluetooth/system/gd/hci/le_advertising_manager.cc:1441 OnResume: Start
11-13 10:05:15.567  3146  3335 W bluetooth: packages/modules/Bluetooth/system/gd/hci/vendor_specific_event_manager.cc:86 on_vendor_specific_event: Unhandled vendor specific event of type 0x63
11-13 10:05:15.568  3146  3335 W bluetooth: packages/modules/Bluetooth/system/gd/hci/vendor_specific_event_manager.cc:86 on_vendor_specific_event: Unhandled vendor specific event of type 0x63
11-13 10:08:31.332  3146  3335 I BluetoothCounterMetrics: packages/modules/Bluetooth/system/gd/metrics/counter_metrics.cc:95 DrainBufferedCounters: Draining buffered counters
11-13 10:34:06.846  3146  3335 I bluetooth: packages/modules/Bluetooth/system/gd/hci/le_advertising_manager.cc:1395 OnPause: Start
11-13 10:34:06.847  3146  3335 I bluetooth: packages/modules/Bluetooth/system/gd/hci/le_address_manager.cc:290 ack_pause: Client already in paused state
11-13 10:34:06.847  3146  3335 I bluetooth: packages/modules/Bluetooth/system/gd/hci/le_address_manager.cc:290 ack_pause: Client already in paused state
11-13 10:34:06.847  3146  3335 I bluetooth: packages/modules/Bluetooth/system/gd/hci/le_address_manager.cc:290 ack_pause: Client already in paused state
11-13 10:34:06.850  3146  3335 I bluetooth: packages/modules/Bluetooth/system/gd/hci/le_advertising_manager.cc:1730 on_set_advertising_set_random_address_complete: update random address for advertising set 1 : xx:xx:xx:xx:cf:fc
11-13 10:34:06.854  3146  3335 I bluetooth: packages/modules/Bluetooth/system/gd/hci/le_address_manager.cc:734 OnCommandComplete: Received command complete with op_code LE_SET_RANDOM_ADDRESS
11-13 10:34:06.854  3146  3335 I bluetooth: packages/modules/Bluetooth/system/gd/hci/le_address_manager.cc:754 OnCommandComplete: update random address : xx:xx:xx:xx:f7:04
11-13 10:34:06.854  3146  3335 I bluetooth: packages/modules/Bluetooth/system/gd/hci/le_address_manager.cc:319 resume_registered_clients: Resuming registered clients
11-13 10:34:06.855  3146  3335 I bluetooth: packages/modules/Bluetooth/system/gd/hci/le_advertising_manager.cc:1441 OnResume: Start
11-13 11:02:59.554  3146  3335 I bluetooth: packages/modules/Bluetooth/system/gd/hci/le_advertising_manager.cc:1395 OnPause: Start
11-13 11:02:59.556  3146  3335 I bluetooth: packages/modules/Bluetooth/system/gd/hci/le_address_manager.cc:290 ack_pause: Client already in paused state
11-13 11:02:59.556  3146  3335 I bluetooth: packages/modules/Bluetooth/system/gd/hci/le_address_manager.cc:290 ack_pause: Client already in paused state
11-13 11:02:59.556  3146  3335 I bluetooth: packages/modules/Bluetooth/system/gd/hci/le_address_manager.cc:290 ack_pause: Client already in paused state
11-13 11:02:59.562  3146  3335 I bluetooth: packages/modules/Bluetooth/system/gd/hci/le_advertising_manager.cc:1730 on_set_advertising_set_random_address_complete: update random address for advertising set 1 : xx:xx:xx:xx:93:ec
11-13 11:02:59.563  3146  3335 I bluetooth: packages/modules/Bluetooth/system/gd/hci/le_address_manager.cc:734 OnCommandComplete: Received command complete with op_code LE_SET_RANDOM_ADDRESS
11-13 11:02:59.564  3146  3335 I bluetooth: packages/modules/Bluetooth/system/gd/hci/le_address_manager.cc:754 OnCommandComplete: update random address : xx:xx:xx:xx:0c:49
11-13 11:02:59.564  3146  3335 I bluetooth: packages/modules/Bluetooth/system/gd/hci/le_address_manager.cc:319 resume_registered_clients: Resuming registered clients
11-13 11:02:59.564  3146  3335 I bluetooth: packages/modules/Bluetooth/system/gd/hci/le_advertising_manager.cc:1441 OnResume: Start
11-13 11:08:29.821  1451  1519 D BatteryExternalStatsWorker: Fetch Bluetooth data
11-13 11:08:29.860  1451  1519 D BatteryExternalStatsWorker: Update bluetooth state
11-13 11:12:28.072  3146  3335 I bluetooth: packages/modules/Bluetooth/system/gd/hci/le_advertising_manager.cc:1395 OnPause: Start
11-13 11:12:28.073  3146  3335 I bluetooth: packages/modules/Bluetooth/system/gd/hci/le_address_manager.cc:290 ack_pause: Client already in paused state
11-13 11:12:28.073  3146  3335 I bluetooth: packages/modules/Bluetooth/system/gd/hci/le_address_manager.cc:290 ack_pause: Client already in paused state
11-13 11:12:28.073  3146  3335 I bluetooth: packages/modules/Bluetooth/system/gd/hci/le_address_manager.cc:290 ack_pause: Client already in paused state
11-13 11:12:28.080  3146  3335 I bluetooth: packages/modules/Bluetooth/system/gd/hci/le_advertising_manager.cc:1730 on_set_advertising_set_random_address_complete: update random address for advertising set 1 : xx:xx:xx:xx:ac:f5
11-13 11:12:28.081  3146  3335 I bluetooth: packages/modules/Bluetooth/system/gd/hci/le_address_manager.cc:734 OnCommandComplete: Received command complete with op_code LE_SET_RANDOM_ADDRESS
11-13 11:12:28.081  3146  3335 I bluetooth: packages/modules/Bluetooth/system/gd/hci/le_address_manager.cc:754 OnCommandComplete: update random address : xx:xx:xx:xx:6a:8d
11-13 11:12:28.081  3146  3335 I bluetooth: packages/modules/Bluetooth/system/gd/hci/le_address_manager.cc:319 resume_registered_clients: Resuming registered clients
11-13 11:12:28.081  3146  3335 I bluetooth: packages/modules/Bluetooth/system/gd/hci/le_advertising_manager.cc:1441 OnResume: Start
11-13 11:31:51.210  3146  3335 I bluetooth: packages/modules/Bluetooth/system/gd/hci/le_advertising_manager.cc:1395 OnPause: Start
11-13 11:31:51.211  3146  3335 I bluetooth: packages/modules/Bluetooth/system/gd/hci/le_address_manager.cc:290 ack_pause: Client already in paused state
11-13 11:31:51.212  3146  3335 I bluetooth: packages/modules/Bluetooth/system/gd/hci/le_address_manager.cc:290 ack_pause: Client already in paused state
11-13 11:31:51.212  3146  3335 I bluetooth: packages/modules/Bluetooth/system/gd/hci/le_address_manager.cc:290 ack_pause: Client already in paused state
11-13 11:31:51.228  3146  3335 I bluetooth: packages/modules/Bluetooth/system/gd/hci/le_advertising_manager.cc:1730 on_set_advertising_set_random_address_complete: update random address for advertising set 1 : xx:xx:xx:xx:f9:7e
11-13 11:31:51.242  3146  3335 I bluetooth: packages/modules/Bluetooth/system/gd/hci/le_address_manager.cc:734 OnCommandComplete: Received command complete with op_code LE_SET_RANDOM_ADDRESS
11-13 11:31:51.242  3146  3335 I bluetooth: packages/modules/Bluetooth/system/gd/hci/le_address_manager.cc:754 OnCommandComplete: update random address : xx:xx:xx:xx:96:fb
11-13 11:31:51.242  3146  3335 I bluetooth: packages/modules/Bluetooth/system/gd/hci/le_address_manager.cc:319 resume_registered_clients: Resuming registered clients
11-13 11:31:51.242  3146  3335 I bluetooth: packages/modules/Bluetooth/system/gd/hci/le_advertising_manager.cc:1441 OnResume: Start
11-13 11:38:17.325  3146  3335 I bluetooth: packages/modules/Bluetooth/system/gd/hci/le_advertising_manager.cc:1395 OnPause: Start
11-13 11:38:17.326  3146  3335 I bluetooth: packages/modules/Bluetooth/system/gd/hci/le_address_manager.cc:290 ack_pause: Client already in paused state
11-13 11:38:17.326  3146  3335 I bluetooth: packages/modules/Bluetooth/system/gd/hci/le_address_manager.cc:290 ack_pause: Client already in paused state
11-13 11:38:17.326  3146  3335 I bluetooth: packages/modules/Bluetooth/system/gd/hci/le_address_manager.cc:290 ack_pause: Client already in paused state
11-13 11:38:17.334  3146  3335 I bluetooth: packages/modules/Bluetooth/system/gd/hci/le_advertising_manager.cc:1730 on_set_advertising_set_random_address_complete: update random address for advertising set 1 : xx:xx:xx:xx:be:cc
11-13 11:38:17.335  3146  3335 I bluetooth: packages/modules/Bluetooth/system/gd/hci/le_address_manager.cc:734 OnCommandComplete: Received command complete with op_code LE_SET_RANDOM_ADDRESS
11-13 11:38:17.335  3146  3335 I bluetooth: packages/modules/Bluetooth/system/gd/hci/le_address_manager.cc:754 OnCommandComplete: update random address : xx:xx:xx:xx:d9:e1
11-13 11:38:17.335  3146  3335 I bluetooth: packages/modules/Bluetooth/system/gd/hci/le_address_manager.cc:319 resume_registered_clients: Resuming registered clients
11-13 11:38:17.335  3146  3335 I bluetooth: packages/modules/Bluetooth/system/gd/hci/le_advertising_manager.cc:1441 OnResume: Start
11-13 11:55:56.913  3146  3335 I bluetooth: packages/modules/Bluetooth/system/gd/hci/le_advertising_manager.cc:1395 OnPause: Start
11-13 11:55:56.914  3146  3335 I bluetooth: packages/modules/Bluetooth/system/gd/hci/le_address_manager.cc:290 ack_pause: Client already in paused state
11-13 11:55:56.914  3146  3335 I bluetooth: packages/modules/Bluetooth/system/gd/hci/le_address_manager.cc:290 ack_pause: Client already in paused state
11-13 11:55:56.914  3146  3335 I bluetooth: packages/modules/Bluetooth/system/gd/hci/le_address_manager.cc:290 ack_pause: Client already in paused state
11-13 11:55:56.925  3146  3335 I bluetooth: packages/modules/Bluetooth/system/gd/hci/le_advertising_manager.cc:1730 on_set_advertising_set_random_address_complete: update random address for advertising set 1 : xx:xx:xx:xx:0a:52
11-13 11:55:56.928  3146  3335 I bluetooth: packages/modules/Bluetooth/system/gd/hci/le_address_manager.cc:734 OnCommandComplete: Received command complete with op_code LE_SET_RANDOM_ADDRESS
11-13 11:55:56.929  3146  3335 I bluetooth: packages/modules/Bluetooth/system/gd/hci/le_address_manager.cc:754 OnCommandComplete: update random address : xx:xx:xx:xx:22:16
11-13 11:55:56.929  3146  3335 I bluetooth: packages/modules/Bluetooth/system/gd/hci/le_address_manager.cc:319 resume_registered_clients: Resuming registered clients
11-13 11:55:56.929  3146  3335 I bluetooth: packages/modules/Bluetooth/system/gd/hci/le_advertising_manager.cc:1441 OnResume: Start
11-13 11:55:57.347  3146  3146 I BluetoothA2dpServiceJni: Attempting to set 24G wifi state 0
11-13 12:08:15.503  3146  3335 I bluetooth: packages/modules/Bluetooth/system/gd/hci/le_advertising_manager.cc:1395 OnPause: Start
11-13 12:08:15.505  3146  3335 I bluetooth: packages/modules/Bluetooth/system/gd/hci/le_address_manager.cc:290 ack_pause: Client already in paused state
11-13 12:08:15.505  3146  3335 I bluetooth: packages/modules/Bluetooth/system/gd/hci/le_address_manager.cc:290 ack_pause: Client already in paused state
11-13 12:08:15.505  3146  3335 I bluetooth: packages/modules/Bluetooth/system/gd/hci/le_address_manager.cc:290 ack_pause: Client already in paused state
11-13 12:08:15.514  3146  3335 I bluetooth: packages/modules/Bluetooth/system/gd/hci/le_advertising_manager.cc:1730 on_set_advertising_set_random_address_complete: update random address for advertising set 1 : xx:xx:xx:xx:77:c5
11-13 12:08:15.515  3146  3335 I bluetooth: packages/modules/Bluetooth/system/gd/hci/le_address_manager.cc:734 OnCommandComplete: Received command complete with op_code LE_SET_RANDOM_ADDRESS
11-13 12:08:15.515  3146  3335 I bluetooth: packages/modules/Bluetooth/system/gd/hci/le_address_manager.cc:754 OnCommandComplete: update random address : xx:xx:xx:xx:88:b4
11-13 12:08:15.515  3146  3335 I bluetooth: packages/modules/Bluetooth/system/gd/hci/le_address_manager.cc:319 resume_registered_clients: Resuming registered clients
11-13 12:08:15.515  3146  3335 I bluetooth: packages/modules/Bluetooth/system/gd/hci/le_advertising_manager.cc:1441 OnResume: Start
11-13 12:29:34.444  3146  3335 I bluetooth: packages/modules/Bluetooth/system/gd/hci/le_advertising_manager.cc:1395 OnPause: Start
11-13 12:29:34.445  3146  3335 I bluetooth: packages/modules/Bluetooth/system/gd/hci/le_address_manager.cc:290 ack_pause: Client already in paused state
11-13 12:29:34.445  3146  3335 I bluetooth: packages/modules/Bluetooth/system/gd/hci/le_address_manager.cc:290 ack_pause: Client already in paused state
11-13 12:29:34.446  3146  3335 I bluetooth: packages/modules/Bluetooth/system/gd/hci/le_address_manager.cc:290 ack_pause: Client already in paused state
11-13 12:29:34.451  3146  3335 I bluetooth: packages/modules/Bluetooth/system/gd/hci/le_advertising_manager.cc:1730 on_set_advertising_set_random_address_complete: update random address for advertising set 1 : xx:xx:xx:xx:93:09
11-13 12:29:34.459  3146  3335 I bluetooth: packages/modules/Bluetooth/system/gd/hci/le_address_manager.cc:734 OnCommandComplete: Received command complete with op_code LE_SET_RANDOM_ADDRESS
11-13 12:29:34.459  3146  3335 I bluetooth: packages/modules/Bluetooth/system/gd/hci/le_address_manager.cc:754 OnCommandComplete: update random address : xx:xx:xx:xx:a8:bc
11-13 12:29:34.459  3146  3335 I bluetooth: packages/modules/Bluetooth/system/gd/hci/le_address_manager.cc:319 resume_registered_clients: Resuming registered clients
11-13 12:29:34.459  3146  3335 I bluetooth: packages/modules/Bluetooth/system/gd/hci/le_advertising_manager.cc:1441 OnResume: Start
11-13 12:38:13.679  3146  3335 I bluetooth: packages/modules/Bluetooth/system/gd/hci/le_advertising_manager.cc:1395 OnPause: Start
11-13 12:38:13.680  3146  3335 I bluetooth: packages/modules/Bluetooth/system/gd/hci/le_address_manager.cc:290 ack_pause: Client already in paused state
11-13 12:38:13.680  3146  3335 I bluetooth: packages/modules/Bluetooth/system/gd/hci/le_address_manager.cc:290 ack_pause: Client already in paused state
11-13 12:38:13.680  3146  3335 I bluetooth: packages/modules/Bluetooth/system/gd/hci/le_address_manager.cc:290 ack_pause: Client already in paused state
11-13 12:38:13.686  3146  3335 I bluetooth: packages/modules/Bluetooth/system/gd/hci/le_advertising_manager.cc:1730 on_set_advertising_set_random_address_complete: update random address for advertising set 1 : xx:xx:xx:xx:c7:d5
11-13 12:38:13.695  3146  3335 I bluetooth: packages/modules/Bluetooth/system/gd/hci/le_address_manager.cc:734 OnCommandComplete: Received command complete with op_code LE_SET_RANDOM_ADDRESS
11-13 12:38:13.695  3146  3335 I bluetooth: packages/modules/Bluetooth/system/gd/hci/le_address_manager.cc:754 OnCommandComplete: update random address : xx:xx:xx:xx:fd:b7
11-13 12:38:13.696  3146  3335 I bluetooth: packages/modules/Bluetooth/system/gd/hci/le_address_manager.cc:319 resume_registered_clients: Resuming registered clients
11-13 12:38:13.696  3146  3335 I bluetooth: packages/modules/Bluetooth/system/gd/hci/le_advertising_manager.cc:1441 OnResume: Start
11-13 12:58:25.902  3146  3335 I bluetooth: packages/modules/Bluetooth/system/gd/hci/le_advertising_manager.cc:1395 OnPause: Start
11-13 12:58:25.903  3146  3335 I bluetooth: packages/modules/Bluetooth/system/gd/hci/le_address_manager.cc:290 ack_pause: Client already in paused state
11-13 12:58:25.903  3146  3335 I bluetooth: packages/modules/Bluetooth/system/gd/hci/le_address_manager.cc:290 ack_pause: Client already in paused state
11-13 12:58:25.904  3146  3335 I bluetooth: packages/modules/Bluetooth/system/gd/hci/le_address_manager.cc:290 ack_pause: Client already in paused state
11-13 12:58:25.910  3146  3335 I bluetooth: packages/modules/Bluetooth/system/gd/hci/le_advertising_manager.cc:1730 on_set_advertising_set_random_address_complete: update random address for advertising set 1 : xx:xx:xx:xx:b7:d0
11-13 12:58:25.910  3146  3335 I bluetooth: packages/modules/Bluetooth/system/gd/hci/le_address_manager.cc:734 OnCommandComplete: Received command complete with op_code LE_SET_RANDOM_ADDRESS
11-13 12:58:25.911  3146  3335 I bluetooth: packages/modules/Bluetooth/system/gd/hci/le_address_manager.cc:754 OnCommandComplete: update random address : xx:xx:xx:xx:0e:c3
11-13 12:58:25.911  3146  3335 I bluetooth: packages/modules/Bluetooth/system/gd/hci/le_address_manager.cc:319 resume_registered_clients: Resuming registered clients
11-13 12:58:25.911  3146  3335 I bluetooth: packages/modules/Bluetooth/system/gd/hci/le_advertising_manager.cc:1441 OnResume: Start
11-13 13:08:11.847  3146  3335 I bluetooth: packages/modules/Bluetooth/system/gd/hci/le_advertising_manager.cc:1395 OnPause: Start
11-13 13:08:11.849  3146  3335 I bluetooth: packages/modules/Bluetooth/system/gd/hci/le_address_manager.cc:290 ack_pause: Client already in paused state
11-13 13:08:11.849  3146  3335 I bluetooth: packages/modules/Bluetooth/system/gd/hci/le_address_manager.cc:290 ack_pause: Client already in paused state
11-13 13:08:11.849  3146  3335 I bluetooth: packages/modules/Bluetooth/system/gd/hci/le_address_manager.cc:290 ack_pause: Client already in paused state
11-13 13:08:11.857  3146  3335 I bluetooth: packages/modules/Bluetooth/system/gd/hci/le_advertising_manager.cc:1730 on_set_advertising_set_random_address_complete: update random address for advertising set 1 : xx:xx:xx:xx:a2:a3
11-13 13:08:11.858  3146  3335 I bluetooth: packages/modules/Bluetooth/system/gd/hci/le_address_manager.cc:734 OnCommandComplete: Received command complete with op_code LE_SET_RANDOM_ADDRESS
11-13 13:08:11.858  3146  3335 I bluetooth: packages/modules/Bluetooth/system/gd/hci/le_address_manager.cc:754 OnCommandComplete: update random address : xx:xx:xx:xx:b5:a9
11-13 13:08:11.858  3146  3335 I bluetooth: packages/modules/Bluetooth/system/gd/hci/le_address_manager.cc:319 resume_registered_clients: Resuming registered clients
11-13 13:08:11.858  3146  3335 I bluetooth: packages/modules/Bluetooth/system/gd/hci/le_advertising_manager.cc:1441 OnResume: Start
11-13 13:27:17.566  3146  3335 I bluetooth: packages/modules/Bluetooth/system/gd/hci/le_advertising_manager.cc:1395 OnPause: Start
11-13 13:27:17.567  3146  3335 I bluetooth: packages/modules/Bluetooth/system/gd/hci/le_address_manager.cc:290 ack_pause: Client already in paused state
11-13 13:27:17.567  3146  3335 I bluetooth: packages/modules/Bluetooth/system/gd/hci/le_address_manager.cc:290 ack_pause: Client already in paused state
11-13 13:27:17.567  3146  3335 I bluetooth: packages/modules/Bluetooth/system/gd/hci/le_address_manager.cc:290 ack_pause: Client already in paused state
11-13 13:27:17.573  3146  3335 I bluetooth: packages/modules/Bluetooth/system/gd/hci/le_advertising_manager.cc:1730 on_set_advertising_set_random_address_complete: update random address for advertising set 1 : xx:xx:xx:xx:c0:f0
11-13 13:27:17.579  3146  3335 I bluetooth: packages/modules/Bluetooth/system/gd/hci/le_address_manager.cc:734 OnCommandComplete: Received command complete with op_code LE_SET_RANDOM_ADDRESS
11-13 13:27:17.580  3146  3335 I bluetooth: packages/modules/Bluetooth/system/gd/hci/le_address_manager.cc:754 OnCommandComplete: update random address : xx:xx:xx:xx:68:53
11-13 13:27:17.580  3146  3335 I bluetooth: packages/modules/Bluetooth/system/gd/hci/le_address_manager.cc:319 resume_registered_clients: Resuming registered clients
11-13 13:27:17.580  3146  3335 I bluetooth: packages/modules/Bluetooth/system/gd/hci/le_advertising_manager.cc:1441 OnResume: Start
11-13 13:38:10.014  3146  3335 I bluetooth: packages/modules/Bluetooth/system/gd/hci/le_advertising_manager.cc:1395 OnPause: Start
11-13 13:38:10.015  3146  3335 I bluetooth: packages/modules/Bluetooth/system/gd/hci/le_address_manager.cc:290 ack_pause: Client already in paused state
11-13 13:38:10.015  3146  3335 I bluetooth: packages/modules/Bluetooth/system/gd/hci/le_address_manager.cc:290 ack_pause: Client already in paused state
11-13 13:38:10.015  3146  3335 I bluetooth: packages/modules/Bluetooth/system/gd/hci/le_address_manager.cc:290 ack_pause: Client already in paused state
11-13 13:38:10.019  3146  3335 I bluetooth: packages/modules/Bluetooth/system/gd/hci/le_advertising_manager.cc:1730 on_set_advertising_set_random_address_complete: update random address for advertising set 1 : xx:xx:xx:xx:18:40
11-13 13:38:10.028  3146  3335 I bluetooth: packages/modules/Bluetooth/system/gd/hci/le_address_manager.cc:734 OnCommandComplete: Received command complete with op_code LE_SET_RANDOM_ADDRESS
11-13 13:38:10.028  3146  3335 I bluetooth: packages/modules/Bluetooth/system/gd/hci/le_address_manager.cc:754 OnCommandComplete: update random address : xx:xx:xx:xx:bd:2a
11-13 13:38:10.028  3146  3335 I bluetooth: packages/modules/Bluetooth/system/gd/hci/le_address_manager.cc:319 resume_registered_clients: Resuming registered clients
11-13 13:38:10.028  3146  3335 I bluetooth: packages/modules/Bluetooth/system/gd/hci/le_advertising_manager.cc:1441 OnResume: Start
11-13 13:41:23.458 13004 13004 I Routine@Sdk[3.1.11]: RoutineSdkImpl: setActionHandler - tag=connect_bluetooth, actionHandler=bg.b@ae3245b
11-13 13:41:23.458 13004 13004 I Routine@Sdk[3.1.11]: RoutineSdkImpl: setActionHandler - tag=disconnect_bluetooth, actionHandler=bg.b@12c64f8
11-13 13:41:27.089 13280 13280 I MediaRouter: Skip setBluetoothA2dpOn(): types=8388615, isPlaybackActive()=false, BT route=null
11-13 13:41:27.132  1451  1662 D BluetoothManagerService: mDisableBleCallbacks count 16
11-13 13:41:27.132 13280 13280 I BluetoothAdapter: BluetoothAdapter() : com.google.android.videos
11-13 13:41:28.721  4847  7232 I BluetoothAdapter: BluetoothAdapter() : com.google.android.gms
11-13 13:41:30.455 13849 13849 D nativeloader:   com_android_btservices: libbluetooth_jni.so
11-13 13:41:31.475  1451  1662 D BluetoothManagerService: mDisableBleCallbacks count 16
11-13 13:41:31.476 13580 13971 I BluetoothAdapter: BluetoothAdapter() : com.microsoft.appmanager
11-13 13:41:31.482 13580 13971 D BluetoothAdapter: getBleEnabledArray(): ON
11-13 13:41:31.483 13580 13971 D BluetoothAdapter: getBleEnabledArray(): ON
11-13 13:41:31.730 13800 13812 I WindowsLink: (BaseContentProvider) call: method = capability_bluetooth_transport / subMethod = capability_bluetooth_transport
11-13 13:41:33.146 14041 14222 I ShareLive:QuickShare: [D2D][RxComputation-1] [WorkerRepositoryImpl] enqueueConnectivityWorker dependOnBluetooth = true
11-13 13:41:36.192  3146  3146 I BluetoothMetricsLogger: drainBufferedCounters().
11-13 13:41:36.192  3146  3146 I BluetoothMetricsLogger: setCounterMetricsAlarm()
11-13 13:41:39.154  3670 12502 D BluetoothAdapter: getBleEnabledArray(): ON
11-13 13:41:39.155  3670 12502 D BluetoothLeAdvertiser: Stop AdvertingSet
11-13 13:41:39.157  3146  3158 I bt      : bluetooth_core::gatt::arbiter: removing server (if any) associated with advertiser AdvertiserId(1)
11-13 13:41:39.157  3146  3335 I bluetooth: packages/modules/Bluetooth/system/gd/hci/le_advertising_manager.cc:409 remove_advertiser: AdvertiserId : 1
11-13 13:41:39.158  3146  3335 I bluetooth: packages/modules/Bluetooth/system/gd/hci/le_address_manager.cc:203 unregister_client: Client unregistered
11-13 13:41:39.160  3146  3335 I bluetooth: packages/modules/Bluetooth/system/gd/hci/le_advertising_manager.cc:1811 check_status: Got a Command complete LE_SET_PERIODIC_ADVERTISING_ENABLE, status COMMAND_DISALLOWED
11-13 13:41:39.167  3670 12502 D BluetoothAdapter: getBleEnabledArray(): ON
11-13 13:41:39.168  3670  3670 D BluetoothLeAdvertiser: onAdvertisingSetStopped(1)
11-13 13:41:39.169  3146  3158 I bt_shim_advertiser: packages/modules/Bluetooth/system/main/shim/le_advertising_manager.cc:175 StartAdvertisingSet: create advertising set, client_id:255, reg_id:-49
11-13 13:41:39.169  3146  3335 I bluetooth: packages/modules/Bluetooth/system/gd/hci/le_advertising_manager.cc:397 allocate_advertiser: AdvertiserId : 0
11-13 13:41:39.169  3146  3335 I bluetooth: packages/modules/Bluetooth/system/gd/hci/le_advertising_manager.cc:631 create_extended_advertiser_with_id: AdvertiserId : 0
11-13 13:41:39.170  3146  3335 I bluetooth: packages/modules/Bluetooth/system/gd/hci/le_advertising_manager.cc:1226 enable_advertiser: AdvertiserId : 0
11-13 13:41:39.170  3146  3335 I bluetooth: packages/modules/Bluetooth/system/gd/hci/le_address_manager.cc:188 register_client: Client registered
11-13 13:41:39.174  3146  3335 I bluetooth: packages/modules/Bluetooth/system/gd/hci/le_advertising_manager.cc:1730 on_set_advertising_set_random_address_complete: update random address for advertising set 0 : xx:xx:xx:xx:d1:85
11-13 13:41:39.176  3670  3670 D BluetoothLeAdvertiser: onAdvertisingSetStarted(0, -7, 0)
11-13 13:41:39.185  3670 12502 D BluetoothSocket: close() this: XX:XX:XX:XX:00:00, channel: 5, mSocketIS: android.net.LocalSocketImpl$SocketInputStream@7e9e6b0, mSocketOS: android.net.LocalSocketImpl$SocketOutputStream@f010929, mSocket: android.net.LocalSocket@2f194ae impl:android.net.LocalSocketImpl@8bd824f fd:java.io.FileDescriptor@e7ebddc, mSocketState: LISTENING
11-13 13:41:39.185  3146  3598 I bt_btif_sock: packages/modules/Bluetooth/system/btif/src/btif_sock.cc:169 btif_sock_connection_logger: address=00:00:00:00:00:00, role=5, state=1
11-13 13:41:39.185  3670 12502 I NearbyMediums: Stopped accepting Bluetooth Classic connections for NearbySharing.
11-13 13:41:39.185  3146  3598 I bt_bta_dm: packages/modules/Bluetooth/system/bta/dm/bta_dm_act.cc:3678 bta_dm_set_eir: Generating extended inquiry response packet EIR
11-13 13:41:39.187  3670  8925 D BluetoothSocket: close() this: XX:XX:XX:XX:00:00, channel: 5, mSocketIS: android.net.LocalSocketImpl$SocketInputStream@7e9e6b0, mSocketOS: android.net.LocalSocketImpl$SocketOutputStream@f010929, mSocket: null, mSocketState: CLOSED
11-13 13:41:39.726  3670 12502 I NearbyConnections: [PcpManager] In startAdvertising() advertisingMediums:[BLE] upgradeMediums:[USB, WIFI_LAN, WIFI_AWARE, WIFI_DIRECT, WIFI_HOTSPOT, WEB_RTC, BLE_L2CAP, BLUETOOTH, BLE, NFC] listener:103390558
11-13 13:41:39.859  3146  3158 I bt_btif_sock: packages/modules/Bluetooth/system/btif/src/btif_sock.cc:169 btif_sock_connection_logger: address=00:00:00:00:00:00, role=1, state=1
11-13 13:41:39.860  3146  3158 I bt_btif_sock_rfcomm: packages/modules/Bluetooth/system/btif/src/btif_sock_rfc.cc:333 btsock_rfc_listen: Adding listening socket service_name: NearbySharing - channel: -1
11-13 13:41:39.860  3146  3330 I bt_bta_dm: packages/modules/Bluetooth/system/bta/dm/bta_dm_act.cc:3678 bta_dm_set_eir: Generating extended inquiry response packet EIR
11-13 13:41:39.860  3146  3330 I bt_btif_sock: packages/modules/Bluetooth/system/btif/src/btif_sock.cc:169 btif_sock_connection_logger: address=00:00:00:00:00:00, role=1, state=1
11-13 13:41:39.866  3670 12502 I NearbyMediums: Started accepting Bluetooth Classic connections for NearbySharing.
11-13 13:41:39.869  3670 14807 D BluetoothSocket: accept(), timeout (ms):-1
11-13 13:41:39.887  3670 12502 D BluetoothAdapter: getBleEnabledArray(): ON
11-13 13:41:39.893  3146  3632 I bt_shim_advertiser: packages/modules/Bluetooth/system/main/shim/le_advertising_manager.cc:175 StartAdvertisingSet: create advertising set, client_id:255, reg_id:-50
11-13 13:41:39.893  3146  3335 I bluetooth: packages/modules/Bluetooth/system/gd/hci/le_advertising_manager.cc:397 allocate_advertiser: AdvertiserId : 1
11-13 13:41:39.893  3146  3335 I bluetooth: packages/modules/Bluetooth/system/gd/hci/le_advertising_manager.cc:631 create_extended_advertiser_with_id: AdvertiserId : 1
11-13 13:41:39.893  3146  3335 I bluetooth: packages/modules/Bluetooth/system/gd/hci/le_advertising_manager.cc:1226 enable_advertiser: AdvertiserId : 1
11-13 13:41:39.896  3146  3335 I bluetooth: packages/modules/Bluetooth/system/gd/hci/le_advertising_manager.cc:1730 on_set_advertising_set_random_address_complete: update random address for advertising set 1 : xx:xx:xx:xx:71:f1
11-13 13:41:39.902  3670  3670 D BluetoothLeAdvertiser: onAdvertisingSetStarted(1, -15, 0)
11-13 13:41:39.905  3670 12502 D BluetoothAdapter: getBleEnabledArray(): ON
11-13 13:41:41.178  3670 13067 D BluetoothAdapter: getBleEnabledArray(): ON
11-13 13:41:41.179  3670 13067 D BluetoothLeAdvertiser: Stop AdvertingSet
11-13 13:41:41.181  3146  3632 I bt      : bluetooth_core::gatt::arbiter: removing server (if any) associated with advertiser AdvertiserId(0)
11-13 13:41:41.182  3146  3335 I bluetooth: packages/modules/Bluetooth/system/gd/hci/le_advertising_manager.cc:409 remove_advertiser: AdvertiserId : 0
11-13 13:41:41.183  3670  3670 D BluetoothLeAdvertiser: onAdvertisingSetStopped(0)
11-13 13:41:41.184  3146  3335 I bluetooth: packages/modules/Bluetooth/system/gd/hci/le_advertising_manager.cc:1811 check_status: Got a Command complete LE_SET_PERIODIC_ADVERTISING_ENABLE, status COMMAND_DISALLOWED
11-13 13:41:46.215  3670  3682 D BluetoothSocket: close() this: XX:XX:XX:XX:00:00, channel: 5, mSocketIS: android.net.LocalSocketImpl$SocketInputStream@7e9e6b0, mSocketOS: android.net.LocalSocketImpl$SocketOutputStream@f010929, mSocket: null, mSocketState: CLOSED
11-13 13:41:50.786  3146  3335 W bluetooth: packages/modules/Bluetooth/system/gd/hci/vendor_specific_event_manager.cc:86 on_vendor_specific_event: Unhandled vendor specific event of type 0x63
11-13 13:41:50.787  3146  3335 W bluetooth: packages/modules/Bluetooth/system/gd/hci/vendor_specific_event_manager.cc:86 on_vendor_specific_event: Unhandled vendor specific event of type 0x63
11-13 13:45:24.724  3146  3335 I bluetooth: packages/modules/Bluetooth/system/gd/hci/le_advertising_manager.cc:1395 OnPause: Start
11-13 13:45:24.726  3146  3335 I bluetooth: packages/modules/Bluetooth/system/gd/hci/le_address_manager.cc:290 ack_pause: Client already in paused state
11-13 13:45:24.726  3146  3335 I bluetooth: packages/modules/Bluetooth/system/gd/hci/le_address_manager.cc:290 ack_pause: Client already in paused state
11-13 13:45:24.726  3146  3335 I bluetooth: packages/modules/Bluetooth/system/gd/hci/le_address_manager.cc:290 ack_pause: Client already in paused state
11-13 13:45:24.732  3146  3335 I bluetooth: packages/modules/Bluetooth/system/gd/hci/le_address_manager.cc:734 OnCommandComplete: Received command complete with op_code LE_SET_RANDOM_ADDRESS
11-13 13:45:24.732  3146  3335 I bluetooth: packages/modules/Bluetooth/system/gd/hci/le_address_manager.cc:754 OnCommandComplete: update random address : xx:xx:xx:xx:90:bd
11-13 13:45:24.732  3146  3335 I bluetooth: packages/modules/Bluetooth/system/gd/hci/le_address_manager.cc:319 resume_registered_clients: Resuming registered clients
11-13 13:45:24.732  3146  3335 I bluetooth: packages/modules/Bluetooth/system/gd/hci/le_advertising_manager.cc:1441 OnResume: Start
11-13 13:48:14.123  3146  3335 I bluetooth: packages/modules/Bluetooth/system/gd/hci/le_advertising_manager.cc:1730 on_set_advertising_set_random_address_complete: update random address for advertising set 1 : xx:xx:xx:xx:b3:7a
11-13 13:51:47.150  3146  3335 I bluetooth: packages/modules/Bluetooth/system/gd/hci/le_advertising_manager.cc:1395 OnPause: Start
11-13 13:51:47.151  3146  3335 I bluetooth: packages/modules/Bluetooth/system/gd/hci/le_address_manager.cc:290 ack_pause: Client already in paused state
11-13 13:51:47.151  3146  3335 I bluetooth: packages/modules/Bluetooth/system/gd/hci/le_address_manager.cc:290 ack_pause: Client already in paused state
11-13 13:51:47.151  3146  3335 I bluetooth: packages/modules/Bluetooth/system/gd/hci/le_address_manager.cc:290 ack_pause: Client already in paused state
11-13 13:51:47.158  3146  3335 I bluetooth: packages/modules/Bluetooth/system/gd/hci/le_address_manager.cc:734 OnCommandComplete: Received command complete with op_code LE_SET_RANDOM_ADDRESS
11-13 13:51:47.158  3146  3335 I bluetooth: packages/modules/Bluetooth/system/gd/hci/le_address_manager.cc:754 OnCommandComplete: update random address : xx:xx:xx:xx:8b:05
11-13 13:51:47.158  3146  3335 I bluetooth: packages/modules/Bluetooth/system/gd/hci/le_address_manager.cc:319 resume_registered_clients: Resuming registered clients
11-13 13:51:47.158  3146  3335 I bluetooth: packages/modules/Bluetooth/system/gd/hci/le_advertising_manager.cc:1441 OnResume: Start
11-13 14:08:08.200  3146  3335 I bluetooth: packages/modules/Bluetooth/system/gd/hci/le_advertising_manager.cc:1395 OnPause: Start
11-13 14:08:08.201  3146  3335 I bluetooth: packages/modules/Bluetooth/system/gd/hci/le_address_manager.cc:290 ack_pause: Client already in paused state
11-13 14:08:08.201  3146  3335 I bluetooth: packages/modules/Bluetooth/system/gd/hci/le_address_manager.cc:290 ack_pause: Client already in paused state
11-13 14:08:08.201  3146  3335 I bluetooth: packages/modules/Bluetooth/system/gd/hci/le_address_manager.cc:290 ack_pause: Client already in paused state
11-13 14:08:08.205  3146  3335 I bluetooth: packages/modules/Bluetooth/system/gd/hci/le_advertising_manager.cc:1730 on_set_advertising_set_random_address_complete: update random address for advertising set 1 : xx:xx:xx:xx:e5:a6
11-13 14:08:08.208  3146  3335 I bluetooth: packages/modules/Bluetooth/system/gd/hci/le_address_manager.cc:734 OnCommandComplete: Received command complete with op_code LE_SET_RANDOM_ADDRESS
11-13 14:08:08.208  3146  3335 I bluetooth: packages/modules/Bluetooth/system/gd/hci/le_address_manager.cc:754 OnCommandComplete: update random address : xx:xx:xx:xx:8d:16
11-13 14:08:08.208  3146  3335 I bluetooth: packages/modules/Bluetooth/system/gd/hci/le_address_manager.cc:319 resume_registered_clients: Resuming registered clients
11-13 14:08:08.208  3146  3335 I bluetooth: packages/modules/Bluetooth/system/gd/hci/le_advertising_manager.cc:1441 OnResume: Start
11-13 14:38:06.354  3146  3335 I bluetooth: packages/modules/Bluetooth/system/gd/hci/le_advertising_manager.cc:1395 OnPause: Start
11-13 14:38:06.355  3146  3335 I bluetooth: packages/modules/Bluetooth/system/gd/hci/le_address_manager.cc:290 ack_pause: Client already in paused state
11-13 14:38:06.355  3146  3335 I bluetooth: packages/modules/Bluetooth/system/gd/hci/le_address_manager.cc:290 ack_pause: Client already in paused state
11-13 14:38:06.355  3146  3335 I bluetooth: packages/modules/Bluetooth/system/gd/hci/le_address_manager.cc:290 ack_pause: Client already in paused state
11-13 14:38:06.361  3146  3335 I bluetooth: packages/modules/Bluetooth/system/gd/hci/le_advertising_manager.cc:1730 on_set_advertising_set_random_address_complete: update random address for advertising set 1 : xx:xx:xx:xx:ce:a1
