11-17 16:33:04.563 20869 21570 D ReflectedParamUpdater: extent() != 1 for single value type: output.subscribed-indices.values
11-17 16:33:04.563 20869 21570 D ReflectedParamUpdater: extent() != 1 for single value type: input.buffers.allocator-ids.values
11-17 16:33:04.563 20869 21570 D ReflectedParamUpdater: extent() != 1 for single value type: output.buffers.allocator-ids.values
11-17 16:33:04.563 20869 21570 D ReflectedParamUpdater: extent() != 1 for single value type: output.buffers.pool-ids.values
11-17 16:33:04.566 20869 21570 D ReflectedParamUpdater: ignored struct field coded.color-format.locations
11-17 16:33:04.568 20869 21570 D CCodecConfig: ignoring local param raw.size (0xd2001800) as it is already supported
11-17 16:33:04.568 20869 21570 D CCodecConfig: ignoring local param default.color (0x5200180b) as it is already supported
11-17 16:33:04.568 20869 21570 D ReflectedParamUpdater: ignored struct field raw.hdr-static-info.mastering
11-17 16:33:04.570 20869 21570 I CCodecConfig: query failed after returning 14 values (BAD_INDEX)
11-17 16:33:04.570 20869 21570 D CCodecConfig: c2 config diff is Dict {
11-17 16:33:04.570 20869 21570 D CCodecConfig:   c2::u32 algo.low-latency.value = 0
11-17 16:33:04.570 20869 21570 D CCodecConfig:   c2::i32 algo.priority.value = 0
11-17 16:33:04.570 20869 21570 D CCodecConfig:   c2::float algo.rate.value = 0
11-17 16:33:04.570 20869 21570 D CCodecConfig:   c2::u32 coded.pl.level = 20496
11-17 16:33:04.570 20869 21570 D CCodecConfig:   c2::u32 coded.pl.profile = 20481
11-17 16:33:04.570 20869 21570 D CCodecConfig:   c2::u32 coded.vui.color.matrix = 0
11-17 16:33:04.570 20869 21570 D CCodecConfig:   c2::u32 coded.vui.color.primaries = 0
11-17 16:33:04.570 20869 21570 D CCodecConfig:   c2::u32 coded.vui.color.range = 0
11-17 16:33:04.570 20869 21570 D CCodecConfig:   c2::u32 coded.vui.color.transfer = 0
11-17 16:33:04.570 20869 21570 D CCodecConfig:   c2::u32 default.color.matrix = 0
11-17 16:33:04.570 20869 21570 D CCodecConfig:   c2::u32 default.color.primaries = 0
11-17 16:33:04.570 20869 21570 D CCodecConfig:   c2::u32 default.color.range = 0
11-17 16:33:04.570 20869 21570 D CCodecConfig:   c2::u32 default.color.transfer = 0
11-17 16:33:04.570 20869 21570 D CCodecConfig:   c2::u32 input.buffers.max-size.value = 7340032
11-17 16:33:04.570 20869 21570 D CCodecConfig:   string input.media-type.value = "video/avc"
11-17 16:33:04.570 20869 21570 D CCodecConfig:   c2::u32 output.delay.value = 8
11-17 16:33:04.570 20869 21570 D CCodecConfig:   string output.media-type.value = "video/raw"
11-17 16:33:04.570 20869 21570 D CCodecConfig:   c2::u32 raw.color.matrix = 0
11-17 16:33:04.570 20869 21570 D CCodecConfig:   c2::u32 raw.color.primaries = 0
11-17 16:33:04.570 20869 21570 D CCodecConfig:   c2::u32 raw.color.range = 0
11-17 16:33:04.570 20869 21570 D CCodecConfig:   c2::u32 raw.color.transfer = 0
11-17 16:33:04.570 20869 21570 D CCodecConfig:   c2::u32 raw.max-size.height = 240
11-17 16:33:04.570 20869 21570 D CCodecConfig:   c2::u32 raw.max-size.width = 320
11-17 16:33:04.570 20869 21570 D CCodecConfig:   c2::u32 raw.pixel-format.value = 34
11-17 16:33:04.570 20869 21570 D CCodecConfig:   c2::i32 raw.rotation.flip = 0
11-17 16:33:04.570 20869 21570 D CCodecConfig:   c2::i32 raw.rotation.value = 0
11-17 16:33:04.570 20869 21570 D CCodecConfig:   c2::u32 raw.sar.height = 1
11-17 16:33:04.570 20869 21570 D CCodecConfig:   c2::u32 raw.sar.width =
11-17 16:33:04.571 20869 21570 W ColorUtils: expected specified color aspects (0:0:0:0)
11-17 16:33:04.582 20869 21569 I MediaCodec: MediaCodec will operate in async mode
11-17 16:33:04.589 20869 21569 D MediaCodec: flushMediametrics
11-17 16:33:04.590 20869 21569 D SurfaceUtils: connecting to surface 0xb4000071d94e2d40, reason connectToSurface
11-17 16:33:04.590 20869 21569 I MediaCodec: [c2.exynos.h264.decoder] setting surface generation to 21369857
11-17 16:33:04.590 20869 21569 D SurfaceUtils: disconnecting from surface 0xb4000071d94e2d40, reason connectToSurface(reconnect)
11-17 16:33:04.590 20869 21569 D SurfaceUtils: connecting to surface 0xb4000071d94e2d40, reason connectToSurface(reconnect)
11-17 16:33:04.591 20869 21570 D CCodec  : [c2.exynos.h264.decoder] buffers are bound to CCodec for this session
11-17 16:33:04.591 20869 21570 I CCodec  : appPid(20869) width(640) height(480)
11-17 16:33:04.592 20869 21570 D CCodecConfig: no c2 equivalents for native-window
11-17 16:33:04.592 20869 21570 D CCodecConfig: no c2 equivalents for flags
11-17 16:33:04.593 20869 21570 D CCodecConfig: c2 config diff is   c2::u32 raw.max-size.height = 480
11-17 16:33:04.593 20869 21570 D CCodecConfig:   c2::u32 raw.max-size.width = 640
11-17 16:33:04.593 20869 21570 D CCodecConfig:   c2::u32 raw.size.height = 480
11-17 16:33:04.593 20869 21570 D CCodecConfig:   c2::u32 raw.size.width = 640
11-17 16:33:04.595 20869 21570 W Codec2Client: query -- param skipped: index = 1107298332.
11-17 16:33:04.595 20869 21570 D CCodec  : client requested max input size 230400, which is smaller than what component recommended (7340032); overriding with component recommendation.
11-17 16:33:04.595 20869 21570 W CCodec  : This behavior is subject to change. It is recommended that app developers double check whether the requested max input size is in reasonable range.
11-17 16:33:04.595 20869 21570 D CCodec  : encoding statistics level = 0
11-17 16:33:04.595 20869 21570 D CCodec  : setup formats input: AMessage(what = 0x00000000) = {
11-17 16:33:04.595 20869 21570 D CCodec  :   int32_t height = 480
11-17 16:33:04.595 20869 21570 D CCodec  :   int32_t level = 65536
11-17 16:33:04.595 20869 21570 D CCodec  :   int32_t max-input-size = 7340032
11-17 16:33:04.595 20869 21570 D CCodec  :   string mime = "video/avc"
11-17 16:33:04.595 20869 21570 D CCodec  :   int32_t priority = 0
11-17 16:33:04.595 20869 21570 D CCodec  :   int32_t profile = 65536
11-17 16:33:04.595 20869 21570 D CCodec  :   int32_t width = 640
11-17 16:33:04.595 20869 21570 D CCodec  :   Rect crop(0, 0, 639, 479)
11-17 16:33:04.595 20869 21570 D CCodec  : }
11-17 16:33:04.595 20869 21570 D CCodec  : setup formats output: AMessage(what = 0x00000000) = {
11-17 16:33:04.595 20869 21570 D CCodec  :   int32_t android._color-format = 2130708361
11-17 16:33:04.595 20869 21570 D CCodec  :   int32_t android._video-scaling = 1
11-17 16:33:04.595 20869 21570 D CCodec  :   int32_t rotation-degrees = 0
11-17 16:33:04.595 20869 21570 D CCodec  :   int32_t color-standard = 4
11-17 16:33:04.595 20869 21570 D CCodec  :   int32_t color-range = 2
11-17 16:33:04.595 20869 21570 D CCodec  :   int32_t color-transfer = 3
11-17 16:33:04.595 20869 21570 D CCodec  :   int32_t sar-height = 1
11-17 16:33:04.595 20869 21570 D CCodec  :   int32_t sar-width = 1
11-17 16:33:04.595 20869 21570 D CCodec  :   Rect crop(0, 0, 639, 479)
11-17 16:33:04.595 20869 21570 D CCodec  :   int32_t width = 640
11-17 16:33:04.595 20869 21570 D CCodec  :   int32_t height = 480
11-17 16:33:04.595 20869 21570 D CCodec  :   int32_t max-height = 480
11-17 16:33:04.595 20869 21570 D CCodec  :   int32_t max-width = 640
11-17 16:33:04.595 20869 21570 D CCodec  :   string mime = "video/raw"
11-17 16:33:04.595 20869 21570 D CCodec  :   int32_t priority = 0
11-17 16:33:04.595 20869 21570 D CCodec  :   int32_t android._dataspace = 259
11-17 16:33:04.595 20869 21570 D CCodec  :   int32_t color-format = 2130708361
11-17 16:33:04.595 20869 21570 D CCodec  :   int32_t p-extraBC = 7
11-17 16:33:04.595 20869 21570 D CCodec  : }
11-17 16:33:04.595 20869 21570 I CCodecConfig: query failed after returning 14 values (BAD_INDEX)
11-17 16:33:04.606 20869 21039 D MediaCodec: keep callback message for reclaim
11-17 16:33:04.606 20869 21569 I CCodec  : [c2.exynos.h264.decoder] state->set(STARTING)
11-17 16:33:04.646 20869 21570 W Codec2Client: query -- param skipped: index = 1073743886.
11-17 16:33:04.646 20869 21570 W Codec2Client: query -- param skipped: index = 1610614798.
11-17 16:33:04.646 20869 21570 W Codec2Client: query -- param skipped: index = 1610614821.
11-17 16:33:04.646 20869 21570 W Codec2Client: query -- param skipped: index = 2684356609.
11-17 16:33:04.646 20869 21570 D C2Store : debug.c2.use_dmabufheaps set, forcing DMABUF Heaps
11-17 16:33:04.646 20869 21570 D C2Store : Using DMABUF Heaps
11-17 16:33:04.648 20869 21570 D CCodecBufferChannel: [c2.exynos.h264.decoder#464] Created input block pool with allocatorID 16 => poolID 17 - OK (0)
11-17 16:33:04.648 20869 21570 I CCodecBufferChannel: [c2.exynos.h264.decoder#464] start: max output delay 15
11-17 16:33:04.649 20869 21570 I CCodecBufferChannel: [c2.exynos.h264.decoder#464] Created output block pool with allocatorID 18 => poolID 21 - OK
11-17 16:33:04.649 20869 21570 D CCodecBufferChannel: [c2.exynos.h264.decoder#464] Configured output block pool ids 21 => OK
11-17 16:33:04.650 20869 21570 D Codec2-OutputBufferQueue: C2SurfaceSyncMemory created 20(20)
11-17 16:33:04.650 20869 21570 D Codec2-OutputBufferQueue: remote graphic buffer migration 0/0
11-17 16:33:04.651 20869 21570 D Codec2Client: setOutputSurface -- generation=21369857 consumer usage=0x900 sync
11-17 16:33:04.658 20869 21570 D Codec2Client: Surface configure completed
11-17 16:33:04.659 20869 21570 I CCodec  : [c2.exynos.h264.decoder] state->set(RUNNING)
11-17 16:33:04.659 20869 21570 I DMABUFHEAPS: Using DMA-BUF heap named: system
11-17 16:33:04.661 20869 21570 I CCodecBufferChannel: [c2.exynos.h264.decoder#464] 4 initial input buffers available
11-17 16:33:04.667 20869 21569 I MediaCodec: setCodecState state(0), called in 6
11-17 16:33:04.703 20869 21570 I CCodecBufferChannel: [c2.exynos.h264.decoder#464] updating max output delay 15
11-17 16:33:04.703 20869 21570 D Codec2-OutputBufferQueue: set max dequeue count 15 from update
11-17 16:33:04.725 20869 21574 D CCodecBufferChannel: [c2.exynos.h264.decoder#464] Ignoring stale input buffer done callback: last flush index = 0, frameIndex = 0
11-17 16:33:04.731 20869 21570 D CCodecConfig: c2 config diff is   c2::u32 raw.crop.height = 720
11-17 16:33:04.731 20869 21570 D CCodecConfig:   c2::u32 raw.crop.left = 0
11-17 16:33:04.731 20869 21570 D CCodecConfig:   c2::u32 raw.crop.top = 0
11-17 16:33:04.731 20869 21570 D CCodecConfig:   c2::u32 raw.crop.width = 1280
11-17 16:33:04.731 20869 21570 D CCodecConfig:   c2::u32 raw.max-size.height = 720
11-17 16:33:04.731 20869 21570 D CCodecConfig:   c2::u32 raw.max-size.width = 1280
11-17 16:33:04.731 20869 21570 D CCodecConfig:   c2::u32 raw.size.height = 720
11-17 16:33:04.731 20869 21570 D CCodecConfig:   c2::u32 raw.size.width = 1280
11-17 16:33:04.731 20869 21570 I CCodecBufferChannel: [c2.exynos.h264.decoder#464] updating max output delay 15
11-17 16:33:04.733 20869 21570 D Codec2-OutputBufferQueue: set max dequeue count 15 from update
11-17 16:33:04.733 20869 21570 D CCodecBuffers: [c2.exynos.h264.decoder#464:2D-Output] popFromStashAndRegister: at 86457us, output format changed to AMessage(what = 0x00000000) = {
11-17 16:33:04.733 20869 21570 D CCodecBuffers:   int32_t android._color-format = 2130708361
11-17 16:33:04.733 20869 21570 D CCodecBuffers:   int32_t android._video-scaling = 1
11-17 16:33:04.733 20869 21570 D CCodecBuffers:   int32_t rotation-degrees = 0
11-17 16:33:04.733 20869 21570 D CCodecBuffers:   int32_t color-standard = 1
11-17 16:33:04.733 20869 21570 D CCodecBuffers:   int32_t color-range = 2
11-17 16:33:04.733 20869 21570 D CCodecBuffers:   int32_t color-transfer = 3
11-17 16:33:04.733 20869 21570 D CCodecBuffers:   int32_t sar-height = 1
11-17 16:33:04.733 20869 21570 D CCodecBuffers:   int32_t sar-width = 1
11-17 16:33:04.733 20869 21570 D CCodecBuffers:   Rect crop(0, 0, 1279, 719)
11-17 16:33:04.733 20869 21570 D CCodecBuffers:   int32_t width = 1280
11-17 16:33:04.733 20869 21570 D CCodecBuffers:   int32_t height = 720
11-17 16:33:04.733 20869 21570 D CCodecBuffers:   int32_t max-height = 720
11-17 16:33:04.733 20869 21570 D CCodecBuffers:   int32_t max-width = 1280
11-17 16:33:04.733 20869 21570 D CCodecBuffers:   string mime = "video/raw"
11-17 16:33:04.733 20869 21570 D CCodecBuffers:   int32_t priority = 0
11-17 16:33:04.733 20869 21570 D CCodecBuffers:   int32_t android._dataspace = 260
11-17 16:33:04.733 20869 21570 D CCodecBuffers:   int32_t color-format = 2130708361
11-17 16:33:04.733 20869 21570 D CCodecBuffers:   int32_t p-extraBC = 7
11-17 16:33:04.733 20869 21570 D CCodecBuffers: }
11-17 16:33:04.751 20869 21569 I MediaCodec: setCodecState state(1), called in 6
11-17 16:33:07.076 20869 20869 I ViewRootImpl@d91b702[MainActivity]: ViewPostIme pointer 0
11-17 16:33:07.661 20869 20869 I ViewRootImpl@d91b702[MainActivity]: ViewPostIme pointer 1
11-17 16:33:09.313 20869 20869 I ViewRootImpl@d91b702[MainActivity]: ViewPostIme pointer 0
11-17 16:33:09.984 20869 21569 D BufferPoolAccessor2.0: bufferpool2 0xb40000712948d918 : 5(36700160 size) total buffers - 4(29360128 size) used buffers - 79/84 (recycle/alloc) - 5/81 (fetch/transfer)
11-17 16:33:10.290 20869 20869 I ViewRootImpl@d91b702[MainActivity]: ViewPostIme pointer 1
11-17 16:33:13.282 20869 20869 I ViewRootImpl@d91b702[MainActivity]: ViewPostIme pointer 0
11-17 16:33:13.779 20869 20869 I ViewRootImpl@d91b702[MainActivity]: ViewPostIme pointer 1
11-17 16:33:14.046 20869 20869 I ViewRootImpl@d91b702[MainActivity]: ViewPostIme pointer 0
11-17 16:33:15.198 20869 20869 I ViewRootImpl@d91b702[MainActivity]: ViewPostIme pointer 1
11-17 16:33:15.370 20869 21569 D BufferPoolAccessor2.0: bufferpool2 0xb40000712948d918 : 5(36700160 size) total buffers - 4(29360128 size) used buffers - 156/161 (recycle/alloc) - 5/158 (fetch/transfer)
11-17 16:33:15.940 20869 20869 I ViewRootImpl@d91b702[MainActivity]: ViewPostIme pointer 0
11-17 16:33:17.419 20869 20869 I ViewRootImpl@d91b702[MainActivity]: ViewPostIme pointer 1
11-17 16:33:18.399 20869 20869 I ViewRootImpl@d91b702[MainActivity]: ViewPostIme pointer 0
11-17 16:33:20.618 20869 21569 D BufferPoolAccessor2.0: bufferpool2 0xb40000712948d918 : 5(36700160 size) total buffers - 4(29360128 size) used buffers - 231/236 (recycle/alloc) - 5/233 (fetch/transfer)
11-17 16:33:20.929 20869 20869 I ViewRootImpl@d91b702[MainActivity]: ViewPostIme pointer 1
11-17 16:33:21.618 20869 20869 I ViewRootImpl@d91b702[MainActivity]: ViewPostIme pointer 0
11-17 16:33:23.343 20869 20869 I ViewRootImpl@d91b702[MainActivity]: ViewPostIme pointer 1
11-17 16:33:23.750 20869 20869 I ViewRootImpl@d91b702[MainActivity]: ViewPostIme pointer 0
11-17 16:33:26.027 20869 21569 D BufferPoolAccessor2.0: bufferpool2 0xb40000712948d918 : 5(36700160 size) total buffers - 4(29360128 size) used buffers - 308/313 (recycle/alloc) - 5/310 (fetch/transfer)
11-17 16:33:26.083 20869 20869 I ViewRootImpl@d91b702[MainActivity]: ViewPostIme pointer 1
11-17 16:33:26.414 20869 20869 I ViewRootImpl@d91b702[MainActivity]: ViewPostIme pointer 0
11-17 16:33:29.528 20869 20869 I ViewRootImpl@d91b702[MainActivity]: ViewPostIme pointer 1
11-17 16:33:29.895 20869 20869 I ViewRootImpl@d91b702[MainActivity]: ViewPostIme pointer 0
11-17 16:33:30.148 20869 20869 I ViewRootImpl@d91b702[MainActivity]: ViewPostIme pointer 1
11-17 16:33:30.178 20869 20869 D InputMethodManagerUtils: startInputInner - Id : 0
11-17 16:33:30.179 20869 20869 I InputMethodManager: startInputInner - IInputMethodManagerGlobalInvoker.startInputOrWindowGainedFocus
11-17 16:33:30.231 20869 20869 I ViewRootImpl@d91b702[MainActivity]: ViewPostIme pointer 0
11-17 16:33:31.418 20869 21569 D BufferPoolAccessor2.0: bufferpool2 0xb40000712948d918 : 5(36700160 size) total buffers - 4(29360128 size) used buffers - 385/390 (recycle/alloc) - 5/387 (fetch/transfer)
11-17 16:33:31.475 20869 20869 I ViewRootImpl@d91b702[MainActivity]: ViewPostIme pointer 1
11-17 16:33:33.229 20869 20869 I ViewRootImpl@d91b702[MainActivity]: ViewPostIme pointer 0
11-17 16:33:35.054 20869 20869 I ViewRootImpl@d91b702[MainActivity]: ViewPostIme pointer 1
11-17 16:33:35.496 20869 20869 I ViewRootImpl@d91b702[MainActivity]: ViewPostIme pointer 0
11-17 16:33:35.863 20869 20869 I ViewRootImpl@d91b702[MainActivity]: ViewPostIme pointer 1
11-17 16:33:36.301 20869 20869 I ViewRootImpl@d91b702[MainActivity]: ViewPostIme pointer 0
11-17 16:33:36.603 20869 20869 I ViewRootImpl@d91b702[MainActivity]: ViewPostIme pointer 1
11-17 16:33:36.869 20869 21569 D BufferPoolAccessor2.0: bufferpool2 0xb40000712948d918 : 5(36700160 size) total buffers - 4(29360128 size) used buffers - 463/468 (recycle/alloc) - 5/474 (fetch/transfer)
11-17 16:33:37.136 20869 20869 I ViewRootImpl@d91b702[MainActivity]: ViewPostIme pointer 0
11-17 16:33:38.419 20869 20869 I ViewRootImpl@d91b702[MainActivity]: ViewPostIme pointer 1
11-17 16:33:38.883 20869 20869 I ViewRootImpl@d91b702[MainActivity]: ViewPostIme pointer 0
11-17 16:33:40.008 20869 20869 I ViewRootImpl@d91b702[MainActivity]: ViewPostIme pointer 1
11-17 16:33:40.148 20869 20869 I ViewRootImpl@d91b702[MainActivity]: ViewPostIme pointer 0
11-17 16:33:41.682 20869 20869 I ViewRootImpl@d91b702[MainActivity]: ViewPostIme pointer 1
11-17 16:33:42.202 20869 21574 D BufferPoolAccessor2.0: bufferpool2 0xb40000712948d918 : 5(36700160 size) total buffers - 5(36700160 size) used buffers - 540/545 (recycle/alloc) - 5/562 (fetch/transfer)
11-17 16:33:43.252 20869 20869 I ViewRootImpl@d91b702[MainActivity]: ViewPostIme pointer 0
11-17 16:33:43.313 20869 20869 I ViewRootImpl@d91b702[MainActivity]: ViewPostIme pointer 1
11-17 16:33:47.590 20869 21569 D BufferPoolAccessor2.0: bufferpool2 0xb40000712948d918 : 5(36700160 size) total buffers - 4(29360128 size) used buffers - 616/621 (recycle/alloc) - 5/646 (fetch/transfer)
11-17 16:33:48.689 20869 20869 I ViewRootImpl@d91b702[MainActivity]: ViewPostIme pointer 0
11-17 16:33:49.517 20869 20869 I ViewRootImpl@d91b702[MainActivity]: ViewPostIme pointer 1
11-17 16:33:52.979 20869 21569 D BufferPoolAccessor2.0: bufferpool2 0xb40000712948d918 : 5(36700160 size) total buffers - 4(29360128 size) used buffers - 693/698 (recycle/alloc) - 5/727 (fetch/transfer)
11-17 16:33:58.370 20869 21569 D BufferPoolAccessor2.0: bufferpool2 0xb40000712948d918 : 5(36700160 size) total buffers - 4(29360128 size) used buffers - 770/775 (recycle/alloc) - 5/813 (fetch/transfer)
11-17 16:33:59.468 20869 20877 D InputTransport: Input channel destroyed: 'ClientS', fd=346
11-17 16:33:59.469 20869 20877 D InputTransport: Input channel destroyed: 'ClientS', fd=334
11-17 16:34:03.746 20869 21569 D BufferPoolAccessor2.0: bufferpool2 0xb40000712948d918 : 5(36700160 size) total buffers - 4(29360128 size) used buffers - 847/852 (recycle/alloc) - 5/897 (fetch/transfer)
11-17 16:34:05.362 20869 20869 I ViewRootImpl@d91b702[MainActivity]: ViewPostIme pointer 0
11-17 16:34:05.429 20869 20869 I ViewRootImpl@d91b702[MainActivity]: ViewPostIme pointer 1
11-17 16:34:09.151 20869 21569 D BufferPoolAccessor2.0: bufferpool2 0xb40000712948d918 : 5(36700160 size) total buffers - 4(29360128 size) used buffers - 924/929 (recycle/alloc) - 5/979 (fetch/transfer)
11-17 16:34:10.474 20869 20869 I ViewRootImpl@d91b702[MainActivity]: ViewPostIme pointer 0
11-17 16:34:10.636 20869 20869 I ViewRootImpl@d91b702[MainActivity]: ViewPostIme pointer 1
11-17 16:34:13.108 20869 20869 I ViewRootImpl@d91b702[MainActivity]: ViewPostIme pointer 0
11-17 16:34:13.217 20869 20869 I ViewRootImpl@d91b702[MainActivity]: ViewPostIme pointer 1
11-17 16:34:14.528 20869 21569 D BufferPoolAccessor2.0: bufferpool2 0xb40000712948d918 : 5(36700160 size) total buffers - 4(29360128 size) used buffers - 1001/1006 (recycle/alloc) - 5/1060 (fetch/transfer)
11-17 16:34:16.784 20869 21574 D PipelineWatcher: onInputBufferReleased: frameIndex not found (1034); ignored
11-17 16:34:19.934 20869 21574 D BufferPoolAccessor2.0: bufferpool2 0xb40000712948d918 : 5(36700160 size) total buffers - 5(36700160 size) used buffers - 1079/1084 (recycle/alloc) - 5/1145 (fetch/transfer)
11-17 16:34:21.823 20869 20869 I ViewRootImpl@d91b702[MainActivity]: ViewPostIme pointer 0
11-17 16:34:21.868 20869 20869 I ViewRootImpl@d91b702[MainActivity]: ViewPostIme pointer 1
11-17 16:34:24.212 20869 21574 D PipelineWatcher: onInputBufferReleased: frameIndex not found (1140); ignored
11-17 16:34:25.323 20869 21569 D BufferPoolAccessor2.0: bufferpool2 0xb40000712948d918 : 5(36700160 size) total buffers - 4(29360128 size) used buffers - 1155/1160 (recycle/alloc) - 5/1227 (fetch/transfer)
11-17 16:34:26.931 20869 20869 I ViewRootImpl@d91b702[MainActivity]: ViewPostIme pointer 0
11-17 16:34:27.013 20869 20869 I ViewRootImpl@d91b702[MainActivity]: ViewPostIme pointer 1
11-17 16:34:27.032 20869 20869 W WindowOnBackDispatcher: OnBackInvokedCallback is not enabled for the application.
11-17 16:34:27.032 20869 20869 W WindowOnBackDispatcher: Set 'android:enableOnBackInvokedCallback="true"' in the application manifest.
11-17 16:34:27.046 20869 20869 E hidden  : true
11-17 16:34:27.081 20869 20869 I BLASTBufferQueue_Java: update, w= 2304 h= 1440 mName = ViewRootImpl@d91b702[MainActivity] mNativeObject= 0xb4000072a93da1f0 sc.mNativeObject= 0xb4000072793c3350 format= -1 caller= android.view.ViewRootImpl.updateBlastSurfaceIfNeeded:3074 android.view.ViewRootImpl.relayoutWindow:10224 android.view.ViewRootImpl.performTraversals:4167 android.view.ViewRootImpl.doTraversal:3345 android.view.ViewRootImpl$TraversalRunnable.run:11437 android.view.Choreographer$CallbackRecord.run:1690 
11-17 16:34:27.081 20869 20869 I ViewRootImpl@d91b702[MainActivity]: Relayout returned: old=(0,0,2304,1440) new=(0,0,2304,1440) relayoutAsync=true req=(2304,1440)0 dur=0 res=0x0 s={true 0xb4000071d9454300} ch=false seqId=0
11-17 16:34:27.081 20869 20869 I ViewRootImpl@d91b702[MainActivity]: registerCallbackForPendingTransactions
11-17 16:34:27.082 20869 20968 I ViewRootImpl@d91b702[MainActivity]: mWNT: t=0xb4000073093d9a90 mBlastBufferQueue=0xb4000072a93da1f0 fn= 5801 mRenderHdrSdrRatio=1.0 caller= android.view.ViewRootImpl$6.onFrameDraw:5705 android.view.ViewRootImpl$2.onFrameDraw:2190 android.view.ThreadedRenderer$1.onFrameDraw:792 
11-17 16:34:27.083 20869 20869 E appSendWebviewState: 0
11-17 16:34:28.694 20869 21569 I MediaCodec: setCodecState state(0), called in 6
11-17 16:34:30.285 20869 20869 I ViewRootImpl@d91b702[MainActivity]: onDisplayChanged oldDisplayState=2 newDisplayState=2
11-17 16:34:31.674 20869 21573 D BufferPoolAccessor2.0: bufferpool2 0xb40000712948d918 : 5(36700160 size) total buffers - 4(29360128 size) used buffers - 1181/1186 (recycle/alloc) - 5/1255 (fetch/transfer)
11-17 16:34:31.674 20869 21573 D BufferPoolAccessor2.0: evictor expired: 1, evicted: 1
11-17 16:34:34.289 20869 20869 I ViewRootImpl@d91b702[MainActivity]: ViewPostIme pointer 0
11-17 16:34:34.317 20869 20880 I ViewRootImpl@d91b702[MainActivity]: Resizing android.view.ViewRootImpl@84d0972: frame = [0,0][2304,1440] reportDraw = false forceLayout = false syncSeqId = -1
11-17 16:34:34.317 20869 20869 I ViewRootImpl@d91b702[MainActivity]: ViewPostIme pointer 1
11-17 16:34:34.326 20869 20869 I ViewRootImpl@d91b702[MainActivity]: handleResized, msg = 4 frames=ClientWindowFrames{frame=[0,0][2304,1440] display=[0,0][2304,1440] parentFrame=[0,0][0,0]} forceNextWindowRelayout=false displayId=0 dragResizing=false compatScale=1.0 frameChanged=false attachedFrameChanged=false configChanged=false displayChanged=false compatScaleChanged=false
11-17 16:34:34.342 20869 20869 I ViewRootImpl@d91b702[MainActivity]: onDisplayChanged oldDisplayState=2 newDisplayState=2
11-17 16:34:36.761 20869 21495 I ViewRootImpl@d91b702[MainActivity]: Resizing android.view.ViewRootImpl@84d0972: frame = [0,0][2304,1440] reportDraw = false forceLayout = false syncSeqId = -1
11-17 16:34:36.769 20869 20869 I InsetsSourceConsumer: applyRequestedVisibilityToControl: visible=false, type=statusBars, host=com.unitree.doggo2/com.unitree.doggo2.ui.activity.main.MainActivity
11-17 16:34:36.770 20869 20869 I InsetsSourceConsumer: applyRequestedVisibilityToControl: visible=false, type=navigationBars, host=com.unitree.doggo2/com.unitree.doggo2.ui.activity.main.MainActivity
11-17 16:34:36.771 20869 20869 I ViewRootImpl@d91b702[MainActivity]: handleResized, msg = 4 frames=ClientWindowFrames{frame=[0,0][2304,1440] display=[0,0][2304,1440] parentFrame=[0,0][0,0]} forceNextWindowRelayout=false displayId=0 dragResizing=false compatScale=1.0 frameChanged=false attachedFrameChanged=false configChanged=false displayChanged=false compatScaleChanged=false
11-17 16:34:37.652 20869 20869 I ViewRootImpl@d91b702[MainActivity]: onDisplayChanged oldDisplayState=2 newDisplayState=2
