--------- beginning of system
11-12 14:40:36.160  2676  2676 I wpa_supplicant: Heartbeat 252
11-12 14:40:46.167  2676  2676 I wpa_supplicant: Heartbeat 253
11-12 14:42:56.057  2676  2676 I wpa_supplicant: Heartbeat 254
11-12 14:47:56.059  2676  2676 I wpa_supplicant: Heartbeat 255
11-12 14:52:56.098  2676  2676 I wpa_supplicant: Heartbeat 256
11-12 14:57:56.142  2676  2676 I wpa_supplicant: Heartbeat 257
11-12 15:02:56.316  2676  2676 I wpa_supplicant: Heartbeat 258
11-12 15:07:56.287  2676  2676 I wpa_supplicant: Heartbeat 259
11-12 15:12:56.182  2676  2676 I wpa_supplicant: Heartbeat 260
11-12 15:17:56.297  2676  2676 I wpa_supplicant: Heartbeat 261
11-12 15:22:56.296  2676  2676 I wpa_supplicant: Heartbeat 262
11-12 15:27:56.300  2676  2676 I wpa_supplicant: Heartbeat 263
11-12 15:32:56.434  2676  2676 I wpa_supplicant: Heartbeat 264
11-12 15:37:56.455  2676  2676 I wpa_supplicant: Heartbeat 265
11-12 15:42:56.431  2676  2676 I wpa_supplicant: Heartbeat 266
11-12 15:47:56.613  2676  2676 I wpa_supplicant: Heartbeat 267
11-12 15:52:56.524  2676  2676 I wpa_supplicant: Heartbeat 268
11-12 15:57:56.585  2676  2676 I wpa_supplicant: Heartbeat 269
11-12 16:02:56.787  2676  2676 I wpa_supplicant: Heartbeat 270
11-12 16:07:56.746  2676  2676 I wpa_supplicant: Heartbeat 271
11-12 16:08:47.317  2676  2676 I wpa_supplicant: Heartbeat 272
11-12 16:11:02.073  2676  2676 I wpa_supplicant: Heartbeat 273
11-12 16:11:41.720  2676  2676 I wpa_supplicant: Heartbeat 274
11-12 16:11:51.722  2676  2676 I wpa_supplicant: Heartbeat 275
11-12 16:12:54.641  2676  2676 I wpa_supplicant: Heartbeat 276
11-12 16:15:56.322  2676  2676 I wpa_supplicant: Heartbeat 277
11-12 16:17:57.050  2676  2676 I wpa_supplicant: Heartbeat 278
11-12 16:22:56.864  2676  2676 I wpa_supplicant: Heartbeat 279
11-12 16:24:39.207  2676  2676 I wpa_supplicant: Heartbeat 280
11-12 16:27:56.938  2676  2676 I wpa_supplicant: Heartbeat 281
11-12 16:29:36.364  2676  2676 I wpa_supplicant: Heartbeat 282
11-12 16:30:33.303  2676  2676 I wpa_supplicant: Heartbeat 283
11-12 16:31:53.694  2676  2676 I wpa_supplicant: Heartbeat 284
11-12 16:32:57.168  2676  2676 I wpa_supplicant: Heartbeat 285
11-12 16:35:09.397  2676  2676 I wpa_supplicant: Heartbeat 286
11-12 16:35:19.399  2676  2676 I wpa_supplicant: Heartbeat 287
11-12 16:37:56.977  2676  2676 I wpa_supplicant: Heartbeat 288
11-12 16:39:28.614  2676  2676 I wpa_supplicant: Heartbeat 289
11-12 16:42:57.045  2676  2676 I wpa_supplicant: Heartbeat 290
11-12 16:47:57.013  2676  2676 I wpa_supplicant: Heartbeat 291
11-12 16:52:57.119  2676  2676 I wpa_supplicant: Heartbeat 292
11-12 16:56:42.093  2676  2676 I wpa_supplicant: Heartbeat 293
11-12 16:56:52.095  2676  2676 I wpa_supplicant: Heartbeat 294
11-12 16:57:02.099  2676  2676 I wpa_supplicant: Heartbeat 295
11-12 16:57:12.109  2676  2676 I wpa_supplicant: Heartbeat 296
11-12 16:57:22.114  2676  2676 I wpa_supplicant: Heartbeat 297
11-12 16:57:32.124  2676  2676 I wpa_supplicant: Heartbeat 298
11-12 16:57:42.126  2676  2676 I wpa_supplicant: Heartbeat 299
11-12 16:57:52.132  2676  2676 I wpa_supplicant: Heartbeat 300
11-12 16:58:02.133  2676  2676 I wpa_supplicant: Heartbeat 301
11-12 16:58:12.135  2676  2676 I wpa_supplicant: Heartbeat 302
11-12 16:58:22.143  2676  2676 I wpa_supplicant: Heartbeat 303
11-12 16:58:32.152  2676  2676 I wpa_supplicant: Heartbeat 304
11-12 16:58:42.160  2676  2676 I wpa_supplicant: Heartbeat 305
11-12 16:58:52.170  2676  2676 I wpa_supplicant: Heartbeat 306
11-12 16:59:02.180  2676  2676 I wpa_supplicant: Heartbeat 307
11-12 16:59:12.188  2676  2676 I wpa_supplicant: Heartbeat 308
11-12 16:59:22.199  2676  2676 I wpa_supplicant: Heartbeat 309
11-12 16:59:32.211  2676  2676 I wpa_supplicant: Heartbeat 310
11-12 16:59:42.219  2676  2676 I wpa_supplicant: Heartbeat 311
11-12 16:59:52.228  2676  2676 I wpa_supplicant: Heartbeat 312
11-12 17:00:02.230  2676  2676 I wpa_supplicant: Heartbeat 313
11-12 17:00:12.232  2676  2676 I wpa_supplicant: Heartbeat 314
11-12 17:00:22.234  2676  2676 I wpa_supplicant: Heartbeat 315
11-12 17:00:32.234  2676  2676 I wpa_supplicant: Heartbeat 316
11-12 17:00:42.235  2676  2676 I wpa_supplicant: Heartbeat 317
11-12 17:00:52.243  2676  2676 I wpa_supplicant: Heartbeat 318
11-12 17:01:02.253  2676  2676 I wpa_supplicant: Heartbeat 319
11-12 17:01:12.258  2676  2676 I wpa_supplicant: Heartbeat 320
11-12 17:01:22.267  2676  2676 I wpa_supplicant: Heartbeat 321
11-12 17:01:32.277  2676  2676 I wpa_supplicant: Heartbeat 322
11-12 17:01:42.288  2676  2676 I wpa_supplicant: Heartbeat 323
11-12 17:01:52.291  2676  2676 I wpa_supplicant: Heartbeat 324
11-12 17:02:02.300  2676  2676 I wpa_supplicant: Heartbeat 325
11-12 17:02:12.307  2676  2676 I wpa_supplicant: Heartbeat 326
11-12 17:02:22.309  2676  2676 I wpa_supplicant: Heartbeat 327
11-12 17:02:32.315  2676  2676 I wpa_supplicant: Heartbeat 328
11-12 17:02:42.323  2676  2676 I wpa_supplicant: Heartbeat 329
11-12 17:02:52.334  2676  2676 I wpa_supplicant: Heartbeat 330
11-12 17:03:02.335  2676  2676 I wpa_supplicant: Heartbeat 331
11-12 17:03:12.346  2676  2676 I wpa_supplicant: Heartbeat 332
11-12 17:03:22.356  2676  2676 I wpa_supplicant: Heartbeat 333
11-12 17:03:32.364  2676  2676 I wpa_supplicant: Heartbeat 334
11-12 17:03:42.367  2676  2676 I wpa_supplicant: Heartbeat 335
11-12 17:03:52.380  2676  2676 I wpa_supplicant: Heartbeat 336
11-12 17:04:02.379  2676  2676 I wpa_supplicant: Heartbeat 337
11-12 17:04:12.389  2676  2676 I wpa_supplicant: Heartbeat 338
11-12 17:04:22.399  2676  2676 I wpa_supplicant: Heartbeat 339
11-12 17:04:32.403  2676  2676 I wpa_supplicant: Heartbeat 340
11-12 17:04:42.417  2676  2676 I wpa_supplicant: Heartbeat 341
11-12 17:04:52.418  2676  2676 I wpa_supplicant: Heartbeat 342
11-12 17:05:02.420  2676  2676 I wpa_supplicant: Heartbeat 343
11-12 17:05:12.430  2676  2676 I wpa_supplicant: Heartbeat 344
11-12 17:05:22.437  2676  2676 I wpa_supplicant: Heartbeat 345
11-12 17:05:32.443  2676  2676 I wpa_supplicant: Heartbeat 346
11-12 17:05:42.452  2676  2676 I wpa_supplicant: Heartbeat 347
11-12 17:05:52.462  2676  2676 I wpa_supplicant: Heartbeat 348
11-12 17:06:02.472  2676  2676 I wpa_supplicant: Heartbeat 349
11-12 17:06:12.473  2676  2676 I wpa_supplicant: Heartbeat 350
11-12 17:06:22.477  2676  2676 I wpa_supplicant: Heartbeat 351
11-12 17:06:32.488  2676  2676 I wpa_supplicant: Heartbeat 352
11-12 17:06:42.495  2676  2676 I wpa_supplicant: Heartbeat 353
11-12 17:06:52.501  2676  2676 I wpa_supplicant: Heartbeat 354
11-12 17:07:02.512  2676  2676 I wpa_supplicant: Heartbeat 355
11-12 17:07:12.523  2676  2676 I wpa_supplicant: Heartbeat 356
11-12 17:07:22.534  2676  2676 I wpa_supplicant: Heartbeat 357
11-12 17:07:32.544  2676  2676 I wpa_supplicant: Heartbeat 358
11-12 17:07:42.558  2676  2676 I wpa_supplicant: Heartbeat 359
11-12 17:07:52.557  2676  2676 I wpa_supplicant: Heartbeat 360
11-12 17:08:02.558  2676  2676 I wpa_supplicant: Heartbeat 361
11-12 17:08:12.568  2676  2676 I wpa_supplicant: Heartbeat 362
11-12 17:08:22.575  2676  2676 I wpa_supplicant: Heartbeat 363
11-12 17:08:32.576  2676  2676 I wpa_supplicant: Heartbeat 364
11-12 17:08:42.583  2676  2676 I wpa_supplicant: Heartbeat 365
11-12 17:08:52.588  2676  2676 I wpa_supplicant: Heartbeat 366
11-12 17:09:02.596  2676  2676 I wpa_supplicant: Heartbeat 367
11-12 17:09:12.600  2676  2676 I wpa_supplicant: Heartbeat 368
11-12 17:09:22.608  2676  2676 I wpa_supplicant: Heartbeat 369
11-12 17:09:32.616  2676  2676 I wpa_supplicant: Heartbeat 370
11-12 17:09:42.624  2676  2676 I wpa_supplicant: Heartbeat 371
11-12 17:09:52.626  2676  2676 I wpa_supplicant: Heartbeat 372
11-12 17:10:02.636  2676  2676 I wpa_supplicant: Heartbeat 373
11-12 17:10:12.644  2676  2676 I wpa_supplicant: Heartbeat 374
11-12 17:10:22.652  2676  2676 I wpa_supplicant: Heartbeat 375
11-12 17:10:32.658  2676  2676 I wpa_supplicant: Heartbeat 376
11-12 17:10:42.660  2676  2676 I wpa_supplicant: Heartbeat 377
11-12 17:10:52.668  2676  2676 I wpa_supplicant: Heartbeat 378
11-12 17:11:02.672  2676  2676 I wpa_supplicant: Heartbeat 379
11-12 17:11:12.678  2676  2676 I wpa_supplicant: Heartbeat 380
11-12 17:11:22.688  2676  2676 I wpa_supplicant: Heartbeat 381
11-12 17:11:32.695  2676  2676 I wpa_supplicant: Heartbeat 382
11-12 17:11:42.696  2676  2676 I wpa_supplicant: Heartbeat 383
11-12 17:11:52.700  2676  2676 I wpa_supplicant: Heartbeat 384
11-12 17:12:02.708  2676  2676 I wpa_supplicant: Heartbeat 385
11-12 17:12:12.716  2676  2676 I wpa_supplicant: Heartbeat 386
11-12 17:12:22.720  2676  2676 I wpa_supplicant: Heartbeat 387
11-12 17:12:32.729  2676  2676 I wpa_supplicant: Heartbeat 388
11-12 17:12:42.736  2676  2676 I wpa_supplicant: Heartbeat 389
11-12 17:12:52.745  2676  2676 I wpa_supplicant: Heartbeat 390
11-12 17:13:02.756  2676  2676 I wpa_supplicant: Heartbeat 391
11-12 17:13:12.764  2676  2676 I wpa_supplicant: Heartbeat 392
11-12 17:13:22.767  2676  2676 I wpa_supplicant: Heartbeat 393
11-12 17:13:32.772  2676  2676 I wpa_supplicant: Heartbeat 394
11-12 17:13:42.776  2676  2676 I wpa_supplicant: Heartbeat 395
11-12 17:13:52.787  2676  2676 I wpa_supplicant: Heartbeat 396
11-12 17:14:02.797  2676  2676 I wpa_supplicant: Heartbeat 397
11-12 17:14:12.808  2676  2676 I wpa_supplicant: Heartbeat 398
11-12 17:14:22.811  2676  2676 I wpa_supplicant: Heartbeat 399
11-12 17:14:32.818  2676  2676 I wpa_supplicant: Heartbeat 400
11-12 17:14:42.822  2676  2676 I wpa_supplicant: Heartbeat 401
11-12 17:14:52.833  2676  2676 I wpa_supplicant: Heartbeat 402
11-12 17:15:02.834  2676  2676 I wpa_supplicant: Heartbeat 403
11-12 17:15:12.842  2676  2676 I wpa_supplicant: Heartbeat 404
11-12 17:15:22.850  2676  2676 I wpa_supplicant: Heartbeat 405
11-12 17:15:32.852  2676  2676 I wpa_supplicant: Heartbeat 406
11-12 17:15:42.860  2676  2676 I wpa_supplicant: Heartbeat 407
11-12 17:15:52.866  2676  2676 I wpa_supplicant: Heartbeat 408
11-12 17:16:02.876  2676  2676 I wpa_supplicant: Heartbeat 409
11-12 17:16:12.884  2676  2676 I wpa_supplicant: Heartbeat 410
11-12 17:16:22.895  2676  2676 I wpa_supplicant: Heartbeat 411
11-12 17:16:32.906  2676  2676 I wpa_supplicant: Heartbeat 412
11-12 17:16:42.916  2676  2676 I wpa_supplicant: Heartbeat 413
11-12 17:16:52.920  2676  2676 I wpa_supplicant: Heartbeat 414
11-12 17:17:02.928  2676  2676 I wpa_supplicant: Heartbeat 415
11-12 17:17:12.936  2676  2676 I wpa_supplicant: Heartbeat 416
11-12 17:17:22.941  2676  2676 I wpa_supplicant: Heartbeat 417
11-12 17:17:32.944  2676  2676 I wpa_supplicant: Heartbeat 418
11-12 17:17:42.952  2676  2676 I wpa_supplicant: Heartbeat 419
11-12 17:17:52.957  2676  2676 I wpa_supplicant: Heartbeat 420
11-12 17:18:02.966  2676  2676 I wpa_supplicant: Heartbeat 421
11-12 17:18:12.969  2676  2676 I wpa_supplicant: Heartbeat 422
11-12 17:18:22.979  2676  2676 I wpa_supplicant: Heartbeat 423
11-12 17:18:32.984  2676  2676 I wpa_supplicant: Heartbeat 424
11-12 17:18:42.988  2676  2676 I wpa_supplicant: Heartbeat 425
11-12 17:18:52.998  2676  2676 I wpa_supplicant: Heartbeat 426
11-12 17:19:03.000  2676  2676 I wpa_supplicant: Heartbeat 427
11-12 17:19:13.004  2676  2676 I wpa_supplicant: Heartbeat 428
11-12 17:19:23.012  2676  2676 I wpa_supplicant: Heartbeat 429
11-12 17:19:33.015  2676  2676 I wpa_supplicant: Heartbeat 430
11-12 17:19:43.024  2676  2676 I wpa_supplicant: Heartbeat 431
11-12 17:19:53.026  2676  2676 I wpa_supplicant: Heartbeat 432
11-12 17:20:03.037  2676  2676 I wpa_supplicant: Heartbeat 433
11-12 17:20:13.040  2676  2676 I wpa_supplicant: Heartbeat 434
11-12 17:20:23.041  2676  2676 I wpa_supplicant: Heartbeat 435
11-12 17:20:33.042  2676  2676 I wpa_supplicant: Heartbeat 436
11-12 17:21:10.218  2676  2676 I wpa_supplicant: Heartbeat 437
11-12 17:25:33.707  2676  2676 I wpa_supplicant: Heartbeat 438
11-12 17:28:01.343  2676  2676 I wpa_supplicant: Heartbeat 439
11-12 17:30:35.141  2676  2676 I wpa_supplicant: Heartbeat 440
11-12 17:35:36.572  2676  2676 I wpa_supplicant: Heartbeat 441
11-12 17:40:36.508  2676  2676 I wpa_supplicant: Heartbeat 442
11-12 17:45:37.003  2676  2676 I wpa_supplicant: Heartbeat 443
11-12 17:50:36.557  2676  2676 I wpa_supplicant: Heartbeat 444
11-12 17:55:36.750  2676  2676 I wpa_supplicant: Heartbeat 445
11-12 17:55:46.760  2676  2676 I wpa_supplicant: Heartbeat 446
11-12 17:56:00.872  2676  2676 I wpa_supplicant: Heartbeat 447
11-12 17:56:10.873  2676  2676 I wpa_supplicant: Heartbeat 448
11-12 17:56:25.138  2676  2676 I wpa_supplicant: Heartbeat 449
11-12 17:56:40.072  2676  2676 I wpa_supplicant: Heartbeat 450
11-12 17:56:57.492  2676  2676 I wpa_supplicant: Heartbeat 451
11-12 17:57:08.849  2676  2676 I wpa_supplicant: Heartbeat 452
11-12 17:57:18.851  2676  2676 I wpa_supplicant: Heartbeat 453
11-12 17:57:29.008  2676  2676 I wpa_supplicant: Heartbeat 454
11-12 18:00:33.875  2676  2676 I wpa_supplicant: Heartbeat 455
11-12 18:01:08.594  2676  2676 I wpa_supplicant: Heartbeat 456
11-12 18:03:24.035  2676  2676 I wpa_supplicant: Heartbeat 457
11-12 18:03:34.045  2676  2676 I wpa_supplicant: Heartbeat 458
11-12 18:03:54.676  2676  2676 I wpa_supplicant: Heartbeat 459
11-12 18:05:06.854  2676  2676 I wpa_supplicant: Heartbeat 460
11-12 18:06:08.775  2676  2676 I wpa_supplicant: Heartbeat 461
11-12 18:08:52.768  2676  2676 I wpa_supplicant: Heartbeat 462
11-12 18:11:08.734  2676  2676 I wpa_supplicant: Heartbeat 463
11-12 18:12:44.369  2676  2676 I wpa_supplicant: Heartbeat 464
11-12 18:14:21.550  2676  2676 I wpa_supplicant: Heartbeat 465
11-12 18:14:31.560  2676  2676 I wpa_supplicant: Heartbeat 466
11-12 18:15:59.267  2676  2676 I wpa_supplicant: Heartbeat 467
11-12 18:16:09.263  2676  2676 I wpa_supplicant: Heartbeat 468
11-12 18:21:09.844  2676  2676 I wpa_supplicant: Heartbeat 469
11-12 18:38:16.663  2676  2676 I wpa_supplicant: Heartbeat 470
11-12 18:39:25.826  2676  2676 I wpa_supplicant: Heartbeat 471
11-12 18:39:45.629  2676  2676 I wpa_supplicant: Heartbeat 472
11-12 19:09:29.474  2676  2676 I wpa_supplicant: Heartbeat 473
11-12 19:18:12.519  2676  2676 I wpa_supplicant: Heartbeat 474
11-12 19:18:22.519  2676  2676 I wpa_supplicant: Heartbeat 475
11-12 19:29:35.609  2676  2676 I wpa_supplicant: Heartbeat 476
11-12 19:39:26.156  2676  2676 I wpa_supplicant: Heartbeat 477
11-12 19:39:36.156  2676  2676 I wpa_supplicant: Heartbeat 478
11-12 19:39:46.160  2676  2676 I wpa_supplicant: Heartbeat 479
11-12 19:39:56.169  2676  2676 I wpa_supplicant: Heartbeat 480
11-12 20:28:27.377  2676  2676 I wpa_supplicant: Heartbeat 481
11-12 21:40:01.995  2676  2676 I wpa_supplicant: Heartbeat 482
11-12 21:40:12.002  2676  2676 I wpa_supplicant: Heartbeat 483
11-12 21:40:22.012  2676  2676 I wpa_supplicant: Heartbeat 484
11-12 21:50:15.129  2676  2676 I wpa_supplicant: Heartbeat 485
11-12 23:09:14.738  2676  2676 I wpa_supplicant: Heartbeat 486
11-12 23:56:05.462  2676  2676 I wpa_supplicant: Heartbeat 487
11-12 23:56:15.464  2676  2676 I wpa_supplicant: Heartbeat 488
11-12 23:56:46.439  2676  2676 I wpa_supplicant: Heartbeat 489
11-13 00:00:00.442  2676  2676 I wpa_supplicant: Heartbeat 490
11-13 00:20:26.839  2676  2676 I wpa_supplicant: Heartbeat 491
11-13 00:49:18.015  2676  2676 I wpa_supplicant: Heartbeat 492
11-13 01:09:05.273  2676  2676 I wpa_supplicant: Heartbeat 493
11-13 01:18:10.476  2676  2676 I wpa_supplicant: Heartbeat 494
11-13 01:40:30.290  2676  2676 I wpa_supplicant: Heartbeat 495
11-13 01:40:40.294  2676  2676 I wpa_supplicant: Heartbeat 496
11-13 01:40:50.304  2676  2676 I wpa_supplicant: Heartbeat 497
11-13 01:41:00.305  2676  2676 I wpa_supplicant: Heartbeat 498
11-13 01:43:38.512  2676  2676 I wpa_supplicant: Heartbeat 499
11-13 01:43:48.512  2676  2676 I wpa_supplicant: Heartbeat 500
11-13 01:44:37.170  2676  2676 I wpa_supplicant: Heartbeat 501
11-13 01:44:54.108  2676  2676 I wpa_supplicant: Heartbeat 502
11-13 01:45:05.146  2676  2676 I wpa_supplicant: Heartbeat 503
11-13 01:45:33.436  2676  2676 I wpa_supplicant: Heartbeat 504
11-13 01:50:48.763  2676  2676 I wpa_supplicant: Heartbeat 505
11-13 02:09:02.034  2676  2676 I wpa_supplicant: Heartbeat 506
11-13 03:13:11.361  2676  2676 I wpa_supplicant: Heartbeat 507
11-13 04:08:40.669  2676  2676 I wpa_supplicant: Heartbeat 508
11-13 04:08:50.672  2676  2676 I wpa_supplicant: Heartbeat 509
11-13 04:09:31.449  2676  2676 I wpa_supplicant: Heartbeat 510
11-13 04:33:41.601  2676  2676 I wpa_supplicant: Heartbeat 511
11-13 04:38:52.147  2676  2676 I wpa_supplicant: Heartbeat 512
11-13 05:02:34.644  2676  2676 I wpa_supplicant: Heartbeat 513
11-13 05:02:45.461  2676  2676 I wpa_supplicant: Heartbeat 514
11-13 05:08:50.080  2676  2676 I wpa_supplicant: Heartbeat 515
11-13 05:31:25.012  2676  2676 I wpa_supplicant: Heartbeat 516
11-13 05:31:26.359  2676  2676 I wpa_supplicant: Heartbeat 517
11-13 05:35:19.981  2676  2676 I wpa_supplicant: Heartbeat 518
11-13 05:55:57.168  2676  2676 I wpa_supplicant: Heartbeat 519
11-13 06:38:37.637  2676  2676 I wpa_supplicant: Heartbeat 520
11-13 07:38:32.173  2676  2676 I wpa_supplicant: Heartbeat 521
11-13 07:40:52.496  2676  2676 I wpa_supplicant: Heartbeat 522
11-13 07:41:02.498  2676  2676 I wpa_supplicant: Heartbeat 523
11-13 07:41:12.501  2676  2676 I wpa_supplicant: Heartbeat 524
11-13 07:41:22.509  2676  2676 I wpa_supplicant: Heartbeat 525
11-13 07:44:55.286  2676  2676 I wpa_supplicant: Heartbeat 526
11-13 08:08:13.922  2676  2676 I wpa_supplicant: Heartbeat 527
11-13 08:08:23.924  2676  2676 I wpa_supplicant: Heartbeat 528
11-13 08:09:49.808  2676  2676 I wpa_supplicant: Heartbeat 529
11-13 08:10:00.319  2676  2676 I wpa_supplicant: Heartbeat 530
11-13 08:13:54.166  2676  2676 I wpa_supplicant: Heartbeat 531
11-13 08:38:28.465  2676  2676 I wpa_supplicant: Heartbeat 532
11-13 09:07:32.973  2676  2676 I wpa_supplicant: Heartbeat 533
11-13 09:08:27.274  2676  2676 I wpa_supplicant: Heartbeat 534
11-13 09:16:29.747  2676  2676 I wpa_supplicant: Heartbeat 535
11-13 09:27:10.634  2676  2676 I wpa_supplicant: Heartbeat 536
11-13 09:38:23.685  2676  2676 I wpa_supplicant: Heartbeat 537
11-13 09:38:33.687  2676  2676 I wpa_supplicant: Heartbeat 538
11-13 10:05:16.433  2676  2676 I wpa_supplicant: Heartbeat 539
11-13 10:08:30.320  2676  2676 I wpa_supplicant: Heartbeat 540
11-13 10:34:06.873  2676  2676 I wpa_supplicant: Heartbeat 541
11-13 10:34:18.587  2676  2676 I wpa_supplicant: Heartbeat 542
11-13 10:38:21.186  2676  2676 I wpa_supplicant: Heartbeat 543
11-13 11:03:00.522  2676  2676 I wpa_supplicant: Heartbeat 544
11-13 11:08:27.400  2676  2676 I wpa_supplicant: Heartbeat 545
11-13 11:55:57.253  2676  2676 I wpa_supplicant: Heartbeat 546
11-13 13:38:10.249  2676  2676 I wpa_supplicant: Heartbeat 547
11-13 13:41:23.136  2676  2676 I wpa_supplicant: Heartbeat 548
11-13 13:41:33.139  2676  2676 I wpa_supplicant: Heartbeat 549
11-13 13:41:43.149  2676  2676 I wpa_supplicant: Heartbeat 550
11-13 13:41:53.158  2676  2676 I wpa_supplicant: Heartbeat 551
11-13 13:48:14.642  2676  2676 I wpa_supplicant: Heartbeat 552
11-13 15:08:02.377  2676  2676 I wpa_supplicant: Heartbeat 553
11-13 16:32:07.095  2676  2676 I wpa_supplicant: Heartbeat 554
11-13 16:34:31.041  2676  2676 I wpa_supplicant: Heartbeat 555
11-13 16:41:11.571  2676  2676 I wpa_supplicant: Heartbeat 556
--------- beginning of main
11-13 16:41:11.572  2676  2676 I wpa_supplicant: nl80211: Drv Event 77 (NL80211_CMD_SCHED_SCAN_RESULTS) received for wlan0
11-13 16:41:11.572  2676  2676 I wpa_supplicant: wlan0: nl80211: New sched scan results available
11-13 16:41:11.573  1451  4326 D WifiNative: Pno scan result event
11-13 16:41:11.573  2676  2676 I wpa_supplicant: 1: FC.5C.45.**.**.F0 freq=5785 level=-59 snr=33 cu=45% est_throughput=171001 est_throughput_cu=138938
11-13 16:41:11.574  2676  2676 I wpa_supplicant:    selected current  FC.5C.45.**.**.F0 ssid='InteliRobo' all_bssids_have_cu=1, preferred_6g_bssids_exist=0, all_preferred_6g_bssids_have_cu=1
11-13 16:42:09.111  2676  2676 I wpa_supplicant: Heartbeat 557
11-13 16:42:09.111  2676  2676 I wpa_supplicant: nl80211: Drv Event 78 (NL80211_CMD_SCHED_SCAN_STOPPED) received for wlan0
11-13 16:42:09.111  2676  2676 I wpa_supplicant: wlan0: nl80211: Sched scan stopped
11-13 16:42:09.145  2676  2676 I wpa_supplicant: nl80211: Drv Event 75 (NL80211_CMD_START_SCHED_SCAN) received for wlan0
11-13 16:42:09.145  2676  2676 I wpa_supplicant: wlan0: nl80211: Sched scan started
11-13 16:42:10.473  2676  2676 I wpa_supplicant: nl80211: Drv Event 77 (NL80211_CMD_SCHED_SCAN_RESULTS) received for wlan0
11-13 16:42:10.473  2676  2676 I wpa_supplicant: wlan0: nl80211: New sched scan results available
11-13 16:42:10.473  1451  4326 D WifiNative: Pno scan result event
11-13 16:42:10.475  2676  2676 I wpa_supplicant: 1: FC.5C.45.**.**.F0 freq=5785 level=-59 snr=33 cu=45% est_throughput=171001 est_throughput_cu=138938
11-13 16:42:10.476  2676  2676 I wpa_supplicant:    selected current  FC.5C.45.**.**.F0 ssid='InteliRobo' all_bssids_have_cu=1, preferred_6g_bssids_exist=0, all_preferred_6g_bssids_have_cu=1
11-13 16:45:12.812  2676  2676 I wpa_supplicant: Heartbeat 558
11-13 16:46:30.232  2676  2676 I wpa_supplicant: Heartbeat 559
11-13 16:47:10.750  2676  2676 I wpa_supplicant: Heartbeat 560
11-13 16:47:10.750  2676  2676 I wpa_supplicant: nl80211: Drv Event 77 (NL80211_CMD_SCHED_SCAN_RESULTS) received for wlan0
11-13 16:47:10.750  2676  2676 I wpa_supplicant: wlan0: nl80211: New sched scan results available
11-13 16:47:10.753  2676  2676 I wpa_supplicant: 0: FC.5C.45.**.**.F0 freq=5785 level=-59 snr=33 cu=45% est_throughput=171001 est_throughput_cu=138938
11-13 16:47:10.753  1451  4326 D WifiNative: Pno scan result event
11-13 16:47:10.754  2676  2676 I wpa_supplicant:    selected current  FC.5C.45.**.**.F0 ssid='InteliRobo' all_bssids_have_cu=1, preferred_6g_bssids_exist=0, all_preferred_6g_bssids_have_cu=1
11-13 16:48:32.044  2676  2676 I wpa_supplicant: Heartbeat 561
11-13 16:50:24.561  2676  2676 I wpa_supplicant: Heartbeat 562
11-13 16:52:10.763  2676  2676 I wpa_supplicant: Heartbeat 563
11-13 16:52:10.763  2676  2676 I wpa_supplicant: nl80211: Drv Event 77 (NL80211_CMD_SCHED_SCAN_RESULTS) received for wlan0
11-13 16:52:10.763  2676  2676 I wpa_supplicant: wlan0: nl80211: New sched scan results available
11-13 16:52:10.763  1451  3848 D WifiNative: Pno scan result event
11-13 16:52:10.765  2676  2676 I wpa_supplicant: 0: FC.5C.45.**.**.F0 freq=5785 level=-59 snr=33 cu=45% est_throughput=171001 est_throughput_cu=138938
11-13 16:52:10.765  2676  2676 I wpa_supplicant:    selected current  FC.5C.45.**.**.F0 ssid='InteliRobo' all_bssids_have_cu=1, preferred_6g_bssids_exist=0, all_preferred_6g_bssids_have_cu=1
11-13 16:56:24.596  2676  2676 I wpa_supplicant: Heartbeat 564
11-13 16:57:10.796  2676  2676 I wpa_supplicant: Heartbeat 565
11-13 16:57:10.796  2676  2676 I wpa_supplicant: nl80211: Drv Event 77 (NL80211_CMD_SCHED_SCAN_RESULTS) received for wlan0
11-13 16:57:10.796  2676  2676 I wpa_supplicant: wlan0: nl80211: New sched scan results available
11-13 16:57:10.797  1451  3848 D WifiNative: Pno scan result event
11-13 16:57:10.798  2676  2676 I wpa_supplicant: 0: FC.5C.45.**.**.F0 freq=5785 level=-59 snr=33 cu=45% est_throughput=171001 est_throughput_cu=138938
11-13 16:57:10.798  2676  2676 I wpa_supplicant:    selected current  FC.5C.45.**.**.F0 ssid='InteliRobo' all_bssids_have_cu=1, preferred_6g_bssids_exist=0, all_preferred_6g_bssids_have_cu=1
11-13 17:02:10.858  2676  2676 I wpa_supplicant: Heartbeat 566
11-13 17:02:10.858  2676  2676 I wpa_supplicant: nl80211: Drv Event 77 (NL80211_CMD_SCHED_SCAN_RESULTS) received for wlan0
11-13 17:02:10.858  2676  2676 I wpa_supplicant: wlan0: nl80211: New sched scan results available
11-13 17:02:10.859  1451  4326 D WifiNative: Pno scan result event
11-13 17:02:10.860  2676  2676 I wpa_supplicant: 0: FC.5C.45.**.**.F0 freq=5785 level=-59 snr=33 cu=45% est_throughput=171001 est_throughput_cu=138938
11-13 17:02:10.860  2676  2676 I wpa_supplicant:    selected current  FC.5C.45.**.**.F0 ssid='InteliRobo' all_bssids_have_cu=1, preferred_6g_bssids_exist=0, all_preferred_6g_bssids_have_cu=1
11-13 17:07:10.918  1451  2714 D WifiNative: Pno scan result event
11-13 17:07:10.919  2676  2676 I wpa_supplicant: Heartbeat 567
11-13 17:07:10.919  2676  2676 I wpa_supplicant: nl80211: Drv Event 77 (NL80211_CMD_SCHED_SCAN_RESULTS) received for wlan0
11-13 17:07:10.919  2676  2676 I wpa_supplicant: wlan0: nl80211: New sched scan results available
11-13 17:07:10.920  2676  2676 I wpa_supplicant: 0: FC.5C.45.**.**.F0 freq=5785 level=-59 snr=33 cu=45% est_throughput=171001 est_throughput_cu=138938
11-13 17:07:10.921  2676  2676 I wpa_supplicant:    selected current  FC.5C.45.**.**.F0 ssid='InteliRobo' all_bssids_have_cu=1, preferred_6g_bssids_exist=0, all_preferred_6g_bssids_have_cu=1
11-13 17:12:10.782  2676  2676 I wpa_supplicant: Heartbeat 568
11-13 17:12:10.782  2676  2676 I wpa_supplicant: nl80211: Drv Event 77 (NL80211_CMD_SCHED_SCAN_RESULTS) received for wlan0
11-13 17:12:10.782  2676  2676 I wpa_supplicant: wlan0: nl80211: New sched scan results available
11-13 17:12:10.783  1451  2714 D WifiNative: Pno scan result event
11-13 17:12:10.784  2676  2676 I wpa_supplicant: 0: FC.5C.45.**.**.F0 freq=5785 level=-59 snr=33 cu=45% est_throughput=171001 est_throughput_cu=138938
11-13 17:12:10.784  2676  2676 I wpa_supplicant:    selected current  FC.5C.45.**.**.F0 ssid='InteliRobo' all_bssids_have_cu=1, preferred_6g_bssids_exist=0, all_preferred_6g_bssids_have_cu=1
11-13 17:17:10.870  2676  2676 I wpa_supplicant: Heartbeat 569
11-13 17:17:10.871  2676  2676 I wpa_supplicant: nl80211: Drv Event 77 (NL80211_CMD_SCHED_SCAN_RESULTS) received for wlan0
11-13 17:17:10.871  2676  2676 I wpa_supplicant: wlan0: nl80211: New sched scan results available
11-13 17:17:10.871  1451  2714 D WifiNative: Pno scan result event
11-13 17:17:10.872  2676  2676 I wpa_supplicant: 1: FC.5C.45.**.**.F0 freq=5785 level=-59 snr=33 cu=45% est_throughput=171001 est_throughput_cu=138938
11-13 17:17:10.872  2676  2676 I wpa_supplicant:    selected current  FC.5C.45.**.**.F0 ssid='InteliRobo' all_bssids_have_cu=1, preferred_6g_bssids_exist=0, all_preferred_6g_bssids_have_cu=1
11-13 17:22:10.981  2676  2676 I wpa_supplicant: Heartbeat 570
11-13 17:22:10.981  2676  2676 I wpa_supplicant: nl80211: Drv Event 77 (NL80211_CMD_SCHED_SCAN_RESULTS) received for wlan0
11-13 17:22:10.982  2676  2676 I wpa_supplicant: wlan0: nl80211: New sched scan results available
11-13 17:22:10.982  1451  2714 D WifiNative: Pno scan result event
11-13 17:22:10.983  2676  2676 I wpa_supplicant: 0: FC.5C.45.**.**.F0 freq=5785 level=-59 snr=33 cu=45% est_throughput=171001 est_throughput_cu=138938
11-13 17:22:10.983  2676  2676 I wpa_supplicant:    selected current  FC.5C.45.**.**.F0 ssid='InteliRobo' all_bssids_have_cu=1, preferred_6g_bssids_exist=0, all_preferred_6g_bssids_have_cu=1
11-13 17:27:11.154  2676  2676 I wpa_supplicant: Heartbeat 571
11-13 17:27:11.154  2676  2676 I wpa_supplicant: nl80211: Drv Event 77 (NL80211_CMD_SCHED_SCAN_RESULTS) received for wlan0
11-13 17:27:11.154  2676  2676 I wpa_supplicant: wlan0: nl80211: New sched scan results available
11-13 17:27:11.155  1451  2714 D WifiNative: Pno scan result event
11-13 17:27:11.156  2676  2676 I wpa_supplicant: 0: FC.5C.45.**.**.F0 freq=5785 level=-59 snr=33 cu=45% est_throughput=171001 est_throughput_cu=138938
11-13 17:27:11.156  2676  2676 I wpa_supplicant:    selected current  FC.5C.45.**.**.F0 ssid='InteliRobo' all_bssids_have_cu=1, preferred_6g_bssids_exist=0, all_preferred_6g_bssids_have_cu=1
11-13 17:32:11.030  2676  2676 I wpa_supplicant: Heartbeat 572
11-13 17:32:11.030  2676  2676 I wpa_supplicant: nl80211: Drv Event 77 (NL80211_CMD_SCHED_SCAN_RESULTS) received for wlan0
11-13 17:32:11.030  2676  2676 I wpa_supplicant: wlan0: nl80211: New sched scan results available
11-13 17:32:11.031  1451  4326 D WifiNative: Pno scan result event
11-13 17:32:11.031  2676  2676 I wpa_supplicant: 1: FC.5C.45.**.**.F0 freq=5785 level=-59 snr=33 cu=45% est_throughput=171001 est_throughput_cu=138938
11-13 17:32:11.032  2676  2676 I wpa_supplicant:    selected current  FC.5C.45.**.**.F0 ssid='InteliRobo' all_bssids_have_cu=1, preferred_6g_bssids_exist=0, all_preferred_6g_bssids_have_cu=1
11-13 17:34:11.819  2676  2676 I wpa_supplicant: Heartbeat 573
11-13 17:34:11.819  2676  2676 I wpa_supplicant: nl80211: Drv Event 103 (NL80211_CMD_VENDOR) received for wlan0
11-13 17:34:11.819  2676  2676 I wpa_supplicant: nl80211: Vendor event: wiphy=0 vendor_id=0xf0 subcmd=32
11-13 17:34:13.237  2676  2676 I wpa_supplicant: nl80211: Drv Event 103 (NL80211_CMD_VENDOR) received for wlan0
11-13 17:34:13.237  2676  2676 I wpa_supplicant: nl80211: Vendor event: wiphy=0 vendor_id=0xf0 subcmd=32
11-13 17:34:13.238  2676  2676 I wpa_supplicant: nl80211: Drv Event 103 (NL80211_CMD_VENDOR) received for wlan0
11-13 17:34:13.238  2676  2676 I wpa_supplicant: nl80211: Vendor event: wiphy=0 vendor_id=0xf0 subcmd=32
11-13 17:34:13.239  2676  2676 I wpa_supplicant: nl80211: Drv Event 103 (NL80211_CMD_VENDOR) received for wlan0
11-13 17:34:13.239  2676  2676 I wpa_supplicant: nl80211: Vendor event: wiphy=0 vendor_id=0xf0 subcmd=32
11-13 17:34:13.239  2676  2676 I wpa_supplicant: nl80211: Drv Event 103 (NL80211_CMD_VENDOR) received for wlan0
11-13 17:34:13.239  2676  2676 I wpa_supplicant: nl80211: Vendor event: wiphy=0 vendor_id=0xf0 subcmd=32
11-13 17:34:13.239  2676  2676 I wpa_supplicant: nl80211: Drv Event 103 (NL80211_CMD_VENDOR) received for wlan0
11-13 17:34:13.239  2676  2676 I wpa_supplicant: nl80211: Vendor event: wiphy=0 vendor_id=0xf0 subcmd=32
11-13 17:34:13.240  2676  2676 I wpa_supplicant: nl80211: Drv Event 103 (NL80211_CMD_VENDOR) received for wlan0
11-13 17:34:13.240  2676  2676 I wpa_supplicant: nl80211: Vendor event: wiphy=0 vendor_id=0xf0 subcmd=6
11-13 17:34:13.244  2676  2676 I wpa_supplicant: Associated with FC.5C.45.**.**.F0
11-13 17:34:13.244  2676  2676 I wpa_supplicant: WPA: RX message 1 of 4-Way Handshake from FC.5C.45.**.**.F0 (ver=2)
11-13 17:34:13.245  2676  2676 I wpa_supplicant: wlan0: WPA: Sending EAPOL-Key 2/4
11-13 17:34:13.245  2676  2676 I wpa_supplicant: wlan0: CTRL-EVENT-SUBNET-STATUS-UPDATE status=0
11-13 17:34:13.245  2676  2676 I wpa_supplicant: nl80211: Drv Event 47 (NL80211_CMD_ROAM) received for wlan0
11-13 17:34:13.245  2676  2676 I wpa_supplicant: nl80211: Drv Event 103 (NL80211_CMD_VENDOR) received for wlan0
11-13 17:34:13.245  2676  2676 I wpa_supplicant: nl80211: Vendor event: wiphy=0 vendor_id=0xf0 subcmd=32
11-13 17:34:13.272  2676  2676 I wpa_supplicant: nl80211: Drv Event 103 (NL80211_CMD_VENDOR) received for wlan0
11-13 17:34:13.272  2676  2676 I wpa_supplicant: nl80211: Vendor event: wiphy=0 vendor_id=0xf0 subcmd=32
11-13 17:34:13.286  2676  2676 I wpa_supplicant: nl80211: Drv Event 103 (NL80211_CMD_VENDOR) received for wlan0
11-13 17:34:13.286  2676  2676 I wpa_supplicant: nl80211: Vendor event: wiphy=0 vendor_id=0xf0 subcmd=32
11-13 17:34:13.287  2676  2676 I wpa_supplicant: WPA: RX message 3 of 4-Way Handshake from FC.5C.45.**.**.F0 (ver=2)
11-13 17:34:13.287  2676  2676 I wpa_supplicant: wlan0: WPA: Sending EAPOL-Key 4/4
11-13 17:34:13.292  2676  2676 I wpa_supplicant: WPA: Key negotiation completed with FC.5C.45.**.**.F0 [PTK=CCMP GTK=CCMP]
11-13 17:34:13.292  2676  2676 I wpa_supplicant: CTRL-EVENT-CONNECTED - Connection to FC.5C.45.**.**.F0 completed [id=0 id_str=%7B%22configKey%22%3A%22%5C%22InteliRobo%5C%22WPA_PSK%22%2C%22creatorUid%22%3A%221000%22%7D]
11-13 17:34:13.296  2676  2676 I wpa_supplicant: nl80211: Drv Event 103 (NL80211_CMD_VENDOR) received for wlan0
11-13 17:34:13.296  2676  2676 I wpa_supplicant: nl80211: Vendor event: wiphy=0 vendor_id=0xf0 subcmd=32
11-13 17:34:13.348  1027  1027 D WifiHAL : wifi_get_usable_channels: band 1 iface 8 filter 3 max_num 256
11-13 17:34:16.346  2676  2676 E wpa_supplicant: Failed to handle GET_STA_DUMP command
11-13 17:34:17.393  2676  2676 E wpa_supplicant: Failed to handle BEACON_RECV start command
11-13 17:34:18.607  2676  2676 E wpa_supplicant: Failed to handle BEACON_RECV start command
11-13 17:34:20.188  2676  2676 E wpa_supplicant: Failed to handle BEACON_RECV start command
11-13 17:34:21.821  2676  2676 I wpa_supplicant: Heartbeat 574
11-13 17:34:22.235  2676  2676 E wpa_supplicant: Failed to handle BEACON_RECV start command
11-13 17:37:10.921  2676  2676 I wpa_supplicant: Heartbeat 575
11-13 17:37:10.924  2676  2676 E wpa_supplicant: Failed to handle BEACON_RECV start command
11-13 17:37:11.259  2676  2676 I wpa_supplicant: nl80211: Drv Event 77 (NL80211_CMD_SCHED_SCAN_RESULTS) received for wlan0
11-13 17:37:11.259  2676  2676 I wpa_supplicant: wlan0: nl80211: New sched scan results available
11-13 17:37:11.261  2676  2676 I wpa_supplicant: 0: FC.5C.45.**.**.F0 freq=2462 level=-51 snr=38 cu=45% est_throughput=65000 est_throughput_cu=52812
11-13 17:37:11.262  2676  2676 I wpa_supplicant:    selected current  FC.5C.45.**.**.F0 ssid='InteliRobo' all_bssids_have_cu=1, preferred_6g_bssids_exist=0, all_preferred_6g_bssids_have_cu=1
11-13 17:37:11.262  1451  1468 D WifiNative: Pno scan result event
11-13 17:37:55.352  2676  2676 I wpa_supplicant: Heartbeat 576
11-13 17:37:55.359  2676  2676 E wpa_supplicant: Failed to handle BEACON_RECV start command
11-13 17:42:11.161  2676  2676 I wpa_supplicant: Heartbeat 577
11-13 17:42:11.161  2676  2676 I wpa_supplicant: nl80211: Drv Event 77 (NL80211_CMD_SCHED_SCAN_RESULTS) received for wlan0
11-13 17:42:11.161  2676  2676 I wpa_supplicant: wlan0: nl80211: New sched scan results available
11-13 17:42:11.161  1451  1468 D WifiNative: Pno scan result event
11-13 17:42:11.162  2676  2676 I wpa_supplicant: 0: FC.5C.45.**.**.F0 freq=2462 level=-51 snr=38 cu=45% est_throughput=65000 est_throughput_cu=52812
11-13 17:42:11.162  2676  2676 I wpa_supplicant:    selected current  FC.5C.45.**.**.F0 ssid='InteliRobo' all_bssids_have_cu=1, preferred_6g_bssids_exist=0, all_preferred_6g_bssids_have_cu=1
11-13 17:42:11.801  2676  2676 E wpa_supplicant: Failed to handle BEACON_RECV start command
11-13 17:47:05.714  2676  2676 I wpa_supplicant: Heartbeat 578
11-13 17:47:05.715  2676  2676 E wpa_supplicant: Failed to handle BEACON_RECV start command
11-13 17:47:11.018  2676  2676 E wpa_supplicant: Failed to handle BEACON_RECV start command
11-13 17:47:11.360  1451  4326 D WifiNative: Pno scan result event
11-13 17:47:11.361  2676  2676 I wpa_supplicant: nl80211: Drv Event 77 (NL80211_CMD_SCHED_SCAN_RESULTS) received for wlan0
11-13 17:47:11.361  2676  2676 I wpa_supplicant: wlan0: nl80211: New sched scan results available
11-13 17:47:11.362  2676  2676 I wpa_supplicant: 0: FC.5C.45.**.**.F0 freq=2462 level=-51 snr=38 cu=45% est_throughput=65000 est_throughput_cu=52812
11-13 17:47:11.363  2676  2676 I wpa_supplicant:    selected current  FC.5C.45.**.**.F0 ssid='InteliRobo' all_bssids_have_cu=1, preferred_6g_bssids_exist=0, all_preferred_6g_bssids_have_cu=1
11-13 17:47:14.236  2676  2676 E wpa_supplicant: Failed to handle BEACON_RECV start command
11-13 17:47:19.890  2676  2676 I wpa_supplicant: Heartbeat 579
11-13 17:47:19.898  2676  2676 E wpa_supplicant: Failed to handle BEACON_RECV start command
11-13 17:48:25.934  2676  2676 I wpa_supplicant: Heartbeat 580
11-13 17:48:25.942  2676  2676 E wpa_supplicant: Failed to handle BEACON_RECV start command
11-13 17:49:44.713  2676  2676 I wpa_supplicant: Heartbeat 581
11-13 17:49:44.717  2676  2676 E wpa_supplicant: Failed to handle BEACON_RECV start command
11-13 17:49:53.328  2676  2676 E wpa_supplicant: Failed to handle BEACON_RECV start command
11-13 17:49:55.034  2676  2676 I wpa_supplicant: Heartbeat 582
11-13 17:52:11.172  2676  2676 I wpa_supplicant: Heartbeat 583
11-13 17:52:11.172  2676  2676 I wpa_supplicant: nl80211: Drv Event 77 (NL80211_CMD_SCHED_SCAN_RESULTS) received for wlan0
11-13 17:52:11.172  2676  2676 I wpa_supplicant: wlan0: nl80211: New sched scan results available
11-13 17:52:11.172  1451  5569 D WifiNative: Pno scan result event
11-13 17:52:11.173  2676  2676 I wpa_supplicant: 0: FC.5C.45.**.**.F0 freq=2462 level=-51 snr=38 cu=45% est_throughput=65000 est_throughput_cu=52812
11-13 17:52:11.173  2676  2676 I wpa_supplicant:    selected current  FC.5C.45.**.**.F0 ssid='InteliRobo' all_bssids_have_cu=1, preferred_6g_bssids_exist=0, all_preferred_6g_bssids_have_cu=1
11-13 17:55:57.826  2676  2676 I wpa_supplicant: Heartbeat 584
11-13 17:55:57.852  2676  2676 I wpa_supplicant: nl80211: Drv Event 103 (NL80211_CMD_VENDOR) received for wlan0
11-13 17:55:57.852  2676  2676 I wpa_supplicant: nl80211: Vendor event: wiphy=0 vendor_id=0xf0 subcmd=32
11-13 17:55:57.860  2676  2676 I wpa_supplicant: nl80211: Drv Event 103 (NL80211_CMD_VENDOR) received for wlan0
11-13 17:55:57.860  2676  2676 I wpa_supplicant: nl80211: Vendor event: wiphy=0 vendor_id=0xf0 subcmd=32
11-13 17:57:10.855  2676  2676 I wpa_supplicant: Heartbeat 585
11-13 17:57:10.855  2676  2676 I wpa_supplicant: nl80211: Drv Event 103 (NL80211_CMD_VENDOR) received for wlan0
11-13 17:57:10.855  2676  2676 I wpa_supplicant: nl80211: Vendor event: wiphy=0 vendor_id=0xf0 subcmd=32
11-13 17:57:10.856  2676  2676 I wpa_supplicant: nl80211: Drv Event 103 (NL80211_CMD_VENDOR) received for wlan0
11-13 17:57:10.856  2676  2676 I wpa_supplicant: nl80211: Vendor event: wiphy=0 vendor_id=0xf0 subcmd=32
11-13 17:57:11.210  2676  2676 I wpa_supplicant: nl80211: Drv Event 77 (NL80211_CMD_SCHED_SCAN_RESULTS) received for wlan0
11-13 17:57:11.210  2676  2676 I wpa_supplicant: wlan0: nl80211: New sched scan results available
11-13 17:57:11.211  1451  1602 D WifiNative: Pno scan result event
11-13 17:57:11.211  2676  2676 I wpa_supplicant: 0: FC.5C.45.**.**.F0 freq=2462 level=-51 snr=38 cu=45% est_throughput=65000 est_throughput_cu=52812
11-13 17:57:11.212  2676  2676 I wpa_supplicant:    selected current  FC.5C.45.**.**.F0 ssid='InteliRobo' all_bssids_have_cu=1, preferred_6g_bssids_exist=0, all_preferred_6g_bssids_have_cu=1
11-13 18:02:11.394  2676  2676 I wpa_supplicant: Heartbeat 586
11-13 18:02:11.394  2676  2676 I wpa_supplicant: nl80211: Drv Event 77 (NL80211_CMD_SCHED_SCAN_RESULTS) received for wlan0
11-13 18:02:11.394  2676  2676 I wpa_supplicant: wlan0: nl80211: New sched scan results available
11-13 18:02:11.397  1451  4376 D WifiNative: Pno scan result event
11-13 18:02:11.398  2676  2676 I wpa_supplicant: 0: FC.5C.45.**.**.F0 freq=2462 level=-51 snr=38 cu=45% est_throughput=65000 est_throughput_cu=52812
11-13 18:02:11.398  2676  2676 I wpa_supplicant:    selected current  FC.5C.45.**.**.F0 ssid='InteliRobo' all_bssids_have_cu=1, preferred_6g_bssids_exist=0, all_preferred_6g_bssids_have_cu=1
11-13 18:07:11.365  2676  2676 I wpa_supplicant: Heartbeat 587
11-13 18:07:11.365  2676  2676 I wpa_supplicant: nl80211: Drv Event 77 (NL80211_CMD_SCHED_SCAN_RESULTS) received for wlan0
11-13 18:07:11.365  2676  2676 I wpa_supplicant: wlan0: nl80211: New sched scan results available
11-13 18:07:11.366  1451  1602 D WifiNative: Pno scan result event
11-13 18:07:11.366  2676  2676 I wpa_supplicant: 0: FC.5C.45.**.**.F0 freq=2462 level=-51 snr=38 cu=45% est_throughput=65000 est_throughput_cu=52812
11-13 18:07:11.367  2676  2676 I wpa_supplicant:    selected current  FC.5C.45.**.**.F0 ssid='InteliRobo' all_bssids_have_cu=1, preferred_6g_bssids_exist=0, all_preferred_6g_bssids_have_cu=1
11-13 18:12:11.299  2676  2676 I wpa_supplicant: Heartbeat 588
11-13 18:12:11.299  2676  2676 I wpa_supplicant: nl80211: Drv Event 77 (NL80211_CMD_SCHED_SCAN_RESULTS) received for wlan0
11-13 18:12:11.299  2676  2676 I wpa_supplicant: wlan0: nl80211: New sched scan results available
11-13 18:12:11.300  1451  1602 D WifiNative: Pno scan result event
11-13 18:12:11.301  2676  2676 I wpa_supplicant: 0: FC.5C.45.**.**.F0 freq=2462 level=-51 snr=38 cu=45% est_throughput=65000 est_throughput_cu=52812
11-13 18:12:11.301  2676  2676 I wpa_supplicant:    selected current  FC.5C.45.**.**.F0 ssid='InteliRobo' all_bssids_have_cu=1, preferred_6g_bssids_exist=0, all_preferred_6g_bssids_have_cu=1
11-13 18:17:11.357  2676  2676 I wpa_supplicant: Heartbeat 589
11-13 18:17:11.358  2676  2676 I wpa_supplicant: nl80211: Drv Event 77 (NL80211_CMD_SCHED_SCAN_RESULTS) received for wlan0
11-13 18:17:11.358  2676  2676 I wpa_supplicant: wlan0: nl80211: New sched scan results available
11-13 18:17:11.359  2676  2676 I wpa_supplicant: 0: FC.5C.45.**.**.F0 freq=2462 level=-51 snr=38 cu=45% est_throughput=65000 est_throughput_cu=52812
11-13 18:17:11.359  1451  1602 D WifiNative: Pno scan result event
11-13 18:17:11.360  2676  2676 I wpa_supplicant:    selected current  FC.5C.45.**.**.F0 ssid='InteliRobo' all_bssids_have_cu=1, preferred_6g_bssids_exist=0, all_preferred_6g_bssids_have_cu=1
11-13 18:22:11.659  2676  2676 I wpa_supplicant: Heartbeat 590
11-13 18:22:11.659  2676  2676 I wpa_supplicant: nl80211: Drv Event 77 (NL80211_CMD_SCHED_SCAN_RESULTS) received for wlan0
11-13 18:22:11.659  2676  2676 I wpa_supplicant: wlan0: nl80211: New sched scan results available
11-13 18:22:11.660  1451  1602 D WifiNative: Pno scan result event
11-13 18:22:11.660  2676  2676 I wpa_supplicant: 0: FC.5C.45.**.**.F0 freq=2462 level=-51 snr=38 cu=45% est_throughput=65000 est_throughput_cu=52812
11-13 18:22:11.660  2676  2676 I wpa_supplicant:    selected current  FC.5C.45.**.**.F0 ssid='InteliRobo' all_bssids_have_cu=1, preferred_6g_bssids_exist=0, all_preferred_6g_bssids_have_cu=1
11-13 18:27:11.422  2676  2676 I wpa_supplicant: Heartbeat 591
11-13 18:27:11.422  2676  2676 I wpa_supplicant: nl80211: Drv Event 77 (NL80211_CMD_SCHED_SCAN_RESULTS) received for wlan0
11-13 18:27:11.422  2676  2676 I wpa_supplicant: wlan0: nl80211: New sched scan results available
11-13 18:27:11.423  2676  2676 I wpa_supplicant: 0: FC.5C.45.**.**.F0 freq=2462 level=-51 snr=38 cu=45% est_throughput=65000 est_throughput_cu=52812
11-13 18:27:11.424  2676  2676 I wpa_supplicant:    selected current  FC.5C.45.**.**.F0 ssid='InteliRobo' all_bssids_have_cu=1, preferred_6g_bssids_exist=0, all_preferred_6g_bssids_have_cu=1
11-13 18:27:11.424  1451  1602 D WifiNative: Pno scan result event
11-13 18:37:12.320  2676  2676 I wpa_supplicant: Heartbeat 592
11-13 18:37:12.321  2676  2676 I wpa_supplicant: nl80211: Drv Event 77 (NL80211_CMD_SCHED_SCAN_RESULTS) received for wlan0
11-13 18:37:12.321  2676  2676 I wpa_supplicant: wlan0: nl80211: New sched scan results available
11-13 18:37:12.322  2676  2676 I wpa_supplicant: 0: FC.5C.45.**.**.F0 freq=2462 level=-51 snr=38 cu=45% est_throughput=65000 est_throughput_cu=52812
11-13 18:37:12.322  1451  4387 D WifiNative: Pno scan result event
11-13 18:37:12.322  2676  2676 I wpa_supplicant:    selected current  FC.5C.45.**.**.F0 ssid='InteliRobo' all_bssids_have_cu=1, preferred_6g_bssids_exist=0, all_preferred_6g_bssids_have_cu=1
11-13 18:42:11.937  1451  2714 D WifiNative: Pno scan result event
11-13 18:42:11.937  2676  2676 I wpa_supplicant: Heartbeat 593
11-13 18:42:11.937  2676  2676 I wpa_supplicant: nl80211: Drv Event 77 (NL80211_CMD_SCHED_SCAN_RESULTS) received for wlan0
11-13 18:42:11.937  2676  2676 I wpa_supplicant: wlan0: nl80211: New sched scan results available
11-13 18:42:11.938  2676  2676 I wpa_supplicant: 0: FC.5C.45.**.**.F0 freq=2462 level=-51 snr=38 cu=45% est_throughput=65000 est_throughput_cu=52812
11-13 18:42:11.938  2676  2676 I wpa_supplicant:    selected current  FC.5C.45.**.**.F0 ssid='InteliRobo' all_bssids_have_cu=1, preferred_6g_bssids_exist=0, all_preferred_6g_bssids_have_cu=1
11-13 18:47:12.029  2676  2676 I wpa_supplicant: Heartbeat 594
11-13 18:47:12.029  2676  2676 I wpa_supplicant: nl80211: Drv Event 77 (NL80211_CMD_SCHED_SCAN_RESULTS) received for wlan0
11-13 18:47:12.029  2676  2676 I wpa_supplicant: wlan0: nl80211: New sched scan results available
11-13 18:47:12.030  2676  2676 I wpa_supplicant: 0: FC.5C.45.**.**.F0 freq=2462 level=-51 snr=38 cu=45% est_throughput=65000 est_throughput_cu=52812
11-13 18:47:12.030  1451  4387 D WifiNative: Pno scan result event
11-13 18:47:12.031  2676  2676 I wpa_supplicant:    selected current  FC.5C.45.**.**.F0 ssid='InteliRobo' all_bssids_have_cu=1, preferred_6g_bssids_exist=0, all_preferred_6g_bssids_have_cu=1
11-13 18:52:13.928  2676  2676 I wpa_supplicant: Heartbeat 595
11-13 18:52:13.929  2676  2676 I wpa_supplicant: nl80211: Drv Event 77 (NL80211_CMD_SCHED_SCAN_RESULTS) received for wlan0
11-13 18:52:13.929  2676  2676 I wpa_supplicant: wlan0: nl80211: New sched scan results available
11-13 18:52:13.930  1451  4387 D WifiNative: Pno scan result event
11-13 18:52:13.930  2676  2676 I wpa_supplicant: 0: FC.5C.45.**.**.F0 freq=2462 level=-51 snr=38 cu=45% est_throughput=65000 est_throughput_cu=52812
11-13 18:52:13.930  2676  2676 I wpa_supplicant:    selected current  FC.5C.45.**.**.F0 ssid='InteliRobo' all_bssids_have_cu=1, preferred_6g_bssids_exist=0, all_preferred_6g_bssids_have_cu=1
11-13 18:57:13.946  2676  2676 I wpa_supplicant: Heartbeat 596
11-13 18:57:13.946  2676  2676 I wpa_supplicant: nl80211: Drv Event 77 (NL80211_CMD_SCHED_SCAN_RESULTS) received for wlan0
11-13 18:57:13.946  2676  2676 I wpa_supplicant: wlan0: nl80211: New sched scan results available
11-13 18:57:13.947  2676  2676 I wpa_supplicant: 0: FC.5C.45.**.**.F0 freq=2462 level=-51 snr=38 cu=45% est_throughput=65000 est_throughput_cu=52812
11-13 18:57:13.947  2676  2676 I wpa_supplicant:    selected current  FC.5C.45.**.**.F0 ssid='InteliRobo' all_bssids_have_cu=1, preferred_6g_bssids_exist=0, all_preferred_6g_bssids_have_cu=1
11-13 18:57:13.948  1451  4387 D WifiNative: Pno scan result event
11-13 19:02:12.313  1451  4387 D WifiNative: Pno scan result event
11-13 19:02:12.313  2676  2676 I wpa_supplicant: Heartbeat 597
11-13 19:02:12.313  2676  2676 I wpa_supplicant: nl80211: Drv Event 77 (NL80211_CMD_SCHED_SCAN_RESULTS) received for wlan0
11-13 19:02:12.313  2676  2676 I wpa_supplicant: wlan0: nl80211: New sched scan results available
11-13 19:02:12.314  2676  2676 I wpa_supplicant: 0: FC.5C.45.**.**.F0 freq=2462 level=-51 snr=38 cu=45% est_throughput=65000 est_throughput_cu=52812
11-13 19:02:12.314  2676  2676 I wpa_supplicant:    selected current  FC.5C.45.**.**.F0 ssid='InteliRobo' all_bssids_have_cu=1, preferred_6g_bssids_exist=0, all_preferred_6g_bssids_have_cu=1
11-13 19:07:12.617  1451  4376 D WifiNative: Pno scan result event
11-13 19:07:12.617  2676  2676 I wpa_supplicant: Heartbeat 598
11-13 19:07:12.617  2676  2676 I wpa_supplicant: nl80211: Drv Event 77 (NL80211_CMD_SCHED_SCAN_RESULTS) received for wlan0
11-13 19:07:12.617  2676  2676 I wpa_supplicant: wlan0: nl80211: New sched scan results available
11-13 19:07:12.618  2676  2676 I wpa_supplicant: 0: FC.5C.45.**.**.F0 freq=2462 level=-51 snr=38 cu=45% est_throughput=65000 est_throughput_cu=52812
11-13 19:07:12.619  2676  2676 I wpa_supplicant:    selected current  FC.5C.45.**.**.F0 ssid='InteliRobo' all_bssids_have_cu=1, preferred_6g_bssids_exist=0, all_preferred_6g_bssids_have_cu=1
11-13 19:17:12.056  2676  2676 I wpa_supplicant: Heartbeat 599
11-13 19:17:12.057  2676  2676 I wpa_supplicant: nl80211: Drv Event 77 (NL80211_CMD_SCHED_SCAN_RESULTS) received for wlan0
11-13 19:17:12.057  2676  2676 I wpa_supplicant: wlan0: nl80211: New sched scan results available
11-13 19:17:12.058  1451  4337 D WifiNative: Pno scan result event
11-13 19:17:12.058  2676  2676 I wpa_supplicant: 0: FC.5C.45.**.**.F0 freq=2462 level=-51 snr=38 cu=45% est_throughput=65000 est_throughput_cu=52812
11-13 19:17:12.058  2676  2676 I wpa_supplicant:    selected current  FC.5C.45.**.**.F0 ssid='InteliRobo' all_bssids_have_cu=1, preferred_6g_bssids_exist=0, all_preferred_6g_bssids_have_cu=1
11-13 19:22:11.465  2676  2676 I wpa_supplicant: Heartbeat 600
11-13 19:22:11.465  2676  2676 I wpa_supplicant: nl80211: Drv Event 77 (NL80211_CMD_SCHED_SCAN_RESULTS) received for wlan0
11-13 19:22:11.465  2676  2676 I wpa_supplicant: wlan0: nl80211: New sched scan results available
11-13 19:22:11.465  1451  4337 D WifiNative: Pno scan result event
11-13 19:22:11.466  2676  2676 I wpa_supplicant: 0: FC.5C.45.**.**.F0 freq=2462 level=-51 snr=38 cu=45% est_throughput=65000 est_throughput_cu=52812
11-13 19:22:11.466  2676  2676 I wpa_supplicant:    selected current  FC.5C.45.**.**.F0 ssid='InteliRobo' all_bssids_have_cu=1, preferred_6g_bssids_exist=0, all_preferred_6g_bssids_have_cu=1
11-13 19:32:13.687  1451  4337 D WifiNative: Pno scan result event
11-13 19:32:13.687  2676  2676 I wpa_supplicant: Heartbeat 601
11-13 19:32:13.687  2676  2676 I wpa_supplicant: nl80211: Drv Event 77 (NL80211_CMD_SCHED_SCAN_RESULTS) received for wlan0
11-13 19:32:13.687  2676  2676 I wpa_supplicant: wlan0: nl80211: New sched scan results available
11-13 19:32:13.688  2676  2676 I wpa_supplicant: 0: FC.5C.45.**.**.F0 freq=2462 level=-51 snr=38 cu=45% est_throughput=65000 est_throughput_cu=52812
11-13 19:32:13.688  2676  2676 I wpa_supplicant:    selected current  FC.5C.45.**.**.F0 ssid='InteliRobo' all_bssids_have_cu=1, preferred_6g_bssids_exist=0, all_preferred_6g_bssids_have_cu=1
11-13 19:37:11.897  2676  2676 I wpa_supplicant: Heartbeat 602
11-13 19:37:11.897  2676  2676 I wpa_supplicant: nl80211: Drv Event 77 (NL80211_CMD_SCHED_SCAN_RESULTS) received for wlan0
11-13 19:37:11.897  2676  2676 I wpa_supplicant: wlan0: nl80211: New sched scan results available
11-13 19:37:11.898  1451  4337 D WifiNative: Pno scan result event
11-13 19:37:11.898  2676  2676 I wpa_supplicant: 0: FC.5C.45.**.**.F0 freq=2462 level=-51 snr=38 cu=45% est_throughput=65000 est_throughput_cu=52812
11-13 19:37:11.899  2676  2676 I wpa_supplicant:    selected current  FC.5C.45.**.**.F0 ssid='InteliRobo' all_bssids_have_cu=1, preferred_6g_bssids_exist=0, all_preferred_6g_bssids_have_cu=1
11-13 19:41:54.049  2676  2676 I wpa_supplicant: Heartbeat 603
11-13 19:41:54.049  2676  2676 I wpa_supplicant: nl80211: Drv Event 33 (NL80211_CMD_TRIGGER_SCAN) received for wlan0
11-13 19:41:54.049  2676  2676 I wpa_supplicant: wlan0: nl80211: Scan trigger
