11-14 07:45:25.070  3670 28145 D BluetoothAdapter: getBleEnabledArray(): ON
11-14 07:45:25.071  3670 28145 D BluetoothLeAdvertiser: Stop AdvertingSet
11-14 07:45:25.072  3146  3159 I bt      : bluetooth_core::gatt::arbiter: removing server (if any) associated with advertiser AdvertiserId(0)
11-14 07:45:25.072  3146  3335 I bluetooth: packages/modules/Bluetooth/system/gd/hci/le_advertising_manager.cc:409 remove_advertiser: AdvertiserId : 0
11-14 07:45:25.074  3146  3335 I bluetooth: packages/modules/Bluetooth/system/gd/hci/le_advertising_manager.cc:1811 check_status: Got a Command complete LE_SET_PERIODIC_ADVERTISING_ENABLE, status COMMAND_DISALLOWED
11-14 07:45:25.076  3670  3670 D BluetoothLeAdvertiser: onAdvertisingSetStopped(0)
11-14 07:45:25.345 28897 29634 I [SC]SyncTierPolicyManager: content=Bluetooth, tier=T1
11-14 07:45:25.345 28897 29634 I [SC]SyncSchedulePolicyManager: updatePolicy: true,false,SyncSchedulePolicy{policyState=Cached, contentLocalSchedulePolicyMap={SavedPages2=App, Bluetooth=CloudLocal, PassAddress=App, OpenTab=CloudDelay, Calendar=CloudLocal, QuickAccess=CloudLocal, History=CloudDelay, PassKey=CloudLocal, Avatar=App, PassNote=App, Contacts=CloudLocal, Bookmark=CloudLocal, QuickAccess2=CloudLocal, Clothes=App, UnknownContents=App, Wifi=CloudLocal, PassBrowser=CloudLocal}, authorityIntervalPolicyMap={}}
11-14 07:45:25.346 28897 29634 I [SC][SyncScheduleLogger]: [SyncPolicyLoaded] [policyEvent=None] [authority=] [isTransferred=false] [policyData=QuickAccess=CloudLocal,QuickAccess2=CloudLocal,Calendar=CloudLocal,PassBrowser=CloudLocal,UnknownContents=App,Contacts=CloudLocal,UnknownContents=App,UnknownContents=App,Wifi=CloudLocal,Clothes=App,SavedPages2=App,History=CloudDelay,Avatar=App,OpenTab=CloudDelay,PassAddress=App,PassNote=App,Bookmark=CloudLocal,PassKey=CloudLocal,Bluetooth=CloudLocal] 
11-14 07:45:25.458  3670 29793 D BluetoothAdapter: getBleEnabledArray(): ON
11-14 07:45:25.459  3670 29793 D BluetoothLeAdvertiser: Stop AdvertingSet
11-14 07:45:25.460  3146  3159 I bt      : bluetooth_core::gatt::arbiter: removing server (if any) associated with advertiser AdvertiserId(1)
11-14 07:45:25.460  3146  3335 I bluetooth: packages/modules/Bluetooth/system/gd/hci/le_advertising_manager.cc:409 remove_advertiser: AdvertiserId : 1
11-14 07:45:25.460  3146  3335 I bluetooth: packages/modules/Bluetooth/system/gd/hci/le_address_manager.cc:203 unregister_client: Client unregistered
11-14 07:45:25.463  3146  3335 I bluetooth: packages/modules/Bluetooth/system/gd/hci/le_advertising_manager.cc:1811 check_status: Got a Command complete LE_SET_PERIODIC_ADVERTISING_ENABLE, status COMMAND_DISALLOWED
11-14 07:45:25.467  3670  3670 D BluetoothLeAdvertiser: onAdvertisingSetStopped(1)
11-14 07:45:25.499  3670 29793 D BluetoothAdapter: getBleEnabledArray(): ON
11-14 07:45:25.519  3146  3159 I bt_shim_advertiser: packages/modules/Bluetooth/system/main/shim/le_advertising_manager.cc:175 StartAdvertisingSet: create advertising set, client_id:255, reg_id:-53
11-14 07:45:25.519  3146  3335 I bluetooth: packages/modules/Bluetooth/system/gd/hci/le_advertising_manager.cc:397 allocate_advertiser: AdvertiserId : 0
11-14 07:45:25.519  3146  3335 I bluetooth: packages/modules/Bluetooth/system/gd/hci/le_advertising_manager.cc:631 create_extended_advertiser_with_id: AdvertiserId : 0
11-14 07:45:25.519  3146  3335 I bluetooth: packages/modules/Bluetooth/system/gd/hci/le_advertising_manager.cc:1226 enable_advertiser: AdvertiserId : 0
11-14 07:45:25.519  3146  3335 I bluetooth: packages/modules/Bluetooth/system/gd/hci/le_address_manager.cc:188 register_client: Client registered
11-14 07:45:25.522  3146  3335 I bluetooth: packages/modules/Bluetooth/system/gd/hci/le_advertising_manager.cc:1730 on_set_advertising_set_random_address_complete: update random address for advertising set 0 : xx:xx:xx:xx:0e:30
11-14 07:45:25.525  3670  3670 D BluetoothLeAdvertiser: onAdvertisingSetStarted(0, -7, 0)
11-14 07:45:25.530  3670 29793 D BluetoothSocket: close() this: XX:XX:XX:XX:00:00, channel: 5, mSocketIS: android.net.LocalSocketImpl$SocketInputStream@4968639, mSocketOS: android.net.LocalSocketImpl$SocketOutputStream@a12b47e, mSocket: android.net.LocalSocket@4696ddf impl:android.net.LocalSocketImpl@9d7ea2c fd:java.io.FileDescriptor@4504cf5, mSocketState: LISTENING
11-14 07:45:25.530  3670 29793 I NearbyMediums: Stopped accepting Bluetooth Classic connections for NearbySharing.
11-14 07:45:25.530  3146  3598 I bt_btif_sock: packages/modules/Bluetooth/system/btif/src/btif_sock.cc:169 btif_sock_connection_logger: address=00:00:00:00:00:00, role=5, state=1
11-14 07:45:25.530  3146  3598 I bt_bta_dm: packages/modules/Bluetooth/system/bta/dm/bta_dm_act.cc:3678 bta_dm_set_eir: Generating extended inquiry response packet EIR
11-14 07:45:25.544  3670 28682 D BluetoothSocket: close() this: XX:XX:XX:XX:00:00, channel: 5, mSocketIS: android.net.LocalSocketImpl$SocketInputStream@4968639, mSocketOS: android.net.LocalSocketImpl$SocketOutputStream@a12b47e, mSocket: null, mSocketState: CLOSED
11-14 07:45:25.704  3670 28695 I NearbyConnections: [PcpManager] In startAdvertising() advertisingMediums:[BLE] upgradeMediums:[USB, WIFI_LAN, WIFI_AWARE, WIFI_DIRECT, WIFI_HOTSPOT, WEB_RTC, BLE_L2CAP, BLUETOOTH, BLE, NFC] listener:214103720
11-14 07:45:25.721 29653 29653 I Routine@Sdk[3.1.11]: RoutineSdkImpl: setActionHandler - tag=connect_bluetooth, actionHandler=bg.b@9e2f9c8
11-14 07:45:25.721 29653 29653 I Routine@Sdk[3.1.11]: RoutineSdkImpl: setActionHandler - tag=disconnect_bluetooth, actionHandler=bg.b@66f7a61
11-14 07:45:25.754  3670  3682 D BluetoothSocket: close() this: XX:XX:XX:XX:00:00, channel: 5, mSocketIS: android.net.LocalSocketImpl$SocketInputStream@994872c, mSocketOS: android.net.LocalSocketImpl$SocketOutputStream@d7525f5, mSocket: null, mSocketState: CLOSED
11-14 07:45:25.868  3146  3159 I bt_btif_sock: packages/modules/Bluetooth/system/btif/src/btif_sock.cc:169 btif_sock_connection_logger: address=00:00:00:00:00:00, role=1, state=1
11-14 07:45:25.868  3146  3159 I bt_btif_sock_rfcomm: packages/modules/Bluetooth/system/btif/src/btif_sock_rfc.cc:333 btsock_rfc_listen: Adding listening socket service_name: NearbySharing - channel: -1
11-14 07:45:25.868  3146  3330 I bt_bta_dm: packages/modules/Bluetooth/system/bta/dm/bta_dm_act.cc:3678 bta_dm_set_eir: Generating extended inquiry response packet EIR
11-14 07:45:25.868  3146  3330 I bt_btif_sock: packages/modules/Bluetooth/system/btif/src/btif_sock.cc:169 btif_sock_connection_logger: address=00:00:00:00:00:00, role=1, state=1
11-14 07:45:25.869  3670 28695 I NearbyMediums: Started accepting Bluetooth Classic connections for NearbySharing.
11-14 07:45:25.870  3670 14807 D BluetoothSocket: accept(), timeout (ms):-1
11-14 07:45:25.890  3670 28695 D BluetoothAdapter: getBleEnabledArray(): ON
11-14 07:45:25.911  3146  3159 I bt_shim_advertiser: packages/modules/Bluetooth/system/main/shim/le_advertising_manager.cc:175 StartAdvertisingSet: create advertising set, client_id:255, reg_id:-54
11-14 07:45:25.911  3146  3335 I bluetooth: packages/modules/Bluetooth/system/gd/hci/le_advertising_manager.cc:397 allocate_advertiser: AdvertiserId : 1
11-14 07:45:25.912  3146  3335 I bluetooth: packages/modules/Bluetooth/system/gd/hci/le_advertising_manager.cc:631 create_extended_advertiser_with_id: AdvertiserId : 1
11-14 07:45:25.912  3146  3335 I bluetooth: packages/modules/Bluetooth/system/gd/hci/le_advertising_manager.cc:1226 enable_advertiser: AdvertiserId : 1
11-14 07:45:25.916  3146  3335 I bluetooth: packages/modules/Bluetooth/system/gd/hci/le_advertising_manager.cc:1730 on_set_advertising_set_random_address_complete: update random address for advertising set 1 : xx:xx:xx:xx:a8:a2
11-14 07:45:25.921  3670  3670 D BluetoothLeAdvertiser: onAdvertisingSetStarted(1, -15, 0)
11-14 07:45:25.923  3670 28695 D BluetoothAdapter: getBleEnabledArray(): ON
11-14 07:45:27.531  3670 28290 D BluetoothAdapter: getBleEnabledArray(): ON
11-14 07:45:27.536  3670 28290 D BluetoothLeAdvertiser: Stop AdvertingSet
11-14 07:45:27.537  3146  3159 I bt      : bluetooth_core::gatt::arbiter: removing server (if any) associated with advertiser AdvertiserId(0)
11-14 07:45:27.538  3146  3335 I bluetooth: packages/modules/Bluetooth/system/gd/hci/le_advertising_manager.cc:409 remove_advertiser: AdvertiserId : 0
11-14 07:45:27.544  3146  3335 I bluetooth: packages/modules/Bluetooth/system/gd/hci/le_advertising_manager.cc:1811 check_status: Got a Command complete LE_SET_PERIODIC_ADVERTISING_ENABLE, status COMMAND_DISALLOWED
11-14 07:45:27.551  3670  3670 D BluetoothLeAdvertiser: onAdvertisingSetStopped(0)
11-14 07:45:28.724  1451  5570 D PackageManager: setEnabledSetting : userId = 0 packageName = com.samsung.android.rubin.app cmp = com.samsung.android.rubin.inferenceengine.contextanalytics.engine.loggers.CarLogger$BluetoothEventReceiver newState = 1 callingPackage = com.samsung.android.rubin.app
11-14 07:45:28.727  1451  5570 D PackageManager: setEnabledSetting : userId = 0 packageName = com.samsung.android.rubin.app cmp = com.samsung.android.rubin.inferenceengine.contextanalytics.engine.loggers.BluetoothLogger$BluetoothEventReceiver newState = 1 callingPackage = com.samsung.android.rubin.app
11-14 07:45:29.853  3670  3682 D BluetoothSocket: close() this: XX:XX:XX:XX:00:00, channel: 5, mSocketIS: android.net.LocalSocketImpl$SocketInputStream@4968639, mSocketOS: android.net.LocalSocketImpl$SocketOutputStream@a12b47e, mSocket: null, mSocketState: CLOSED
11-14 07:45:31.281  3670 28695 D BluetoothAdapter: getBleEnabledArray(): ON
11-14 07:45:31.295  3670 28290 I NearbyMediums: BluetoothAdapter's name was not set by Nearby Connections, ignoring call to restore default scan mode.
11-14 07:45:31.300  3670 28290 I NearbyMediums: BluetoothAdapter's name was not set by Nearby Connections, ignoring call to restore device name
11-14 07:45:31.736 30265 30321 I ShareLive:QuickShare: [D2D][RxComputation-1] [WorkerRepositoryImpl] enqueueConnectivityWorker dependOnBluetooth = true
11-14 07:45:38.346  3146  3335 W bluetooth: packages/modules/Bluetooth/system/gd/hci/vendor_specific_event_manager.cc:86 on_vendor_specific_event: Unhandled vendor specific event of type 0x63
11-14 07:45:38.347  3146  3335 W bluetooth: packages/modules/Bluetooth/system/gd/hci/vendor_specific_event_manager.cc:86 on_vendor_specific_event: Unhandled vendor specific event of type 0x63
11-14 07:47:38.637  3146  3335 W bluetooth: packages/modules/Bluetooth/system/gd/hci/vendor_specific_event_manager.cc:86 on_vendor_specific_event: Unhandled vendor specific event of type 0x63
11-14 07:47:38.638  3146  3335 W bluetooth: packages/modules/Bluetooth/system/gd/hci/vendor_specific_event_manager.cc:86 on_vendor_specific_event: Unhandled vendor specific event of type 0x63
11-14 07:49:26.785  1451  1519 D BatteryExternalStatsWorker: Fetch Bluetooth data
11-14 07:49:26.941  1451  1519 D BatteryExternalStatsWorker: Update bluetooth state
11-14 07:52:06.374  3146  3335 I bluetooth: packages/modules/Bluetooth/system/gd/hci/le_advertising_manager.cc:1395 OnPause: Start
11-14 07:52:06.375  3146  3335 I bluetooth: packages/modules/Bluetooth/system/gd/hci/le_address_manager.cc:290 ack_pause: Client already in paused state
11-14 07:52:06.375  3146  3335 I bluetooth: packages/modules/Bluetooth/system/gd/hci/le_address_manager.cc:290 ack_pause: Client already in paused state
11-14 07:52:06.375  3146  3335 I bluetooth: packages/modules/Bluetooth/system/gd/hci/le_address_manager.cc:290 ack_pause: Client already in paused state
11-14 07:52:06.405  3146  3335 I bluetooth: packages/modules/Bluetooth/system/gd/hci/le_advertising_manager.cc:1730 on_set_advertising_set_random_address_complete: update random address for advertising set 1 : xx:xx:xx:xx:15:f5
11-14 07:52:06.406  3146  3335 I bluetooth: packages/modules/Bluetooth/system/gd/hci/le_address_manager.cc:734 OnCommandComplete: Received command complete with op_code LE_SET_RANDOM_ADDRESS
11-14 07:52:06.407  3146  3335 I bluetooth: packages/modules/Bluetooth/system/gd/hci/le_address_manager.cc:754 OnCommandComplete: update random address : xx:xx:xx:xx:6e:ef
11-14 07:52:06.407  3146  3335 I bluetooth: packages/modules/Bluetooth/system/gd/hci/le_address_manager.cc:319 resume_registered_clients: Resuming registered clients
11-14 07:52:06.407  3146  3335 I bluetooth: packages/modules/Bluetooth/system/gd/hci/le_advertising_manager.cc:1441 OnResume: Start
11-14 08:02:06.423  3146  3335 I bluetooth: packages/modules/Bluetooth/system/gd/hci/le_advertising_manager.cc:1395 OnPause: Start
11-14 08:02:06.425  3146  3335 I bluetooth: packages/modules/Bluetooth/system/gd/hci/le_address_manager.cc:290 ack_pause: Client already in paused state
11-14 08:02:06.425  3146  3335 I bluetooth: packages/modules/Bluetooth/system/gd/hci/le_address_manager.cc:290 ack_pause: Client already in paused state
11-14 08:02:06.425  3146  3335 I bluetooth: packages/modules/Bluetooth/system/gd/hci/le_address_manager.cc:290 ack_pause: Client already in paused state
11-14 08:02:06.430  3146  3335 I bluetooth: packages/modules/Bluetooth/system/gd/hci/le_advertising_manager.cc:1730 on_set_advertising_set_random_address_complete: update random address for advertising set 1 : xx:xx:xx:xx:6c:96
11-14 08:02:06.430  3146  3335 I bluetooth: packages/modules/Bluetooth/system/gd/hci/le_address_manager.cc:734 OnCommandComplete: Received command complete with op_code LE_SET_RANDOM_ADDRESS
11-14 08:02:06.430  3146  3335 I bluetooth: packages/modules/Bluetooth/system/gd/hci/le_address_manager.cc:754 OnCommandComplete: update random address : xx:xx:xx:xx:47:f7
11-14 08:02:06.430  3146  3335 I bluetooth: packages/modules/Bluetooth/system/gd/hci/le_address_manager.cc:319 resume_registered_clients: Resuming registered clients
11-14 08:02:06.430  3146  3335 I bluetooth: packages/modules/Bluetooth/system/gd/hci/le_advertising_manager.cc:1441 OnResume: Start
11-14 08:12:07.416  3146  3335 I bluetooth: packages/modules/Bluetooth/system/gd/hci/le_advertising_manager.cc:1395 OnPause: Start
11-14 08:12:07.418  3146  3335 I bluetooth: packages/modules/Bluetooth/system/gd/hci/le_address_manager.cc:290 ack_pause: Client already in paused state
11-14 08:12:07.418  3146  3335 I bluetooth: packages/modules/Bluetooth/system/gd/hci/le_address_manager.cc:290 ack_pause: Client already in paused state
11-14 08:12:07.418  3146  3335 I bluetooth: packages/modules/Bluetooth/system/gd/hci/le_address_manager.cc:290 ack_pause: Client already in paused state
11-14 08:12:07.420  3146  3335 I bluetooth: packages/modules/Bluetooth/system/gd/hci/le_advertising_manager.cc:1730 on_set_advertising_set_random_address_complete: update random address for advertising set 1 : xx:xx:xx:xx:6b:77
11-14 08:12:07.424  3146  3335 I bluetooth: packages/modules/Bluetooth/system/gd/hci/le_address_manager.cc:734 OnCommandComplete: Received command complete with op_code LE_SET_RANDOM_ADDRESS
11-14 08:12:07.424  3146  3335 I bluetooth: packages/modules/Bluetooth/system/gd/hci/le_address_manager.cc:754 OnCommandComplete: update random address : xx:xx:xx:xx:b9:8c
11-14 08:12:07.424  3146  3335 I bluetooth: packages/modules/Bluetooth/system/gd/hci/le_address_manager.cc:319 resume_registered_clients: Resuming registered clients
11-14 08:12:07.424  3146  3335 I bluetooth: packages/modules/Bluetooth/system/gd/hci/le_advertising_manager.cc:1441 OnResume: Start
11-14 08:22:07.383  3146  3335 I bluetooth: packages/modules/Bluetooth/system/gd/hci/le_advertising_manager.cc:1395 OnPause: Start
11-14 08:22:07.384  3146  3335 I bluetooth: packages/modules/Bluetooth/system/gd/hci/le_address_manager.cc:290 ack_pause: Client already in paused state
11-14 08:22:07.384  3146  3335 I bluetooth: packages/modules/Bluetooth/system/gd/hci/le_address_manager.cc:290 ack_pause: Client already in paused state
11-14 08:22:07.384  3146  3335 I bluetooth: packages/modules/Bluetooth/system/gd/hci/le_address_manager.cc:290 ack_pause: Client already in paused state
11-14 08:22:07.386  3146  3335 I bluetooth: packages/modules/Bluetooth/system/gd/hci/le_advertising_manager.cc:1730 on_set_advertising_set_random_address_complete: update random address for advertising set 1 : xx:xx:xx:xx:79:b9
11-14 08:22:07.389  3146  3335 I bluetooth: packages/modules/Bluetooth/system/gd/hci/le_address_manager.cc:734 OnCommandComplete: Received command complete with op_code LE_SET_RANDOM_ADDRESS
11-14 08:22:07.389  3146  3335 I bluetooth: packages/modules/Bluetooth/system/gd/hci/le_address_manager.cc:754 OnCommandComplete: update random address : xx:xx:xx:xx:a0:47
11-14 08:22:07.389  3146  3335 I bluetooth: packages/modules/Bluetooth/system/gd/hci/le_address_manager.cc:319 resume_registered_clients: Resuming registered clients
11-14 08:22:07.389  3146  3335 I bluetooth: packages/modules/Bluetooth/system/gd/hci/le_advertising_manager.cc:1441 OnResume: Start
11-14 08:32:07.497  3146  3335 I bluetooth: packages/modules/Bluetooth/system/gd/hci/le_advertising_manager.cc:1395 OnPause: Start
11-14 08:32:07.498  3146  3335 I bluetooth: packages/modules/Bluetooth/system/gd/hci/le_address_manager.cc:290 ack_pause: Client already in paused state
11-14 08:32:07.498  3146  3335 I bluetooth: packages/modules/Bluetooth/system/gd/hci/le_address_manager.cc:290 ack_pause: Client already in paused state
11-14 08:32:07.498  3146  3335 I bluetooth: packages/modules/Bluetooth/system/gd/hci/le_address_manager.cc:290 ack_pause: Client already in paused state
11-14 08:32:07.501  3146  3335 I bluetooth: packages/modules/Bluetooth/system/gd/hci/le_advertising_manager.cc:1730 on_set_advertising_set_random_address_complete: update random address for advertising set 1 : xx:xx:xx:xx:da:38
11-14 08:32:07.502  3146  3335 I bluetooth: packages/modules/Bluetooth/system/gd/hci/le_address_manager.cc:734 OnCommandComplete: Received command complete with op_code LE_SET_RANDOM_ADDRESS
11-14 08:32:07.502  3146  3335 I bluetooth: packages/modules/Bluetooth/system/gd/hci/le_address_manager.cc:754 OnCommandComplete: update random address : xx:xx:xx:xx:01:e7
11-14 08:32:07.502  3146  3335 I bluetooth: packages/modules/Bluetooth/system/gd/hci/le_address_manager.cc:319 resume_registered_clients: Resuming registered clients
11-14 08:32:07.502  3146  3335 I bluetooth: packages/modules/Bluetooth/system/gd/hci/le_advertising_manager.cc:1441 OnResume: Start
11-14 08:42:06.780  3146  3335 I bluetooth: packages/modules/Bluetooth/system/gd/hci/le_advertising_manager.cc:1395 OnPause: Start
11-14 08:42:06.781  3146  3335 I bluetooth: packages/modules/Bluetooth/system/gd/hci/le_address_manager.cc:290 ack_pause: Client already in paused state
11-14 08:42:06.781  3146  3335 I bluetooth: packages/modules/Bluetooth/system/gd/hci/le_address_manager.cc:290 ack_pause: Client already in paused state
11-14 08:42:06.781  3146  3335 I bluetooth: packages/modules/Bluetooth/system/gd/hci/le_address_manager.cc:290 ack_pause: Client already in paused state
11-14 08:42:06.784  3146  3335 I bluetooth: packages/modules/Bluetooth/system/gd/hci/le_advertising_manager.cc:1730 on_set_advertising_set_random_address_complete: update random address for advertising set 1 : xx:xx:xx:xx:c6:9d
11-14 08:42:06.789  3146  3335 I bluetooth: packages/modules/Bluetooth/system/gd/hci/le_address_manager.cc:734 OnCommandComplete: Received command complete with op_code LE_SET_RANDOM_ADDRESS
11-14 08:42:06.789  3146  3335 I bluetooth: packages/modules/Bluetooth/system/gd/hci/le_address_manager.cc:754 OnCommandComplete: update random address : xx:xx:xx:xx:3e:5c
11-14 08:42:06.789  3146  3335 I bluetooth: packages/modules/Bluetooth/system/gd/hci/le_address_manager.cc:319 resume_registered_clients: Resuming registered clients
11-14 08:42:06.789  3146  3335 I bluetooth: packages/modules/Bluetooth/system/gd/hci/le_advertising_manager.cc:1441 OnResume: Start
11-14 08:52:07.556  3146  3335 I bluetooth: packages/modules/Bluetooth/system/gd/hci/le_advertising_manager.cc:1395 OnPause: Start
11-14 08:52:07.558  3146  3335 I bluetooth: packages/modules/Bluetooth/system/gd/hci/le_address_manager.cc:290 ack_pause: Client already in paused state
11-14 08:52:07.558  3146  3335 I bluetooth: packages/modules/Bluetooth/system/gd/hci/le_address_manager.cc:290 ack_pause: Client already in paused state
11-14 08:52:07.558  3146  3335 I bluetooth: packages/modules/Bluetooth/system/gd/hci/le_address_manager.cc:290 ack_pause: Client already in paused state
11-14 08:52:07.566  3146  3335 I bluetooth: packages/modules/Bluetooth/system/gd/hci/le_advertising_manager.cc:1730 on_set_advertising_set_random_address_complete: update random address for advertising set 1 : xx:xx:xx:xx:62:87
11-14 08:52:07.568  3146  3335 I bluetooth: packages/modules/Bluetooth/system/gd/hci/le_address_manager.cc:734 OnCommandComplete: Received command complete with op_code LE_SET_RANDOM_ADDRESS
11-14 08:52:07.568  3146  3335 I bluetooth: packages/modules/Bluetooth/system/gd/hci/le_address_manager.cc:754 OnCommandComplete: update random address : xx:xx:xx:xx:35:06
11-14 08:52:07.568  3146  3335 I bluetooth: packages/modules/Bluetooth/system/gd/hci/le_address_manager.cc:319 resume_registered_clients: Resuming registered clients
11-14 08:52:07.568  3146  3335 I bluetooth: packages/modules/Bluetooth/system/gd/hci/le_advertising_manager.cc:1441 OnResume: Start
11-14 09:02:07.958  3146  3335 I bluetooth: packages/modules/Bluetooth/system/gd/hci/le_advertising_manager.cc:1395 OnPause: Start
11-14 09:02:07.960  3146  3335 I bluetooth: packages/modules/Bluetooth/system/gd/hci/le_address_manager.cc:290 ack_pause: Client already in paused state
11-14 09:02:07.960  3146  3335 I bluetooth: packages/modules/Bluetooth/system/gd/hci/le_address_manager.cc:290 ack_pause: Client already in paused state
11-14 09:02:07.960  3146  3335 I bluetooth: packages/modules/Bluetooth/system/gd/hci/le_address_manager.cc:290 ack_pause: Client already in paused state
11-14 09:02:07.964  3146  3335 I bluetooth: packages/modules/Bluetooth/system/gd/hci/le_advertising_manager.cc:1730 on_set_advertising_set_random_address_complete: update random address for advertising set 1 : xx:xx:xx:xx:7e:86
11-14 09:02:07.968  3146  3335 I bluetooth: packages/modules/Bluetooth/system/gd/hci/le_address_manager.cc:734 OnCommandComplete: Received command complete with op_code LE_SET_RANDOM_ADDRESS
11-14 09:02:07.968  3146  3335 I bluetooth: packages/modules/Bluetooth/system/gd/hci/le_address_manager.cc:754 OnCommandComplete: update random address : xx:xx:xx:xx:bf:29
11-14 09:02:07.968  3146  3335 I bluetooth: packages/modules/Bluetooth/system/gd/hci/le_address_manager.cc:319 resume_registered_clients: Resuming registered clients
11-14 09:02:07.968  3146  3335 I bluetooth: packages/modules/Bluetooth/system/gd/hci/le_advertising_manager.cc:1441 OnResume: Start
11-14 09:12:07.955  3146  3335 I bluetooth: packages/modules/Bluetooth/system/gd/hci/le_advertising_manager.cc:1395 OnPause: Start
11-14 09:12:07.957  3146  3335 I bluetooth: packages/modules/Bluetooth/system/gd/hci/le_address_manager.cc:290 ack_pause: Client already in paused state
11-14 09:12:07.957  3146  3335 I bluetooth: packages/modules/Bluetooth/system/gd/hci/le_address_manager.cc:290 ack_pause: Client already in paused state
11-14 09:12:07.957  3146  3335 I bluetooth: packages/modules/Bluetooth/system/gd/hci/le_address_manager.cc:290 ack_pause: Client already in paused state
11-14 09:12:07.962  3146  3335 I bluetooth: packages/modules/Bluetooth/system/gd/hci/le_advertising_manager.cc:1730 on_set_advertising_set_random_address_complete: update random address for advertising set 1 : xx:xx:xx:xx:78:a2
11-14 09:12:07.963  3146  3335 I bluetooth: packages/modules/Bluetooth/system/gd/hci/le_address_manager.cc:734 OnCommandComplete: Received command complete with op_code LE_SET_RANDOM_ADDRESS
11-14 09:12:07.963  3146  3335 I bluetooth: packages/modules/Bluetooth/system/gd/hci/le_address_manager.cc:754 OnCommandComplete: update random address : xx:xx:xx:xx:9e:8e
11-14 09:12:07.963  3146  3335 I bluetooth: packages/modules/Bluetooth/system/gd/hci/le_address_manager.cc:319 resume_registered_clients: Resuming registered clients
11-14 09:12:07.963  3146  3335 I bluetooth: packages/modules/Bluetooth/system/gd/hci/le_advertising_manager.cc:1441 OnResume: Start
11-14 09:22:08.038  3146  3335 I bluetooth: packages/modules/Bluetooth/system/gd/hci/le_advertising_manager.cc:1395 OnPause: Start
11-14 09:22:08.040  3146  3335 I bluetooth: packages/modules/Bluetooth/system/gd/hci/le_address_manager.cc:290 ack_pause: Client already in paused state
11-14 09:22:08.040  3146  3335 I bluetooth: packages/modules/Bluetooth/system/gd/hci/le_address_manager.cc:290 ack_pause: Client already in paused state
11-14 09:22:08.040  3146  3335 I bluetooth: packages/modules/Bluetooth/system/gd/hci/le_address_manager.cc:290 ack_pause: Client already in paused state
11-14 09:22:08.044  3146  3335 I bluetooth: packages/modules/Bluetooth/system/gd/hci/le_advertising_manager.cc:1730 on_set_advertising_set_random_address_complete: update random address for advertising set 1 : xx:xx:xx:xx:39:fe
11-14 09:22:08.048  3146  3335 I bluetooth: packages/modules/Bluetooth/system/gd/hci/le_address_manager.cc:734 OnCommandComplete: Received command complete with op_code LE_SET_RANDOM_ADDRESS
11-14 09:22:08.048  3146  3335 I bluetooth: packages/modules/Bluetooth/system/gd/hci/le_address_manager.cc:754 OnCommandComplete: update random address : xx:xx:xx:xx:51:8e
11-14 09:22:08.048  3146  3335 I bluetooth: packages/modules/Bluetooth/system/gd/hci/le_address_manager.cc:319 resume_registered_clients: Resuming registered clients
11-14 09:22:08.048  3146  3335 I bluetooth: packages/modules/Bluetooth/system/gd/hci/le_advertising_manager.cc:1441 OnResume: Start
11-14 09:32:08.070  3146  3335 I bluetooth: packages/modules/Bluetooth/system/gd/hci/le_advertising_manager.cc:1395 OnPause: Start
11-14 09:32:08.071  3146  3335 I bluetooth: packages/modules/Bluetooth/system/gd/hci/le_address_manager.cc:290 ack_pause: Client already in paused state
11-14 09:32:08.071  3146  3335 I bluetooth: packages/modules/Bluetooth/system/gd/hci/le_address_manager.cc:290 ack_pause: Client already in paused state
11-14 09:32:08.071  3146  3335 I bluetooth: packages/modules/Bluetooth/system/gd/hci/le_address_manager.cc:290 ack_pause: Client already in paused state
11-14 09:32:08.073  3146  3335 I bluetooth: packages/modules/Bluetooth/system/gd/hci/le_advertising_manager.cc:1730 on_set_advertising_set_random_address_complete: update random address for advertising set 1 : xx:xx:xx:xx:35:b0
11-14 09:32:08.076  3146  3335 I bluetooth: packages/modules/Bluetooth/system/gd/hci/le_address_manager.cc:734 OnCommandComplete: Received command complete with op_code LE_SET_RANDOM_ADDRESS
11-14 09:32:08.077  3146  3335 I bluetooth: packages/modules/Bluetooth/system/gd/hci/le_address_manager.cc:754 OnCommandComplete: update random address : xx:xx:xx:xx:f7:89
11-14 09:32:08.077  3146  3335 I bluetooth: packages/modules/Bluetooth/system/gd/hci/le_address_manager.cc:319 resume_registered_clients: Resuming registered clients
11-14 09:32:08.077  3146  3335 I bluetooth: packages/modules/Bluetooth/system/gd/hci/le_advertising_manager.cc:1441 OnResume: Start
11-14 09:42:08.129  3146  3335 I bluetooth: packages/modules/Bluetooth/system/gd/hci/le_advertising_manager.cc:1395 OnPause: Start
11-14 09:42:08.130  3146  3335 I bluetooth: packages/modules/Bluetooth/system/gd/hci/le_address_manager.cc:290 ack_pause: Client already in paused state
11-14 09:42:08.131  3146  3335 I bluetooth: packages/modules/Bluetooth/system/gd/hci/le_address_manager.cc:290 ack_pause: Client already in paused state
11-14 09:42:08.131  3146  3335 I bluetooth: packages/modules/Bluetooth/system/gd/hci/le_address_manager.cc:290 ack_pause: Client already in paused state
11-14 09:42:08.135  3146  3335 I bluetooth: packages/modules/Bluetooth/system/gd/hci/le_advertising_manager.cc:1730 on_set_advertising_set_random_address_complete: update random address for advertising set 1 : xx:xx:xx:xx:17:5b
11-14 09:42:08.135  3146  3335 I bluetooth: packages/modules/Bluetooth/system/gd/hci/le_address_manager.cc:734 OnCommandComplete: Received command complete with op_code LE_SET_RANDOM_ADDRESS
11-14 09:42:08.135  3146  3335 I bluetooth: packages/modules/Bluetooth/system/gd/hci/le_address_manager.cc:754 OnCommandComplete: update random address : xx:xx:xx:xx:1d:52
11-14 09:42:08.135  3146  3335 I bluetooth: packages/modules/Bluetooth/system/gd/hci/le_address_manager.cc:319 resume_registered_clients: Resuming registered clients
11-14 09:42:08.135  3146  3335 I bluetooth: packages/modules/Bluetooth/system/gd/hci/le_advertising_manager.cc:1441 OnResume: Start
11-14 09:50:51.036  3146  3335 I bluetooth: packages/modules/Bluetooth/system/gd/hci/le_advertising_manager.cc:1395 OnPause: Start
11-14 09:50:51.037  3146  3335 I bluetooth: packages/modules/Bluetooth/system/gd/hci/le_address_manager.cc:290 ack_pause: Client already in paused state
11-14 09:50:51.038  3146  3335 I bluetooth: packages/modules/Bluetooth/system/gd/hci/le_address_manager.cc:290 ack_pause: Client already in paused state
11-14 09:50:51.038  3146  3335 I bluetooth: packages/modules/Bluetooth/system/gd/hci/le_address_manager.cc:290 ack_pause: Client already in paused state
11-14 09:50:51.041  3146  3335 I bluetooth: packages/modules/Bluetooth/system/gd/hci/le_advertising_manager.cc:1730 on_set_advertising_set_random_address_complete: update random address for advertising set 1 : xx:xx:xx:xx:1d:0d
11-14 09:50:51.052  3146  3335 I bluetooth: packages/modules/Bluetooth/system/gd/hci/le_address_manager.cc:734 OnCommandComplete: Received command complete with op_code LE_SET_RANDOM_ADDRESS
11-14 09:50:51.052  3146  3335 I bluetooth: packages/modules/Bluetooth/system/gd/hci/le_address_manager.cc:754 OnCommandComplete: update random address : xx:xx:xx:xx:89:4f
11-14 09:50:51.052  3146  3335 I bluetooth: packages/modules/Bluetooth/system/gd/hci/le_address_manager.cc:319 resume_registered_clients: Resuming registered clients
11-14 09:50:51.052  3146  3335 I bluetooth: packages/modules/Bluetooth/system/gd/hci/le_advertising_manager.cc:1441 OnResume: Start
11-14 09:50:58.275  3146  3335 W bluetooth: packages/modules/Bluetooth/system/gd/hci/vendor_specific_event_manager.cc:86 on_vendor_specific_event: Unhandled vendor specific event of type 0x63
11-14 09:50:58.276  3146  3335 W bluetooth: packages/modules/Bluetooth/system/gd/hci/vendor_specific_event_manager.cc:86 on_vendor_specific_event: Unhandled vendor specific event of type 0x63
11-14 10:02:08.198  3146  3335 I bluetooth: packages/modules/Bluetooth/system/gd/hci/le_advertising_manager.cc:1395 OnPause: Start
11-14 10:02:08.199  3146  3335 I bluetooth: packages/modules/Bluetooth/system/gd/hci/le_address_manager.cc:290 ack_pause: Client already in paused state
11-14 10:02:08.199  3146  3335 I bluetooth: packages/modules/Bluetooth/system/gd/hci/le_address_manager.cc:290 ack_pause: Client already in paused state
11-14 10:02:08.199  3146  3335 I bluetooth: packages/modules/Bluetooth/system/gd/hci/le_address_manager.cc:290 ack_pause: Client already in paused state
11-14 10:02:08.201  3146  3335 I bluetooth: packages/modules/Bluetooth/system/gd/hci/le_advertising_manager.cc:1730 on_set_advertising_set_random_address_complete: update random address for advertising set 1 : xx:xx:xx:xx:4e:87
11-14 10:02:08.205  3146  3335 I bluetooth: packages/modules/Bluetooth/system/gd/hci/le_address_manager.cc:734 OnCommandComplete: Received command complete with op_code LE_SET_RANDOM_ADDRESS
11-14 10:02:08.205  3146  3335 I bluetooth: packages/modules/Bluetooth/system/gd/hci/le_address_manager.cc:754 OnCommandComplete: update random address : xx:xx:xx:xx:59:a6
11-14 10:02:08.206  3146  3335 I bluetooth: packages/modules/Bluetooth/system/gd/hci/le_address_manager.cc:319 resume_registered_clients: Resuming registered clients
11-14 10:02:08.206  3146  3335 I bluetooth: packages/modules/Bluetooth/system/gd/hci/le_advertising_manager.cc:1441 OnResume: Start
11-14 10:08:21.303  3146  3335 I bluetooth: packages/modules/Bluetooth/system/gd/hci/le_advertising_manager.cc:1395 OnPause: Start
11-14 10:08:21.306  3146  3335 I bluetooth: packages/modules/Bluetooth/system/gd/hci/le_address_manager.cc:290 ack_pause: Client already in paused state
11-14 10:08:21.306  3146  3335 I bluetooth: packages/modules/Bluetooth/system/gd/hci/le_address_manager.cc:290 ack_pause: Client already in paused state
11-14 10:08:21.306  3146  3335 I bluetooth: packages/modules/Bluetooth/system/gd/hci/le_address_manager.cc:290 ack_pause: Client already in paused state
11-14 10:08:21.313  3146  3335 I bluetooth: packages/modules/Bluetooth/system/gd/hci/le_address_manager.cc:734 OnCommandComplete: Received command complete with op_code LE_SET_RANDOM_ADDRESS
11-14 10:08:21.313  3146  3335 I bluetooth: packages/modules/Bluetooth/system/gd/hci/le_address_manager.cc:754 OnCommandComplete: update random address : xx:xx:xx:xx:ae:ca
11-14 10:08:21.313  3146  3335 I bluetooth: packages/modules/Bluetooth/system/gd/hci/le_address_manager.cc:319 resume_registered_clients: Resuming registered clients
11-14 10:08:21.313  3146  3335 I bluetooth: packages/modules/Bluetooth/system/gd/hci/le_advertising_manager.cc:1441 OnResume: Start
11-14 10:08:22.303  3146  3335 I BluetoothCounterMetrics: packages/modules/Bluetooth/system/gd/metrics/counter_metrics.cc:95 DrainBufferedCounters: Draining buffered counters
11-14 10:08:30.243  3146  3335 I bluetooth: packages/modules/Bluetooth/system/gd/hci/le_advertising_manager.cc:1730 on_set_advertising_set_random_address_complete: update random address for advertising set 1 : xx:xx:xx:xx:a4:cf
11-14 10:14:10.774  3146  3335 I bluetooth: packages/modules/Bluetooth/system/gd/hci/le_advertising_manager.cc:1395 OnPause: Start
11-14 10:14:10.776  3146  3335 I bluetooth: packages/modules/Bluetooth/system/gd/hci/le_address_manager.cc:290 ack_pause: Client already in paused state
11-14 10:14:10.776  3146  3335 I bluetooth: packages/modules/Bluetooth/system/gd/hci/le_address_manager.cc:290 ack_pause: Client already in paused state
11-14 10:14:10.776  3146  3335 I bluetooth: packages/modules/Bluetooth/system/gd/hci/le_address_manager.cc:290 ack_pause: Client already in paused state
11-14 10:14:10.783  3146  3335 I bluetooth: packages/modules/Bluetooth/system/gd/hci/le_address_manager.cc:734 OnCommandComplete: Received command complete with op_code LE_SET_RANDOM_ADDRESS
11-14 10:14:10.783  3146  3335 I bluetooth: packages/modules/Bluetooth/system/gd/hci/le_address_manager.cc:754 OnCommandComplete: update random address : xx:xx:xx:xx:59:fe
11-14 10:14:10.783  3146  3335 I bluetooth: packages/modules/Bluetooth/system/gd/hci/le_address_manager.cc:319 resume_registered_clients: Resuming registered clients
11-14 10:14:10.783  3146  3335 I bluetooth: packages/modules/Bluetooth/system/gd/hci/le_advertising_manager.cc:1441 OnResume: Start
11-14 10:14:11.272  1451  1519 D BatteryExternalStatsWorker: Fetch Bluetooth data
11-14 10:14:11.299  1451  1519 D BatteryExternalStatsWorker: Update bluetooth state
11-14 10:15:28.406  3146  3335 I bluetooth: packages/modules/Bluetooth/system/gd/hci/le_advertising_manager.cc:1730 on_set_advertising_set_random_address_complete: update random address for advertising set 1 : xx:xx:xx:xx:49:7d
11-14 10:20:30.944  3146  3335 I bluetooth: packages/modules/Bluetooth/system/gd/hci/le_advertising_manager.cc:1395 OnPause: Start
11-14 10:20:30.945  3146  3335 I bluetooth: packages/modules/Bluetooth/system/gd/hci/le_address_manager.cc:290 ack_pause: Client already in paused state
11-14 10:20:30.945  3146  3335 I bluetooth: packages/modules/Bluetooth/system/gd/hci/le_address_manager.cc:290 ack_pause: Client already in paused state
11-14 10:20:30.945  3146  3335 I bluetooth: packages/modules/Bluetooth/system/gd/hci/le_address_manager.cc:290 ack_pause: Client already in paused state
11-14 10:20:30.951  3146  3335 I bluetooth: packages/modules/Bluetooth/system/gd/hci/le_address_manager.cc:734 OnCommandComplete: Received command complete with op_code LE_SET_RANDOM_ADDRESS
11-14 10:20:30.951  3146  3335 I bluetooth: packages/modules/Bluetooth/system/gd/hci/le_address_manager.cc:754 OnCommandComplete: update random address : xx:xx:xx:xx:de:2c
11-14 10:20:30.951  3146  3335 I bluetooth: packages/modules/Bluetooth/system/gd/hci/le_address_manager.cc:319 resume_registered_clients: Resuming registered clients
11-14 10:20:30.951  3146  3335 I bluetooth: packages/modules/Bluetooth/system/gd/hci/le_advertising_manager.cc:1441 OnResume: Start
11-14 10:21:30.962  3146  3335 I bluetooth: packages/modules/Bluetooth/system/gd/hci/le_advertising_manager.cc:1730 on_set_advertising_set_random_address_complete: update random address for advertising set 1 : xx:xx:xx:xx:5d:f4
11-14 10:27:08.017  3146  3335 I bluetooth: packages/modules/Bluetooth/system/gd/hci/le_advertising_manager.cc:1395 OnPause: Start
11-14 10:27:08.018  3146  3335 I bluetooth: packages/modules/Bluetooth/system/gd/hci/le_address_manager.cc:290 ack_pause: Client already in paused state
11-14 10:27:08.018  3146  3335 I bluetooth: packages/modules/Bluetooth/system/gd/hci/le_address_manager.cc:290 ack_pause: Client already in paused state
11-14 10:27:08.018  3146  3335 I bluetooth: packages/modules/Bluetooth/system/gd/hci/le_address_manager.cc:290 ack_pause: Client already in paused state
11-14 10:27:08.024  3146  3335 I bluetooth: packages/modules/Bluetooth/system/gd/hci/le_advertising_manager.cc:1730 on_set_advertising_set_random_address_complete: update random address for advertising set 1 : xx:xx:xx:xx:65:ee
11-14 10:27:08.025  3146  3335 I bluetooth: packages/modules/Bluetooth/system/gd/hci/le_address_manager.cc:734 OnCommandComplete: Received command complete with op_code LE_SET_RANDOM_ADDRESS
11-14 10:27:08.025  3146  3335 I bluetooth: packages/modules/Bluetooth/system/gd/hci/le_address_manager.cc:754 OnCommandComplete: update random address : xx:xx:xx:xx:a0:34
11-14 10:27:08.025  3146  3335 I bluetooth: packages/modules/Bluetooth/system/gd/hci/le_address_manager.cc:319 resume_registered_clients: Resuming registered clients
11-14 10:27:08.026  3146  3335 I bluetooth: packages/modules/Bluetooth/system/gd/hci/le_advertising_manager.cc:1441 OnResume: Start
11-14 10:36:42.272  3146  3335 I bluetooth: packages/modules/Bluetooth/system/gd/hci/le_advertising_manager.cc:1395 OnPause: Start
11-14 10:36:42.273  3146  3335 I bluetooth: packages/modules/Bluetooth/system/gd/hci/le_address_manager.cc:290 ack_pause: Client already in paused state
11-14 10:36:42.273  3146  3335 I bluetooth: packages/modules/Bluetooth/system/gd/hci/le_address_manager.cc:290 ack_pause: Client already in paused state
11-14 10:36:42.273  3146  3335 I bluetooth: packages/modules/Bluetooth/system/gd/hci/le_address_manager.cc:290 ack_pause: Client already in paused state
11-14 10:36:42.280  3146  3335 I bluetooth: packages/modules/Bluetooth/system/gd/hci/le_advertising_manager.cc:1730 on_set_advertising_set_random_address_complete: update random address for advertising set 1 : xx:xx:xx:xx:f6:33
11-14 10:36:42.280  3146  3335 I bluetooth: packages/modules/Bluetooth/system/gd/hci/le_address_manager.cc:734 OnCommandComplete: Received command complete with op_code LE_SET_RANDOM_ADDRESS
11-14 10:36:42.280  3146  3335 I bluetooth: packages/modules/Bluetooth/system/gd/hci/le_address_manager.cc:754 OnCommandComplete: update random address : xx:xx:xx:xx:5f:bd
11-14 10:36:42.280  3146  3335 I bluetooth: packages/modules/Bluetooth/system/gd/hci/le_address_manager.cc:319 resume_registered_clients: Resuming registered clients
11-14 10:36:42.280  3146  3335 I bluetooth: packages/modules/Bluetooth/system/gd/hci/le_advertising_manager.cc:1441 OnResume: Start
11-14 10:47:08.658  3146  3335 I bluetooth: packages/modules/Bluetooth/system/gd/hci/le_advertising_manager.cc:1395 OnPause: Start
11-14 10:47:08.660  3146  3335 I bluetooth: packages/modules/Bluetooth/system/gd/hci/le_address_manager.cc:290 ack_pause: Client already in paused state
11-14 10:47:08.660  3146  3335 I bluetooth: packages/modules/Bluetooth/system/gd/hci/le_address_manager.cc:290 ack_pause: Client already in paused state
11-14 10:47:08.660  3146  3335 I bluetooth: packages/modules/Bluetooth/system/gd/hci/le_address_manager.cc:290 ack_pause: Client already in paused state
11-14 10:47:08.666  3146  3335 I bluetooth: packages/modules/Bluetooth/system/gd/hci/le_advertising_manager.cc:1730 on_set_advertising_set_random_address_complete: update random address for advertising set 1 : xx:xx:xx:xx:a1:c7
11-14 10:47:08.667  3146  3335 I bluetooth: packages/modules/Bluetooth/system/gd/hci/le_address_manager.cc:734 OnCommandComplete: Received command complete with op_code LE_SET_RANDOM_ADDRESS
11-14 10:47:08.667  3146  3335 I bluetooth: packages/modules/Bluetooth/system/gd/hci/le_address_manager.cc:754 OnCommandComplete: update random address : xx:xx:xx:xx:95:92
11-14 10:47:08.667  3146  3335 I bluetooth: packages/modules/Bluetooth/system/gd/hci/le_address_manager.cc:319 resume_registered_clients: Resuming registered clients
11-14 10:47:08.667  3146  3335 I bluetooth: packages/modules/Bluetooth/system/gd/hci/le_advertising_manager.cc:1441 OnResume: Start
11-14 10:57:08.685  3146  3335 I bluetooth: packages/modules/Bluetooth/system/gd/hci/le_advertising_manager.cc:1395 OnPause: Start
11-14 10:57:08.687  3146  3335 I bluetooth: packages/modules/Bluetooth/system/gd/hci/le_address_manager.cc:290 ack_pause: Client already in paused state
11-14 10:57:08.687  3146  3335 I bluetooth: packages/modules/Bluetooth/system/gd/hci/le_address_manager.cc:290 ack_pause: Client already in paused state
11-14 10:57:08.687  3146  3335 I bluetooth: packages/modules/Bluetooth/system/gd/hci/le_address_manager.cc:290 ack_pause: Client already in paused state
11-14 10:57:08.690  3146  3335 I bluetooth: packages/modules/Bluetooth/system/gd/hci/le_advertising_manager.cc:1730 on_set_advertising_set_random_address_complete: update random address for advertising set 1 : xx:xx:xx:xx:d5:03
11-14 10:57:08.691  3146  3335 I bluetooth: packages/modules/Bluetooth/system/gd/hci/le_address_manager.cc:734 OnCommandComplete: Received command complete with op_code LE_SET_RANDOM_ADDRESS
11-14 10:57:08.691  3146  3335 I bluetooth: packages/modules/Bluetooth/system/gd/hci/le_address_manager.cc:754 OnCommandComplete: update random address : xx:xx:xx:xx:43:56
11-14 10:57:08.691  3146  3335 I bluetooth: packages/modules/Bluetooth/system/gd/hci/le_address_manager.cc:319 resume_registered_clients: Resuming registered clients
11-14 10:57:08.691  3146  3335 I bluetooth: packages/modules/Bluetooth/system/gd/hci/le_advertising_manager.cc:1441 OnResume: Start
11-14 10:57:09.411  3146  3335 W bluetooth: packages/modules/Bluetooth/system/gd/hci/vendor_specific_event_manager.cc:86 on_vendor_specific_event: Unhandled vendor specific event of type 0x63
11-14 10:57:09.412  3146  3335 W bluetooth: packages/modules/Bluetooth/system/gd/hci/vendor_specific_event_manager.cc:86 on_vendor_specific_event: Unhandled vendor specific event of type 0x63
11-14 11:02:10.258  3146  3335 W bluetooth: packages/modules/Bluetooth/system/gd/hci/vendor_specific_event_manager.cc:86 on_vendor_specific_event: Unhandled vendor specific event of type 0x63
11-14 11:02:10.258  3146  3335 W bluetooth: packages/modules/Bluetooth/system/gd/hci/vendor_specific_event_manager.cc:86 on_vendor_specific_event: Unhandled vendor specific event of type 0x63
11-14 11:03:06.649  3146  3335 I bluetooth: packages/modules/Bluetooth/system/gd/hci/le_advertising_manager.cc:1395 OnPause: Start
11-14 11:03:06.651  3146  3335 I bluetooth: packages/modules/Bluetooth/system/gd/hci/le_address_manager.cc:290 ack_pause: Client already in paused state
11-14 11:03:06.651  3146  3335 I bluetooth: packages/modules/Bluetooth/system/gd/hci/le_address_manager.cc:290 ack_pause: Client already in paused state
11-14 11:03:06.651  3146  3335 I bluetooth: packages/modules/Bluetooth/system/gd/hci/le_address_manager.cc:290 ack_pause: Client already in paused state
11-14 11:03:06.654  3146  3335 I bluetooth: packages/modules/Bluetooth/system/gd/hci/le_advertising_manager.cc:1730 on_set_advertising_set_random_address_complete: update random address for advertising set 1 : xx:xx:xx:xx:7a:e1
11-14 11:03:06.665  3146  3335 I bluetooth: packages/modules/Bluetooth/system/gd/hci/le_address_manager.cc:734 OnCommandComplete: Received command complete with op_code LE_SET_RANDOM_ADDRESS
11-14 11:03:06.665  3146  3335 I bluetooth: packages/modules/Bluetooth/system/gd/hci/le_address_manager.cc:754 OnCommandComplete: update random address : xx:xx:xx:xx:09:7f
11-14 11:03:06.665  3146  3335 I bluetooth: packages/modules/Bluetooth/system/gd/hci/le_address_manager.cc:319 resume_registered_clients: Resuming registered clients
11-14 11:03:06.666  3146  3335 I bluetooth: packages/modules/Bluetooth/system/gd/hci/le_advertising_manager.cc:1441 OnResume: Start
11-14 11:03:10.436  3146  3335 W bluetooth: packages/modules/Bluetooth/system/gd/hci/vendor_specific_event_manager.cc:86 on_vendor_specific_event: Unhandled vendor specific event of type 0x63
11-14 11:03:10.437  3146  3335 W bluetooth: packages/modules/Bluetooth/system/gd/hci/vendor_specific_event_manager.cc:86 on_vendor_specific_event: Unhandled vendor specific event of type 0x63
11-14 11:08:31.417  3146  3335 I bluetooth: packages/modules/Bluetooth/system/gd/hci/le_advertising_manager.cc:1730 on_set_advertising_set_random_address_complete: update random address for advertising set 1 : xx:xx:xx:xx:1e:f6
11-14 11:10:16.797  3146  3335 I bluetooth: packages/modules/Bluetooth/system/gd/hci/le_advertising_manager.cc:1395 OnPause: Start
11-14 11:10:16.798  3146  3335 I bluetooth: packages/modules/Bluetooth/system/gd/hci/le_address_manager.cc:290 ack_pause: Client already in paused state
11-14 11:10:16.798  3146  3335 I bluetooth: packages/modules/Bluetooth/system/gd/hci/le_address_manager.cc:290 ack_pause: Client already in paused state
11-14 11:10:16.798  3146  3335 I bluetooth: packages/modules/Bluetooth/system/gd/hci/le_address_manager.cc:290 ack_pause: Client already in paused state
11-14 11:10:16.805  3146  3335 I bluetooth: packages/modules/Bluetooth/system/gd/hci/le_address_manager.cc:734 OnCommandComplete: Received command complete with op_code LE_SET_RANDOM_ADDRESS
11-14 11:10:16.805  3146  3335 I bluetooth: packages/modules/Bluetooth/system/gd/hci/le_address_manager.cc:754 OnCommandComplete: update random address : xx:xx:xx:xx:8d:fe
11-14 11:10:16.805  3146  3335 I bluetooth: packages/modules/Bluetooth/system/gd/hci/le_address_manager.cc:319 resume_registered_clients: Resuming registered clients
11-14 11:10:16.805  3146  3335 I bluetooth: packages/modules/Bluetooth/system/gd/hci/le_advertising_manager.cc:1441 OnResume: Start
11-14 11:15:20.564  3146  3335 I bluetooth: packages/modules/Bluetooth/system/gd/hci/le_advertising_manager.cc:1730 on_set_advertising_set_random_address_complete: update random address for advertising set 1 : xx:xx:xx:xx:8f:02
11-14 11:15:37.979  3146  3335 I bluetooth: packages/modules/Bluetooth/system/gd/hci/le_advertising_manager.cc:1395 OnPause: Start
11-14 11:15:37.980  3146  3335 I bluetooth: packages/modules/Bluetooth/system/gd/hci/le_address_manager.cc:290 ack_pause: Client already in paused state
11-14 11:15:37.980  3146  3335 I bluetooth: packages/modules/Bluetooth/system/gd/hci/le_address_manager.cc:290 ack_pause: Client already in paused state
11-14 11:15:37.980  3146  3335 I bluetooth: packages/modules/Bluetooth/system/gd/hci/le_address_manager.cc:290 ack_pause: Client already in paused state
11-14 11:15:37.987  2681  2752 D SBluetoothTile:  handleUpdateState enabled = true connected = false connecting = false changedState =false bluetoothState = 12 enabledChanging = false state = BooleanState[spec=Bluetooth,icon=ResourceIcon[resId=0x7f080de8],iconSupplier=null,label=Bluetooth,secondaryLabel=,contentDescription=Bluetooth,Ativado,stateDescription=null,dualLabelContentDescription=null,expandedAccessibilityClassName=null,disabledByPolicy=false,dualTarget=true,isTransient=false,state=2,slash="null",sideViewCustomDrawable=null,tileClassName=null,value=true,forceExpandIcon=false]
11-14 11:15:37.988  3146  3335 I bluetooth: packages/modules/Bluetooth/system/gd/hci/le_address_manager.cc:734 OnCommandComplete: Received command complete with op_code LE_SET_RANDOM_ADDRESS
11-14 11:15:37.988  3146  3335 I bluetooth: packages/modules/Bluetooth/system/gd/hci/le_address_manager.cc:754 OnCommandComplete: update random address : xx:xx:xx:xx:85:73
11-14 11:15:37.988  3146  3335 I bluetooth: packages/modules/Bluetooth/system/gd/hci/le_address_manager.cc:319 resume_registered_clients: Resuming registered clients
11-14 11:15:37.988  3146  3335 I bluetooth: packages/modules/Bluetooth/system/gd/hci/le_advertising_manager.cc:1441 OnResume: Start
11-14 11:16:12.214  3146  3335 W bluetooth: packages/modules/Bluetooth/system/gd/hci/vendor_specific_event_manager.cc:86 on_vendor_specific_event: Unhandled vendor specific event of type 0x63
11-14 11:16:12.215  3146  3335 W bluetooth: packages/modules/Bluetooth/system/gd/hci/vendor_specific_event_manager.cc:86 on_vendor_specific_event: Unhandled vendor specific event of type 0x63
11-14 11:28:19.240  3146  3335 I bluetooth: packages/modules/Bluetooth/system/gd/hci/le_advertising_manager.cc:1395 OnPause: Start
11-14 11:28:19.241  3146  3335 I bluetooth: packages/modules/Bluetooth/system/gd/hci/le_address_manager.cc:290 ack_pause: Client already in paused state
11-14 11:28:19.241  3146  3335 I bluetooth: packages/modules/Bluetooth/system/gd/hci/le_address_manager.cc:290 ack_pause: Client already in paused state
11-14 11:28:19.241  3146  3335 I bluetooth: packages/modules/Bluetooth/system/gd/hci/le_address_manager.cc:290 ack_pause: Client already in paused state
